Mplus VERSION 8.3
MUTHEN & MUTHEN
09/19/2026   7:04 PM

INPUT INSTRUCTIONS

  TITLE: ELSA k=4 gmm lin;
  DATA: FILE IS data/ELSA.dat;
  VARIABLE:
    NAMES ARE id y1 y2 y3;
    USEV = y1 y2 y3;
    MISSING = ALL (-999);
    CLASSES = c(4);
  ANALYSIS: TYPE = MIXTURE;
    STARTS = 300 50;
    LRTBOOTSTRAP = 100;
    PROCESSORS = 4;
  MODEL:
    %OVERALL%
    i BY y1@1 y2@1 y3@1;
    s BY y1@0 y2@4 y3@8;
    y1-y3 (res);
  OUTPUT: TECH11 TECH14;



INPUT READING TERMINATED NORMALLY



ELSA k=4 gmm lin;

SUMMARY OF ANALYSIS

Number of groups                                                 1
Number of observations                                        2510

Number of dependent variables                                    3
Number of independent variables                                  0
Number of continuous latent variables                            2
Number of categorical latent variables                           1

Observed dependent variables

  Continuous
   Y1          Y2          Y3

Continuous latent variables
   I           S

Categorical latent variables
   C


Estimator                                                      MLR
Information matrix                                        OBSERVED
Optimization Specifications for the Quasi-Newton Algorithm for
Continuous Outcomes
  Maximum number of iterations                                 100
  Convergence criterion                                  0.100D-05
Optimization Specifications for the EM Algorithm
  Maximum number of iterations                                 500
  Convergence criteria
    Loglikelihood change                                 0.100D-06
    Relative loglikelihood change                        0.100D-06
    Derivative                                           0.100D-05
Optimization Specifications for the M step of the EM Algorithm for
Categorical Latent variables
  Number of M step iterations                                    1
  M step convergence criterion                           0.100D-05
  Basis for M step termination                           ITERATION
Optimization Specifications for the M step of the EM Algorithm for
Censored, Binary or Ordered Categorical (Ordinal), Unordered
Categorical (Nominal) and Count Outcomes
  Number of M step iterations                                    1
  M step convergence criterion                           0.100D-05
  Basis for M step termination                           ITERATION
  Maximum value for logit thresholds                            15
  Minimum value for logit thresholds                           -15
  Minimum expected cell size for chi-square              0.100D-01
Maximum number of iterations for H1                           2000
Convergence criterion for H1                             0.100D-03
Optimization algorithm                                         EMA
Random Starts Specifications
  Number of initial stage random starts                        300
  Number of final stage optimizations                           50
  Number of initial stage iterations                            10
  Initial stage convergence criterion                    0.100D+01
  Random starts scale                                    0.500D+01
  Random seed for generating random starts                       0

Input data file(s)
  data/ELSA.dat
Input data format  FREE


SUMMARY OF DATA

     Number of missing data patterns             4
     Number of y missing data patterns           4
     Number of u missing data patterns           0


COVARIANCE COVERAGE OF DATA

Minimum covariance coverage value   0.100


     PROPORTION OF DATA PRESENT FOR Y


           Covariance Coverage
              Y1            Y2            Y3
              ________      ________      ________
 Y1             0.936
 Y2             0.857         0.922
 Y3             0.757         0.743         0.822



UNIVARIATE SAMPLE STATISTICS


     UNIVARIATE HIGHER-ORDER MOMENT DESCRIPTIVE STATISTICS

         Variable/         Mean/     Skewness/   Minimum/ % with                Percentiles
        Sample Size      Variance    Kurtosis    Maximum  Min/Max      20%/60%    40%/80%    Median

     Y1                    9.662       0.039       3.158    0.04%       8.172      9.116      9.521
            2349.000       3.398      -0.159      14.861    0.04%      10.029     11.316
     Y2                    9.115       0.011       2.901    0.04%       7.552      8.575      9.054
            2313.000       3.535      -0.139      14.518    0.04%       9.527     10.763
     Y3                    8.716       0.052       1.667    0.05%       7.162      8.199      8.625
            2062.000       3.750      -0.102      14.287    0.05%       9.120     10.358

RANDOM STARTS RESULTS RANKED FROM THE BEST TO THE WORST LOGLIKELIHOOD VALUES

Final stage loglikelihood values at local maxima, seeds, and initial stage start numbers:

           -9400.880  791396           243
           -9400.880  247224           94
           -9400.880  835767           210
           -9400.880  715561           125
           -9400.880  992389           77
           -9400.880  36714            201
           -9400.880  292884           103
           -9400.880  608496           4
           -9400.880  483369           270
           -9400.880  46437            153
           -9400.880  569833           85
           -9400.880  178475           231
           -9400.880  259507           53
           -9400.880  207896           25
           -9400.880  314084           81
           -9400.880  175199           247
           -9400.880  340112           126
           -9400.880  73576            213
           -9400.880  636396           168
           -9400.880  156536           245
           -9400.880  793035           187
           -9400.880  749453           33
           -9400.880  127215           9
           -9405.530  264935           281
           -9405.530  415502           194
           -9405.530  570782           193
           -9405.530  622860           259
           -9405.530  417035           149
           -9406.493  830392           35
           -9406.493  903420           5
           -9406.493  422103           62
           -9407.426  471438           252
           -9407.426  562716           300
           -9408.080  685657           69
           -9408.080  392407           221
           -9408.080  49221            254
           -9408.120  464179           106
           -9408.120  192071           142
           -9408.132  569131           26
           -9408.132  926283           269
           -9408.132  695155           150
           -9408.132  364676           27
           -9408.132  354208           196
           -9408.132  686482           215
           -9408.132  349263           263
           -9408.132  321390           133
           -9408.132  66276            217
           -9408.132  68985            17
           -9408.132  345070           114

1 perturbed starting value run(s) did not converge.



THE BEST LOGLIKELIHOOD VALUE HAS BEEN REPLICATED.  RERUN WITH AT LEAST TWICE THE
RANDOM STARTS TO CHECK THAT THE BEST LOGLIKELIHOOD IS STILL OBTAINED AND REPLICATED.


THE MODEL ESTIMATION TERMINATED NORMALLY



MODEL FIT INFORMATION

Number of Free Parameters                       16

Loglikelihood

          H0 Value                       -9400.880
          H0 Scaling Correction Factor      1.4279
            for MLR

Information Criteria

          Akaike (AIC)                   18833.760
          Bayesian (BIC)                 18927.009
          Sample-Size Adjusted BIC       18876.173
            (n* = (n + 2) / 24)



FINAL CLASS COUNTS AND PROPORTIONS FOR THE LATENT CLASSES
BASED ON THE ESTIMATED MODEL

    Latent
   Classes

       1          2.07152          0.00083
       2        181.52135          0.07232
       3         49.93113          0.01989
       4       2276.47600          0.90696


FINAL CLASS COUNTS AND PROPORTIONS FOR THE LATENT CLASSES
BASED ON ESTIMATED POSTERIOR PROBABILITIES

    Latent
   Classes

       1          2.07152          0.00083
       2        181.52135          0.07232
       3         49.93113          0.01989
       4       2276.47600          0.90696


FINAL CLASS COUNTS AND PROPORTIONS FOR THE LATENT CLASSES
BASED ON THEIR MOST LIKELY LATENT CLASS MEMBERSHIP

Class Counts and Proportions

    Latent
   Classes

       1                2          0.00080
       2               90          0.03586
       3               17          0.00677
       4             2401          0.95657


CLASSIFICATION QUALITY

     Entropy                         0.853


Average Latent Class Probabilities for Most Likely Latent Class Membership (Row)
by Latent Class (Column)

           1        2        3        4

    1   1.000    0.000    0.000    0.000
    2   0.000    0.778    0.000    0.222
    3   0.004    0.000    0.684    0.311
    4   0.000    0.046    0.016    0.938


Classification Probabilities for the Most Likely Latent Class Membership (Column)
by Latent Class (Row)

           1        2        3        4

    1   0.965    0.000    0.034    0.001
    2   0.000    0.386    0.000    0.614
    3   0.000    0.000    0.233    0.767
    4   0.000    0.009    0.002    0.989


Logits for the Classification Probabilities for the Most Likely Latent Class Membership (Column)
by Latent Class (Row)

              1        2        3        4

    1      6.973   -6.807    3.615    0.000
    2    -13.328   -0.465  -10.188    0.000
    3    -13.550   -9.194   -1.192    0.000
    4    -13.804   -4.724   -6.053    0.000


MODEL RESULTS

                                                    Two-Tailed
                    Estimate       S.E.  Est./S.E.    P-Value

Latent Class 1

 I        BY
    Y1                 1.000      0.000    999.000    999.000
    Y2                 1.000      0.000    999.000    999.000
    Y3                 1.000      0.000    999.000    999.000

 S        BY
    Y1                 0.000      0.000    999.000    999.000
    Y2                 4.000      0.000    999.000    999.000
    Y3                 8.000      0.000    999.000    999.000

 S        WITH
    I                  0.021      0.006      3.242      0.001

 Means
    I                 -5.207      1.122     -4.640      0.000
    S                  1.015      0.079     12.815      0.000

 Intercepts
    Y1                 9.724      0.048    201.928      0.000
    Y2                 9.193      0.047    194.295      0.000
    Y3                 8.734      0.051    171.604      0.000

 Variances
    I                  3.121      0.103     30.232      0.000
    S                  0.000      0.001      0.326      0.744

 Residual Variances
    Y1                 0.207      0.017     12.511      0.000
    Y2                 0.207      0.017     12.511      0.000
    Y3                 0.207      0.017     12.511      0.000

Latent Class 2

 I        BY
    Y1                 1.000      0.000    999.000    999.000
    Y2                 1.000      0.000    999.000    999.000
    Y3                 1.000      0.000    999.000    999.000

 S        BY
    Y1                 0.000      0.000    999.000    999.000
    Y2                 4.000      0.000    999.000    999.000
    Y3                 8.000      0.000    999.000    999.000

 S        WITH
    I                  0.021      0.006      3.242      0.001

 Means
    I                 -0.123      0.309     -0.397      0.691
    S                 -0.191      0.018    -10.757      0.000

 Intercepts
    Y1                 9.724      0.048    201.928      0.000
    Y2                 9.193      0.047    194.295      0.000
    Y3                 8.734      0.051    171.604      0.000

 Variances
    I                  3.121      0.103     30.232      0.000
    S                  0.000      0.001      0.326      0.744

 Residual Variances
    Y1                 0.207      0.017     12.511      0.000
    Y2                 0.207      0.017     12.511      0.000
    Y3                 0.207      0.017     12.511      0.000

Latent Class 3

 I        BY
    Y1                 1.000      0.000    999.000    999.000
    Y2                 1.000      0.000    999.000    999.000
    Y3                 1.000      0.000    999.000    999.000

 S        BY
    Y1                 0.000      0.000    999.000    999.000
    Y2                 4.000      0.000    999.000    999.000
    Y3                 8.000      0.000    999.000    999.000

 S        WITH
    I                  0.021      0.006      3.242      0.001

 Means
    I                 -1.859      2.148     -0.865      0.387
    S                  0.179      0.072      2.484      0.013

 Intercepts
    Y1                 9.724      0.048    201.928      0.000
    Y2                 9.193      0.047    194.295      0.000
    Y3                 8.734      0.051    171.604      0.000

 Variances
    I                  3.121      0.103     30.232      0.000
    S                  0.000      0.001      0.326      0.744

 Residual Variances
    Y1                 0.207      0.017     12.511      0.000
    Y2                 0.207      0.017     12.511      0.000
    Y3                 0.207      0.017     12.511      0.000

Latent Class 4

 I        BY
    Y1                 1.000      0.000    999.000    999.000
    Y2                 1.000      0.000    999.000    999.000
    Y3                 1.000      0.000    999.000    999.000

 S        BY
    Y1                 0.000      0.000    999.000    999.000
    Y2                 4.000      0.000    999.000    999.000
    Y3                 8.000      0.000    999.000    999.000

 S        WITH
    I                  0.021      0.006      3.242      0.001

 Means
    I                  0.000      0.000    999.000    999.000
    S                  0.000      0.000    999.000    999.000

 Intercepts
    Y1                 9.724      0.048    201.928      0.000
    Y2                 9.193      0.047    194.295      0.000
    Y3                 8.734      0.051    171.604      0.000

 Variances
    I                  3.121      0.103     30.232      0.000
    S                  0.000      0.001      0.326      0.744

 Residual Variances
    Y1                 0.207      0.017     12.511      0.000
    Y2                 0.207      0.017     12.511      0.000
    Y3                 0.207      0.017     12.511      0.000

Categorical Latent Variables

 Means
    C#1               -7.002      0.712     -9.839      0.000
    C#2               -2.529      0.374     -6.763      0.000
    C#3               -3.820      1.770     -2.159      0.031


QUALITY OF NUMERICAL RESULTS

     Condition Number for the Information Matrix              0.282E-07
       (ratio of smallest to largest eigenvalue)


TECHNICAL 11 OUTPUT

     Random Starts Specifications for the k-1 Class Analysis Model
        Number of initial stage random starts                 300
        Number of final stage optimizations                    50



     VUONG-LO-MENDELL-RUBIN LIKELIHOOD RATIO TEST FOR 3 (H0) VERSUS 4 CLASSES

          H0 Loglikelihood Value                        -9408.132
          2 Times the Loglikelihood Difference             14.504
          Difference in the Number of Parameters                3
          Mean                                             13.144
          Standard Deviation                               15.812
          P-Value                                          0.3001

     LO-MENDELL-RUBIN ADJUSTED LRT TEST

          Value                                            13.912
          P-Value                                          0.3130


TECHNICAL 14 OUTPUT

     Random Starts Specifications for the k-1 Class Analysis Model
        Number of initial stage random starts                 300
        Number of final stage optimizations                    50

     Random Starts Specification for the k-1 Class Model for Generated Data
        Number of initial stage random starts                   0
        Number of final stage optimizations for the
           initial stage random starts                          0
     Random Starts Specification for the k Class Model for Generated Data
        Number of initial stage random starts                  40
        Number of final stage optimizations                     8
     Number of bootstrap draws requested                      100


     PARAMETRIC BOOTSTRAPPED LIKELIHOOD RATIO TEST FOR 3 (H0) VERSUS 4 CLASSES

          H0 Loglikelihood Value                        -9408.132
          2 Times the Loglikelihood Difference             14.504
          Difference in the Number of Parameters                3
          Approximate P-Value                              0.0100
          Successful Bootstrap Draws                          100

     WARNING:  OF THE 100 BOOTSTRAP DRAWS, 83 DRAWS HAD BOTH A SMALLER LRT VALUE THAN THE
     OBSERVED LRT VALUE AND NOT A REPLICATED BEST LOGLIKELIHOOD VALUE FOR THE 4-CLASS MODEL.
     THIS MEANS THAT THE P-VALUE MAY NOT BE TRUSTWORTHY DUE TO LOCAL MAXIMA.
     INCREASE THE NUMBER OF RANDOM STARTS USING THE LRTSTARTS OPTION.



     Beginning Time:  19:04:34
        Ending Time:  19:05:40
       Elapsed Time:  00:01:06



MUTHEN & MUTHEN
3463 Stoner Ave.
Los Angeles, CA  90066

Tel: (310) 391-9971
Fax: (310) 391-8971
Web: www.StatModel.com
Support: Support@StatModel.com

Copyright (c) 1998-2019 Muthen & Muthen
