Mplus VERSION 8.3
MUTHEN & MUTHEN
09/19/2026   6:59 PM

INPUT INSTRUCTIONS

  TITLE: HRS k=3 gmm lin;
  DATA: FILE IS data/HRS.dat;
  VARIABLE:
    NAMES ARE id y1 y2 y3 y4;
    USEV = y1 y2 y3 y4;
    MISSING = ALL (-999);
    CLASSES = c(3);
  ANALYSIS: TYPE = MIXTURE;
    STARTS = 300 50;
    LRTBOOTSTRAP = 100;
    PROCESSORS = 4;
  MODEL:
    %OVERALL%
    i BY y1@1 y2@1 y3@1 y4@1;
    s BY y1@0 y2@4 y3@8 y4@12;
    y1-y4 (res);
  OUTPUT: TECH11 TECH14;



INPUT READING TERMINATED NORMALLY



HRS k=3 gmm lin;

SUMMARY OF ANALYSIS

Number of groups                                                 1
Number of observations                                        2183

Number of dependent variables                                    4
Number of independent variables                                  0
Number of continuous latent variables                            2
Number of categorical latent variables                           1

Observed dependent variables

  Continuous
   Y1          Y2          Y3          Y4

Continuous latent variables
   I           S

Categorical latent variables
   C


Estimator                                                      MLR
Information matrix                                        OBSERVED
Optimization Specifications for the Quasi-Newton Algorithm for
Continuous Outcomes
  Maximum number of iterations                                 100
  Convergence criterion                                  0.100D-05
Optimization Specifications for the EM Algorithm
  Maximum number of iterations                                 500
  Convergence criteria
    Loglikelihood change                                 0.100D-06
    Relative loglikelihood change                        0.100D-06
    Derivative                                           0.100D-05
Optimization Specifications for the M step of the EM Algorithm for
Categorical Latent variables
  Number of M step iterations                                    1
  M step convergence criterion                           0.100D-05
  Basis for M step termination                           ITERATION
Optimization Specifications for the M step of the EM Algorithm for
Censored, Binary or Ordered Categorical (Ordinal), Unordered
Categorical (Nominal) and Count Outcomes
  Number of M step iterations                                    1
  M step convergence criterion                           0.100D-05
  Basis for M step termination                           ITERATION
  Maximum value for logit thresholds                            15
  Minimum value for logit thresholds                           -15
  Minimum expected cell size for chi-square              0.100D-01
Maximum number of iterations for H1                           2000
Convergence criterion for H1                             0.100D-03
Optimization algorithm                                         EMA
Random Starts Specifications
  Number of initial stage random starts                        300
  Number of final stage optimizations                           50
  Number of initial stage iterations                            10
  Initial stage convergence criterion                    0.100D+01
  Random starts scale                                    0.500D+01
  Random seed for generating random starts                       0

Input data file(s)
  data/HRS.dat
Input data format  FREE


SUMMARY OF DATA

     Number of missing data patterns            11
     Number of y missing data patterns          11
     Number of u missing data patterns           0


COVARIANCE COVERAGE OF DATA

Minimum covariance coverage value   0.100


     PROPORTION OF DATA PRESENT FOR Y


           Covariance Coverage
              Y1            Y2            Y3            Y4
              ________      ________      ________      ________
 Y1             0.896
 Y2             0.806         0.894
 Y3             0.734         0.731         0.829
 Y4             0.539         0.550         0.576         0.616



UNIVARIATE SAMPLE STATISTICS


     UNIVARIATE HIGHER-ORDER MOMENT DESCRIPTIVE STATISTICS

         Variable/         Mean/     Skewness/   Minimum/ % with                Percentiles
        Sample Size      Variance    Kurtosis    Maximum  Min/Max      20%/60%    40%/80%    Median

     Y1                    9.089       0.115       3.994    0.05%       7.519      8.564      9.016
            1957.000       3.354      -0.318      14.663    0.05%       9.503     10.675
     Y2                    8.444       0.079       2.855    0.05%       6.787      7.912      8.387
            1951.000       3.606      -0.243      15.308    0.05%       8.878     10.110
     Y3                    8.025       0.017       1.822    0.06%       6.419      7.538      8.003
            1809.000       3.550      -0.219      13.342    0.06%       8.484      9.597
     Y4                    7.601       0.044       1.571    0.07%       5.929      7.121      7.623
            1344.000       3.584      -0.202      13.368    0.07%       8.065      9.140

RANDOM STARTS RESULTS RANKED FROM THE BEST TO THE WORST LOGLIKELIHOOD VALUES

Final stage loglikelihood values at local maxima, seeds, and initial stage start numbers:

           -9966.526  760878           249
           -9966.526  192071           142
           -9966.526  303634           169
           -9966.526  59674            240
           -9966.526  263268           165
           -9966.526  195353           225
           -9966.526  268217           83
           -9966.526  967237           48
           -9966.526  285380           1
           -9966.526  930323           267
           -9966.526  926283           269
           -9966.526  462953           7
           -9986.844  937588           293
           -9986.844  301180           236
           -9986.844  232226           235
           -9986.844  913639           162
           -9986.844  464179           106
           -9986.844  372176           23
           -9986.844  259507           53
           -9986.844  484501           163
           -9986.844  443917           60
           -9986.844  544048           87
           -9986.844  551639           55
           -9986.844  136842           58
           -9986.844  887676           22
           -9986.844  168762           200
           -9986.844  751153           110
           -9986.844  761633           50
           -9986.844  509733           130
           -9995.143  804660           260
           -9995.599  723775           97
           -9995.599  345070           114
           -9995.599  65651            214
           -9995.599  479273           156
           -9995.599  247224           94
           -9995.599  471438           252
           -9995.599  848969           173
           -9995.599  340112           126
           -9995.599  27071            15
           -9995.599  316165           299
           -9995.599  352277           42
           -9995.599  622860           259
           -9995.599  813779           92
           -9997.505  152496           123
           -9997.505  170118           238
           -9997.505  608496           4
           -9997.505  417035           149
           -9997.505  835767           210
           -9997.505  781190           219
           -9997.505  46437            153



THE BEST LOGLIKELIHOOD VALUE HAS BEEN REPLICATED.  RERUN WITH AT LEAST TWICE THE
RANDOM STARTS TO CHECK THAT THE BEST LOGLIKELIHOOD IS STILL OBTAINED AND REPLICATED.


THE MODEL ESTIMATION TERMINATED NORMALLY



MODEL FIT INFORMATION

Number of Free Parameters                       14

Loglikelihood

          H0 Value                       -9966.526
          H0 Scaling Correction Factor      1.1919
            for MLR

Information Criteria

          Akaike (AIC)                   19961.053
          Bayesian (BIC)                 20040.691
          Sample-Size Adjusted BIC       19996.211
            (n* = (n + 2) / 24)



FINAL CLASS COUNTS AND PROPORTIONS FOR THE LATENT CLASSES
BASED ON THE ESTIMATED MODEL

    Latent
   Classes

       1        103.40493          0.04737
       2         21.27675          0.00975
       3       2058.31833          0.94289


FINAL CLASS COUNTS AND PROPORTIONS FOR THE LATENT CLASSES
BASED ON ESTIMATED POSTERIOR PROBABILITIES

    Latent
   Classes

       1        103.40493          0.04737
       2         21.27675          0.00975
       3       2058.31833          0.94289


FINAL CLASS COUNTS AND PROPORTIONS FOR THE LATENT CLASSES
BASED ON THEIR MOST LIKELY LATENT CLASS MEMBERSHIP

Class Counts and Proportions

    Latent
   Classes

       1               56          0.02565
       2               15          0.00687
       3             2112          0.96748


CLASSIFICATION QUALITY

     Entropy                         0.899


Average Latent Class Probabilities for Most Likely Latent Class Membership (Row)
by Latent Class (Column)

           1        2        3

    1   0.770    0.000    0.230
    2   0.000    0.895    0.105
    3   0.029    0.004    0.968


Classification Probabilities for the Most Likely Latent Class Membership (Column)
by Latent Class (Row)

           1        2        3

    1   0.417    0.000    0.583
    2   0.000    0.631    0.369
    3   0.006    0.001    0.993


Logits for the Classification Probabilities for the Most Likely Latent Class Membership (Column)
by Latent Class (Row)

              1        2        3

    1     -0.336  -11.767    0.000
    2    -12.378    0.535    0.000
    3     -5.066   -7.166    0.000


MODEL RESULTS

                                                    Two-Tailed
                    Estimate       S.E.  Est./S.E.    P-Value

Latent Class 1

 I        BY
    Y1                 1.000      0.000    999.000    999.000
    Y2                 1.000      0.000    999.000    999.000
    Y3                 1.000      0.000    999.000    999.000
    Y4                 1.000      0.000    999.000    999.000

 S        BY
    Y1                 0.000      0.000    999.000    999.000
    Y2                 4.000      0.000    999.000    999.000
    Y3                 8.000      0.000    999.000    999.000
    Y4                12.000      0.000    999.000    999.000

 S        WITH
    I                  0.007      0.004      1.605      0.109

 Means
    I                 -0.073      0.308     -0.237      0.813
    S                 -0.204      0.040     -5.120      0.000

 Intercepts
    Y1                 9.124      0.043    214.575      0.000
    Y2                 8.511      0.047    180.980      0.000
    Y3                 8.019      0.054    149.140      0.000
    Y4                 7.503      0.066    113.646      0.000

 Variances
    I                  3.073      0.094     32.606      0.000
    S                  0.001      0.000      2.919      0.004

 Residual Variances
    Y1                 0.278      0.011     24.937      0.000
    Y2                 0.278      0.011     24.937      0.000
    Y3                 0.278      0.011     24.937      0.000
    Y4                 0.278      0.011     24.937      0.000

Latent Class 2

 I        BY
    Y1                 1.000      0.000    999.000    999.000
    Y2                 1.000      0.000    999.000    999.000
    Y3                 1.000      0.000    999.000    999.000
    Y4                 1.000      0.000    999.000    999.000

 S        BY
    Y1                 0.000      0.000    999.000    999.000
    Y2                 4.000      0.000    999.000    999.000
    Y3                 8.000      0.000    999.000    999.000
    Y4                12.000      0.000    999.000    999.000

 S        WITH
    I                  0.007      0.004      1.605      0.109

 Means
    I                 -2.423      0.313     -7.752      0.000
    S                  0.318      0.030     10.438      0.000

 Intercepts
    Y1                 9.124      0.043    214.575      0.000
    Y2                 8.511      0.047    180.980      0.000
    Y3                 8.019      0.054    149.140      0.000
    Y4                 7.503      0.066    113.646      0.000

 Variances
    I                  3.073      0.094     32.606      0.000
    S                  0.001      0.000      2.919      0.004

 Residual Variances
    Y1                 0.278      0.011     24.937      0.000
    Y2                 0.278      0.011     24.937      0.000
    Y3                 0.278      0.011     24.937      0.000
    Y4                 0.278      0.011     24.937      0.000

Latent Class 3

 I        BY
    Y1                 1.000      0.000    999.000    999.000
    Y2                 1.000      0.000    999.000    999.000
    Y3                 1.000      0.000    999.000    999.000
    Y4                 1.000      0.000    999.000    999.000

 S        BY
    Y1                 0.000      0.000    999.000    999.000
    Y2                 4.000      0.000    999.000    999.000
    Y3                 8.000      0.000    999.000    999.000
    Y4                12.000      0.000    999.000    999.000

 S        WITH
    I                  0.007      0.004      1.605      0.109

 Means
    I                  0.000      0.000    999.000    999.000
    S                  0.000      0.000    999.000    999.000

 Intercepts
    Y1                 9.124      0.043    214.575      0.000
    Y2                 8.511      0.047    180.980      0.000
    Y3                 8.019      0.054    149.140      0.000
    Y4                 7.503      0.066    113.646      0.000

 Variances
    I                  3.073      0.094     32.606      0.000
    S                  0.001      0.000      2.919      0.004

 Residual Variances
    Y1                 0.278      0.011     24.937      0.000
    Y2                 0.278      0.011     24.937      0.000
    Y3                 0.278      0.011     24.937      0.000
    Y4                 0.278      0.011     24.937      0.000

Categorical Latent Variables

 Means
    C#1               -2.991      0.577     -5.187      0.000
    C#2               -4.572      0.296    -15.435      0.000


QUALITY OF NUMERICAL RESULTS

     Condition Number for the Information Matrix              0.219E-04
       (ratio of smallest to largest eigenvalue)


TECHNICAL 11 OUTPUT

     Random Starts Specifications for the k-1 Class Analysis Model
        Number of initial stage random starts                 300
        Number of final stage optimizations                    50



     VUONG-LO-MENDELL-RUBIN LIKELIHOOD RATIO TEST FOR 2 (H0) VERSUS 3 CLASSES

          H0 Loglikelihood Value                        -9997.505
          2 Times the Loglikelihood Difference             61.956
          Difference in the Number of Parameters                3
          Mean                                              5.152
          Standard Deviation                               11.643
          P-Value                                          0.0029

     LO-MENDELL-RUBIN ADJUSTED LRT TEST

          Value                                            59.382
          P-Value                                          0.0036


TECHNICAL 14 OUTPUT

     Random Starts Specifications for the k-1 Class Analysis Model
        Number of initial stage random starts                 300
        Number of final stage optimizations                    50

     Random Starts Specification for the k-1 Class Model for Generated Data
        Number of initial stage random starts                   0
        Number of final stage optimizations for the
           initial stage random starts                          0
     Random Starts Specification for the k Class Model for Generated Data
        Number of initial stage random starts                  40
        Number of final stage optimizations                     8
     Number of bootstrap draws requested                      100


     PARAMETRIC BOOTSTRAPPED LIKELIHOOD RATIO TEST FOR 2 (H0) VERSUS 3 CLASSES

          H0 Loglikelihood Value                        -9997.505
          2 Times the Loglikelihood Difference             61.956
          Difference in the Number of Parameters                3
          Approximate P-Value                              0.0000
          Successful Bootstrap Draws                          100

     WARNING:  OF THE 100 BOOTSTRAP DRAWS, 58 DRAWS HAD BOTH A SMALLER LRT VALUE THAN THE
     OBSERVED LRT VALUE AND NOT A REPLICATED BEST LOGLIKELIHOOD VALUE FOR THE 3-CLASS MODEL.
     THIS MEANS THAT THE P-VALUE MAY NOT BE TRUSTWORTHY DUE TO LOCAL MAXIMA.
     INCREASE THE NUMBER OF RANDOM STARTS USING THE LRTSTARTS OPTION.



     Beginning Time:  18:59:47
        Ending Time:  19:00:46
       Elapsed Time:  00:00:59



MUTHEN & MUTHEN
3463 Stoner Ave.
Los Angeles, CA  90066

Tel: (310) 391-9971
Fax: (310) 391-8971
Web: www.StatModel.com
Support: Support@StatModel.com

Copyright (c) 1998-2019 Muthen & Muthen
