Mplus VERSION 8.3
MUTHEN & MUTHEN
09/19/2026   7:00 PM

INPUT INSTRUCTIONS

  TITLE: HRS k=4 gmm lin;
  DATA: FILE IS data/HRS.dat;
  VARIABLE:
    NAMES ARE id y1 y2 y3 y4;
    USEV = y1 y2 y3 y4;
    MISSING = ALL (-999);
    CLASSES = c(4);
  ANALYSIS: TYPE = MIXTURE;
    STARTS = 300 50;
    LRTBOOTSTRAP = 100;
    PROCESSORS = 4;
  MODEL:
    %OVERALL%
    i BY y1@1 y2@1 y3@1 y4@1;
    s BY y1@0 y2@4 y3@8 y4@12;
    y1-y4 (res);
  OUTPUT: TECH11 TECH14;



INPUT READING TERMINATED NORMALLY



HRS k=4 gmm lin;

SUMMARY OF ANALYSIS

Number of groups                                                 1
Number of observations                                        2183

Number of dependent variables                                    4
Number of independent variables                                  0
Number of continuous latent variables                            2
Number of categorical latent variables                           1

Observed dependent variables

  Continuous
   Y1          Y2          Y3          Y4

Continuous latent variables
   I           S

Categorical latent variables
   C


Estimator                                                      MLR
Information matrix                                        OBSERVED
Optimization Specifications for the Quasi-Newton Algorithm for
Continuous Outcomes
  Maximum number of iterations                                 100
  Convergence criterion                                  0.100D-05
Optimization Specifications for the EM Algorithm
  Maximum number of iterations                                 500
  Convergence criteria
    Loglikelihood change                                 0.100D-06
    Relative loglikelihood change                        0.100D-06
    Derivative                                           0.100D-05
Optimization Specifications for the M step of the EM Algorithm for
Categorical Latent variables
  Number of M step iterations                                    1
  M step convergence criterion                           0.100D-05
  Basis for M step termination                           ITERATION
Optimization Specifications for the M step of the EM Algorithm for
Censored, Binary or Ordered Categorical (Ordinal), Unordered
Categorical (Nominal) and Count Outcomes
  Number of M step iterations                                    1
  M step convergence criterion                           0.100D-05
  Basis for M step termination                           ITERATION
  Maximum value for logit thresholds                            15
  Minimum value for logit thresholds                           -15
  Minimum expected cell size for chi-square              0.100D-01
Maximum number of iterations for H1                           2000
Convergence criterion for H1                             0.100D-03
Optimization algorithm                                         EMA
Random Starts Specifications
  Number of initial stage random starts                        300
  Number of final stage optimizations                           50
  Number of initial stage iterations                            10
  Initial stage convergence criterion                    0.100D+01
  Random starts scale                                    0.500D+01
  Random seed for generating random starts                       0

Input data file(s)
  data/HRS.dat
Input data format  FREE


SUMMARY OF DATA

     Number of missing data patterns            11
     Number of y missing data patterns          11
     Number of u missing data patterns           0


COVARIANCE COVERAGE OF DATA

Minimum covariance coverage value   0.100


     PROPORTION OF DATA PRESENT FOR Y


           Covariance Coverage
              Y1            Y2            Y3            Y4
              ________      ________      ________      ________
 Y1             0.896
 Y2             0.806         0.894
 Y3             0.734         0.731         0.829
 Y4             0.539         0.550         0.576         0.616



UNIVARIATE SAMPLE STATISTICS


     UNIVARIATE HIGHER-ORDER MOMENT DESCRIPTIVE STATISTICS

         Variable/         Mean/     Skewness/   Minimum/ % with                Percentiles
        Sample Size      Variance    Kurtosis    Maximum  Min/Max      20%/60%    40%/80%    Median

     Y1                    9.089       0.115       3.994    0.05%       7.519      8.564      9.016
            1957.000       3.354      -0.318      14.663    0.05%       9.503     10.675
     Y2                    8.444       0.079       2.855    0.05%       6.787      7.912      8.387
            1951.000       3.606      -0.243      15.308    0.05%       8.878     10.110
     Y3                    8.025       0.017       1.822    0.06%       6.419      7.538      8.003
            1809.000       3.550      -0.219      13.342    0.06%       8.484      9.597
     Y4                    7.601       0.044       1.571    0.07%       5.929      7.121      7.623
            1344.000       3.584      -0.202      13.368    0.07%       8.065      9.140

RANDOM STARTS RESULTS RANKED FROM THE BEST TO THE WORST LOGLIKELIHOOD VALUES

Final stage loglikelihood values at local maxima, seeds, and initial stage start numbers:

           -9955.805  760878           249
           -9955.805  939709           112
           -9955.805  195353           225
           -9955.805  259507           53
           -9955.805  481835           57
           -9955.805  701525           239
           -9955.805  930323           267
           -9955.805  286735           175
           -9955.805  12477            155
           -9955.805  285380           1
           -9955.805  89970            223
           -9955.805  17359            227
           -9960.193  685657           69
           -9960.193  813779           92
           -9960.193  622860           259
           -9960.193  387701           275
           -9960.193  150531           154
           -9960.193  926283           269
           -9960.193  347515           24
           -9966.526  156536           245
           -9966.526  85462            51
           -9966.526  268217           83
           -9966.526  629320           222
           -9966.526  741888           138
           -9966.526  603842           61
           -9966.526  264935           281
           -9966.526  462953           7
           -9966.526  695155           150
           -9966.526  51375            148
           -9966.526  608496           4
           -9966.526  863094           147
           -9966.526  314084           81
           -9984.294  168762           200
           -9984.294  438144           271
           -9984.294  65651            214
           -9984.294  340112           126
           -9985.157  654136           167
           -9985.157  43523            297
           -9985.157  443917           60
           -9985.157  761633           50
           -9985.157  301180           236
           -9985.157  372176           23
           -9985.157  891531           206
           -9986.844  281558           184
           -9986.844  544048           87
           -9986.844  369602           146
           -9986.844  915107           54
           -9986.844  152496           123
           -9986.844  417035           149
           -9986.844  913639           162



THE BEST LOGLIKELIHOOD VALUE HAS BEEN REPLICATED.  RERUN WITH AT LEAST TWICE THE
RANDOM STARTS TO CHECK THAT THE BEST LOGLIKELIHOOD IS STILL OBTAINED AND REPLICATED.


THE MODEL ESTIMATION TERMINATED NORMALLY



MODEL FIT INFORMATION

Number of Free Parameters                       17

Loglikelihood

          H0 Value                       -9955.805
          H0 Scaling Correction Factor      1.1771
            for MLR

Information Criteria

          Akaike (AIC)                   19945.611
          Bayesian (BIC)                 20042.315
          Sample-Size Adjusted BIC       19988.303
            (n* = (n + 2) / 24)



FINAL CLASS COUNTS AND PROPORTIONS FOR THE LATENT CLASSES
BASED ON THE ESTIMATED MODEL

    Latent
   Classes

       1         78.73039          0.03607
       2         21.59265          0.00989
       3        708.41764          0.32452
       4       1374.25932          0.62953


FINAL CLASS COUNTS AND PROPORTIONS FOR THE LATENT CLASSES
BASED ON ESTIMATED POSTERIOR PROBABILITIES

    Latent
   Classes

       1         78.73039          0.03607
       2         21.59265          0.00989
       3        708.41764          0.32452
       4       1374.25932          0.62953


FINAL CLASS COUNTS AND PROPORTIONS FOR THE LATENT CLASSES
BASED ON THEIR MOST LIKELY LATENT CLASS MEMBERSHIP

Class Counts and Proportions

    Latent
   Classes

       1               50          0.02290
       2               17          0.00779
       3              614          0.28126
       4             1502          0.68804


CLASSIFICATION QUALITY

     Entropy                         0.656


Average Latent Class Probabilities for Most Likely Latent Class Membership (Row)
by Latent Class (Column)

           1        2        3        4

    1   0.742    0.000    0.105    0.153
    2   0.000    0.849    0.015    0.137
    3   0.011    0.000    0.753    0.236
    4   0.023    0.005    0.160    0.812


Classification Probabilities for the Most Likely Latent Class Membership (Column)
by Latent Class (Row)

           1        2        3        4

    1   0.471    0.000    0.087    0.442
    2   0.000    0.668    0.011    0.321
    3   0.007    0.000    0.652    0.340
    4   0.006    0.002    0.105    0.887


Logits for the Classification Probabilities for the Most Likely Latent Class Membership (Column)
by Latent Class (Row)

              1        2        3        4

    1      0.063  -11.200   -1.631    0.000
    2    -12.679    0.733   -3.390    0.000
    3     -3.823   -6.884    0.651    0.000
    4     -5.073   -6.262   -2.130    0.000


MODEL RESULTS

                                                    Two-Tailed
                    Estimate       S.E.  Est./S.E.    P-Value

Latent Class 1

 I        BY
    Y1                 1.000      0.000    999.000    999.000
    Y2                 1.000      0.000    999.000    999.000
    Y3                 1.000      0.000    999.000    999.000
    Y4                 1.000      0.000    999.000    999.000

 S        BY
    Y1                 0.000      0.000    999.000    999.000
    Y2                 4.000      0.000    999.000    999.000
    Y3                 8.000      0.000    999.000    999.000
    Y4                12.000      0.000    999.000    999.000

 S        WITH
    I                  0.014      0.006      2.248      0.025

 Means
    I                  0.736      0.421      1.751      0.080
    S                 -0.224      0.040     -5.546      0.000

 Intercepts
    Y1                 8.314      0.104     79.947      0.000
    Y2                 7.713      0.111     69.716      0.000
    Y3                 7.233      0.118     61.270      0.000
    Y4                 6.730      0.128     52.702      0.000

 Variances
    I                  1.853      0.145     12.792      0.000
    S                  0.002      0.000      3.574      0.000

 Residual Variances
    Y1                 0.278      0.011     24.974      0.000
    Y2                 0.278      0.011     24.974      0.000
    Y3                 0.278      0.011     24.974      0.000
    Y4                 0.278      0.011     24.974      0.000

Latent Class 2

 I        BY
    Y1                 1.000      0.000    999.000    999.000
    Y2                 1.000      0.000    999.000    999.000
    Y3                 1.000      0.000    999.000    999.000
    Y4                 1.000      0.000    999.000    999.000

 S        BY
    Y1                 0.000      0.000    999.000    999.000
    Y2                 4.000      0.000    999.000    999.000
    Y3                 8.000      0.000    999.000    999.000
    Y4                12.000      0.000    999.000    999.000

 S        WITH
    I                  0.014      0.006      2.248      0.025

 Means
    I                 -1.718      0.342     -5.026      0.000
    S                  0.312      0.031     10.024      0.000

 Intercepts
    Y1                 8.314      0.104     79.947      0.000
    Y2                 7.713      0.111     69.716      0.000
    Y3                 7.233      0.118     61.270      0.000
    Y4                 6.730      0.128     52.702      0.000

 Variances
    I                  1.853      0.145     12.792      0.000
    S                  0.002      0.000      3.574      0.000

 Residual Variances
    Y1                 0.278      0.011     24.974      0.000
    Y2                 0.278      0.011     24.974      0.000
    Y3                 0.278      0.011     24.974      0.000
    Y4                 0.278      0.011     24.974      0.000

Latent Class 3

 I        BY
    Y1                 1.000      0.000    999.000    999.000
    Y2                 1.000      0.000    999.000    999.000
    Y3                 1.000      0.000    999.000    999.000
    Y4                 1.000      0.000    999.000    999.000

 S        BY
    Y1                 0.000      0.000    999.000    999.000
    Y2                 4.000      0.000    999.000    999.000
    Y3                 8.000      0.000    999.000    999.000
    Y4                12.000      0.000    999.000    999.000

 S        WITH
    I                  0.014      0.006      2.248      0.025

 Means
    I                  2.382      0.137     17.371      0.000
    S                 -0.014      0.010     -1.428      0.153

 Intercepts
    Y1                 8.314      0.104     79.947      0.000
    Y2                 7.713      0.111     69.716      0.000
    Y3                 7.233      0.118     61.270      0.000
    Y4                 6.730      0.128     52.702      0.000

 Variances
    I                  1.853      0.145     12.792      0.000
    S                  0.002      0.000      3.574      0.000

 Residual Variances
    Y1                 0.278      0.011     24.974      0.000
    Y2                 0.278      0.011     24.974      0.000
    Y3                 0.278      0.011     24.974      0.000
    Y4                 0.278      0.011     24.974      0.000

Latent Class 4

 I        BY
    Y1                 1.000      0.000    999.000    999.000
    Y2                 1.000      0.000    999.000    999.000
    Y3                 1.000      0.000    999.000    999.000
    Y4                 1.000      0.000    999.000    999.000

 S        BY
    Y1                 0.000      0.000    999.000    999.000
    Y2                 4.000      0.000    999.000    999.000
    Y3                 8.000      0.000    999.000    999.000
    Y4                12.000      0.000    999.000    999.000

 S        WITH
    I                  0.014      0.006      2.248      0.025

 Means
    I                  0.000      0.000    999.000    999.000
    S                  0.000      0.000    999.000    999.000

 Intercepts
    Y1                 8.314      0.104     79.947      0.000
    Y2                 7.713      0.111     69.716      0.000
    Y3                 7.233      0.118     61.270      0.000
    Y4                 6.730      0.128     52.702      0.000

 Variances
    I                  1.853      0.145     12.792      0.000
    S                  0.002      0.000      3.574      0.000

 Residual Variances
    Y1                 0.278      0.011     24.974      0.000
    Y2                 0.278      0.011     24.974      0.000
    Y3                 0.278      0.011     24.974      0.000
    Y4                 0.278      0.011     24.974      0.000

Categorical Latent Variables

 Means
    C#1               -2.860      0.523     -5.472      0.000
    C#2               -4.153      0.299    -13.891      0.000
    C#3               -0.663      0.191     -3.472      0.001


QUALITY OF NUMERICAL RESULTS

     Condition Number for the Information Matrix              0.315E-04
       (ratio of smallest to largest eigenvalue)


TECHNICAL 11 OUTPUT

     Random Starts Specifications for the k-1 Class Analysis Model
        Number of initial stage random starts                 300
        Number of final stage optimizations                    50



     VUONG-LO-MENDELL-RUBIN LIKELIHOOD RATIO TEST FOR 3 (H0) VERSUS 4 CLASSES

          H0 Loglikelihood Value                        -9966.526
          2 Times the Loglikelihood Difference             21.442
          Difference in the Number of Parameters                3
          Mean                                              2.539
          Standard Deviation                                7.891
          P-Value                                          0.0110

     LO-MENDELL-RUBIN ADJUSTED LRT TEST

          Value                                            20.551
          P-Value                                          0.0131


TECHNICAL 14 OUTPUT

     Random Starts Specifications for the k-1 Class Analysis Model
        Number of initial stage random starts                 300
        Number of final stage optimizations                    50

     Random Starts Specification for the k-1 Class Model for Generated Data
        Number of initial stage random starts                   0
        Number of final stage optimizations for the
           initial stage random starts                          0
     Random Starts Specification for the k Class Model for Generated Data
        Number of initial stage random starts                  40
        Number of final stage optimizations                     8
     Number of bootstrap draws requested                      100


     PARAMETRIC BOOTSTRAPPED LIKELIHOOD RATIO TEST FOR 3 (H0) VERSUS 4 CLASSES

          H0 Loglikelihood Value                        -9966.526
          2 Times the Loglikelihood Difference             21.442
          Difference in the Number of Parameters                3
          Approximate P-Value                              0.0000
          Successful Bootstrap Draws                          100

     WARNING:  OF THE 100 BOOTSTRAP DRAWS, 55 DRAWS HAD BOTH A SMALLER LRT VALUE THAN THE
     OBSERVED LRT VALUE AND NOT A REPLICATED BEST LOGLIKELIHOOD VALUE FOR THE 4-CLASS MODEL.
     THIS MEANS THAT THE P-VALUE MAY NOT BE TRUSTWORTHY DUE TO LOCAL MAXIMA.
     INCREASE THE NUMBER OF RANDOM STARTS USING THE LRTSTARTS OPTION.



     Beginning Time:  19:00:46
        Ending Time:  19:02:14
       Elapsed Time:  00:01:28



MUTHEN & MUTHEN
3463 Stoner Ave.
Los Angeles, CA  90066

Tel: (310) 391-9971
Fax: (310) 391-8971
Web: www.StatModel.com
Support: Support@StatModel.com

Copyright (c) 1998-2019 Muthen & Muthen
