Mplus VERSION 8.3
MUTHEN & MUTHEN
09/19/2026   7:04 PM

INPUT INSTRUCTIONS

  TITLE: ELSA k=3 gmm lin;
  DATA: FILE IS data/ELSA.dat;
  VARIABLE:
    NAMES ARE id y1 y2 y3;
    USEV = y1 y2 y3;
    MISSING = ALL (-999);
    CLASSES = c(3);
  ANALYSIS: TYPE = MIXTURE;
    STARTS = 300 50;
    LRTBOOTSTRAP = 100;
    PROCESSORS = 4;
  MODEL:
    %OVERALL%
    i BY y1@1 y2@1 y3@1;
    s BY y1@0 y2@4 y3@8;
    y1-y3 (res);
  OUTPUT: TECH11 TECH14;



INPUT READING TERMINATED NORMALLY



ELSA k=3 gmm lin;

SUMMARY OF ANALYSIS

Number of groups                                                 1
Number of observations                                        2510

Number of dependent variables                                    3
Number of independent variables                                  0
Number of continuous latent variables                            2
Number of categorical latent variables                           1

Observed dependent variables

  Continuous
   Y1          Y2          Y3

Continuous latent variables
   I           S

Categorical latent variables
   C


Estimator                                                      MLR
Information matrix                                        OBSERVED
Optimization Specifications for the Quasi-Newton Algorithm for
Continuous Outcomes
  Maximum number of iterations                                 100
  Convergence criterion                                  0.100D-05
Optimization Specifications for the EM Algorithm
  Maximum number of iterations                                 500
  Convergence criteria
    Loglikelihood change                                 0.100D-06
    Relative loglikelihood change                        0.100D-06
    Derivative                                           0.100D-05
Optimization Specifications for the M step of the EM Algorithm for
Categorical Latent variables
  Number of M step iterations                                    1
  M step convergence criterion                           0.100D-05
  Basis for M step termination                           ITERATION
Optimization Specifications for the M step of the EM Algorithm for
Censored, Binary or Ordered Categorical (Ordinal), Unordered
Categorical (Nominal) and Count Outcomes
  Number of M step iterations                                    1
  M step convergence criterion                           0.100D-05
  Basis for M step termination                           ITERATION
  Maximum value for logit thresholds                            15
  Minimum value for logit thresholds                           -15
  Minimum expected cell size for chi-square              0.100D-01
Maximum number of iterations for H1                           2000
Convergence criterion for H1                             0.100D-03
Optimization algorithm                                         EMA
Random Starts Specifications
  Number of initial stage random starts                        300
  Number of final stage optimizations                           50
  Number of initial stage iterations                            10
  Initial stage convergence criterion                    0.100D+01
  Random starts scale                                    0.500D+01
  Random seed for generating random starts                       0

Input data file(s)
  data/ELSA.dat
Input data format  FREE


SUMMARY OF DATA

     Number of missing data patterns             4
     Number of y missing data patterns           4
     Number of u missing data patterns           0


COVARIANCE COVERAGE OF DATA

Minimum covariance coverage value   0.100


     PROPORTION OF DATA PRESENT FOR Y


           Covariance Coverage
              Y1            Y2            Y3
              ________      ________      ________
 Y1             0.936
 Y2             0.857         0.922
 Y3             0.757         0.743         0.822



UNIVARIATE SAMPLE STATISTICS


     UNIVARIATE HIGHER-ORDER MOMENT DESCRIPTIVE STATISTICS

         Variable/         Mean/     Skewness/   Minimum/ % with                Percentiles
        Sample Size      Variance    Kurtosis    Maximum  Min/Max      20%/60%    40%/80%    Median

     Y1                    9.662       0.039       3.158    0.04%       8.172      9.116      9.521
            2349.000       3.398      -0.159      14.861    0.04%      10.029     11.316
     Y2                    9.115       0.011       2.901    0.04%       7.552      8.575      9.054
            2313.000       3.535      -0.139      14.518    0.04%       9.527     10.763
     Y3                    8.716       0.052       1.667    0.05%       7.162      8.199      8.625
            2062.000       3.750      -0.102      14.287    0.05%       9.120     10.358

RANDOM STARTS RESULTS RANKED FROM THE BEST TO THE WORST LOGLIKELIHOOD VALUES

Final stage loglikelihood values at local maxima, seeds, and initial stage start numbers:

           -9408.132  156536           245
           -9408.132  303634           169
           -9408.132  569833           85
           -9408.132  685657           69
           -9408.132  830392           35
           -9408.132  618000           190
           -9408.132  597614           284
           -9408.132  192071           142
           -9408.132  749453           33
           -9408.132  124999           96
           -9408.132  462228           298
           -9408.132  617243           237
           -9408.132  349263           263
           -9408.132  928287           197
           -9408.132  432148           30
           -9408.132  783165           170
           -9408.132  471438           252
           -9408.132  247224           94
           -9408.132  791396           243
           -9408.132  319144           176
           -9408.132  392407           221
           -9408.132  178475           231
           -9408.132  49221            254
           -9408.132  688839           273
           -9408.132  701525           239
           -9408.132  340112           126
           -9408.132  27071            15
           -9408.132  215353           164
           -9408.132  926283           269
           -9408.132  207896           25
           -9426.103  436460           89
           -9426.103  150531           154
           -9426.103  637345           19
           -9426.103  576596           99
           -9426.103  533738           11
           -9426.103  626891           32
           -9428.750  127215           9
           -9428.750  468036           131
           -9428.750  260601           36
           -9428.750  66276            217
           -9428.750  232559           136
           -9428.750  967902           52
           -9428.750  73576            213
           -9431.564  314084           81
           -9431.564  456213           160
           -9431.564  957392           79
           -9431.564  181293           212
           -9431.564  399671           13
           -9431.564  695155           150
           -9431.564  960438           116



THE BEST LOGLIKELIHOOD VALUE HAS BEEN REPLICATED.  RERUN WITH AT LEAST TWICE THE
RANDOM STARTS TO CHECK THAT THE BEST LOGLIKELIHOOD IS STILL OBTAINED AND REPLICATED.


THE MODEL ESTIMATION TERMINATED NORMALLY



MODEL FIT INFORMATION

Number of Free Parameters                       13

Loglikelihood

          H0 Value                       -9408.132
          H0 Scaling Correction Factor      1.3623
            for MLR

Information Criteria

          Akaike (AIC)                   18842.264
          Bayesian (BIC)                 18918.029
          Sample-Size Adjusted BIC       18876.724
            (n* = (n + 2) / 24)



FINAL CLASS COUNTS AND PROPORTIONS FOR THE LATENT CLASSES
BASED ON THE ESTIMATED MODEL

    Latent
   Classes

       1        152.10529          0.06060
       2          2.12337          0.00085
       3       2355.77133          0.93855


FINAL CLASS COUNTS AND PROPORTIONS FOR THE LATENT CLASSES
BASED ON ESTIMATED POSTERIOR PROBABILITIES

    Latent
   Classes

       1        152.10529          0.06060
       2          2.12337          0.00085
       3       2355.77133          0.93855


FINAL CLASS COUNTS AND PROPORTIONS FOR THE LATENT CLASSES
BASED ON THEIR MOST LIKELY LATENT CLASS MEMBERSHIP

Class Counts and Proportions

    Latent
   Classes

       1               75          0.02988
       2                2          0.00080
       3             2433          0.96932


CLASSIFICATION QUALITY

     Entropy                         0.878


Average Latent Class Probabilities for Most Likely Latent Class Membership (Row)
by Latent Class (Column)

           1        2        3

    1   0.730    0.000    0.270
    2   0.000    1.000    0.000
    3   0.040    0.000    0.960


Classification Probabilities for the Most Likely Latent Class Membership (Column)
by Latent Class (Row)

           1        2        3

    1   0.360    0.000    0.640
    2   0.000    0.942    0.058
    3   0.009    0.000    0.991


Logits for the Classification Probabilities for the Most Likely Latent Class Membership (Column)
by Latent Class (Row)

              1        2        3

    1     -0.577  -13.370    0.000
    2    -10.970    2.786    0.000
    3     -4.746  -13.807    0.000


MODEL RESULTS

                                                    Two-Tailed
                    Estimate       S.E.  Est./S.E.    P-Value

Latent Class 1

 I        BY
    Y1                 1.000      0.000    999.000    999.000
    Y2                 1.000      0.000    999.000    999.000
    Y3                 1.000      0.000    999.000    999.000

 S        BY
    Y1                 0.000      0.000    999.000    999.000
    Y2                 4.000      0.000    999.000    999.000
    Y3                 8.000      0.000    999.000    999.000

 S        WITH
    I                  0.012      0.005      2.315      0.021

 Means
    I                 -0.325      0.321     -1.014      0.311
    S                 -0.196      0.018    -10.621      0.000

 Intercepts
    Y1                 9.698      0.042    233.655      0.000
    Y2                 9.173      0.045    204.921      0.000
    Y3                 8.720      0.050    175.079      0.000

 Variances
    I                  3.180      0.092     34.436      0.000
    S                  0.001      0.001      1.894      0.058

 Residual Variances
    Y1                 0.208      0.016     12.630      0.000
    Y2                 0.208      0.016     12.630      0.000
    Y3                 0.208      0.016     12.630      0.000

Latent Class 2

 I        BY
    Y1                 1.000      0.000    999.000    999.000
    Y2                 1.000      0.000    999.000    999.000
    Y3                 1.000      0.000    999.000    999.000

 S        BY
    Y1                 0.000      0.000    999.000    999.000
    Y2                 4.000      0.000    999.000    999.000
    Y3                 8.000      0.000    999.000    999.000

 S        WITH
    I                  0.012      0.005      2.315      0.021

 Means
    I                 -5.132      1.304     -3.937      0.000
    S                  1.014      0.091     11.110      0.000

 Intercepts
    Y1                 9.698      0.042    233.655      0.000
    Y2                 9.173      0.045    204.921      0.000
    Y3                 8.720      0.050    175.079      0.000

 Variances
    I                  3.180      0.092     34.436      0.000
    S                  0.001      0.001      1.894      0.058

 Residual Variances
    Y1                 0.208      0.016     12.630      0.000
    Y2                 0.208      0.016     12.630      0.000
    Y3                 0.208      0.016     12.630      0.000

Latent Class 3

 I        BY
    Y1                 1.000      0.000    999.000    999.000
    Y2                 1.000      0.000    999.000    999.000
    Y3                 1.000      0.000    999.000    999.000

 S        BY
    Y1                 0.000      0.000    999.000    999.000
    Y2                 4.000      0.000    999.000    999.000
    Y3                 8.000      0.000    999.000    999.000

 S        WITH
    I                  0.012      0.005      2.315      0.021

 Means
    I                  0.000      0.000    999.000    999.000
    S                  0.000      0.000    999.000    999.000

 Intercepts
    Y1                 9.698      0.042    233.655      0.000
    Y2                 9.173      0.045    204.921      0.000
    Y3                 8.720      0.050    175.079      0.000

 Variances
    I                  3.180      0.092     34.436      0.000
    S                  0.001      0.001      1.894      0.058

 Residual Variances
    Y1                 0.208      0.016     12.630      0.000
    Y2                 0.208      0.016     12.630      0.000
    Y3                 0.208      0.016     12.630      0.000

Categorical Latent Variables

 Means
    C#1               -2.740      0.318     -8.604      0.000
    C#2               -7.012      0.715     -9.806      0.000


QUALITY OF NUMERICAL RESULTS

     Condition Number for the Information Matrix              0.710E-07
       (ratio of smallest to largest eigenvalue)


TECHNICAL 11 OUTPUT

     Random Starts Specifications for the k-1 Class Analysis Model
        Number of initial stage random starts                 300
        Number of final stage optimizations                    50



     VUONG-LO-MENDELL-RUBIN LIKELIHOOD RATIO TEST FOR 2 (H0) VERSUS 3 CLASSES

          H0 Loglikelihood Value                        -9431.564
          2 Times the Loglikelihood Difference             46.864
          Difference in the Number of Parameters                3
          Mean                                              3.423
          Standard Deviation                                4.258
          P-Value                                          0.0000

     LO-MENDELL-RUBIN ADJUSTED LRT TEST

          Value                                            44.950
          P-Value                                          0.0000


TECHNICAL 14 OUTPUT

     Random Starts Specifications for the k-1 Class Analysis Model
        Number of initial stage random starts                 300
        Number of final stage optimizations                    50

     Random Starts Specification for the k-1 Class Model for Generated Data
        Number of initial stage random starts                   0
        Number of final stage optimizations for the
           initial stage random starts                          0
     Random Starts Specification for the k Class Model for Generated Data
        Number of initial stage random starts                  40
        Number of final stage optimizations                     8
     Number of bootstrap draws requested                      100


     PARAMETRIC BOOTSTRAPPED LIKELIHOOD RATIO TEST FOR 2 (H0) VERSUS 3 CLASSES

          H0 Loglikelihood Value                        -9431.564
          2 Times the Loglikelihood Difference             46.864
          Difference in the Number of Parameters                3
          Approximate P-Value                              0.0000
          Successful Bootstrap Draws                           97

     WARNING:  OF THE 97 BOOTSTRAP DRAWS, 55 DRAWS HAD BOTH A SMALLER LRT VALUE THAN THE
     OBSERVED LRT VALUE AND NOT A REPLICATED BEST LOGLIKELIHOOD VALUE FOR THE 3-CLASS MODEL.
     THIS MEANS THAT THE P-VALUE MAY NOT BE TRUSTWORTHY DUE TO LOCAL MAXIMA.
     INCREASE THE NUMBER OF RANDOM STARTS USING THE LRTSTARTS OPTION.


     WARNING:  3 OUT OF 100 BOOTSTRAP DRAWS DID NOT CONVERGE.
     INCREASE THE NUMBER OF RANDOM STARTS USING THE LRTSTARTS OPTION.



     Beginning Time:  19:04:10
        Ending Time:  19:04:34
       Elapsed Time:  00:00:24



MUTHEN & MUTHEN
3463 Stoner Ave.
Los Angeles, CA  90066

Tel: (310) 391-9971
Fax: (310) 391-8971
Web: www.StatModel.com
Support: Support@StatModel.com

Copyright (c) 1998-2019 Muthen & Muthen
