Mplus VERSION 8.3
MUTHEN & MUTHEN
09/19/2026   6:20 PM

INPUT INSTRUCTIONS

  TITLE: HRS k=1 lcga lin;
  DATA: FILE IS data/HRS.dat;
  VARIABLE:
    NAMES ARE id y1 y2 y3 y4;
    USEV = y1 y2 y3 y4;
    MISSING = ALL (-999);
  ANALYSIS: TYPE = GENERAL;
    STARTS = 1;
    PROCESSORS = 4;
  MODEL:
    i BY y1@1 y2@1 y3@1 y4@1;
    s BY y1@0 y2@4 y3@8 y4@12;
    i@0 s@0;
    y1-y4 (res);



INPUT READING TERMINATED NORMALLY



HRS k=1 lcga lin;

SUMMARY OF ANALYSIS

Number of groups                                                 1
Number of observations                                        2183

Number of dependent variables                                    4
Number of independent variables                                  0
Number of continuous latent variables                            2

Observed dependent variables

  Continuous
   Y1          Y2          Y3          Y4

Continuous latent variables
   I           S


Estimator                                                       ML
Information matrix                                        OBSERVED
Maximum number of iterations                                  1000
Convergence criterion                                    0.500D-04
Maximum number of steepest descent iterations                   20
Maximum number of iterations for H1                           2000
Convergence criterion for H1                             0.100D-03
Random Starts Specifications
  Number of random starts                                        1
  Random starts scale                                    0.500D+01

Input data file(s)
  data/HRS.dat

Input data format  FREE


SUMMARY OF DATA

     Number of missing data patterns            11


COVARIANCE COVERAGE OF DATA

Minimum covariance coverage value   0.100


     PROPORTION OF DATA PRESENT


           Covariance Coverage
              Y1            Y2            Y3            Y4
              ________      ________      ________      ________
 Y1             0.896
 Y2             0.806         0.894
 Y3             0.734         0.731         0.829
 Y4             0.539         0.550         0.576         0.616



UNIVARIATE SAMPLE STATISTICS


     UNIVARIATE HIGHER-ORDER MOMENT DESCRIPTIVE STATISTICS

         Variable/         Mean/     Skewness/   Minimum/ % with                Percentiles
        Sample Size      Variance    Kurtosis    Maximum  Min/Max      20%/60%    40%/80%    Median

     Y1                    9.089       0.115       3.994    0.05%       7.519      8.564      9.016
            1957.000       3.354      -0.318      14.663    0.05%       9.503     10.675
     Y2                    8.444       0.079       2.855    0.05%       6.787      7.912      8.387
            1951.000       3.606      -0.243      15.308    0.05%       8.878     10.110
     Y3                    8.025       0.017       1.822    0.06%       6.419      7.538      8.003
            1809.000       3.550      -0.219      13.342    0.06%       8.484      9.597
     Y4                    7.601       0.044       1.571    0.07%       5.929      7.121      7.623
            1344.000       3.584      -0.202      13.368    0.07%       8.065      9.140


RANDOM STARTS RESULTS RANKED FROM THE BEST TO THE WORST FIT FUNCTION VALUES

Fit function values at local maxima and random start numbers:

           5198.0278         1
           5198.0278         unperturbed

     WARNING:  THE LATENT VARIABLE COVARIANCE MATRIX (PSI) IS NOT POSITIVE
     DEFINITE.  THIS COULD INDICATE A NEGATIVE VARIANCE/RESIDUAL VARIANCE FOR A
     LATENT VARIABLE, A CORRELATION GREATER OR EQUAL TO ONE BETWEEN TWO LATENT
     VARIABLES, OR A LINEAR DEPENDENCY AMONG MORE THAN TWO LATENT VARIABLES.
     CHECK THE TECH4 OUTPUT FOR MORE INFORMATION.
     PROBLEM INVOLVING VARIABLE I.




MODEL FIT INFORMATION

Number of Free Parameters                        6

Loglikelihood

          H0 Value                      -12613.698
          H1 Value                      -10014.684

Information Criteria

          Akaike (AIC)                   25239.396
          Bayesian (BIC)                 25273.527
          Sample-Size Adjusted BIC       25254.464
            (n* = (n + 2) / 24)

Chi-Square Test of Model Fit

          Value                           5198.028
          Degrees of Freedom                     8
          P-Value                           0.0000

RMSEA (Root Mean Square Error Of Approximation)

          Estimate                           0.545
          90 Percent C.I.                    0.533  0.558
          Probability RMSEA <= .05           0.000

CFI/TLI

          CFI                                0.416
          TLI                                0.562

Chi-Square Test of Model Fit for the Baseline Model

          Value                           8887.426
          Degrees of Freedom                     6
          P-Value                           0.0000

SRMR (Standardized Root Mean Square Residual)

          Value                              0.723



MODEL RESULTS

                                                    Two-Tailed
                    Estimate       S.E.  Est./S.E.    P-Value

 I        BY
    Y1                 1.000      0.000    999.000    999.000
    Y2                 1.000      0.000    999.000    999.000
    Y3                 1.000      0.000    999.000    999.000
    Y4                 1.000      0.000    999.000    999.000

 S        BY
    Y1                 0.000      0.000    999.000    999.000
    Y2                 4.000      0.000    999.000    999.000
    Y3                 8.000      0.000    999.000    999.000
    Y4                12.000      0.000    999.000    999.000

 S        WITH
    I                  0.125      0.003     38.673      0.000

 Intercepts
    Y1                 9.096      0.028    325.987      0.000
    Y2                 8.451      0.036    236.803      0.000
    Y3                 7.941      0.043    184.247      0.000
    Y4                 7.340      0.052    141.391      0.000

 Variances
    I                  0.000      0.000    999.000    999.000
    S                  0.000      0.000    999.000    999.000

 Residual Variances
    Y1                 1.571      0.026     59.349      0.000
    Y2                 1.571      0.026     59.349      0.000
    Y3                 1.571      0.026     59.349      0.000
    Y4                 1.571      0.026     59.349      0.000


QUALITY OF NUMERICAL RESULTS

     Condition Number for the Information Matrix              0.919E-02
       (ratio of smallest to largest eigenvalue)


     Beginning Time:  18:20:42
        Ending Time:  18:20:42
       Elapsed Time:  00:00:00



MUTHEN & MUTHEN
3463 Stoner Ave.
Los Angeles, CA  90066

Tel: (310) 391-9971
Fax: (310) 391-8971
Web: www.StatModel.com
Support: Support@StatModel.com

Copyright (c) 1998-2019 Muthen & Muthen
