Mplus VERSION 8.3
MUTHEN & MUTHEN
09/19/2026   6:21 PM

INPUT INSTRUCTIONS

  TITLE: HRS k=4 lcga lin;
  DATA: FILE IS data/HRS.dat;
  VARIABLE:
    NAMES ARE id y1 y2 y3 y4;
    USEV = y1 y2 y3 y4;
    MISSING = ALL (-999);
    CLASSES = c(4);
  ANALYSIS: TYPE = MIXTURE;
    STARTS = 300 50;
    LRTBOOTSTRAP = 100;
    PROCESSORS = 4;
  MODEL:
    %OVERALL%
    i BY y1@1 y2@1 y3@1 y4@1;
    s BY y1@0 y2@4 y3@8 y4@12;
    i@0 s@0;
    y1-y4 (res);
  OUTPUT: TECH11 TECH14;



INPUT READING TERMINATED NORMALLY



HRS k=4 lcga lin;

SUMMARY OF ANALYSIS

Number of groups                                                 1
Number of observations                                        2183

Number of dependent variables                                    4
Number of independent variables                                  0
Number of continuous latent variables                            2
Number of categorical latent variables                           1

Observed dependent variables

  Continuous
   Y1          Y2          Y3          Y4

Continuous latent variables
   I           S

Categorical latent variables
   C


Estimator                                                      MLR
Information matrix                                        OBSERVED
Optimization Specifications for the Quasi-Newton Algorithm for
Continuous Outcomes
  Maximum number of iterations                                 100
  Convergence criterion                                  0.100D-05
Optimization Specifications for the EM Algorithm
  Maximum number of iterations                                 500
  Convergence criteria
    Loglikelihood change                                 0.100D-06
    Relative loglikelihood change                        0.100D-06
    Derivative                                           0.100D-05
Optimization Specifications for the M step of the EM Algorithm for
Categorical Latent variables
  Number of M step iterations                                    1
  M step convergence criterion                           0.100D-05
  Basis for M step termination                           ITERATION
Optimization Specifications for the M step of the EM Algorithm for
Censored, Binary or Ordered Categorical (Ordinal), Unordered
Categorical (Nominal) and Count Outcomes
  Number of M step iterations                                    1
  M step convergence criterion                           0.100D-05
  Basis for M step termination                           ITERATION
  Maximum value for logit thresholds                            15
  Minimum value for logit thresholds                           -15
  Minimum expected cell size for chi-square              0.100D-01
Maximum number of iterations for H1                           2000
Convergence criterion for H1                             0.100D-03
Optimization algorithm                                         EMA
Random Starts Specifications
  Number of initial stage random starts                        300
  Number of final stage optimizations                           50
  Number of initial stage iterations                            10
  Initial stage convergence criterion                    0.100D+01
  Random starts scale                                    0.500D+01
  Random seed for generating random starts                       0

Input data file(s)
  data/HRS.dat
Input data format  FREE


SUMMARY OF DATA

     Number of missing data patterns            11
     Number of y missing data patterns          11
     Number of u missing data patterns           0


COVARIANCE COVERAGE OF DATA

Minimum covariance coverage value   0.100


     PROPORTION OF DATA PRESENT FOR Y


           Covariance Coverage
              Y1            Y2            Y3            Y4
              ________      ________      ________      ________
 Y1             0.896
 Y2             0.806         0.894
 Y3             0.734         0.731         0.829
 Y4             0.539         0.550         0.576         0.616



UNIVARIATE SAMPLE STATISTICS


     UNIVARIATE HIGHER-ORDER MOMENT DESCRIPTIVE STATISTICS

         Variable/         Mean/     Skewness/   Minimum/ % with                Percentiles
        Sample Size      Variance    Kurtosis    Maximum  Min/Max      20%/60%    40%/80%    Median

     Y1                    9.089       0.115       3.994    0.05%       7.519      8.564      9.016
            1957.000       3.354      -0.318      14.663    0.05%       9.503     10.675
     Y2                    8.444       0.079       2.855    0.05%       6.787      7.912      8.387
            1951.000       3.606      -0.243      15.308    0.05%       8.878     10.110
     Y3                    8.025       0.017       1.822    0.06%       6.419      7.538      8.003
            1809.000       3.550      -0.219      13.342    0.06%       8.484      9.597
     Y4                    7.601       0.044       1.571    0.07%       5.929      7.121      7.623
            1344.000       3.584      -0.202      13.368    0.07%       8.065      9.140

RANDOM STARTS RESULTS RANKED FROM THE BEST TO THE WORST LOGLIKELIHOOD VALUES

Final stage loglikelihood values at local maxima, seeds, and initial stage start numbers:

          -10261.685  438144           271
          -10261.685  717754           180
          -10261.685  948615           140
          -10261.685  926283           269
          -10261.685  761633           50
          -10261.685  207896           25
          -10261.685  369602           146
          -10261.685  967237           48
          -10261.685  301180           236
          -10261.685  281462           285
          -10261.685  509733           130
          -10261.685  195873           6
          -10261.685  791396           243
          -10261.685  568859           49
          -10261.685  782821           272
          -10261.685  391179           78
          -10261.685  913639           162
          -10261.685  902278           21
          -10261.685  188498           258
          -10261.685  65651            214
          -10261.685  341041           34
          -10261.685  618000           190
          -10261.685  377504           294
          -10261.685  123985           248
          -10261.685  443917           60
          -10261.685  608849           224
          -10261.685  476498           179
          -10261.685  455617           242
          -10261.685  654136           167
          -10261.685  43523            297
          -10261.685  573096           20
          -10261.685  728038           177
          -10261.685  475420           71
          -10261.685  316165           299
          -10261.685  253358           2
          -10261.685  195353           225
          -10261.685  150531           154
          -10261.685  636396           168
          -10261.685  648555           113
          -10261.685  286735           175
          -10261.685  939709           112
          -10261.685  422103           62
          -10261.685  931874           141
          -10261.685  76337            76
          -10261.685  987090           70
          -10261.685  437181           135
          -10261.685  468036           131
          -10507.583  751054           117
          -10522.321  268217           83
          -10522.321  373505           88



THE BEST LOGLIKELIHOOD VALUE HAS BEEN REPLICATED.  RERUN WITH AT LEAST TWICE THE
RANDOM STARTS TO CHECK THAT THE BEST LOGLIKELIHOOD IS STILL OBTAINED AND REPLICATED.


THE MODEL ESTIMATION TERMINATED NORMALLY

     WARNING:  THE LATENT VARIABLE COVARIANCE MATRIX (PSI) IN CLASS 1
     IS NOT POSITIVE DEFINITE.  THIS COULD INDICATE A NEGATIVE VARIANCE/
     RESIDUAL VARIANCE FOR A LATENT VARIABLE, A CORRELATION GREATER OR EQUAL
     TO ONE BETWEEN TWO LATENT VARIABLES, OR A LINEAR DEPENDENCY AMONG MORE
     THAN TWO LATENT VARIABLES.  CHECK THE TECH4 OUTPUT FOR MORE INFORMATION.
     PROBLEM INVOLVING VARIABLE I.


     WARNING:  THE LATENT VARIABLE COVARIANCE MATRIX (PSI) IN CLASS 2
     IS NOT POSITIVE DEFINITE.  THIS COULD INDICATE A NEGATIVE VARIANCE/
     RESIDUAL VARIANCE FOR A LATENT VARIABLE, A CORRELATION GREATER OR EQUAL
     TO ONE BETWEEN TWO LATENT VARIABLES, OR A LINEAR DEPENDENCY AMONG MORE
     THAN TWO LATENT VARIABLES.  CHECK THE TECH4 OUTPUT FOR MORE INFORMATION.
     PROBLEM INVOLVING VARIABLE I.


     WARNING:  THE LATENT VARIABLE COVARIANCE MATRIX (PSI) IN CLASS 3
     IS NOT POSITIVE DEFINITE.  THIS COULD INDICATE A NEGATIVE VARIANCE/
     RESIDUAL VARIANCE FOR A LATENT VARIABLE, A CORRELATION GREATER OR EQUAL
     TO ONE BETWEEN TWO LATENT VARIABLES, OR A LINEAR DEPENDENCY AMONG MORE
     THAN TWO LATENT VARIABLES.  CHECK THE TECH4 OUTPUT FOR MORE INFORMATION.
     PROBLEM INVOLVING VARIABLE I.


     WARNING:  THE LATENT VARIABLE COVARIANCE MATRIX (PSI) IN CLASS 4
     IS NOT POSITIVE DEFINITE.  THIS COULD INDICATE A NEGATIVE VARIANCE/
     RESIDUAL VARIANCE FOR A LATENT VARIABLE, A CORRELATION GREATER OR EQUAL
     TO ONE BETWEEN TWO LATENT VARIABLES, OR A LINEAR DEPENDENCY AMONG MORE
     THAN TWO LATENT VARIABLES.  CHECK THE TECH4 OUTPUT FOR MORE INFORMATION.
     PROBLEM INVOLVING VARIABLE I.




MODEL FIT INFORMATION

Number of Free Parameters                       15

Loglikelihood

          H0 Value                      -10261.685
          H0 Scaling Correction Factor      1.5965
            for MLR

Information Criteria

          Akaike (AIC)                   20553.369
          Bayesian (BIC)                 20638.696
          Sample-Size Adjusted BIC       20591.039
            (n* = (n + 2) / 24)



FINAL CLASS COUNTS AND PROPORTIONS FOR THE LATENT CLASSES
BASED ON THE ESTIMATED MODEL

    Latent
   Classes

       1        307.49046          0.14086
       2        331.62495          0.15191
       3        815.23617          0.37345
       4        728.64842          0.33378


FINAL CLASS COUNTS AND PROPORTIONS FOR THE LATENT CLASSES
BASED ON ESTIMATED POSTERIOR PROBABILITIES

    Latent
   Classes

       1        307.49046          0.14086
       2        331.62495          0.15191
       3        815.23617          0.37345
       4        728.64842          0.33378


FINAL CLASS COUNTS AND PROPORTIONS FOR THE LATENT CLASSES
BASED ON THEIR MOST LIKELY LATENT CLASS MEMBERSHIP

Class Counts and Proportions

    Latent
   Classes

       1              301          0.13788
       2              322          0.14750
       3              822          0.37655
       4              738          0.33807


CLASSIFICATION QUALITY

     Entropy                         0.799


Average Latent Class Probabilities for Most Likely Latent Class Membership (Row)
by Latent Class (Column)

           1        2        3        4

    1   0.891    0.000    0.109    0.000
    2   0.000    0.929    0.000    0.071
    3   0.048    0.000    0.873    0.079
    4   0.000    0.044    0.088    0.868


Classification Probabilities for the Most Likely Latent Class Membership (Column)
by Latent Class (Row)

           1        2        3        4

    1   0.872    0.000    0.128    0.000
    2   0.000    0.902    0.000    0.098
    3   0.040    0.000    0.880    0.079
    4   0.000    0.032    0.089    0.879


Logits for the Classification Probabilities for the Most Likely Latent Class Membership (Column)
by Latent Class (Row)

              1        2        3        4

    1      9.225   -4.453    7.308    0.000
    2    -11.495    2.217   -6.890    0.000
    3     -0.674   -9.008    2.407    0.000
    4    -10.728   -3.328   -2.290    0.000


MODEL RESULTS

                                                    Two-Tailed
                    Estimate       S.E.  Est./S.E.    P-Value

Latent Class 1

 I        BY
    Y1                 1.000      0.000    999.000    999.000
    Y2                 1.000      0.000    999.000    999.000
    Y3                 1.000      0.000    999.000    999.000
    Y4                 1.000      0.000    999.000    999.000

 S        BY
    Y1                 0.000      0.000    999.000    999.000
    Y2                 4.000      0.000    999.000    999.000
    Y3                 8.000      0.000    999.000    999.000
    Y4                12.000      0.000    999.000    999.000

 S        WITH
    I                  0.036      0.002     18.871      0.000

 Means
    I                 -3.618      0.094    -38.520      0.000
    S                  0.030      0.011      2.745      0.006

 Intercepts
    Y1                 9.951      0.109     91.457      0.000
    Y2                 9.288      0.112     82.981      0.000
    Y3                 8.747      0.115     76.177      0.000
    Y4                 8.192      0.121     67.867      0.000

 Variances
    I                  0.000      0.000    999.000    999.000
    S                  0.000      0.000    999.000    999.000

 Residual Variances
    Y1                 0.429      0.012     36.972      0.000
    Y2                 0.429      0.012     36.972      0.000
    Y3                 0.429      0.012     36.972      0.000
    Y4                 0.429      0.012     36.972      0.000

Latent Class 2

 I        BY
    Y1                 1.000      0.000    999.000    999.000
    Y2                 1.000      0.000    999.000    999.000
    Y3                 1.000      0.000    999.000    999.000
    Y4                 1.000      0.000    999.000    999.000

 S        BY
    Y1                 0.000      0.000    999.000    999.000
    Y2                 4.000      0.000    999.000    999.000
    Y3                 8.000      0.000    999.000    999.000
    Y4                12.000      0.000    999.000    999.000

 S        WITH
    I                  0.036      0.002     18.871      0.000

 Means
    I                  2.048      0.070     29.339      0.000
    S                 -0.016      0.007     -2.179      0.029

 Intercepts
    Y1                 9.951      0.109     91.457      0.000
    Y2                 9.288      0.112     82.981      0.000
    Y3                 8.747      0.115     76.177      0.000
    Y4                 8.192      0.121     67.867      0.000

 Variances
    I                  0.000      0.000    999.000    999.000
    S                  0.000      0.000    999.000    999.000

 Residual Variances
    Y1                 0.429      0.012     36.972      0.000
    Y2                 0.429      0.012     36.972      0.000
    Y3                 0.429      0.012     36.972      0.000
    Y4                 0.429      0.012     36.972      0.000

Latent Class 3

 I        BY
    Y1                 1.000      0.000    999.000    999.000
    Y2                 1.000      0.000    999.000    999.000
    Y3                 1.000      0.000    999.000    999.000
    Y4                 1.000      0.000    999.000    999.000

 S        BY
    Y1                 0.000      0.000    999.000    999.000
    Y2                 4.000      0.000    999.000    999.000
    Y3                 8.000      0.000    999.000    999.000
    Y4                12.000      0.000    999.000    999.000

 S        WITH
    I                  0.036      0.002     18.871      0.000

 Means
    I                 -1.754      0.057    -30.798      0.000
    S                  0.011      0.006      1.910      0.056

 Intercepts
    Y1                 9.951      0.109     91.457      0.000
    Y2                 9.288      0.112     82.981      0.000
    Y3                 8.747      0.115     76.177      0.000
    Y4                 8.192      0.121     67.867      0.000

 Variances
    I                  0.000      0.000    999.000    999.000
    S                  0.000      0.000    999.000    999.000

 Residual Variances
    Y1                 0.429      0.012     36.972      0.000
    Y2                 0.429      0.012     36.972      0.000
    Y3                 0.429      0.012     36.972      0.000
    Y4                 0.429      0.012     36.972      0.000

Latent Class 4

 I        BY
    Y1                 1.000      0.000    999.000    999.000
    Y2                 1.000      0.000    999.000    999.000
    Y3                 1.000      0.000    999.000    999.000
    Y4                 1.000      0.000    999.000    999.000

 S        BY
    Y1                 0.000      0.000    999.000    999.000
    Y2                 4.000      0.000    999.000    999.000
    Y3                 8.000      0.000    999.000    999.000
    Y4                12.000      0.000    999.000    999.000

 S        WITH
    I                  0.036      0.002     18.871      0.000

 Means
    I                  0.000      0.000    999.000    999.000
    S                  0.000      0.000    999.000    999.000

 Intercepts
    Y1                 9.951      0.109     91.457      0.000
    Y2                 9.288      0.112     82.981      0.000
    Y3                 8.747      0.115     76.177      0.000
    Y4                 8.192      0.121     67.867      0.000

 Variances
    I                  0.000      0.000    999.000    999.000
    S                  0.000      0.000    999.000    999.000

 Residual Variances
    Y1                 0.429      0.012     36.972      0.000
    Y2                 0.429      0.012     36.972      0.000
    Y3                 0.429      0.012     36.972      0.000
    Y4                 0.429      0.012     36.972      0.000

Categorical Latent Variables

 Means
    C#1               -0.863      0.183     -4.713      0.000
    C#2               -0.787      0.094     -8.380      0.000
    C#3                0.112      0.100      1.128      0.259


QUALITY OF NUMERICAL RESULTS

     Condition Number for the Information Matrix              0.104E-03
       (ratio of smallest to largest eigenvalue)


TECHNICAL 11 OUTPUT

     Random Starts Specifications for the k-1 Class Analysis Model
        Number of initial stage random starts                 300
        Number of final stage optimizations                    50



     VUONG-LO-MENDELL-RUBIN LIKELIHOOD RATIO TEST FOR 3 (H0) VERSUS 4 CLASSES

          H0 Loglikelihood Value                       -10522.321
          2 Times the Loglikelihood Difference            521.274
          Difference in the Number of Parameters                3
          Mean                                             -2.070
          Standard Deviation                               68.263
          P-Value                                          0.0000

     LO-MENDELL-RUBIN ADJUSTED LRT TEST

          Value                                           499.613
          P-Value                                          0.0000


TECHNICAL 14 OUTPUT

     Random Starts Specifications for the k-1 Class Analysis Model
        Number of initial stage random starts                 300
        Number of final stage optimizations                    50

     Random Starts Specification for the k-1 Class Model for Generated Data
        Number of initial stage random starts                   0
        Number of final stage optimizations for the
           initial stage random starts                          0
     Random Starts Specification for the k Class Model for Generated Data
        Number of initial stage random starts                  40
        Number of final stage optimizations                     8
     Number of bootstrap draws requested                      100


     PARAMETRIC BOOTSTRAPPED LIKELIHOOD RATIO TEST FOR 3 (H0) VERSUS 4 CLASSES

          H0 Loglikelihood Value                       -10522.321
          2 Times the Loglikelihood Difference            521.274
          Difference in the Number of Parameters                3
          Approximate P-Value                              0.0000
          Successful Bootstrap Draws                           99

     WARNING:  OF THE 99 BOOTSTRAP DRAWS, 86 DRAWS HAD BOTH A SMALLER LRT VALUE THAN THE
     OBSERVED LRT VALUE AND NOT A REPLICATED BEST LOGLIKELIHOOD VALUE FOR THE 4-CLASS MODEL.
     THIS MEANS THAT THE P-VALUE MAY NOT BE TRUSTWORTHY DUE TO LOCAL MAXIMA.
     INCREASE THE NUMBER OF RANDOM STARTS USING THE LRTSTARTS OPTION.


     WARNING:  1 OUT OF 100 BOOTSTRAP DRAWS DID NOT CONVERGE.
     INCREASE THE NUMBER OF RANDOM STARTS USING THE LRTSTARTS OPTION.



     Beginning Time:  18:21:48
        Ending Time:  18:23:06
       Elapsed Time:  00:01:18



MUTHEN & MUTHEN
3463 Stoner Ave.
Los Angeles, CA  90066

Tel: (310) 391-9971
Fax: (310) 391-8971
Web: www.StatModel.com
Support: Support@StatModel.com

Copyright (c) 1998-2019 Muthen & Muthen
