Mplus VERSION 8.3
MUTHEN & MUTHEN
09/19/2026   6:41 PM

INPUT INSTRUCTIONS

  TITLE: ELSA k=8 lcga lin;
  DATA: FILE IS data/ELSA.dat;
  VARIABLE:
    NAMES ARE id y1 y2 y3;
    USEV = y1 y2 y3;
    MISSING = ALL (-999);
    CLASSES = c(8);
  ANALYSIS: TYPE = MIXTURE;
    STARTS = 300 50;
    LRTBOOTSTRAP = 100;
    PROCESSORS = 4;
  MODEL:
    %OVERALL%
    i BY y1@1 y2@1 y3@1;
    s BY y1@0 y2@4 y3@8;
    i@0 s@0;
    y1-y3 (res);
  OUTPUT: TECH11 TECH14;



INPUT READING TERMINATED NORMALLY



ELSA k=8 lcga lin;

SUMMARY OF ANALYSIS

Number of groups                                                 1
Number of observations                                        2510

Number of dependent variables                                    3
Number of independent variables                                  0
Number of continuous latent variables                            2
Number of categorical latent variables                           1

Observed dependent variables

  Continuous
   Y1          Y2          Y3

Continuous latent variables
   I           S

Categorical latent variables
   C


Estimator                                                      MLR
Information matrix                                        OBSERVED
Optimization Specifications for the Quasi-Newton Algorithm for
Continuous Outcomes
  Maximum number of iterations                                 100
  Convergence criterion                                  0.100D-05
Optimization Specifications for the EM Algorithm
  Maximum number of iterations                                 500
  Convergence criteria
    Loglikelihood change                                 0.100D-06
    Relative loglikelihood change                        0.100D-06
    Derivative                                           0.100D-05
Optimization Specifications for the M step of the EM Algorithm for
Categorical Latent variables
  Number of M step iterations                                    1
  M step convergence criterion                           0.100D-05
  Basis for M step termination                           ITERATION
Optimization Specifications for the M step of the EM Algorithm for
Censored, Binary or Ordered Categorical (Ordinal), Unordered
Categorical (Nominal) and Count Outcomes
  Number of M step iterations                                    1
  M step convergence criterion                           0.100D-05
  Basis for M step termination                           ITERATION
  Maximum value for logit thresholds                            15
  Minimum value for logit thresholds                           -15
  Minimum expected cell size for chi-square              0.100D-01
Maximum number of iterations for H1                           2000
Convergence criterion for H1                             0.100D-03
Optimization algorithm                                         EMA
Random Starts Specifications
  Number of initial stage random starts                        300
  Number of final stage optimizations                           50
  Number of initial stage iterations                            10
  Initial stage convergence criterion                    0.100D+01
  Random starts scale                                    0.500D+01
  Random seed for generating random starts                       0

Input data file(s)
  data/ELSA.dat
Input data format  FREE


SUMMARY OF DATA

     Number of missing data patterns             4
     Number of y missing data patterns           4
     Number of u missing data patterns           0


COVARIANCE COVERAGE OF DATA

Minimum covariance coverage value   0.100


     PROPORTION OF DATA PRESENT FOR Y


           Covariance Coverage
              Y1            Y2            Y3
              ________      ________      ________
 Y1             0.936
 Y2             0.857         0.922
 Y3             0.757         0.743         0.822



UNIVARIATE SAMPLE STATISTICS


     UNIVARIATE HIGHER-ORDER MOMENT DESCRIPTIVE STATISTICS

         Variable/         Mean/     Skewness/   Minimum/ % with                Percentiles
        Sample Size      Variance    Kurtosis    Maximum  Min/Max      20%/60%    40%/80%    Median

     Y1                    9.662       0.039       3.158    0.04%       8.172      9.116      9.521
            2349.000       3.398      -0.159      14.861    0.04%      10.029     11.316
     Y2                    9.115       0.011       2.901    0.04%       7.552      8.575      9.054
            2313.000       3.535      -0.139      14.518    0.04%       9.527     10.763
     Y3                    8.716       0.052       1.667    0.05%       7.162      8.199      8.625
            2062.000       3.750      -0.102      14.287    0.05%       9.120     10.358

RANDOM STARTS RESULTS RANKED FROM THE BEST TO THE WORST LOGLIKELIHOOD VALUES

Final stage loglikelihood values at local maxima, seeds, and initial stage start numbers:

           -9462.530  21345            199
           -9462.530  580405           286
           -9462.530  835767           210
           -9462.530  297518           166
           -9462.530  246575           291
           -9462.530  761633           50
           -9462.530  402224           91
           -9462.530  39136            226
           -9487.719  80438            246
           -9497.610  253358           2
           -9499.835  970689           266
           -9499.835  405079           68
           -9499.835  127215           9
           -9499.835  369602           146
           -9500.570  715561           125
           -9500.570  992389           77
           -9502.262  824126           287
           -9502.262  51375            148
           -9502.262  814975           129
           -9502.262  438144           271
           -9514.983  414284           158
           -9514.983  903420           5
           -9514.983  107446           12
           -9514.983  674171           195
           -9514.983  635245           121
           -9544.619  751054           117
           -9544.619  804561           59
           -9555.359  136842           58
           -9555.359  168762           200
           -9555.359  813779           92
           -9555.359  462953           7
           -9555.359  609185           181
           -9555.359  760878           249
           -9555.359  170118           238
           -9555.359  618000           190
           -9555.359  569833           85
           -9555.359  496881           192
           -9555.359  211281           292
           -9555.359  987090           70
           -9593.972  393232           152
           -9593.972  373505           88
           -9593.972  616917           261
           -9594.040  726035           191
           -9594.040  321390           133
           -9594.040  848163           47
           -9644.361  76337            76
           -9644.361  76974            16
           -9644.361  220454           288
           -9644.361  673496           218
           -9644.361  603842           61



THE BEST LOGLIKELIHOOD VALUE HAS BEEN REPLICATED.  RERUN WITH AT LEAST TWICE THE
RANDOM STARTS TO CHECK THAT THE BEST LOGLIKELIHOOD IS STILL OBTAINED AND REPLICATED.


THE MODEL ESTIMATION TERMINATED NORMALLY

     WARNING:  THE LATENT VARIABLE COVARIANCE MATRIX (PSI) IN CLASS 1
     IS NOT POSITIVE DEFINITE.  THIS COULD INDICATE A NEGATIVE VARIANCE/
     RESIDUAL VARIANCE FOR A LATENT VARIABLE, A CORRELATION GREATER OR EQUAL
     TO ONE BETWEEN TWO LATENT VARIABLES, OR A LINEAR DEPENDENCY AMONG MORE
     THAN TWO LATENT VARIABLES.  CHECK THE TECH4 OUTPUT FOR MORE INFORMATION.
     PROBLEM INVOLVING VARIABLE I.


     WARNING:  THE LATENT VARIABLE COVARIANCE MATRIX (PSI) IN CLASS 2
     IS NOT POSITIVE DEFINITE.  THIS COULD INDICATE A NEGATIVE VARIANCE/
     RESIDUAL VARIANCE FOR A LATENT VARIABLE, A CORRELATION GREATER OR EQUAL
     TO ONE BETWEEN TWO LATENT VARIABLES, OR A LINEAR DEPENDENCY AMONG MORE
     THAN TWO LATENT VARIABLES.  CHECK THE TECH4 OUTPUT FOR MORE INFORMATION.
     PROBLEM INVOLVING VARIABLE I.


     WARNING:  THE LATENT VARIABLE COVARIANCE MATRIX (PSI) IN CLASS 3
     IS NOT POSITIVE DEFINITE.  THIS COULD INDICATE A NEGATIVE VARIANCE/
     RESIDUAL VARIANCE FOR A LATENT VARIABLE, A CORRELATION GREATER OR EQUAL
     TO ONE BETWEEN TWO LATENT VARIABLES, OR A LINEAR DEPENDENCY AMONG MORE
     THAN TWO LATENT VARIABLES.  CHECK THE TECH4 OUTPUT FOR MORE INFORMATION.
     PROBLEM INVOLVING VARIABLE I.


     WARNING:  THE LATENT VARIABLE COVARIANCE MATRIX (PSI) IN CLASS 4
     IS NOT POSITIVE DEFINITE.  THIS COULD INDICATE A NEGATIVE VARIANCE/
     RESIDUAL VARIANCE FOR A LATENT VARIABLE, A CORRELATION GREATER OR EQUAL
     TO ONE BETWEEN TWO LATENT VARIABLES, OR A LINEAR DEPENDENCY AMONG MORE
     THAN TWO LATENT VARIABLES.  CHECK THE TECH4 OUTPUT FOR MORE INFORMATION.
     PROBLEM INVOLVING VARIABLE I.


     WARNING:  THE LATENT VARIABLE COVARIANCE MATRIX (PSI) IN CLASS 5
     IS NOT POSITIVE DEFINITE.  THIS COULD INDICATE A NEGATIVE VARIANCE/
     RESIDUAL VARIANCE FOR A LATENT VARIABLE, A CORRELATION GREATER OR EQUAL
     TO ONE BETWEEN TWO LATENT VARIABLES, OR A LINEAR DEPENDENCY AMONG MORE
     THAN TWO LATENT VARIABLES.  CHECK THE TECH4 OUTPUT FOR MORE INFORMATION.
     PROBLEM INVOLVING VARIABLE I.


     WARNING:  THE LATENT VARIABLE COVARIANCE MATRIX (PSI) IN CLASS 6
     IS NOT POSITIVE DEFINITE.  THIS COULD INDICATE A NEGATIVE VARIANCE/
     RESIDUAL VARIANCE FOR A LATENT VARIABLE, A CORRELATION GREATER OR EQUAL
     TO ONE BETWEEN TWO LATENT VARIABLES, OR A LINEAR DEPENDENCY AMONG MORE
     THAN TWO LATENT VARIABLES.  CHECK THE TECH4 OUTPUT FOR MORE INFORMATION.
     PROBLEM INVOLVING VARIABLE I.


     WARNING:  THE LATENT VARIABLE COVARIANCE MATRIX (PSI) IN CLASS 7
     IS NOT POSITIVE DEFINITE.  THIS COULD INDICATE A NEGATIVE VARIANCE/
     RESIDUAL VARIANCE FOR A LATENT VARIABLE, A CORRELATION GREATER OR EQUAL
     TO ONE BETWEEN TWO LATENT VARIABLES, OR A LINEAR DEPENDENCY AMONG MORE
     THAN TWO LATENT VARIABLES.  CHECK THE TECH4 OUTPUT FOR MORE INFORMATION.
     PROBLEM INVOLVING VARIABLE I.


     WARNING:  THE LATENT VARIABLE COVARIANCE MATRIX (PSI) IN CLASS 8
     IS NOT POSITIVE DEFINITE.  THIS COULD INDICATE A NEGATIVE VARIANCE/
     RESIDUAL VARIANCE FOR A LATENT VARIABLE, A CORRELATION GREATER OR EQUAL
     TO ONE BETWEEN TWO LATENT VARIABLES, OR A LINEAR DEPENDENCY AMONG MORE
     THAN TWO LATENT VARIABLES.  CHECK THE TECH4 OUTPUT FOR MORE INFORMATION.
     PROBLEM INVOLVING VARIABLE I.




MODEL FIT INFORMATION

Number of Free Parameters                       26

Loglikelihood

          H0 Value                       -9462.530
          H0 Scaling Correction Factor      1.4763
            for MLR

Information Criteria

          Akaike (AIC)                   18977.061
          Bayesian (BIC)                 19128.590
          Sample-Size Adjusted BIC       19045.981
            (n* = (n + 2) / 24)



FINAL CLASS COUNTS AND PROPORTIONS FOR THE LATENT CLASSES
BASED ON THE ESTIMATED MODEL

    Latent
   Classes

       1        112.03172          0.04463
       2        598.26302          0.23835
       3        148.65741          0.05923
       4        396.64033          0.15802
       5          2.01063          0.00080
       6        425.14400          0.16938
       7        808.06108          0.32194
       8         19.19183          0.00765


FINAL CLASS COUNTS AND PROPORTIONS FOR THE LATENT CLASSES
BASED ON ESTIMATED POSTERIOR PROBABILITIES

    Latent
   Classes

       1        112.03172          0.04463
       2        598.26302          0.23835
       3        148.65741          0.05923
       4        396.64033          0.15802
       5          2.01063          0.00080
       6        425.14400          0.16938
       7        808.06108          0.32194
       8         19.19183          0.00765


FINAL CLASS COUNTS AND PROPORTIONS FOR THE LATENT CLASSES
BASED ON THEIR MOST LIKELY LATENT CLASS MEMBERSHIP

Class Counts and Proportions

    Latent
   Classes

       1              106          0.04223
       2              604          0.24064
       3              142          0.05657
       4              393          0.15657
       5                2          0.00080
       6              418          0.16653
       7              828          0.32988
       8               17          0.00677


CLASSIFICATION QUALITY

     Entropy                         0.817


Average Latent Class Probabilities for Most Likely Latent Class Membership (Row)
by Latent Class (Column)

           1        2        3        4        5        6        7        8

    1   0.857    0.000    0.000    0.143    0.000    0.000    0.000    0.000
    2   0.000    0.830    0.000    0.068    0.000    0.000    0.102    0.000
    3   0.000    0.000    0.869    0.000    0.000    0.105    0.000    0.026
    4   0.054    0.079    0.000    0.867    0.000    0.000    0.000    0.000
    5   0.000    0.000    0.000    0.000    1.000    0.000    0.000    0.000
    6   0.000    0.000    0.057    0.000    0.000    0.816    0.127    0.000
    7   0.000    0.079    0.000    0.000    0.000    0.083    0.837    0.000
    8   0.000    0.000    0.085    0.000    0.000    0.000    0.000    0.915


Classification Probabilities for the Most Likely Latent Class Membership (Column)
by Latent Class (Row)

           1        2        3        4        5        6        7        8

    1   0.811    0.000    0.000    0.188    0.000    0.000    0.000    0.000
    2   0.000    0.838    0.000    0.052    0.000    0.000    0.110    0.000
    3   0.000    0.000    0.830    0.000    0.000    0.160    0.000    0.010
    4   0.038    0.103    0.000    0.859    0.000    0.000    0.000    0.000
    5   0.000    0.000    0.001    0.000    0.995    0.000    0.004    0.000
    6   0.000    0.000    0.035    0.000    0.000    0.802    0.163    0.000
    7   0.000    0.076    0.000    0.000    0.000    0.066    0.858    0.000
    8   0.000    0.000    0.189    0.000    0.000    0.000    0.000    0.810


Logits for the Classification Probabilities for the Most Likely Latent Class Membership (Column)
by Latent Class (Row)

              1        2        3        4        5        6        7        8

    1     13.606    5.717    0.000   12.146    0.000    0.000    0.000    0.000
    2      1.335   13.639    0.000   10.860    0.000    4.103   11.606    0.000
    3     -9.182   -9.182    4.448   -9.182   -9.182    2.798   -3.121    0.000
    4     10.548   11.541    0.000   13.663    0.000    0.000    4.998    0.000
    5     -1.813    2.358    5.059   -1.813   11.997    1.389    6.536    0.000
    6     -0.888    4.492    9.578   -0.888   -0.888   12.707   11.111    0.000
    7      0.000   11.242    2.935    4.602    0.000   11.095   13.662    0.000
    8    -13.605  -13.605   -1.455  -13.605  -13.605   -7.698  -13.605    0.000


MODEL RESULTS

                                                    Two-Tailed
                    Estimate       S.E.  Est./S.E.    P-Value

Latent Class 1

 I        BY
    Y1                 1.000      0.000    999.000    999.000
    Y2                 1.000      0.000    999.000    999.000
    Y3                 1.000      0.000    999.000    999.000

 S        BY
    Y1                 0.000      0.000    999.000    999.000
    Y2                 4.000      0.000    999.000    999.000
    Y3                 8.000      0.000    999.000    999.000

 S        WITH
    I                  0.037      0.006      5.934      0.000

 Means
    I                  8.714      0.429     20.323      0.000
    S                 -0.066      0.046     -1.427      0.154

 Intercepts
    Y1                 4.662      0.437     10.672      0.000
    Y2                 4.335      0.505      8.581      0.000
    Y3                 4.083      0.605      6.749      0.000

 Variances
    I                  0.000      0.000    999.000    999.000
    S                  0.000      0.000    999.000    999.000

 Residual Variances
    Y1                 0.275      0.009     31.037      0.000
    Y2                 0.275      0.009     31.037      0.000
    Y3                 0.275      0.009     31.037      0.000

Latent Class 2

 I        BY
    Y1                 1.000      0.000    999.000    999.000
    Y2                 1.000      0.000    999.000    999.000
    Y3                 1.000      0.000    999.000    999.000

 S        BY
    Y1                 0.000      0.000    999.000    999.000
    Y2                 4.000      0.000    999.000    999.000
    Y3                 8.000      0.000    999.000    999.000

 S        WITH
    I                  0.037      0.006      5.934      0.000

 Means
    I                  5.823      0.385     15.111      0.000
    S                 -0.065      0.039     -1.655      0.098

 Intercepts
    Y1                 4.662      0.437     10.672      0.000
    Y2                 4.335      0.505      8.581      0.000
    Y3                 4.083      0.605      6.749      0.000

 Variances
    I                  0.000      0.000    999.000    999.000
    S                  0.000      0.000    999.000    999.000

 Residual Variances
    Y1                 0.275      0.009     31.037      0.000
    Y2                 0.275      0.009     31.037      0.000
    Y3                 0.275      0.009     31.037      0.000

Latent Class 3

 I        BY
    Y1                 1.000      0.000    999.000    999.000
    Y2                 1.000      0.000    999.000    999.000
    Y3                 1.000      0.000    999.000    999.000

 S        BY
    Y1                 0.000      0.000    999.000    999.000
    Y2                 4.000      0.000    999.000    999.000
    Y3                 8.000      0.000    999.000    999.000

 S        WITH
    I                  0.037      0.006      5.934      0.000

 Means
    I                  1.720      0.280      6.143      0.000
    S                 -0.041      0.046     -0.879      0.379

 Intercepts
    Y1                 4.662      0.437     10.672      0.000
    Y2                 4.335      0.505      8.581      0.000
    Y3                 4.083      0.605      6.749      0.000

 Variances
    I                  0.000      0.000    999.000    999.000
    S                  0.000      0.000    999.000    999.000

 Residual Variances
    Y1                 0.275      0.009     31.037      0.000
    Y2                 0.275      0.009     31.037      0.000
    Y3                 0.275      0.009     31.037      0.000

Latent Class 4

 I        BY
    Y1                 1.000      0.000    999.000    999.000
    Y2                 1.000      0.000    999.000    999.000
    Y3                 1.000      0.000    999.000    999.000

 S        BY
    Y1                 0.000      0.000    999.000    999.000
    Y2                 4.000      0.000    999.000    999.000
    Y3                 8.000      0.000    999.000    999.000

 S        WITH
    I                  0.037      0.006      5.934      0.000

 Means
    I                  7.332      0.413     17.755      0.000
    S                 -0.076      0.041     -1.879      0.060

 Intercepts
    Y1                 4.662      0.437     10.672      0.000
    Y2                 4.335      0.505      8.581      0.000
    Y3                 4.083      0.605      6.749      0.000

 Variances
    I                  0.000      0.000    999.000    999.000
    S                  0.000      0.000    999.000    999.000

 Residual Variances
    Y1                 0.275      0.009     31.037      0.000
    Y2                 0.275      0.009     31.037      0.000
    Y3                 0.275      0.009     31.037      0.000

Latent Class 5

 I        BY
    Y1                 1.000      0.000    999.000    999.000
    Y2                 1.000      0.000    999.000    999.000
    Y3                 1.000      0.000    999.000    999.000

 S        BY
    Y1                 0.000      0.000    999.000    999.000
    Y2                 4.000      0.000    999.000    999.000
    Y3                 8.000      0.000    999.000    999.000

 S        WITH
    I                  0.037      0.006      5.934      0.000

 Means
    I                  0.189      0.723      0.262      0.794
    S                  0.893      0.044     20.121      0.000

 Intercepts
    Y1                 4.662      0.437     10.672      0.000
    Y2                 4.335      0.505      8.581      0.000
    Y3                 4.083      0.605      6.749      0.000

 Variances
    I                  0.000      0.000    999.000    999.000
    S                  0.000      0.000    999.000    999.000

 Residual Variances
    Y1                 0.275      0.009     31.037      0.000
    Y2                 0.275      0.009     31.037      0.000
    Y3                 0.275      0.009     31.037      0.000

Latent Class 6

 I        BY
    Y1                 1.000      0.000    999.000    999.000
    Y2                 1.000      0.000    999.000    999.000
    Y3                 1.000      0.000    999.000    999.000

 S        BY
    Y1                 0.000      0.000    999.000    999.000
    Y2                 4.000      0.000    999.000    999.000
    Y3                 8.000      0.000    999.000    999.000

 S        WITH
    I                  0.037      0.006      5.934      0.000

 Means
    I                  3.190      0.318     10.033      0.000
    S                 -0.063      0.034     -1.820      0.069

 Intercepts
    Y1                 4.662      0.437     10.672      0.000
    Y2                 4.335      0.505      8.581      0.000
    Y3                 4.083      0.605      6.749      0.000

 Variances
    I                  0.000      0.000    999.000    999.000
    S                  0.000      0.000    999.000    999.000

 Residual Variances
    Y1                 0.275      0.009     31.037      0.000
    Y2                 0.275      0.009     31.037      0.000
    Y3                 0.275      0.009     31.037      0.000

Latent Class 7

 I        BY
    Y1                 1.000      0.000    999.000    999.000
    Y2                 1.000      0.000    999.000    999.000
    Y3                 1.000      0.000    999.000    999.000

 S        BY
    Y1                 0.000      0.000    999.000    999.000
    Y2                 4.000      0.000    999.000    999.000
    Y3                 8.000      0.000    999.000    999.000

 S        WITH
    I                  0.037      0.006      5.934      0.000

 Means
    I                  4.457      0.355     12.542      0.000
    S                 -0.055      0.040     -1.371      0.170

 Intercepts
    Y1                 4.662      0.437     10.672      0.000
    Y2                 4.335      0.505      8.581      0.000
    Y3                 4.083      0.605      6.749      0.000

 Variances
    I                  0.000      0.000    999.000    999.000
    S                  0.000      0.000    999.000    999.000

 Residual Variances
    Y1                 0.275      0.009     31.037      0.000
    Y2                 0.275      0.009     31.037      0.000
    Y3                 0.275      0.009     31.037      0.000

Latent Class 8

 I        BY
    Y1                 1.000      0.000    999.000    999.000
    Y2                 1.000      0.000    999.000    999.000
    Y3                 1.000      0.000    999.000    999.000

 S        BY
    Y1                 0.000      0.000    999.000    999.000
    Y2                 4.000      0.000    999.000    999.000
    Y3                 8.000      0.000    999.000    999.000

 S        WITH
    I                  0.037      0.006      5.934      0.000

 Means
    I                  0.000      0.000    999.000    999.000
    S                  0.000      0.000    999.000    999.000

 Intercepts
    Y1                 4.662      0.437     10.672      0.000
    Y2                 4.335      0.505      8.581      0.000
    Y3                 4.083      0.605      6.749      0.000

 Variances
    I                  0.000      0.000    999.000    999.000
    S                  0.000      0.000    999.000    999.000

 Residual Variances
    Y1                 0.275      0.009     31.037      0.000
    Y2                 0.275      0.009     31.037      0.000
    Y3                 0.275      0.009     31.037      0.000

Categorical Latent Variables

 Means
    C#1                1.764      0.623      2.830      0.005
    C#2                3.440      0.597      5.765      0.000
    C#3                2.047      0.435      4.708      0.000
    C#4                3.029      0.566      5.351      0.000
    C#5               -2.256      0.890     -2.535      0.011
    C#6                3.098      0.454      6.823      0.000
    C#7                3.740      0.584      6.406      0.000


QUALITY OF NUMERICAL RESULTS

     Condition Number for the Information Matrix              0.657E-07
       (ratio of smallest to largest eigenvalue)


TECHNICAL 11 OUTPUT

     Random Starts Specifications for the k-1 Class Analysis Model
        Number of initial stage random starts                 300
        Number of final stage optimizations                    50



     VUONG-LO-MENDELL-RUBIN LIKELIHOOD RATIO TEST FOR 7 (H0) VERSUS 8 CLASSES

          H0 Loglikelihood Value                        -9499.835
          2 Times the Loglikelihood Difference             74.609
          Difference in the Number of Parameters                3
          Mean                                             27.590
          Standard Deviation                               64.745
          P-Value                                          0.1564

     LO-MENDELL-RUBIN ADJUSTED LRT TEST

          Value                                            71.562
          P-Value                                          0.1645


TECHNICAL 14 OUTPUT

     Random Starts Specifications for the k-1 Class Analysis Model
        Number of initial stage random starts                 300
        Number of final stage optimizations                    50

     Random Starts Specification for the k-1 Class Model for Generated Data
        Number of initial stage random starts                   0
        Number of final stage optimizations for the
           initial stage random starts                          0
     Random Starts Specification for the k Class Model for Generated Data
        Number of initial stage random starts                  40
        Number of final stage optimizations                     8
     Number of bootstrap draws requested                      100


     PARAMETRIC BOOTSTRAPPED LIKELIHOOD RATIO TEST FOR 7 (H0) VERSUS 8 CLASSES

          H0 Loglikelihood Value                        -9499.835
          2 Times the Loglikelihood Difference             74.609
          Difference in the Number of Parameters                3
          Approximate P-Value                              0.0000
          Successful Bootstrap Draws                           81

     WARNING:  OF THE 81 BOOTSTRAP DRAWS, 98 DRAWS HAD BOTH A SMALLER LRT VALUE THAN THE
     OBSERVED LRT VALUE AND NOT A REPLICATED BEST LOGLIKELIHOOD VALUE FOR THE 8-CLASS MODEL.
     THIS MEANS THAT THE P-VALUE MAY NOT BE TRUSTWORTHY DUE TO LOCAL MAXIMA.
     INCREASE THE NUMBER OF RANDOM STARTS USING THE LRTSTARTS OPTION.


     WARNING:  19 OUT OF 100 BOOTSTRAP DRAWS DID NOT CONVERGE.
     INCREASE THE NUMBER OF RANDOM STARTS USING THE LRTSTARTS OPTION.



     Beginning Time:  18:41:43
        Ending Time:  18:45:04
       Elapsed Time:  00:03:21



MUTHEN & MUTHEN
3463 Stoner Ave.
Los Angeles, CA  90066

Tel: (310) 391-9971
Fax: (310) 391-8971
Web: www.StatModel.com
Support: Support@StatModel.com

Copyright (c) 1998-2019 Muthen & Muthen
