Mplus VERSION 8.3
MUTHEN & MUTHEN
09/19/2026   6:30 PM

INPUT INSTRUCTIONS

  TITLE: ELSA k=5 lcga lin;
  DATA: FILE IS data/ELSA.dat;
  VARIABLE:
    NAMES ARE id y1 y2 y3;
    USEV = y1 y2 y3;
    MISSING = ALL (-999);
    CLASSES = c(5);
  ANALYSIS: TYPE = MIXTURE;
    STARTS = 300 50;
    LRTBOOTSTRAP = 100;
    PROCESSORS = 4;
  MODEL:
    %OVERALL%
    i BY y1@1 y2@1 y3@1;
    s BY y1@0 y2@4 y3@8;
    i@0 s@0;
    y1-y3 (res);
  OUTPUT: TECH11 TECH14;



INPUT READING TERMINATED NORMALLY



ELSA k=5 lcga lin;

SUMMARY OF ANALYSIS

Number of groups                                                 1
Number of observations                                        2510

Number of dependent variables                                    3
Number of independent variables                                  0
Number of continuous latent variables                            2
Number of categorical latent variables                           1

Observed dependent variables

  Continuous
   Y1          Y2          Y3

Continuous latent variables
   I           S

Categorical latent variables
   C


Estimator                                                      MLR
Information matrix                                        OBSERVED
Optimization Specifications for the Quasi-Newton Algorithm for
Continuous Outcomes
  Maximum number of iterations                                 100
  Convergence criterion                                  0.100D-05
Optimization Specifications for the EM Algorithm
  Maximum number of iterations                                 500
  Convergence criteria
    Loglikelihood change                                 0.100D-06
    Relative loglikelihood change                        0.100D-06
    Derivative                                           0.100D-05
Optimization Specifications for the M step of the EM Algorithm for
Categorical Latent variables
  Number of M step iterations                                    1
  M step convergence criterion                           0.100D-05
  Basis for M step termination                           ITERATION
Optimization Specifications for the M step of the EM Algorithm for
Censored, Binary or Ordered Categorical (Ordinal), Unordered
Categorical (Nominal) and Count Outcomes
  Number of M step iterations                                    1
  M step convergence criterion                           0.100D-05
  Basis for M step termination                           ITERATION
  Maximum value for logit thresholds                            15
  Minimum value for logit thresholds                           -15
  Minimum expected cell size for chi-square              0.100D-01
Maximum number of iterations for H1                           2000
Convergence criterion for H1                             0.100D-03
Optimization algorithm                                         EMA
Random Starts Specifications
  Number of initial stage random starts                        300
  Number of final stage optimizations                           50
  Number of initial stage iterations                            10
  Initial stage convergence criterion                    0.100D+01
  Random starts scale                                    0.500D+01
  Random seed for generating random starts                       0

Input data file(s)
  data/ELSA.dat
Input data format  FREE


SUMMARY OF DATA

     Number of missing data patterns             4
     Number of y missing data patterns           4
     Number of u missing data patterns           0


COVARIANCE COVERAGE OF DATA

Minimum covariance coverage value   0.100


     PROPORTION OF DATA PRESENT FOR Y


           Covariance Coverage
              Y1            Y2            Y3
              ________      ________      ________
 Y1             0.936
 Y2             0.857         0.922
 Y3             0.757         0.743         0.822



UNIVARIATE SAMPLE STATISTICS


     UNIVARIATE HIGHER-ORDER MOMENT DESCRIPTIVE STATISTICS

         Variable/         Mean/     Skewness/   Minimum/ % with                Percentiles
        Sample Size      Variance    Kurtosis    Maximum  Min/Max      20%/60%    40%/80%    Median

     Y1                    9.662       0.039       3.158    0.04%       8.172      9.116      9.521
            2349.000       3.398      -0.159      14.861    0.04%      10.029     11.316
     Y2                    9.115       0.011       2.901    0.04%       7.552      8.575      9.054
            2313.000       3.535      -0.139      14.518    0.04%       9.527     10.763
     Y3                    8.716       0.052       1.667    0.05%       7.162      8.199      8.625
            2062.000       3.750      -0.102      14.287    0.05%       9.120     10.358

RANDOM STARTS RESULTS RANKED FROM THE BEST TO THE WORST LOGLIKELIHOOD VALUES

Final stage loglikelihood values at local maxima, seeds, and initial stage start numbers:

           -9644.361  399848           220
           -9644.361  751054           117
           -9644.361  438144           271
           -9644.361  467339           66
           -9644.361  496881           192
           -9644.361  848969           173
           -9644.361  903420           5
           -9644.361  21345            199
           -9644.361  264081           186
           -9644.361  848331           137
           -9644.361  466971           109
           -9644.361  292884           103
           -9644.361  824126           287
           -9644.361  107446           12
           -9644.361  405079           68
           -9644.361  761633           50
           -9644.361  415502           194
           -9644.361  749453           33
           -9644.361  150531           154
           -9644.361  402224           91
           -9644.361  987090           70
           -9644.361  259507           53
           -9644.361  848163           47
           -9644.361  569833           85
           -9644.361  782200           84
           -9644.361  835767           210
           -9644.361  992389           77
           -9644.361  802779           122
           -9644.361  80438            246
           -9644.361  284109           82
           -9644.361  211281           292
           -9644.361  783110           72
           -9724.015  17359            227
           -9724.015  195873           6
           -9724.015  701525           239
           -9781.095  462953           7
           -9781.095  268217           83
           -9781.095  316165           299
           -9781.095  606576           151
           -9781.095  726035           191
           -9781.095  220454           288
           -9781.095  691234           250
           -9781.095  813779           92
           -9781.095  635245           121
           -9781.095  15715            274
           -9781.095  673496           218
           -9781.095  568405           233
           -9781.095  963053           43
           -9781.095  752769           253
           -9781.095  654136           167



THE BEST LOGLIKELIHOOD VALUE HAS BEEN REPLICATED.  RERUN WITH AT LEAST TWICE THE
RANDOM STARTS TO CHECK THAT THE BEST LOGLIKELIHOOD IS STILL OBTAINED AND REPLICATED.


THE MODEL ESTIMATION TERMINATED NORMALLY

     WARNING:  THE LATENT VARIABLE COVARIANCE MATRIX (PSI) IN CLASS 1
     IS NOT POSITIVE DEFINITE.  THIS COULD INDICATE A NEGATIVE VARIANCE/
     RESIDUAL VARIANCE FOR A LATENT VARIABLE, A CORRELATION GREATER OR EQUAL
     TO ONE BETWEEN TWO LATENT VARIABLES, OR A LINEAR DEPENDENCY AMONG MORE
     THAN TWO LATENT VARIABLES.  CHECK THE TECH4 OUTPUT FOR MORE INFORMATION.
     PROBLEM INVOLVING VARIABLE I.


     WARNING:  THE LATENT VARIABLE COVARIANCE MATRIX (PSI) IN CLASS 2
     IS NOT POSITIVE DEFINITE.  THIS COULD INDICATE A NEGATIVE VARIANCE/
     RESIDUAL VARIANCE FOR A LATENT VARIABLE, A CORRELATION GREATER OR EQUAL
     TO ONE BETWEEN TWO LATENT VARIABLES, OR A LINEAR DEPENDENCY AMONG MORE
     THAN TWO LATENT VARIABLES.  CHECK THE TECH4 OUTPUT FOR MORE INFORMATION.
     PROBLEM INVOLVING VARIABLE I.


     WARNING:  THE LATENT VARIABLE COVARIANCE MATRIX (PSI) IN CLASS 3
     IS NOT POSITIVE DEFINITE.  THIS COULD INDICATE A NEGATIVE VARIANCE/
     RESIDUAL VARIANCE FOR A LATENT VARIABLE, A CORRELATION GREATER OR EQUAL
     TO ONE BETWEEN TWO LATENT VARIABLES, OR A LINEAR DEPENDENCY AMONG MORE
     THAN TWO LATENT VARIABLES.  CHECK THE TECH4 OUTPUT FOR MORE INFORMATION.
     PROBLEM INVOLVING VARIABLE I.


     WARNING:  THE LATENT VARIABLE COVARIANCE MATRIX (PSI) IN CLASS 4
     IS NOT POSITIVE DEFINITE.  THIS COULD INDICATE A NEGATIVE VARIANCE/
     RESIDUAL VARIANCE FOR A LATENT VARIABLE, A CORRELATION GREATER OR EQUAL
     TO ONE BETWEEN TWO LATENT VARIABLES, OR A LINEAR DEPENDENCY AMONG MORE
     THAN TWO LATENT VARIABLES.  CHECK THE TECH4 OUTPUT FOR MORE INFORMATION.
     PROBLEM INVOLVING VARIABLE I.


     WARNING:  THE LATENT VARIABLE COVARIANCE MATRIX (PSI) IN CLASS 5
     IS NOT POSITIVE DEFINITE.  THIS COULD INDICATE A NEGATIVE VARIANCE/
     RESIDUAL VARIANCE FOR A LATENT VARIABLE, A CORRELATION GREATER OR EQUAL
     TO ONE BETWEEN TWO LATENT VARIABLES, OR A LINEAR DEPENDENCY AMONG MORE
     THAN TWO LATENT VARIABLES.  CHECK THE TECH4 OUTPUT FOR MORE INFORMATION.
     PROBLEM INVOLVING VARIABLE I.




MODEL FIT INFORMATION

Number of Free Parameters                       17

Loglikelihood

          H0 Value                       -9644.361
          H0 Scaling Correction Factor      1.7179
            for MLR

Information Criteria

          Akaike (AIC)                   19322.723
          Bayesian (BIC)                 19421.799
          Sample-Size Adjusted BIC       19367.786
            (n* = (n + 2) / 24)



FINAL CLASS COUNTS AND PROPORTIONS FOR THE LATENT CLASSES
BASED ON THE ESTIMATED MODEL

    Latent
   Classes

       1        449.21313          0.17897
       2        122.64443          0.04886
       3        633.62962          0.25244
       4        378.46522          0.15078
       5        926.04759          0.36894


FINAL CLASS COUNTS AND PROPORTIONS FOR THE LATENT CLASSES
BASED ON ESTIMATED POSTERIOR PROBABILITIES

    Latent
   Classes

       1        449.21313          0.17897
       2        122.64443          0.04886
       3        633.62962          0.25244
       4        378.46522          0.15078
       5        926.04759          0.36894


FINAL CLASS COUNTS AND PROPORTIONS FOR THE LATENT CLASSES
BASED ON THEIR MOST LIKELY LATENT CLASS MEMBERSHIP

Class Counts and Proportions

    Latent
   Classes

       1              441          0.17570
       2              118          0.04701
       3              635          0.25299
       4              374          0.14900
       5              942          0.37530


CLASSIFICATION QUALITY

     Entropy                         0.805


Average Latent Class Probabilities for Most Likely Latent Class Membership (Row)
by Latent Class (Column)

           1        2        3        4        5

    1   0.843    0.036    0.000    0.000    0.120
    2   0.097    0.903    0.000    0.000    0.000
    3   0.000    0.000    0.853    0.052    0.095
    4   0.000    0.000    0.076    0.924    0.000
    5   0.070    0.000    0.067    0.000    0.863


Classification Probabilities for the Most Likely Latent Class Membership (Column)
by Latent Class (Row)

           1        2        3        4        5

    1   0.828    0.025    0.000    0.000    0.147
    2   0.131    0.869    0.000    0.000    0.000
    3   0.000    0.000    0.855    0.045    0.100
    4   0.000    0.000    0.087    0.913    0.000
    5   0.057    0.000    0.065    0.000    0.878


Logits for the Classification Probabilities for the Most Likely Latent Class Membership (Column)
by Latent Class (Row)

              1        2        3        4        5

    1      1.732   -1.749   -7.236  -11.895    0.000
    2      6.131    8.023   -5.652   -5.652    0.000
    3     -8.343  -11.514    2.145   -0.798    0.000
    4     -4.185   -4.185    7.192    9.539    0.000
    5     -2.730  -10.948   -2.601  -10.762    0.000


MODEL RESULTS

                                                    Two-Tailed
                    Estimate       S.E.  Est./S.E.    P-Value

Latent Class 1

 I        BY
    Y1                 1.000      0.000    999.000    999.000
    Y2                 1.000      0.000    999.000    999.000
    Y3                 1.000      0.000    999.000    999.000

 S        BY
    Y1                 0.000      0.000    999.000    999.000
    Y2                 4.000      0.000    999.000    999.000
    Y3                 8.000      0.000    999.000    999.000

 S        WITH
    I                  0.040      0.002     18.246      0.000

 Means
    I                 -1.457      0.077    -18.980      0.000
    S                 -0.011      0.010     -1.154      0.248

 Intercepts
    Y1                 9.183      0.126     72.978      0.000
    Y2                 8.635      0.123     70.332      0.000
    Y3                 8.164      0.120     68.272      0.000

 Variances
    I                  0.000      0.000    999.000    999.000
    S                  0.000      0.000    999.000    999.000

 Residual Variances
    Y1                 0.319      0.011     28.872      0.000
    Y2                 0.319      0.011     28.872      0.000
    Y3                 0.319      0.011     28.872      0.000

Latent Class 2

 I        BY
    Y1                 1.000      0.000    999.000    999.000
    Y2                 1.000      0.000    999.000    999.000
    Y3                 1.000      0.000    999.000    999.000

 S        BY
    Y1                 0.000      0.000    999.000    999.000
    Y2                 4.000      0.000    999.000    999.000
    Y3                 8.000      0.000    999.000    999.000

 S        WITH
    I                  0.040      0.002     18.246      0.000

 Means
    I                 -3.265      0.131    -25.017      0.000
    S                  0.039      0.022      1.743      0.081

 Intercepts
    Y1                 9.183      0.126     72.978      0.000
    Y2                 8.635      0.123     70.332      0.000
    Y3                 8.164      0.120     68.272      0.000

 Variances
    I                  0.000      0.000    999.000    999.000
    S                  0.000      0.000    999.000    999.000

 Residual Variances
    Y1                 0.319      0.011     28.872      0.000
    Y2                 0.319      0.011     28.872      0.000
    Y3                 0.319      0.011     28.872      0.000

Latent Class 3

 I        BY
    Y1                 1.000      0.000    999.000    999.000
    Y2                 1.000      0.000    999.000    999.000
    Y3                 1.000      0.000    999.000    999.000

 S        BY
    Y1                 0.000      0.000    999.000    999.000
    Y2                 4.000      0.000    999.000    999.000
    Y3                 8.000      0.000    999.000    999.000

 S        WITH
    I                  0.040      0.002     18.246      0.000

 Means
    I                  1.596      0.061     26.071      0.000
    S                 -0.014      0.006     -2.210      0.027

 Intercepts
    Y1                 9.183      0.126     72.978      0.000
    Y2                 8.635      0.123     70.332      0.000
    Y3                 8.164      0.120     68.272      0.000

 Variances
    I                  0.000      0.000    999.000    999.000
    S                  0.000      0.000    999.000    999.000

 Residual Variances
    Y1                 0.319      0.011     28.872      0.000
    Y2                 0.319      0.011     28.872      0.000
    Y3                 0.319      0.011     28.872      0.000

Latent Class 4

 I        BY
    Y1                 1.000      0.000    999.000    999.000
    Y2                 1.000      0.000    999.000    999.000
    Y3                 1.000      0.000    999.000    999.000

 S        BY
    Y1                 0.000      0.000    999.000    999.000
    Y2                 4.000      0.000    999.000    999.000
    Y3                 8.000      0.000    999.000    999.000

 S        WITH
    I                  0.040      0.002     18.246      0.000

 Means
    I                  3.386      0.093     36.579      0.000
    S                 -0.013      0.008     -1.726      0.084

 Intercepts
    Y1                 9.183      0.126     72.978      0.000
    Y2                 8.635      0.123     70.332      0.000
    Y3                 8.164      0.120     68.272      0.000

 Variances
    I                  0.000      0.000    999.000    999.000
    S                  0.000      0.000    999.000    999.000

 Residual Variances
    Y1                 0.319      0.011     28.872      0.000
    Y2                 0.319      0.011     28.872      0.000
    Y3                 0.319      0.011     28.872      0.000

Latent Class 5

 I        BY
    Y1                 1.000      0.000    999.000    999.000
    Y2                 1.000      0.000    999.000    999.000
    Y3                 1.000      0.000    999.000    999.000

 S        BY
    Y1                 0.000      0.000    999.000    999.000
    Y2                 4.000      0.000    999.000    999.000
    Y3                 8.000      0.000    999.000    999.000

 S        WITH
    I                  0.040      0.002     18.246      0.000

 Means
    I                  0.000      0.000    999.000    999.000
    S                  0.000      0.000    999.000    999.000

 Intercepts
    Y1                 9.183      0.126     72.978      0.000
    Y2                 8.635      0.123     70.332      0.000
    Y3                 8.164      0.120     68.272      0.000

 Variances
    I                  0.000      0.000    999.000    999.000
    S                  0.000      0.000    999.000    999.000

 Residual Variances
    Y1                 0.319      0.011     28.872      0.000
    Y2                 0.319      0.011     28.872      0.000
    Y3                 0.319      0.011     28.872      0.000

Categorical Latent Variables

 Means
    C#1               -0.723      0.163     -4.446      0.000
    C#2               -2.022      0.236     -8.565      0.000
    C#3               -0.379      0.086     -4.412      0.000
    C#4               -0.895      0.118     -7.600      0.000


QUALITY OF NUMERICAL RESULTS

     Condition Number for the Information Matrix              0.116E-03
       (ratio of smallest to largest eigenvalue)


TECHNICAL 11 OUTPUT

     Random Starts Specifications for the k-1 Class Analysis Model
        Number of initial stage random starts                 300
        Number of final stage optimizations                    50



     VUONG-LO-MENDELL-RUBIN LIKELIHOOD RATIO TEST FOR 4 (H0) VERSUS 5 CLASSES

          H0 Loglikelihood Value                        -9781.095
          2 Times the Loglikelihood Difference            273.466
          Difference in the Number of Parameters                3
          Mean                                             -5.011
          Standard Deviation                               99.970
          P-Value                                          0.0072

     LO-MENDELL-RUBIN ADJUSTED LRT TEST

          Value                                           262.297
          P-Value                                          0.0084


TECHNICAL 14 OUTPUT

     Random Starts Specifications for the k-1 Class Analysis Model
        Number of initial stage random starts                 300
        Number of final stage optimizations                    50

     Random Starts Specification for the k-1 Class Model for Generated Data
        Number of initial stage random starts                   0
        Number of final stage optimizations for the
           initial stage random starts                          0
     Random Starts Specification for the k Class Model for Generated Data
        Number of initial stage random starts                  40
        Number of final stage optimizations                     8
     Number of bootstrap draws requested                      100


     PARAMETRIC BOOTSTRAPPED LIKELIHOOD RATIO TEST FOR 4 (H0) VERSUS 5 CLASSES

          H0 Loglikelihood Value                        -9781.095
          2 Times the Loglikelihood Difference            273.466
          Difference in the Number of Parameters                3
          Approximate P-Value                              0.0000
          Successful Bootstrap Draws                           85

     WARNING:  OF THE 85 BOOTSTRAP DRAWS, 73 DRAWS HAD BOTH A SMALLER LRT VALUE THAN THE
     OBSERVED LRT VALUE AND NOT A REPLICATED BEST LOGLIKELIHOOD VALUE FOR THE 5-CLASS MODEL.
     THIS MEANS THAT THE P-VALUE MAY NOT BE TRUSTWORTHY DUE TO LOCAL MAXIMA.
     INCREASE THE NUMBER OF RANDOM STARTS USING THE LRTSTARTS OPTION.


     WARNING:  15 OUT OF 100 BOOTSTRAP DRAWS DID NOT CONVERGE.
     INCREASE THE NUMBER OF RANDOM STARTS USING THE LRTSTARTS OPTION.



     Beginning Time:  18:30:04
        Ending Time:  18:31:25
       Elapsed Time:  00:01:21



MUTHEN & MUTHEN
3463 Stoner Ave.
Los Angeles, CA  90066

Tel: (310) 391-9971
Fax: (310) 391-8971
Web: www.StatModel.com
Support: Support@StatModel.com

Copyright (c) 1998-2019 Muthen & Muthen
