Mplus VERSION 8.3
MUTHEN & MUTHEN
09/19/2026   6:23 PM

INPUT INSTRUCTIONS

  TITLE: HRS k=5 lcga lin;
  DATA: FILE IS data/HRS.dat;
  VARIABLE:
    NAMES ARE id y1 y2 y3 y4;
    USEV = y1 y2 y3 y4;
    MISSING = ALL (-999);
    CLASSES = c(5);
  ANALYSIS: TYPE = MIXTURE;
    STARTS = 300 50;
    LRTBOOTSTRAP = 100;
    PROCESSORS = 4;
  MODEL:
    %OVERALL%
    i BY y1@1 y2@1 y3@1 y4@1;
    s BY y1@0 y2@4 y3@8 y4@12;
    i@0 s@0;
    y1-y4 (res);
  OUTPUT: TECH11 TECH14;



INPUT READING TERMINATED NORMALLY



HRS k=5 lcga lin;

SUMMARY OF ANALYSIS

Number of groups                                                 1
Number of observations                                        2183

Number of dependent variables                                    4
Number of independent variables                                  0
Number of continuous latent variables                            2
Number of categorical latent variables                           1

Observed dependent variables

  Continuous
   Y1          Y2          Y3          Y4

Continuous latent variables
   I           S

Categorical latent variables
   C


Estimator                                                      MLR
Information matrix                                        OBSERVED
Optimization Specifications for the Quasi-Newton Algorithm for
Continuous Outcomes
  Maximum number of iterations                                 100
  Convergence criterion                                  0.100D-05
Optimization Specifications for the EM Algorithm
  Maximum number of iterations                                 500
  Convergence criteria
    Loglikelihood change                                 0.100D-06
    Relative loglikelihood change                        0.100D-06
    Derivative                                           0.100D-05
Optimization Specifications for the M step of the EM Algorithm for
Categorical Latent variables
  Number of M step iterations                                    1
  M step convergence criterion                           0.100D-05
  Basis for M step termination                           ITERATION
Optimization Specifications for the M step of the EM Algorithm for
Censored, Binary or Ordered Categorical (Ordinal), Unordered
Categorical (Nominal) and Count Outcomes
  Number of M step iterations                                    1
  M step convergence criterion                           0.100D-05
  Basis for M step termination                           ITERATION
  Maximum value for logit thresholds                            15
  Minimum value for logit thresholds                           -15
  Minimum expected cell size for chi-square              0.100D-01
Maximum number of iterations for H1                           2000
Convergence criterion for H1                             0.100D-03
Optimization algorithm                                         EMA
Random Starts Specifications
  Number of initial stage random starts                        300
  Number of final stage optimizations                           50
  Number of initial stage iterations                            10
  Initial stage convergence criterion                    0.100D+01
  Random starts scale                                    0.500D+01
  Random seed for generating random starts                       0

Input data file(s)
  data/HRS.dat
Input data format  FREE


SUMMARY OF DATA

     Number of missing data patterns            11
     Number of y missing data patterns          11
     Number of u missing data patterns           0


COVARIANCE COVERAGE OF DATA

Minimum covariance coverage value   0.100


     PROPORTION OF DATA PRESENT FOR Y


           Covariance Coverage
              Y1            Y2            Y3            Y4
              ________      ________      ________      ________
 Y1             0.896
 Y2             0.806         0.894
 Y3             0.734         0.731         0.829
 Y4             0.539         0.550         0.576         0.616



UNIVARIATE SAMPLE STATISTICS


     UNIVARIATE HIGHER-ORDER MOMENT DESCRIPTIVE STATISTICS

         Variable/         Mean/     Skewness/   Minimum/ % with                Percentiles
        Sample Size      Variance    Kurtosis    Maximum  Min/Max      20%/60%    40%/80%    Median

     Y1                    9.089       0.115       3.994    0.05%       7.519      8.564      9.016
            1957.000       3.354      -0.318      14.663    0.05%       9.503     10.675
     Y2                    8.444       0.079       2.855    0.05%       6.787      7.912      8.387
            1951.000       3.606      -0.243      15.308    0.05%       8.878     10.110
     Y3                    8.025       0.017       1.822    0.06%       6.419      7.538      8.003
            1809.000       3.550      -0.219      13.342    0.06%       8.484      9.597
     Y4                    7.601       0.044       1.571    0.07%       5.929      7.121      7.623
            1344.000       3.584      -0.202      13.368    0.07%       8.065      9.140

RANDOM STARTS RESULTS RANKED FROM THE BEST TO THE WORST LOGLIKELIHOOD VALUES

Final stage loglikelihood values at local maxima, seeds, and initial stage start numbers:

          -10172.454  782821           272
          -10172.454  150531           154
          -10172.454  802779           122
          -10172.454  341041           34
          -10172.454  475420           71
          -10172.454  618000           190
          -10172.454  966014           37
          -10172.454  17359            227
          -10172.454  481835           57
          -10172.454  89970            223
          -10172.454  263268           165
          -10172.454  455617           242
          -10172.454  443917           60
          -10172.454  253358           2
          -10172.454  791396           243
          -10172.454  804561           59
          -10172.454  267983           228
          -10172.454  301180           236
          -10172.454  285380           1
          -10172.454  902278           21
          -10172.454  939709           112
          -10172.454  573096           20
          -10172.454  377504           294
          -10172.454  43523            297
          -10172.454  568859           49
          -10172.454  509733           130
          -10172.454  728038           177
          -10172.454  967237           48
          -10172.454  930323           267
          -10172.454  281462           285
          -10234.937  65651            214
          -10234.937  648555           113
          -10236.427  391179           78
          -10236.427  369602           146
          -10236.427  496881           192
          -10241.262  926283           269
          -10241.262  340112           126
          -10241.262  575700           100
          -10261.685  650371           14
          -10261.685  860772           174
          -10261.685  871851           257
          -10261.685  414284           158
          -10261.685  281558           184
          -10261.685  411615           171
          -10261.685  960438           116
          -10261.685  576220           115
          -10261.685  458181           189
          -10261.685  696773           80
          -10261.685  635245           121
          -10261.685  268217           83



THE BEST LOGLIKELIHOOD VALUE HAS BEEN REPLICATED.  RERUN WITH AT LEAST TWICE THE
RANDOM STARTS TO CHECK THAT THE BEST LOGLIKELIHOOD IS STILL OBTAINED AND REPLICATED.


THE MODEL ESTIMATION TERMINATED NORMALLY

     WARNING:  THE LATENT VARIABLE COVARIANCE MATRIX (PSI) IN CLASS 1
     IS NOT POSITIVE DEFINITE.  THIS COULD INDICATE A NEGATIVE VARIANCE/
     RESIDUAL VARIANCE FOR A LATENT VARIABLE, A CORRELATION GREATER OR EQUAL
     TO ONE BETWEEN TWO LATENT VARIABLES, OR A LINEAR DEPENDENCY AMONG MORE
     THAN TWO LATENT VARIABLES.  CHECK THE TECH4 OUTPUT FOR MORE INFORMATION.
     PROBLEM INVOLVING VARIABLE I.


     WARNING:  THE LATENT VARIABLE COVARIANCE MATRIX (PSI) IN CLASS 2
     IS NOT POSITIVE DEFINITE.  THIS COULD INDICATE A NEGATIVE VARIANCE/
     RESIDUAL VARIANCE FOR A LATENT VARIABLE, A CORRELATION GREATER OR EQUAL
     TO ONE BETWEEN TWO LATENT VARIABLES, OR A LINEAR DEPENDENCY AMONG MORE
     THAN TWO LATENT VARIABLES.  CHECK THE TECH4 OUTPUT FOR MORE INFORMATION.
     PROBLEM INVOLVING VARIABLE I.


     WARNING:  THE LATENT VARIABLE COVARIANCE MATRIX (PSI) IN CLASS 3
     IS NOT POSITIVE DEFINITE.  THIS COULD INDICATE A NEGATIVE VARIANCE/
     RESIDUAL VARIANCE FOR A LATENT VARIABLE, A CORRELATION GREATER OR EQUAL
     TO ONE BETWEEN TWO LATENT VARIABLES, OR A LINEAR DEPENDENCY AMONG MORE
     THAN TWO LATENT VARIABLES.  CHECK THE TECH4 OUTPUT FOR MORE INFORMATION.
     PROBLEM INVOLVING VARIABLE I.


     WARNING:  THE LATENT VARIABLE COVARIANCE MATRIX (PSI) IN CLASS 4
     IS NOT POSITIVE DEFINITE.  THIS COULD INDICATE A NEGATIVE VARIANCE/
     RESIDUAL VARIANCE FOR A LATENT VARIABLE, A CORRELATION GREATER OR EQUAL
     TO ONE BETWEEN TWO LATENT VARIABLES, OR A LINEAR DEPENDENCY AMONG MORE
     THAN TWO LATENT VARIABLES.  CHECK THE TECH4 OUTPUT FOR MORE INFORMATION.
     PROBLEM INVOLVING VARIABLE I.


     WARNING:  THE LATENT VARIABLE COVARIANCE MATRIX (PSI) IN CLASS 5
     IS NOT POSITIVE DEFINITE.  THIS COULD INDICATE A NEGATIVE VARIANCE/
     RESIDUAL VARIANCE FOR A LATENT VARIABLE, A CORRELATION GREATER OR EQUAL
     TO ONE BETWEEN TWO LATENT VARIABLES, OR A LINEAR DEPENDENCY AMONG MORE
     THAN TWO LATENT VARIABLES.  CHECK THE TECH4 OUTPUT FOR MORE INFORMATION.
     PROBLEM INVOLVING VARIABLE I.




MODEL FIT INFORMATION

Number of Free Parameters                       18

Loglikelihood

          H0 Value                      -10172.454
          H0 Scaling Correction Factor      1.8189
            for MLR

Information Criteria

          Akaike (AIC)                   20380.908
          Bayesian (BIC)                 20483.300
          Sample-Size Adjusted BIC       20426.112
            (n* = (n + 2) / 24)



FINAL CLASS COUNTS AND PROPORTIONS FOR THE LATENT CLASSES
BASED ON THE ESTIMATED MODEL

    Latent
   Classes

       1        413.15561          0.18926
       2        194.48395          0.08909
       3        222.17265          0.10177
       4        648.52437          0.29708
       5        704.66343          0.32280


FINAL CLASS COUNTS AND PROPORTIONS FOR THE LATENT CLASSES
BASED ON ESTIMATED POSTERIOR PROBABILITIES

    Latent
   Classes

       1        413.15561          0.18926
       2        194.48395          0.08909
       3        222.17265          0.10177
       4        648.52437          0.29708
       5        704.66343          0.32280


FINAL CLASS COUNTS AND PROPORTIONS FOR THE LATENT CLASSES
BASED ON THEIR MOST LIKELY LATENT CLASS MEMBERSHIP

Class Counts and Proportions

    Latent
   Classes

       1              405          0.18552
       2              188          0.08612
       3              217          0.09940
       4              651          0.29821
       5              722          0.33074


CLASSIFICATION QUALITY

     Entropy                         0.763


Average Latent Class Probabilities for Most Likely Latent Class Membership (Row)
by Latent Class (Column)

           1        2        3        4        5

    1   0.815    0.075    0.000    0.000    0.110
    2   0.128    0.872    0.000    0.000    0.000
    3   0.000    0.000    0.876    0.124    0.000
    4   0.000    0.000    0.049    0.844    0.107
    5   0.082    0.000    0.000    0.100    0.818


Classification Probabilities for the Most Likely Latent Class Membership (Column)
by Latent Class (Row)

           1        2        3        4        5

    1   0.799    0.058    0.000    0.000    0.143
    2   0.156    0.843    0.000    0.000    0.001
    3   0.000    0.000    0.856    0.144    0.001
    4   0.000    0.000    0.041    0.847    0.111
    5   0.063    0.000    0.000    0.099    0.838


Logits for the Classification Probabilities for the Most Likely Latent Class Membership (Column)
by Latent Class (Row)

              1        2        3        4        5

    1      1.722   -0.896  -11.869   -6.112    0.000
    2      5.092    6.776   -6.869   -6.869    0.000
    3     -6.354   -6.354    7.306    5.521    0.000
    4     -6.975  -11.622   -0.991    2.028    0.000
    5     -2.585   -9.253   -9.921   -2.138    0.000


MODEL RESULTS

                                                    Two-Tailed
                    Estimate       S.E.  Est./S.E.    P-Value

Latent Class 1

 I        BY
    Y1                 1.000      0.000    999.000    999.000
    Y2                 1.000      0.000    999.000    999.000
    Y3                 1.000      0.000    999.000    999.000
    Y4                 1.000      0.000    999.000    999.000

 S        BY
    Y1                 0.000      0.000    999.000    999.000
    Y2                 4.000      0.000    999.000    999.000
    Y3                 8.000      0.000    999.000    999.000
    Y4                12.000      0.000    999.000    999.000

 S        WITH
    I                  0.035      0.002     15.886      0.000

 Means
    I                  1.517      0.124     12.263      0.000
    S                  0.002      0.008      0.201      0.841

 Intercepts
    Y1                 9.310      0.254     36.683      0.000
    Y2                 8.644      0.242     35.664      0.000
    Y3                 8.103      0.234     34.689      0.000
    Y4                 7.547      0.230     32.769      0.000

 Variances
    I                  0.000      0.000    999.000    999.000
    S                  0.000      0.000    999.000    999.000

 Residual Variances
    Y1                 0.396      0.012     34.197      0.000
    Y2                 0.396      0.012     34.197      0.000
    Y3                 0.396      0.012     34.197      0.000
    Y4                 0.396      0.012     34.197      0.000

Latent Class 2

 I        BY
    Y1                 1.000      0.000    999.000    999.000
    Y2                 1.000      0.000    999.000    999.000
    Y3                 1.000      0.000    999.000    999.000
    Y4                 1.000      0.000    999.000    999.000

 S        BY
    Y1                 0.000      0.000    999.000    999.000
    Y2                 4.000      0.000    999.000    999.000
    Y3                 8.000      0.000    999.000    999.000
    Y4                12.000      0.000    999.000    999.000

 S        WITH
    I                  0.035      0.002     15.886      0.000

 Means
    I                  3.106      0.137     22.727      0.000
    S                 -0.026      0.009     -2.703      0.007

 Intercepts
    Y1                 9.310      0.254     36.683      0.000
    Y2                 8.644      0.242     35.664      0.000
    Y3                 8.103      0.234     34.689      0.000
    Y4                 7.547      0.230     32.769      0.000

 Variances
    I                  0.000      0.000    999.000    999.000
    S                  0.000      0.000    999.000    999.000

 Residual Variances
    Y1                 0.396      0.012     34.197      0.000
    Y2                 0.396      0.012     34.197      0.000
    Y3                 0.396      0.012     34.197      0.000
    Y4                 0.396      0.012     34.197      0.000

Latent Class 3

 I        BY
    Y1                 1.000      0.000    999.000    999.000
    Y2                 1.000      0.000    999.000    999.000
    Y3                 1.000      0.000    999.000    999.000
    Y4                 1.000      0.000    999.000    999.000

 S        BY
    Y1                 0.000      0.000    999.000    999.000
    Y2                 4.000      0.000    999.000    999.000
    Y3                 8.000      0.000    999.000    999.000
    Y4                12.000      0.000    999.000    999.000

 S        WITH
    I                  0.035      0.002     15.886      0.000

 Means
    I                 -3.230      0.156    -20.737      0.000
    S                  0.043      0.012      3.649      0.000

 Intercepts
    Y1                 9.310      0.254     36.683      0.000
    Y2                 8.644      0.242     35.664      0.000
    Y3                 8.103      0.234     34.689      0.000
    Y4                 7.547      0.230     32.769      0.000

 Variances
    I                  0.000      0.000    999.000    999.000
    S                  0.000      0.000    999.000    999.000

 Residual Variances
    Y1                 0.396      0.012     34.197      0.000
    Y2                 0.396      0.012     34.197      0.000
    Y3                 0.396      0.012     34.197      0.000
    Y4                 0.396      0.012     34.197      0.000

Latent Class 4

 I        BY
    Y1                 1.000      0.000    999.000    999.000
    Y2                 1.000      0.000    999.000    999.000
    Y3                 1.000      0.000    999.000    999.000
    Y4                 1.000      0.000    999.000    999.000

 S        BY
    Y1                 0.000      0.000    999.000    999.000
    Y2                 4.000      0.000    999.000    999.000
    Y3                 8.000      0.000    999.000    999.000
    Y4                12.000      0.000    999.000    999.000

 S        WITH
    I                  0.035      0.002     15.886      0.000

 Means
    I                 -1.504      0.091    -16.448      0.000
    S                  0.012      0.009      1.413      0.158

 Intercepts
    Y1                 9.310      0.254     36.683      0.000
    Y2                 8.644      0.242     35.664      0.000
    Y3                 8.103      0.234     34.689      0.000
    Y4                 7.547      0.230     32.769      0.000

 Variances
    I                  0.000      0.000    999.000    999.000
    S                  0.000      0.000    999.000    999.000

 Residual Variances
    Y1                 0.396      0.012     34.197      0.000
    Y2                 0.396      0.012     34.197      0.000
    Y3                 0.396      0.012     34.197      0.000
    Y4                 0.396      0.012     34.197      0.000

Latent Class 5

 I        BY
    Y1                 1.000      0.000    999.000    999.000
    Y2                 1.000      0.000    999.000    999.000
    Y3                 1.000      0.000    999.000    999.000
    Y4                 1.000      0.000    999.000    999.000

 S        BY
    Y1                 0.000      0.000    999.000    999.000
    Y2                 4.000      0.000    999.000    999.000
    Y3                 8.000      0.000    999.000    999.000
    Y4                12.000      0.000    999.000    999.000

 S        WITH
    I                  0.035      0.002     15.886      0.000

 Means
    I                  0.000      0.000    999.000    999.000
    S                  0.000      0.000    999.000    999.000

 Intercepts
    Y1                 9.310      0.254     36.683      0.000
    Y2                 8.644      0.242     35.664      0.000
    Y3                 8.103      0.234     34.689      0.000
    Y4                 7.547      0.230     32.769      0.000

 Variances
    I                  0.000      0.000    999.000    999.000
    S                  0.000      0.000    999.000    999.000

 Residual Variances
    Y1                 0.396      0.012     34.197      0.000
    Y2                 0.396      0.012     34.197      0.000
    Y3                 0.396      0.012     34.197      0.000
    Y4                 0.396      0.012     34.197      0.000

Categorical Latent Variables

 Means
    C#1               -0.534      0.150     -3.552      0.000
    C#2               -1.287      0.367     -3.511      0.000
    C#3               -1.154      0.233     -4.949      0.000
    C#4               -0.083      0.148     -0.562      0.574


QUALITY OF NUMERICAL RESULTS

     Condition Number for the Information Matrix              0.619E-04
       (ratio of smallest to largest eigenvalue)


TECHNICAL 11 OUTPUT

     Random Starts Specifications for the k-1 Class Analysis Model
        Number of initial stage random starts                 300
        Number of final stage optimizations                    50



     VUONG-LO-MENDELL-RUBIN LIKELIHOOD RATIO TEST FOR 4 (H0) VERSUS 5 CLASSES

          H0 Loglikelihood Value                       -10261.685
          2 Times the Loglikelihood Difference            178.461
          Difference in the Number of Parameters                3
          Mean                                             64.128
          Standard Deviation                              122.409
          P-Value                                          0.1272

     LO-MENDELL-RUBIN ADJUSTED LRT TEST

          Value                                           171.046
          P-Value                                          0.1350


TECHNICAL 14 OUTPUT

     Random Starts Specifications for the k-1 Class Analysis Model
        Number of initial stage random starts                 300
        Number of final stage optimizations                    50

     Random Starts Specification for the k-1 Class Model for Generated Data
        Number of initial stage random starts                   0
        Number of final stage optimizations for the
           initial stage random starts                          0
     Random Starts Specification for the k Class Model for Generated Data
        Number of initial stage random starts                  40
        Number of final stage optimizations                     8
     Number of bootstrap draws requested                      100


     PARAMETRIC BOOTSTRAPPED LIKELIHOOD RATIO TEST FOR 4 (H0) VERSUS 5 CLASSES

          H0 Loglikelihood Value                       -10261.685
          2 Times the Loglikelihood Difference            178.461
          Difference in the Number of Parameters                3
          Approximate P-Value                              0.0000
          Successful Bootstrap Draws                           95

     WARNING:  OF THE 95 BOOTSTRAP DRAWS, 70 DRAWS HAD BOTH A SMALLER LRT VALUE THAN THE
     OBSERVED LRT VALUE AND NOT A REPLICATED BEST LOGLIKELIHOOD VALUE FOR THE 5-CLASS MODEL.
     THIS MEANS THAT THE P-VALUE MAY NOT BE TRUSTWORTHY DUE TO LOCAL MAXIMA.
     INCREASE THE NUMBER OF RANDOM STARTS USING THE LRTSTARTS OPTION.


     WARNING:  5 OUT OF 100 BOOTSTRAP DRAWS DID NOT CONVERGE.
     INCREASE THE NUMBER OF RANDOM STARTS USING THE LRTSTARTS OPTION.



     Beginning Time:  18:23:06
        Ending Time:  18:25:05
       Elapsed Time:  00:01:59



MUTHEN & MUTHEN
3463 Stoner Ave.
Los Angeles, CA  90066

Tel: (310) 391-9971
Fax: (310) 391-8971
Web: www.StatModel.com
Support: Support@StatModel.com

Copyright (c) 1998-2019 Muthen & Muthen
