Mplus VERSION 8.3
MUTHEN & MUTHEN
09/19/2026   6:25 PM

INPUT INSTRUCTIONS

  TITLE: HRS k=6 lcga lin;
  DATA: FILE IS data/HRS.dat;
  VARIABLE:
    NAMES ARE id y1 y2 y3 y4;
    USEV = y1 y2 y3 y4;
    MISSING = ALL (-999);
    CLASSES = c(6);
  ANALYSIS: TYPE = MIXTURE;
    STARTS = 300 50;
    LRTBOOTSTRAP = 100;
    PROCESSORS = 4;
  MODEL:
    %OVERALL%
    i BY y1@1 y2@1 y3@1 y4@1;
    s BY y1@0 y2@4 y3@8 y4@12;
    i@0 s@0;
    y1-y4 (res);
  OUTPUT: TECH11 TECH14;



INPUT READING TERMINATED NORMALLY



HRS k=6 lcga lin;

SUMMARY OF ANALYSIS

Number of groups                                                 1
Number of observations                                        2183

Number of dependent variables                                    4
Number of independent variables                                  0
Number of continuous latent variables                            2
Number of categorical latent variables                           1

Observed dependent variables

  Continuous
   Y1          Y2          Y3          Y4

Continuous latent variables
   I           S

Categorical latent variables
   C


Estimator                                                      MLR
Information matrix                                        OBSERVED
Optimization Specifications for the Quasi-Newton Algorithm for
Continuous Outcomes
  Maximum number of iterations                                 100
  Convergence criterion                                  0.100D-05
Optimization Specifications for the EM Algorithm
  Maximum number of iterations                                 500
  Convergence criteria
    Loglikelihood change                                 0.100D-06
    Relative loglikelihood change                        0.100D-06
    Derivative                                           0.100D-05
Optimization Specifications for the M step of the EM Algorithm for
Categorical Latent variables
  Number of M step iterations                                    1
  M step convergence criterion                           0.100D-05
  Basis for M step termination                           ITERATION
Optimization Specifications for the M step of the EM Algorithm for
Censored, Binary or Ordered Categorical (Ordinal), Unordered
Categorical (Nominal) and Count Outcomes
  Number of M step iterations                                    1
  M step convergence criterion                           0.100D-05
  Basis for M step termination                           ITERATION
  Maximum value for logit thresholds                            15
  Minimum value for logit thresholds                           -15
  Minimum expected cell size for chi-square              0.100D-01
Maximum number of iterations for H1                           2000
Convergence criterion for H1                             0.100D-03
Optimization algorithm                                         EMA
Random Starts Specifications
  Number of initial stage random starts                        300
  Number of final stage optimizations                           50
  Number of initial stage iterations                            10
  Initial stage convergence criterion                    0.100D+01
  Random starts scale                                    0.500D+01
  Random seed for generating random starts                       0

Input data file(s)
  data/HRS.dat
Input data format  FREE


SUMMARY OF DATA

     Number of missing data patterns            11
     Number of y missing data patterns          11
     Number of u missing data patterns           0


COVARIANCE COVERAGE OF DATA

Minimum covariance coverage value   0.100


     PROPORTION OF DATA PRESENT FOR Y


           Covariance Coverage
              Y1            Y2            Y3            Y4
              ________      ________      ________      ________
 Y1             0.896
 Y2             0.806         0.894
 Y3             0.734         0.731         0.829
 Y4             0.539         0.550         0.576         0.616



UNIVARIATE SAMPLE STATISTICS


     UNIVARIATE HIGHER-ORDER MOMENT DESCRIPTIVE STATISTICS

         Variable/         Mean/     Skewness/   Minimum/ % with                Percentiles
        Sample Size      Variance    Kurtosis    Maximum  Min/Max      20%/60%    40%/80%    Median

     Y1                    9.089       0.115       3.994    0.05%       7.519      8.564      9.016
            1957.000       3.354      -0.318      14.663    0.05%       9.503     10.675
     Y2                    8.444       0.079       2.855    0.05%       6.787      7.912      8.387
            1951.000       3.606      -0.243      15.308    0.05%       8.878     10.110
     Y3                    8.025       0.017       1.822    0.06%       6.419      7.538      8.003
            1809.000       3.550      -0.219      13.342    0.06%       8.484      9.597
     Y4                    7.601       0.044       1.571    0.07%       5.929      7.121      7.623
            1344.000       3.584      -0.202      13.368    0.07%       8.065      9.140

RANDOM STARTS RESULTS RANKED FROM THE BEST TO THE WORST LOGLIKELIHOOD VALUES

Final stage loglikelihood values at local maxima, seeds, and initial stage start numbers:

          -10125.070  281462           285
          -10125.070  443917           60
          -10125.070  377504           294
          -10125.070  195353           225
          -10125.070  43523            297
          -10125.070  267983           228
          -10125.070  945065           255
          -10125.070  967237           48
          -10125.070  422103           62
          -10125.070  253358           2
          -10125.070  804561           59
          -10125.070  791396           243
          -10139.818  65651            214
          -10139.818  616917           261
          -10139.818  227563           63
          -10139.818  902278           21
          -10139.818  466971           109
          -10139.818  891531           206
          -10139.818  606576           151
          -10139.818  369602           146
          -10141.366  391179           78
          -10141.366  751054           117
          -10149.281  263268           165
          -10149.281  939709           112
          -10149.281  782821           272
          -10149.281  341041           34
          -10172.454  411615           171
          -10172.454  264081           186
          -10172.454  93468            3
          -10172.454  728038           177
          -10172.454  414284           158
          -10172.454  285380           1
          -10172.454  417035           149
          -10172.454  696773           80
          -10172.454  89970            223
          -10172.454  7959             256
          -10172.454  349263           263
          -10172.454  860772           174
          -10172.454  17359            227
          -10234.937  802779           122
          -10241.262  650371           14
          -10241.262  926283           269
          -10241.262  575700           100
          -10261.685  509733           130
          -10261.685  863094           147
          -10261.685  399671           13
          -10261.685  281558           184
          -10261.685  966014           37
          -10261.685  848890           95
          -10261.685  576220           115



THE BEST LOGLIKELIHOOD VALUE HAS BEEN REPLICATED.  RERUN WITH AT LEAST TWICE THE
RANDOM STARTS TO CHECK THAT THE BEST LOGLIKELIHOOD IS STILL OBTAINED AND REPLICATED.


THE MODEL ESTIMATION TERMINATED NORMALLY

     WARNING:  THE LATENT VARIABLE COVARIANCE MATRIX (PSI) IN CLASS 1
     IS NOT POSITIVE DEFINITE.  THIS COULD INDICATE A NEGATIVE VARIANCE/
     RESIDUAL VARIANCE FOR A LATENT VARIABLE, A CORRELATION GREATER OR EQUAL
     TO ONE BETWEEN TWO LATENT VARIABLES, OR A LINEAR DEPENDENCY AMONG MORE
     THAN TWO LATENT VARIABLES.  CHECK THE TECH4 OUTPUT FOR MORE INFORMATION.
     PROBLEM INVOLVING VARIABLE I.


     WARNING:  THE LATENT VARIABLE COVARIANCE MATRIX (PSI) IN CLASS 2
     IS NOT POSITIVE DEFINITE.  THIS COULD INDICATE A NEGATIVE VARIANCE/
     RESIDUAL VARIANCE FOR A LATENT VARIABLE, A CORRELATION GREATER OR EQUAL
     TO ONE BETWEEN TWO LATENT VARIABLES, OR A LINEAR DEPENDENCY AMONG MORE
     THAN TWO LATENT VARIABLES.  CHECK THE TECH4 OUTPUT FOR MORE INFORMATION.
     PROBLEM INVOLVING VARIABLE I.


     WARNING:  THE LATENT VARIABLE COVARIANCE MATRIX (PSI) IN CLASS 3
     IS NOT POSITIVE DEFINITE.  THIS COULD INDICATE A NEGATIVE VARIANCE/
     RESIDUAL VARIANCE FOR A LATENT VARIABLE, A CORRELATION GREATER OR EQUAL
     TO ONE BETWEEN TWO LATENT VARIABLES, OR A LINEAR DEPENDENCY AMONG MORE
     THAN TWO LATENT VARIABLES.  CHECK THE TECH4 OUTPUT FOR MORE INFORMATION.
     PROBLEM INVOLVING VARIABLE I.


     WARNING:  THE LATENT VARIABLE COVARIANCE MATRIX (PSI) IN CLASS 4
     IS NOT POSITIVE DEFINITE.  THIS COULD INDICATE A NEGATIVE VARIANCE/
     RESIDUAL VARIANCE FOR A LATENT VARIABLE, A CORRELATION GREATER OR EQUAL
     TO ONE BETWEEN TWO LATENT VARIABLES, OR A LINEAR DEPENDENCY AMONG MORE
     THAN TWO LATENT VARIABLES.  CHECK THE TECH4 OUTPUT FOR MORE INFORMATION.
     PROBLEM INVOLVING VARIABLE I.


     WARNING:  THE LATENT VARIABLE COVARIANCE MATRIX (PSI) IN CLASS 5
     IS NOT POSITIVE DEFINITE.  THIS COULD INDICATE A NEGATIVE VARIANCE/
     RESIDUAL VARIANCE FOR A LATENT VARIABLE, A CORRELATION GREATER OR EQUAL
     TO ONE BETWEEN TWO LATENT VARIABLES, OR A LINEAR DEPENDENCY AMONG MORE
     THAN TWO LATENT VARIABLES.  CHECK THE TECH4 OUTPUT FOR MORE INFORMATION.
     PROBLEM INVOLVING VARIABLE I.


     WARNING:  THE LATENT VARIABLE COVARIANCE MATRIX (PSI) IN CLASS 6
     IS NOT POSITIVE DEFINITE.  THIS COULD INDICATE A NEGATIVE VARIANCE/
     RESIDUAL VARIANCE FOR A LATENT VARIABLE, A CORRELATION GREATER OR EQUAL
     TO ONE BETWEEN TWO LATENT VARIABLES, OR A LINEAR DEPENDENCY AMONG MORE
     THAN TWO LATENT VARIABLES.  CHECK THE TECH4 OUTPUT FOR MORE INFORMATION.
     PROBLEM INVOLVING VARIABLE I.




MODEL FIT INFORMATION

Number of Free Parameters                       21

Loglikelihood

          H0 Value                      -10125.070
          H0 Scaling Correction Factor      1.9649
            for MLR

Information Criteria

          Akaike (AIC)                   20292.139
          Bayesian (BIC)                 20411.597
          Sample-Size Adjusted BIC       20344.877
            (n* = (n + 2) / 24)



FINAL CLASS COUNTS AND PROPORTIONS FOR THE LATENT CLASSES
BASED ON THE ESTIMATED MODEL

    Latent
   Classes

       1        108.84022          0.04986
       2        348.17742          0.15949
       3        103.21106          0.04728
       4        655.85464          0.30044
       5        614.55862          0.28152
       6        352.35803          0.16141


FINAL CLASS COUNTS AND PROPORTIONS FOR THE LATENT CLASSES
BASED ON ESTIMATED POSTERIOR PROBABILITIES

    Latent
   Classes

       1        108.84022          0.04986
       2        348.17742          0.15949
       3        103.21106          0.04728
       4        655.85464          0.30044
       5        614.55862          0.28152
       6        352.35803          0.16141


FINAL CLASS COUNTS AND PROPORTIONS FOR THE LATENT CLASSES
BASED ON THEIR MOST LIKELY LATENT CLASS MEMBERSHIP

Class Counts and Proportions

    Latent
   Classes

       1              102          0.04672
       2              351          0.16079
       3               93          0.04260
       4              671          0.30738
       5              619          0.28355
       6              347          0.15896


CLASSIFICATION QUALITY

     Entropy                         0.758


Average Latent Class Probabilities for Most Likely Latent Class Membership (Row)
by Latent Class (Column)

           1        2        3        4        5        6

    1   0.851    0.149    0.000    0.000    0.000    0.000
    2   0.063    0.832    0.000    0.000    0.105    0.000
    3   0.000    0.000    0.853    0.001    0.000    0.147
    4   0.000    0.000    0.000    0.804    0.105    0.091
    5   0.000    0.066    0.000    0.114    0.820    0.000
    6   0.000    0.000    0.068    0.131    0.000    0.801


Classification Probabilities for the Most Likely Latent Class Membership (Column)
by Latent Class (Row)

           1        2        3        4        5        6

    1   0.798    0.202    0.000    0.000    0.000    0.000
    2   0.044    0.839    0.000    0.000    0.118    0.000
    3   0.000    0.000    0.768    0.002    0.000    0.230
    4   0.000    0.000    0.000    0.823    0.108    0.069
    5   0.000    0.060    0.000    0.114    0.825    0.000
    6   0.000    0.000    0.039    0.172    0.000    0.788


Logits for the Classification Probabilities for the Most Likely Latent Class Membership (Column)
by Latent Class (Row)

              1        2        3        4        5        6

    1     13.589   12.216    0.000    0.000    5.883    0.000
    2     10.682   13.639    0.000    5.853   11.674    0.000
    3    -12.345  -12.345    1.207   -4.809  -10.568    0.000
    4    -11.145   -6.258   -6.555    2.475    0.441    0.000
    5     -1.769    6.058   -4.946    6.699    8.677    0.000
    6    -13.578  -13.578   -3.014   -1.520   -7.513    0.000


MODEL RESULTS

                                                    Two-Tailed
                    Estimate       S.E.  Est./S.E.    P-Value

Latent Class 1

 I        BY
    Y1                 1.000      0.000    999.000    999.000
    Y2                 1.000      0.000    999.000    999.000
    Y3                 1.000      0.000    999.000    999.000
    Y4                 1.000      0.000    999.000    999.000

 S        BY
    Y1                 0.000      0.000    999.000    999.000
    Y2                 4.000      0.000    999.000    999.000
    Y3                 8.000      0.000    999.000    999.000
    Y4                12.000      0.000    999.000    999.000

 S        WITH
    I                  0.030      0.006      5.270      0.000

 Means
    I                  5.779      0.392     14.739      0.000
    S                 -0.016      0.034     -0.488      0.626

 Intercepts
    Y1                 7.028      0.397     17.710      0.000
    Y2                 6.353      0.338     18.815      0.000
    Y3                 5.807      0.286     20.291      0.000
    Y4                 5.249      0.253     20.737      0.000

 Variances
    I                  0.000      0.000    999.000    999.000
    S                  0.000      0.000    999.000    999.000

 Residual Variances
    Y1                 0.378      0.011     32.903      0.000
    Y2                 0.378      0.011     32.903      0.000
    Y3                 0.378      0.011     32.903      0.000
    Y4                 0.378      0.011     32.903      0.000

Latent Class 2

 I        BY
    Y1                 1.000      0.000    999.000    999.000
    Y2                 1.000      0.000    999.000    999.000
    Y3                 1.000      0.000    999.000    999.000
    Y4                 1.000      0.000    999.000    999.000

 S        BY
    Y1                 0.000      0.000    999.000    999.000
    Y2                 4.000      0.000    999.000    999.000
    Y3                 8.000      0.000    999.000    999.000
    Y4                12.000      0.000    999.000    999.000

 S        WITH
    I                  0.030      0.006      5.270      0.000

 Means
    I                  4.284      0.369     11.613      0.000
    S                 -0.004      0.024     -0.149      0.881

 Intercepts
    Y1                 7.028      0.397     17.710      0.000
    Y2                 6.353      0.338     18.815      0.000
    Y3                 5.807      0.286     20.291      0.000
    Y4                 5.249      0.253     20.737      0.000

 Variances
    I                  0.000      0.000    999.000    999.000
    S                  0.000      0.000    999.000    999.000

 Residual Variances
    Y1                 0.378      0.011     32.903      0.000
    Y2                 0.378      0.011     32.903      0.000
    Y3                 0.378      0.011     32.903      0.000
    Y4                 0.378      0.011     32.903      0.000

Latent Class 3

 I        BY
    Y1                 1.000      0.000    999.000    999.000
    Y2                 1.000      0.000    999.000    999.000
    Y3                 1.000      0.000    999.000    999.000
    Y4                 1.000      0.000    999.000    999.000

 S        BY
    Y1                 0.000      0.000    999.000    999.000
    Y2                 4.000      0.000    999.000    999.000
    Y3                 8.000      0.000    999.000    999.000
    Y4                12.000      0.000    999.000    999.000

 S        WITH
    I                  0.030      0.006      5.270      0.000

 Means
    I                 -1.437      0.131    -10.961      0.000
    S                  0.070      0.030      2.329      0.020

 Intercepts
    Y1                 7.028      0.397     17.710      0.000
    Y2                 6.353      0.338     18.815      0.000
    Y3                 5.807      0.286     20.291      0.000
    Y4                 5.249      0.253     20.737      0.000

 Variances
    I                  0.000      0.000    999.000    999.000
    S                  0.000      0.000    999.000    999.000

 Residual Variances
    Y1                 0.378      0.011     32.903      0.000
    Y2                 0.378      0.011     32.903      0.000
    Y3                 0.378      0.011     32.903      0.000
    Y4                 0.378      0.011     32.903      0.000

Latent Class 4

 I        BY
    Y1                 1.000      0.000    999.000    999.000
    Y2                 1.000      0.000    999.000    999.000
    Y3                 1.000      0.000    999.000    999.000
    Y4                 1.000      0.000    999.000    999.000

 S        BY
    Y1                 0.000      0.000    999.000    999.000
    Y2                 4.000      0.000    999.000    999.000
    Y3                 8.000      0.000    999.000    999.000
    Y4                12.000      0.000    999.000    999.000

 S        WITH
    I                  0.030      0.006      5.270      0.000

 Means
    I                  1.333      0.184      7.237      0.000
    S                  0.019      0.028      0.683      0.495

 Intercepts
    Y1                 7.028      0.397     17.710      0.000
    Y2                 6.353      0.338     18.815      0.000
    Y3                 5.807      0.286     20.291      0.000
    Y4                 5.249      0.253     20.737      0.000

 Variances
    I                  0.000      0.000    999.000    999.000
    S                  0.000      0.000    999.000    999.000

 Residual Variances
    Y1                 0.378      0.011     32.903      0.000
    Y2                 0.378      0.011     32.903      0.000
    Y3                 0.378      0.011     32.903      0.000
    Y4                 0.378      0.011     32.903      0.000

Latent Class 5

 I        BY
    Y1                 1.000      0.000    999.000    999.000
    Y2                 1.000      0.000    999.000    999.000
    Y3                 1.000      0.000    999.000    999.000
    Y4                 1.000      0.000    999.000    999.000

 S        BY
    Y1                 0.000      0.000    999.000    999.000
    Y2                 4.000      0.000    999.000    999.000
    Y3                 8.000      0.000    999.000    999.000
    Y4                12.000      0.000    999.000    999.000

 S        WITH
    I                  0.030      0.006      5.270      0.000

 Means
    I                  2.728      0.287      9.520      0.000
    S                  0.000      0.022     -0.003      0.998

 Intercepts
    Y1                 7.028      0.397     17.710      0.000
    Y2                 6.353      0.338     18.815      0.000
    Y3                 5.807      0.286     20.291      0.000
    Y4                 5.249      0.253     20.737      0.000

 Variances
    I                  0.000      0.000    999.000    999.000
    S                  0.000      0.000    999.000    999.000

 Residual Variances
    Y1                 0.378      0.011     32.903      0.000
    Y2                 0.378      0.011     32.903      0.000
    Y3                 0.378      0.011     32.903      0.000
    Y4                 0.378      0.011     32.903      0.000

Latent Class 6

 I        BY
    Y1                 1.000      0.000    999.000    999.000
    Y2                 1.000      0.000    999.000    999.000
    Y3                 1.000      0.000    999.000    999.000
    Y4                 1.000      0.000    999.000    999.000

 S        BY
    Y1                 0.000      0.000    999.000    999.000
    Y2                 4.000      0.000    999.000    999.000
    Y3                 8.000      0.000    999.000    999.000
    Y4                12.000      0.000    999.000    999.000

 S        WITH
    I                  0.030      0.006      5.270      0.000

 Means
    I                  0.000      0.000    999.000    999.000
    S                  0.000      0.000    999.000    999.000

 Intercepts
    Y1                 7.028      0.397     17.710      0.000
    Y2                 6.353      0.338     18.815      0.000
    Y3                 5.807      0.286     20.291      0.000
    Y4                 5.249      0.253     20.737      0.000

 Variances
    I                  0.000      0.000    999.000    999.000
    S                  0.000      0.000    999.000    999.000

 Residual Variances
    Y1                 0.378      0.011     32.903      0.000
    Y2                 0.378      0.011     32.903      0.000
    Y3                 0.378      0.011     32.903      0.000
    Y4                 0.378      0.011     32.903      0.000

Categorical Latent Variables

 Means
    C#1               -1.175      0.721     -1.630      0.103
    C#2               -0.012      0.311     -0.038      0.969
    C#3               -1.228      0.428     -2.866      0.004
    C#4                0.621      0.258      2.405      0.016
    C#5                0.556      0.315      1.768      0.077


QUALITY OF NUMERICAL RESULTS

     Condition Number for the Information Matrix              0.226E-04
       (ratio of smallest to largest eigenvalue)


TECHNICAL 11 OUTPUT

     Random Starts Specifications for the k-1 Class Analysis Model
        Number of initial stage random starts                 300
        Number of final stage optimizations                    50



     VUONG-LO-MENDELL-RUBIN LIKELIHOOD RATIO TEST FOR 5 (H0) VERSUS 6 CLASSES

          H0 Loglikelihood Value                       -10172.454
          2 Times the Loglikelihood Difference             94.768
          Difference in the Number of Parameters                3
          Mean                                             50.138
          Standard Deviation                              180.661
          P-Value                                          0.3109

     LO-MENDELL-RUBIN ADJUSTED LRT TEST

          Value                                            90.830
          P-Value                                          0.3204


TECHNICAL 14 OUTPUT

     Random Starts Specifications for the k-1 Class Analysis Model
        Number of initial stage random starts                 300
        Number of final stage optimizations                    50

     Random Starts Specification for the k-1 Class Model for Generated Data
        Number of initial stage random starts                   0
        Number of final stage optimizations for the
           initial stage random starts                          0
     Random Starts Specification for the k Class Model for Generated Data
        Number of initial stage random starts                  40
        Number of final stage optimizations                     8
     Number of bootstrap draws requested                      100


     PARAMETRIC BOOTSTRAPPED LIKELIHOOD RATIO TEST FOR 5 (H0) VERSUS 6 CLASSES

          H0 Loglikelihood Value                       -10172.454
          2 Times the Loglikelihood Difference             94.768
          Difference in the Number of Parameters                3
          Approximate P-Value                              0.0000
          Successful Bootstrap Draws                           97

     WARNING:  OF THE 97 BOOTSTRAP DRAWS, 74 DRAWS HAD BOTH A SMALLER LRT VALUE THAN THE
     OBSERVED LRT VALUE AND NOT A REPLICATED BEST LOGLIKELIHOOD VALUE FOR THE 6-CLASS MODEL.
     THIS MEANS THAT THE P-VALUE MAY NOT BE TRUSTWORTHY DUE TO LOCAL MAXIMA.
     INCREASE THE NUMBER OF RANDOM STARTS USING THE LRTSTARTS OPTION.


     WARNING:  3 OUT OF 100 BOOTSTRAP DRAWS DID NOT CONVERGE.
     INCREASE THE NUMBER OF RANDOM STARTS USING THE LRTSTARTS OPTION.



     Beginning Time:  18:25:05
        Ending Time:  18:28:14
       Elapsed Time:  00:03:09



MUTHEN & MUTHEN
3463 Stoner Ave.
Los Angeles, CA  90066

Tel: (310) 391-9971
Fax: (310) 391-8971
Web: www.StatModel.com
Support: Support@StatModel.com

Copyright (c) 1998-2019 Muthen & Muthen
