Mplus VERSION 8.3
MUTHEN & MUTHEN
09/19/2026   6:38 PM

INPUT INSTRUCTIONS

  TITLE: ELSA k=7 lcga lin;
  DATA: FILE IS data/ELSA.dat;
  VARIABLE:
    NAMES ARE id y1 y2 y3;
    USEV = y1 y2 y3;
    MISSING = ALL (-999);
    CLASSES = c(7);
  ANALYSIS: TYPE = MIXTURE;
    STARTS = 300 50;
    LRTBOOTSTRAP = 100;
    PROCESSORS = 4;
  MODEL:
    %OVERALL%
    i BY y1@1 y2@1 y3@1;
    s BY y1@0 y2@4 y3@8;
    i@0 s@0;
    y1-y3 (res);
  OUTPUT: TECH11 TECH14;



INPUT READING TERMINATED NORMALLY



ELSA k=7 lcga lin;

SUMMARY OF ANALYSIS

Number of groups                                                 1
Number of observations                                        2510

Number of dependent variables                                    3
Number of independent variables                                  0
Number of continuous latent variables                            2
Number of categorical latent variables                           1

Observed dependent variables

  Continuous
   Y1          Y2          Y3

Continuous latent variables
   I           S

Categorical latent variables
   C


Estimator                                                      MLR
Information matrix                                        OBSERVED
Optimization Specifications for the Quasi-Newton Algorithm for
Continuous Outcomes
  Maximum number of iterations                                 100
  Convergence criterion                                  0.100D-05
Optimization Specifications for the EM Algorithm
  Maximum number of iterations                                 500
  Convergence criteria
    Loglikelihood change                                 0.100D-06
    Relative loglikelihood change                        0.100D-06
    Derivative                                           0.100D-05
Optimization Specifications for the M step of the EM Algorithm for
Categorical Latent variables
  Number of M step iterations                                    1
  M step convergence criterion                           0.100D-05
  Basis for M step termination                           ITERATION
Optimization Specifications for the M step of the EM Algorithm for
Censored, Binary or Ordered Categorical (Ordinal), Unordered
Categorical (Nominal) and Count Outcomes
  Number of M step iterations                                    1
  M step convergence criterion                           0.100D-05
  Basis for M step termination                           ITERATION
  Maximum value for logit thresholds                            15
  Minimum value for logit thresholds                           -15
  Minimum expected cell size for chi-square              0.100D-01
Maximum number of iterations for H1                           2000
Convergence criterion for H1                             0.100D-03
Optimization algorithm                                         EMA
Random Starts Specifications
  Number of initial stage random starts                        300
  Number of final stage optimizations                           50
  Number of initial stage iterations                            10
  Initial stage convergence criterion                    0.100D+01
  Random starts scale                                    0.500D+01
  Random seed for generating random starts                       0

Input data file(s)
  data/ELSA.dat
Input data format  FREE


SUMMARY OF DATA

     Number of missing data patterns             4
     Number of y missing data patterns           4
     Number of u missing data patterns           0


COVARIANCE COVERAGE OF DATA

Minimum covariance coverage value   0.100


     PROPORTION OF DATA PRESENT FOR Y


           Covariance Coverage
              Y1            Y2            Y3
              ________      ________      ________
 Y1             0.936
 Y2             0.857         0.922
 Y3             0.757         0.743         0.822



UNIVARIATE SAMPLE STATISTICS


     UNIVARIATE HIGHER-ORDER MOMENT DESCRIPTIVE STATISTICS

         Variable/         Mean/     Skewness/   Minimum/ % with                Percentiles
        Sample Size      Variance    Kurtosis    Maximum  Min/Max      20%/60%    40%/80%    Median

     Y1                    9.662       0.039       3.158    0.04%       8.172      9.116      9.521
            2349.000       3.398      -0.159      14.861    0.04%      10.029     11.316
     Y2                    9.115       0.011       2.901    0.04%       7.552      8.575      9.054
            2313.000       3.535      -0.139      14.518    0.04%       9.527     10.763
     Y3                    8.716       0.052       1.667    0.05%       7.162      8.199      8.625
            2062.000       3.750      -0.102      14.287    0.05%       9.120     10.358

RANDOM STARTS RESULTS RANKED FROM THE BEST TO THE WORST LOGLIKELIHOOD VALUES

Final stage loglikelihood values at local maxima, seeds, and initial stage start numbers:

           -9499.835  39136            226
           -9499.835  992389           77
           -9499.835  340112           126
           -9499.835  783110           72
           -9499.835  824126           287
           -9499.835  17359            227
           -9500.570  246575           291
           -9500.570  715561           125
           -9514.983  835767           210
           -9514.983  107446           12
           -9514.983  580405           286
           -9514.983  467339           66
           -9514.983  903420           5
           -9514.983  987090           70
           -9514.983  814975           129
           -9514.983  175199           247
           -9514.983  804561           59
           -9514.983  402224           91
           -9514.983  629320           222
           -9514.983  674171           195
           -9514.983  848331           137
           -9514.983  297518           166
           -9514.983  127215           9
           -9544.619  761633           50
           -9544.619  438144           271
           -9544.619  802779           122
           -9555.359  496881           192
           -9555.359  751054           117
           -9555.359  422103           62
           -9555.359  405079           68
           -9555.359  466971           109
           -9555.359  170118           238
           -9593.972  616917           261
           -9593.972  970689           266
           -9593.972  195873           6
           -9594.040  321390           133
           -9638.560  726035           191
           -9644.361  211281           292
           -9644.361  606576           151
           -9644.361  268217           83
           -9644.361  813779           92
           -9644.361  654136           167
           -9644.361  168762           200
           -9644.361  292884           103
           -9644.361  673496           218
           -9644.361  76451            211
           -9644.361  570782           193
           -9644.361  752769           253
           -9644.361  136842           58
           -9644.361  963053           43



THE BEST LOGLIKELIHOOD VALUE HAS BEEN REPLICATED.  RERUN WITH AT LEAST TWICE THE
RANDOM STARTS TO CHECK THAT THE BEST LOGLIKELIHOOD IS STILL OBTAINED AND REPLICATED.


THE MODEL ESTIMATION TERMINATED NORMALLY

     WARNING:  THE LATENT VARIABLE COVARIANCE MATRIX (PSI) IN CLASS 1
     IS NOT POSITIVE DEFINITE.  THIS COULD INDICATE A NEGATIVE VARIANCE/
     RESIDUAL VARIANCE FOR A LATENT VARIABLE, A CORRELATION GREATER OR EQUAL
     TO ONE BETWEEN TWO LATENT VARIABLES, OR A LINEAR DEPENDENCY AMONG MORE
     THAN TWO LATENT VARIABLES.  CHECK THE TECH4 OUTPUT FOR MORE INFORMATION.
     PROBLEM INVOLVING VARIABLE I.


     WARNING:  THE LATENT VARIABLE COVARIANCE MATRIX (PSI) IN CLASS 2
     IS NOT POSITIVE DEFINITE.  THIS COULD INDICATE A NEGATIVE VARIANCE/
     RESIDUAL VARIANCE FOR A LATENT VARIABLE, A CORRELATION GREATER OR EQUAL
     TO ONE BETWEEN TWO LATENT VARIABLES, OR A LINEAR DEPENDENCY AMONG MORE
     THAN TWO LATENT VARIABLES.  CHECK THE TECH4 OUTPUT FOR MORE INFORMATION.
     PROBLEM INVOLVING VARIABLE I.


     WARNING:  THE LATENT VARIABLE COVARIANCE MATRIX (PSI) IN CLASS 3
     IS NOT POSITIVE DEFINITE.  THIS COULD INDICATE A NEGATIVE VARIANCE/
     RESIDUAL VARIANCE FOR A LATENT VARIABLE, A CORRELATION GREATER OR EQUAL
     TO ONE BETWEEN TWO LATENT VARIABLES, OR A LINEAR DEPENDENCY AMONG MORE
     THAN TWO LATENT VARIABLES.  CHECK THE TECH4 OUTPUT FOR MORE INFORMATION.
     PROBLEM INVOLVING VARIABLE I.


     WARNING:  THE LATENT VARIABLE COVARIANCE MATRIX (PSI) IN CLASS 4
     IS NOT POSITIVE DEFINITE.  THIS COULD INDICATE A NEGATIVE VARIANCE/
     RESIDUAL VARIANCE FOR A LATENT VARIABLE, A CORRELATION GREATER OR EQUAL
     TO ONE BETWEEN TWO LATENT VARIABLES, OR A LINEAR DEPENDENCY AMONG MORE
     THAN TWO LATENT VARIABLES.  CHECK THE TECH4 OUTPUT FOR MORE INFORMATION.
     PROBLEM INVOLVING VARIABLE I.


     WARNING:  THE LATENT VARIABLE COVARIANCE MATRIX (PSI) IN CLASS 5
     IS NOT POSITIVE DEFINITE.  THIS COULD INDICATE A NEGATIVE VARIANCE/
     RESIDUAL VARIANCE FOR A LATENT VARIABLE, A CORRELATION GREATER OR EQUAL
     TO ONE BETWEEN TWO LATENT VARIABLES, OR A LINEAR DEPENDENCY AMONG MORE
     THAN TWO LATENT VARIABLES.  CHECK THE TECH4 OUTPUT FOR MORE INFORMATION.
     PROBLEM INVOLVING VARIABLE I.


     WARNING:  THE LATENT VARIABLE COVARIANCE MATRIX (PSI) IN CLASS 6
     IS NOT POSITIVE DEFINITE.  THIS COULD INDICATE A NEGATIVE VARIANCE/
     RESIDUAL VARIANCE FOR A LATENT VARIABLE, A CORRELATION GREATER OR EQUAL
     TO ONE BETWEEN TWO LATENT VARIABLES, OR A LINEAR DEPENDENCY AMONG MORE
     THAN TWO LATENT VARIABLES.  CHECK THE TECH4 OUTPUT FOR MORE INFORMATION.
     PROBLEM INVOLVING VARIABLE I.


     WARNING:  THE LATENT VARIABLE COVARIANCE MATRIX (PSI) IN CLASS 7
     IS NOT POSITIVE DEFINITE.  THIS COULD INDICATE A NEGATIVE VARIANCE/
     RESIDUAL VARIANCE FOR A LATENT VARIABLE, A CORRELATION GREATER OR EQUAL
     TO ONE BETWEEN TWO LATENT VARIABLES, OR A LINEAR DEPENDENCY AMONG MORE
     THAN TWO LATENT VARIABLES.  CHECK THE TECH4 OUTPUT FOR MORE INFORMATION.
     PROBLEM INVOLVING VARIABLE I.




MODEL FIT INFORMATION

Number of Free Parameters                       23

Loglikelihood

          H0 Value                       -9499.835
          H0 Scaling Correction Factor      1.4009
            for MLR

Information Criteria

          Akaike (AIC)                   19045.670
          Bayesian (BIC)                 19179.715
          Sample-Size Adjusted BIC       19106.638
            (n* = (n + 2) / 24)



FINAL CLASS COUNTS AND PROPORTIONS FOR THE LATENT CLASSES
BASED ON THE ESTIMATED MODEL

    Latent
   Classes

       1        408.86920          0.16290
       2        117.10995          0.04666
       3        386.11167          0.15383
       4        848.64595          0.33811
       5        112.06182          0.04465
       6          2.01030          0.00080
       7        635.19112          0.25306


FINAL CLASS COUNTS AND PROPORTIONS FOR THE LATENT CLASSES
BASED ON ESTIMATED POSTERIOR PROBABILITIES

    Latent
   Classes

       1        408.86920          0.16290
       2        117.10995          0.04666
       3        386.11167          0.15383
       4        848.64595          0.33811
       5        112.06182          0.04465
       6          2.01030          0.00080
       7        635.19112          0.25306


FINAL CLASS COUNTS AND PROPORTIONS FOR THE LATENT CLASSES
BASED ON THEIR MOST LIKELY LATENT CLASS MEMBERSHIP

Class Counts and Proportions

    Latent
   Classes

       1              406          0.16175
       2              109          0.04343
       3              368          0.14661
       4              879          0.35020
       5              111          0.04422
       6                2          0.00080
       7              635          0.25299


CLASSIFICATION QUALITY

     Entropy                         0.820


Average Latent Class Probabilities for Most Likely Latent Class Membership (Row)
by Latent Class (Column)

           1        2        3        4        5        6        7

    1   0.864    0.057    0.000    0.000    0.000    0.000    0.078
    2   0.138    0.862    0.000    0.000    0.000    0.000    0.000
    3   0.000    0.000    0.858    0.107    0.034    0.000    0.000
    4   0.000    0.000    0.067    0.852    0.000    0.000    0.081
    5   0.000    0.000    0.104    0.000    0.896    0.000    0.000
    6   0.000    0.000    0.000    0.000    0.000    1.000    0.000
    7   0.067    0.000    0.000    0.095    0.000    0.000    0.837


Classification Probabilities for the Most Likely Latent Class Membership (Column)
by Latent Class (Row)

           1        2        3        4        5        6        7

    1   0.858    0.037    0.000    0.000    0.000    0.000    0.105
    2   0.197    0.802    0.000    0.000    0.000    0.000    0.000
    3   0.000    0.000    0.818    0.152    0.030    0.000    0.000
    4   0.000    0.000    0.047    0.882    0.000    0.000    0.071
    5   0.000    0.000    0.113    0.000    0.887    0.000    0.000
    6   0.000    0.000    0.000    0.004    0.001    0.995    0.000
    7   0.050    0.000    0.000    0.113    0.000    0.000    0.837


Logits for the Classification Probabilities for the Most Likely Latent Class Membership (Column)
by Latent Class (Row)

              1        2        3        4        5        6        7

    1      2.104   -1.046  -11.559   -6.729  -11.559  -11.559    0.000
    2      6.363    7.766   -5.830   -5.830   -5.830   -5.830    0.000
    3     -4.333   -4.333    9.282    7.599    5.976   -4.333    0.000
    4     -7.056  -11.172   -0.422    2.519   -8.599  -11.172    0.000
    5      0.000    0.000   11.633    5.583   13.696    0.000    0.000
    6     -4.300   -4.300    0.548    3.940    2.734    9.510    0.000
    7     -2.815  -10.948  -10.325   -2.006  -13.638  -13.638    0.000


MODEL RESULTS

                                                    Two-Tailed
                    Estimate       S.E.  Est./S.E.    P-Value

Latent Class 1

 I        BY
    Y1                 1.000      0.000    999.000    999.000
    Y2                 1.000      0.000    999.000    999.000
    Y3                 1.000      0.000    999.000    999.000

 S        BY
    Y1                 0.000      0.000    999.000    999.000
    Y2                 4.000      0.000    999.000    999.000
    Y3                 8.000      0.000    999.000    999.000

 S        WITH
    I                  0.037      0.003     12.478      0.000

 Means
    I                  1.549      0.063     24.654      0.000
    S                 -0.011      0.009     -1.282      0.200

 Intercepts
    Y1                10.404      0.097    107.210      0.000
    Y2                 9.821      0.096    101.908      0.000
    Y3                 9.313      0.099     94.074      0.000

 Variances
    I                  0.000      0.000    999.000    999.000
    S                  0.000      0.000    999.000    999.000

 Residual Variances
    Y1                 0.284      0.009     31.320      0.000
    Y2                 0.284      0.009     31.320      0.000
    Y3                 0.284      0.009     31.320      0.000

Latent Class 2

 I        BY
    Y1                 1.000      0.000    999.000    999.000
    Y2                 1.000      0.000    999.000    999.000
    Y3                 1.000      0.000    999.000    999.000

 S        BY
    Y1                 0.000      0.000    999.000    999.000
    Y2                 4.000      0.000    999.000    999.000
    Y3                 8.000      0.000    999.000    999.000

 S        WITH
    I                  0.037      0.003     12.478      0.000

 Means
    I                  2.943      0.115     25.613      0.000
    S                  0.001      0.012      0.057      0.955

 Intercepts
    Y1                10.404      0.097    107.210      0.000
    Y2                 9.821      0.096    101.908      0.000
    Y3                 9.313      0.099     94.074      0.000

 Variances
    I                  0.000      0.000    999.000    999.000
    S                  0.000      0.000    999.000    999.000

 Residual Variances
    Y1                 0.284      0.009     31.320      0.000
    Y2                 0.284      0.009     31.320      0.000
    Y3                 0.284      0.009     31.320      0.000

Latent Class 3

 I        BY
    Y1                 1.000      0.000    999.000    999.000
    Y2                 1.000      0.000    999.000    999.000
    Y3                 1.000      0.000    999.000    999.000

 S        BY
    Y1                 0.000      0.000    999.000    999.000
    Y2                 4.000      0.000    999.000    999.000
    Y3                 8.000      0.000    999.000    999.000

 S        WITH
    I                  0.037      0.003     12.478      0.000

 Means
    I                 -2.821      0.101    -27.950      0.000
    S                 -0.003      0.010     -0.357      0.721

 Intercepts
    Y1                10.404      0.097    107.210      0.000
    Y2                 9.821      0.096    101.908      0.000
    Y3                 9.313      0.099     94.074      0.000

 Variances
    I                  0.000      0.000    999.000    999.000
    S                  0.000      0.000    999.000    999.000

 Residual Variances
    Y1                 0.284      0.009     31.320      0.000
    Y2                 0.284      0.009     31.320      0.000
    Y3                 0.284      0.009     31.320      0.000

Latent Class 4

 I        BY
    Y1                 1.000      0.000    999.000    999.000
    Y2                 1.000      0.000    999.000    999.000
    Y3                 1.000      0.000    999.000    999.000

 S        BY
    Y1                 0.000      0.000    999.000    999.000
    Y2                 4.000      0.000    999.000    999.000
    Y3                 8.000      0.000    999.000    999.000

 S        WITH
    I                  0.037      0.003     12.478      0.000

 Means
    I                 -1.412      0.052    -27.018      0.000
    S                  0.010      0.007      1.404      0.160

 Intercepts
    Y1                10.404      0.097    107.210      0.000
    Y2                 9.821      0.096    101.908      0.000
    Y3                 9.313      0.099     94.074      0.000

 Variances
    I                  0.000      0.000    999.000    999.000
    S                  0.000      0.000    999.000    999.000

 Residual Variances
    Y1                 0.284      0.009     31.320      0.000
    Y2                 0.284      0.009     31.320      0.000
    Y3                 0.284      0.009     31.320      0.000

Latent Class 5

 I        BY
    Y1                 1.000      0.000    999.000    999.000
    Y2                 1.000      0.000    999.000    999.000
    Y3                 1.000      0.000    999.000    999.000

 S        BY
    Y1                 0.000      0.000    999.000    999.000
    Y2                 4.000      0.000    999.000    999.000
    Y3                 8.000      0.000    999.000    999.000

 S        WITH
    I                  0.037      0.003     12.478      0.000

 Means
    I                 -4.543      0.150    -30.195      0.000
    S                  0.040      0.017      2.400      0.016

 Intercepts
    Y1                10.404      0.097    107.210      0.000
    Y2                 9.821      0.096    101.908      0.000
    Y3                 9.313      0.099     94.074      0.000

 Variances
    I                  0.000      0.000    999.000    999.000
    S                  0.000      0.000    999.000    999.000

 Residual Variances
    Y1                 0.284      0.009     31.320      0.000
    Y2                 0.284      0.009     31.320      0.000
    Y3                 0.284      0.009     31.320      0.000

Latent Class 6

 I        BY
    Y1                 1.000      0.000    999.000    999.000
    Y2                 1.000      0.000    999.000    999.000
    Y3                 1.000      0.000    999.000    999.000

 S        BY
    Y1                 0.000      0.000    999.000    999.000
    Y2                 4.000      0.000    999.000    999.000
    Y3                 8.000      0.000    999.000    999.000

 S        WITH
    I                  0.037      0.003     12.478      0.000

 Means
    I                 -5.561      0.614     -9.057      0.000
    S                  0.958      0.019     49.520      0.000

 Intercepts
    Y1                10.404      0.097    107.210      0.000
    Y2                 9.821      0.096    101.908      0.000
    Y3                 9.313      0.099     94.074      0.000

 Variances
    I                  0.000      0.000    999.000    999.000
    S                  0.000      0.000    999.000    999.000

 Residual Variances
    Y1                 0.284      0.009     31.320      0.000
    Y2                 0.284      0.009     31.320      0.000
    Y3                 0.284      0.009     31.320      0.000

Latent Class 7

 I        BY
    Y1                 1.000      0.000    999.000    999.000
    Y2                 1.000      0.000    999.000    999.000
    Y3                 1.000      0.000    999.000    999.000

 S        BY
    Y1                 0.000      0.000    999.000    999.000
    Y2                 4.000      0.000    999.000    999.000
    Y3                 8.000      0.000    999.000    999.000

 S        WITH
    I                  0.037      0.003     12.478      0.000

 Means
    I                  0.000      0.000    999.000    999.000
    S                  0.000      0.000    999.000    999.000

 Intercepts
    Y1                10.404      0.097    107.210      0.000
    Y2                 9.821      0.096    101.908      0.000
    Y3                 9.313      0.099     94.074      0.000

 Variances
    I                  0.000      0.000    999.000    999.000
    S                  0.000      0.000    999.000    999.000

 Residual Variances
    Y1                 0.284      0.009     31.320      0.000
    Y2                 0.284      0.009     31.320      0.000
    Y3                 0.284      0.009     31.320      0.000

Categorical Latent Variables

 Means
    C#1               -0.441      0.086     -5.095      0.000
    C#2               -1.691      0.210     -8.038      0.000
    C#3               -0.498      0.147     -3.380      0.001
    C#4                0.290      0.087      3.313      0.001
    C#5               -1.735      0.221     -7.851      0.000
    C#6               -5.756      0.710     -8.106      0.000


QUALITY OF NUMERICAL RESULTS

     Condition Number for the Information Matrix              0.528E-07
       (ratio of smallest to largest eigenvalue)


TECHNICAL 11 OUTPUT

     Random Starts Specifications for the k-1 Class Analysis Model
        Number of initial stage random starts                 300
        Number of final stage optimizations                    50



     VUONG-LO-MENDELL-RUBIN LIKELIHOOD RATIO TEST FOR 6 (H0) VERSUS 7 CLASSES

          H0 Loglikelihood Value                        -9555.359
          2 Times the Loglikelihood Difference            111.048
          Difference in the Number of Parameters                3
          Mean                                            -11.721
          Standard Deviation                               33.310
          P-Value                                          0.0000

     LO-MENDELL-RUBIN ADJUSTED LRT TEST

          Value                                           106.513
          P-Value                                          0.0000


TECHNICAL 14 OUTPUT

     Random Starts Specifications for the k-1 Class Analysis Model
        Number of initial stage random starts                 300
        Number of final stage optimizations                    50

     Random Starts Specification for the k-1 Class Model for Generated Data
        Number of initial stage random starts                   0
        Number of final stage optimizations for the
           initial stage random starts                          0
     Random Starts Specification for the k Class Model for Generated Data
        Number of initial stage random starts                  40
        Number of final stage optimizations                     8
     Number of bootstrap draws requested                      100


     PARAMETRIC BOOTSTRAPPED LIKELIHOOD RATIO TEST FOR 6 (H0) VERSUS 7 CLASSES

          H0 Loglikelihood Value                        -9555.359
          2 Times the Loglikelihood Difference            111.048
          Difference in the Number of Parameters                3
          Approximate P-Value                              0.0000
          Successful Bootstrap Draws                           60

     WARNING:  OF THE 60 BOOTSTRAP DRAWS, 100 DRAWS HAD BOTH A SMALLER LRT VALUE THAN THE
     OBSERVED LRT VALUE AND NOT A REPLICATED BEST LOGLIKELIHOOD VALUE FOR THE 7-CLASS MODEL.
     THIS MEANS THAT THE P-VALUE MAY NOT BE TRUSTWORTHY DUE TO LOCAL MAXIMA.
     INCREASE THE NUMBER OF RANDOM STARTS USING THE LRTSTARTS OPTION.


     WARNING:  40 OUT OF 100 BOOTSTRAP DRAWS DID NOT CONVERGE.
     INCREASE THE NUMBER OF RANDOM STARTS USING THE LRTSTARTS OPTION.



     Beginning Time:  18:38:37
        Ending Time:  18:41:43
       Elapsed Time:  00:03:06



MUTHEN & MUTHEN
3463 Stoner Ave.
Los Angeles, CA  90066

Tel: (310) 391-9971
Fax: (310) 391-8971
Web: www.StatModel.com
Support: Support@StatModel.com

Copyright (c) 1998-2019 Muthen & Muthen
