Mplus VERSION 8.3
MUTHEN & MUTHEN
09/19/2026   6:31 PM

INPUT INSTRUCTIONS

  TITLE: ELSA k=6 lcga lin;
  DATA: FILE IS data/ELSA.dat;
  VARIABLE:
    NAMES ARE id y1 y2 y3;
    USEV = y1 y2 y3;
    MISSING = ALL (-999);
    CLASSES = c(6);
  ANALYSIS: TYPE = MIXTURE;
    STARTS = 300 50;
    LRTBOOTSTRAP = 100;
    PROCESSORS = 4;
  MODEL:
    %OVERALL%
    i BY y1@1 y2@1 y3@1;
    s BY y1@0 y2@4 y3@8;
    i@0 s@0;
    y1-y3 (res);
  OUTPUT: TECH11 TECH14;



INPUT READING TERMINATED NORMALLY



ELSA k=6 lcga lin;

SUMMARY OF ANALYSIS

Number of groups                                                 1
Number of observations                                        2510

Number of dependent variables                                    3
Number of independent variables                                  0
Number of continuous latent variables                            2
Number of categorical latent variables                           1

Observed dependent variables

  Continuous
   Y1          Y2          Y3

Continuous latent variables
   I           S

Categorical latent variables
   C


Estimator                                                      MLR
Information matrix                                        OBSERVED
Optimization Specifications for the Quasi-Newton Algorithm for
Continuous Outcomes
  Maximum number of iterations                                 100
  Convergence criterion                                  0.100D-05
Optimization Specifications for the EM Algorithm
  Maximum number of iterations                                 500
  Convergence criteria
    Loglikelihood change                                 0.100D-06
    Relative loglikelihood change                        0.100D-06
    Derivative                                           0.100D-05
Optimization Specifications for the M step of the EM Algorithm for
Categorical Latent variables
  Number of M step iterations                                    1
  M step convergence criterion                           0.100D-05
  Basis for M step termination                           ITERATION
Optimization Specifications for the M step of the EM Algorithm for
Censored, Binary or Ordered Categorical (Ordinal), Unordered
Categorical (Nominal) and Count Outcomes
  Number of M step iterations                                    1
  M step convergence criterion                           0.100D-05
  Basis for M step termination                           ITERATION
  Maximum value for logit thresholds                            15
  Minimum value for logit thresholds                           -15
  Minimum expected cell size for chi-square              0.100D-01
Maximum number of iterations for H1                           2000
Convergence criterion for H1                             0.100D-03
Optimization algorithm                                         EMA
Random Starts Specifications
  Number of initial stage random starts                        300
  Number of final stage optimizations                           50
  Number of initial stage iterations                            10
  Initial stage convergence criterion                    0.100D+01
  Random starts scale                                    0.500D+01
  Random seed for generating random starts                       0

Input data file(s)
  data/ELSA.dat
Input data format  FREE


SUMMARY OF DATA

     Number of missing data patterns             4
     Number of y missing data patterns           4
     Number of u missing data patterns           0


COVARIANCE COVERAGE OF DATA

Minimum covariance coverage value   0.100


     PROPORTION OF DATA PRESENT FOR Y


           Covariance Coverage
              Y1            Y2            Y3
              ________      ________      ________
 Y1             0.936
 Y2             0.857         0.922
 Y3             0.757         0.743         0.822



UNIVARIATE SAMPLE STATISTICS


     UNIVARIATE HIGHER-ORDER MOMENT DESCRIPTIVE STATISTICS

         Variable/         Mean/     Skewness/   Minimum/ % with                Percentiles
        Sample Size      Variance    Kurtosis    Maximum  Min/Max      20%/60%    40%/80%    Median

     Y1                    9.662       0.039       3.158    0.04%       8.172      9.116      9.521
            2349.000       3.398      -0.159      14.861    0.04%      10.029     11.316
     Y2                    9.115       0.011       2.901    0.04%       7.552      8.575      9.054
            2313.000       3.535      -0.139      14.518    0.04%       9.527     10.763
     Y3                    8.716       0.052       1.667    0.05%       7.162      8.199      8.625
            2062.000       3.750      -0.102      14.287    0.05%       9.120     10.358

RANDOM STARTS RESULTS RANKED FROM THE BEST TO THE WORST LOGLIKELIHOOD VALUES

Final stage loglikelihood values at local maxima, seeds, and initial stage start numbers:

           -9555.359  569833           85
           -9555.359  17359            227
           -9555.359  715561           125
           -9555.359  749453           33
           -9555.359  107446           12
           -9555.359  761633           50
           -9555.359  802779           122
           -9555.359  629320           222
           -9555.359  175199           247
           -9555.359  467339           66
           -9555.359  814975           129
           -9555.359  499150           216
           -9555.359  297518           166
           -9555.359  21345            199
           -9555.359  39136            226
           -9555.359  438144           271
           -9555.359  835767           210
           -9555.359  415502           194
           -9555.359  292884           103
           -9555.359  903420           5
           -9555.359  987090           70
           -9555.359  402224           91
           -9555.359  674171           195
           -9593.972  496881           192
           -9593.972  782200           84
           -9593.972  211281           292
           -9593.972  783110           72
           -9594.040  246575           291
           -9594.040  848163           47
           -9594.040  340112           126
           -9594.040  824126           287
           -9594.040  569131           26
           -9638.560  80438            246
           -9644.361  369602           146
           -9644.361  170118           238
           -9644.361  321390           133
           -9644.361  57226            208
           -9644.361  691234           250
           -9644.361  168762           200
           -9644.361  726035           191
           -9644.361  570782           193
           -9644.361  268217           83
           -9644.361  462953           7
           -9724.015  616917           261
           -9781.095  963053           43
           -9781.095  701525           239
           -9781.095  846194           93
           -9781.095  364676           27
           -9781.095  136842           58
           -9781.095  587946           120



THE BEST LOGLIKELIHOOD VALUE HAS BEEN REPLICATED.  RERUN WITH AT LEAST TWICE THE
RANDOM STARTS TO CHECK THAT THE BEST LOGLIKELIHOOD IS STILL OBTAINED AND REPLICATED.


THE MODEL ESTIMATION TERMINATED NORMALLY

     WARNING:  THE LATENT VARIABLE COVARIANCE MATRIX (PSI) IN CLASS 1
     IS NOT POSITIVE DEFINITE.  THIS COULD INDICATE A NEGATIVE VARIANCE/
     RESIDUAL VARIANCE FOR A LATENT VARIABLE, A CORRELATION GREATER OR EQUAL
     TO ONE BETWEEN TWO LATENT VARIABLES, OR A LINEAR DEPENDENCY AMONG MORE
     THAN TWO LATENT VARIABLES.  CHECK THE TECH4 OUTPUT FOR MORE INFORMATION.
     PROBLEM INVOLVING VARIABLE I.


     WARNING:  THE LATENT VARIABLE COVARIANCE MATRIX (PSI) IN CLASS 2
     IS NOT POSITIVE DEFINITE.  THIS COULD INDICATE A NEGATIVE VARIANCE/
     RESIDUAL VARIANCE FOR A LATENT VARIABLE, A CORRELATION GREATER OR EQUAL
     TO ONE BETWEEN TWO LATENT VARIABLES, OR A LINEAR DEPENDENCY AMONG MORE
     THAN TWO LATENT VARIABLES.  CHECK THE TECH4 OUTPUT FOR MORE INFORMATION.
     PROBLEM INVOLVING VARIABLE I.


     WARNING:  THE LATENT VARIABLE COVARIANCE MATRIX (PSI) IN CLASS 3
     IS NOT POSITIVE DEFINITE.  THIS COULD INDICATE A NEGATIVE VARIANCE/
     RESIDUAL VARIANCE FOR A LATENT VARIABLE, A CORRELATION GREATER OR EQUAL
     TO ONE BETWEEN TWO LATENT VARIABLES, OR A LINEAR DEPENDENCY AMONG MORE
     THAN TWO LATENT VARIABLES.  CHECK THE TECH4 OUTPUT FOR MORE INFORMATION.
     PROBLEM INVOLVING VARIABLE I.


     WARNING:  THE LATENT VARIABLE COVARIANCE MATRIX (PSI) IN CLASS 4
     IS NOT POSITIVE DEFINITE.  THIS COULD INDICATE A NEGATIVE VARIANCE/
     RESIDUAL VARIANCE FOR A LATENT VARIABLE, A CORRELATION GREATER OR EQUAL
     TO ONE BETWEEN TWO LATENT VARIABLES, OR A LINEAR DEPENDENCY AMONG MORE
     THAN TWO LATENT VARIABLES.  CHECK THE TECH4 OUTPUT FOR MORE INFORMATION.
     PROBLEM INVOLVING VARIABLE I.


     WARNING:  THE LATENT VARIABLE COVARIANCE MATRIX (PSI) IN CLASS 5
     IS NOT POSITIVE DEFINITE.  THIS COULD INDICATE A NEGATIVE VARIANCE/
     RESIDUAL VARIANCE FOR A LATENT VARIABLE, A CORRELATION GREATER OR EQUAL
     TO ONE BETWEEN TWO LATENT VARIABLES, OR A LINEAR DEPENDENCY AMONG MORE
     THAN TWO LATENT VARIABLES.  CHECK THE TECH4 OUTPUT FOR MORE INFORMATION.
     PROBLEM INVOLVING VARIABLE I.


     WARNING:  THE LATENT VARIABLE COVARIANCE MATRIX (PSI) IN CLASS 6
     IS NOT POSITIVE DEFINITE.  THIS COULD INDICATE A NEGATIVE VARIANCE/
     RESIDUAL VARIANCE FOR A LATENT VARIABLE, A CORRELATION GREATER OR EQUAL
     TO ONE BETWEEN TWO LATENT VARIABLES, OR A LINEAR DEPENDENCY AMONG MORE
     THAN TWO LATENT VARIABLES.  CHECK THE TECH4 OUTPUT FOR MORE INFORMATION.
     PROBLEM INVOLVING VARIABLE I.




MODEL FIT INFORMATION

Number of Free Parameters                       20

Loglikelihood

          H0 Value                       -9555.359
          H0 Scaling Correction Factor      1.5677
            for MLR

Information Criteria

          Akaike (AIC)                   19150.718
          Bayesian (BIC)                 19267.279
          Sample-Size Adjusted BIC       19203.734
            (n* = (n + 2) / 24)



FINAL CLASS COUNTS AND PROPORTIONS FOR THE LATENT CLASSES
BASED ON THE ESTIMATED MODEL

    Latent
   Classes

       1        410.36652          0.16349
       2        381.11820          0.15184
       3        108.54724          0.04325
       4        116.00672          0.04622
       5        639.01017          0.25459
       6        854.95115          0.34062


FINAL CLASS COUNTS AND PROPORTIONS FOR THE LATENT CLASSES
BASED ON ESTIMATED POSTERIOR PROBABILITIES

    Latent
   Classes

       1        410.36652          0.16349
       2        381.11820          0.15184
       3        108.54724          0.04325
       4        116.00672          0.04622
       5        639.01017          0.25459
       6        854.95115          0.34062


FINAL CLASS COUNTS AND PROPORTIONS FOR THE LATENT CLASSES
BASED ON THEIR MOST LIKELY LATENT CLASS MEMBERSHIP

Class Counts and Proportions

    Latent
   Classes

       1              407          0.16215
       2              363          0.14462
       3              108          0.04303
       4              109          0.04343
       5              637          0.25378
       6              886          0.35299


CLASSIFICATION QUALITY

     Entropy                         0.802


Average Latent Class Probabilities for Most Likely Latent Class Membership (Row)
by Latent Class (Column)

           1        2        3        4        5        6

    1   0.862    0.000    0.000    0.056    0.081    0.000
    2   0.000    0.857    0.035    0.000    0.000    0.109
    3   0.000    0.112    0.888    0.000    0.000    0.000
    4   0.147    0.000    0.000    0.853    0.000    0.000
    5   0.068    0.000    0.000    0.000    0.835    0.096
    6   0.000    0.066    0.000    0.000    0.083    0.851


Classification Probabilities for the Most Likely Latent Class Membership (Column)
by Latent Class (Row)

           1        2        3        4        5        6

    1   0.855    0.000    0.000    0.039    0.106    0.000
    2   0.000    0.816    0.032    0.000    0.000    0.152
    3   0.000    0.116    0.884    0.000    0.000    0.000
    4   0.198    0.000    0.000    0.802    0.000    0.000
    5   0.052    0.000    0.000    0.000    0.833    0.115
    6   0.000    0.046    0.000    0.000    0.072    0.882


Logits for the Classification Probabilities for the Most Likely Latent Class Membership (Column)
by Latent Class (Row)

              1        2        3        4        5        6

    1      8.745   -4.914   -4.914    5.656    6.655    0.000
    2    -11.935    1.678   -1.573  -11.935   -7.641    0.000
    3     -5.976    5.683    7.716   -5.976   -5.976    0.000
    4     12.196    0.000    0.000   13.595    5.901    0.000
    5     -0.803   -8.204  -11.657   -8.883    1.976    0.000
    6     -9.511   -2.950  -11.413  -13.690   -2.508    0.000


MODEL RESULTS

                                                    Two-Tailed
                    Estimate       S.E.  Est./S.E.    P-Value

Latent Class 1

 I        BY
    Y1                 1.000      0.000    999.000    999.000
    Y2                 1.000      0.000    999.000    999.000
    Y3                 1.000      0.000    999.000    999.000

 S        BY
    Y1                 0.000      0.000    999.000    999.000
    Y2                 4.000      0.000    999.000    999.000
    Y3                 8.000      0.000    999.000    999.000

 S        WITH
    I                  0.038      0.003     14.018      0.000

 Means
    I                  2.973      0.087     34.210      0.000
    S                 -0.021      0.007     -2.835      0.005

 Intercepts
    Y1                 8.980      0.089    100.485      0.000
    Y2                 8.436      0.090     93.498      0.000
    Y3                 7.970      0.092     86.614      0.000

 Variances
    I                  0.000      0.000    999.000    999.000
    S                  0.000      0.000    999.000    999.000

 Residual Variances
    Y1                 0.293      0.011     26.429      0.000
    Y2                 0.293      0.011     26.429      0.000
    Y3                 0.293      0.011     26.429      0.000

Latent Class 2

 I        BY
    Y1                 1.000      0.000    999.000    999.000
    Y2                 1.000      0.000    999.000    999.000
    Y3                 1.000      0.000    999.000    999.000

 S        BY
    Y1                 0.000      0.000    999.000    999.000
    Y2                 4.000      0.000    999.000    999.000
    Y3                 8.000      0.000    999.000    999.000

 S        WITH
    I                  0.038      0.003     14.018      0.000

 Means
    I                 -1.423      0.076    -18.744      0.000
    S                 -0.015      0.010     -1.452      0.146

 Intercepts
    Y1                 8.980      0.089    100.485      0.000
    Y2                 8.436      0.090     93.498      0.000
    Y3                 7.970      0.092     86.614      0.000

 Variances
    I                  0.000      0.000    999.000    999.000
    S                  0.000      0.000    999.000    999.000

 Residual Variances
    Y1                 0.293      0.011     26.429      0.000
    Y2                 0.293      0.011     26.429      0.000
    Y3                 0.293      0.011     26.429      0.000

Latent Class 3

 I        BY
    Y1                 1.000      0.000    999.000    999.000
    Y2                 1.000      0.000    999.000    999.000
    Y3                 1.000      0.000    999.000    999.000

 S        BY
    Y1                 0.000      0.000    999.000    999.000
    Y2                 4.000      0.000    999.000    999.000
    Y3                 8.000      0.000    999.000    999.000

 S        WITH
    I                  0.038      0.003     14.018      0.000

 Means
    I                 -3.156      0.136    -23.121      0.000
    S                  0.045      0.024      1.878      0.060

 Intercepts
    Y1                 8.980      0.089    100.485      0.000
    Y2                 8.436      0.090     93.498      0.000
    Y3                 7.970      0.092     86.614      0.000

 Variances
    I                  0.000      0.000    999.000    999.000
    S                  0.000      0.000    999.000    999.000

 Residual Variances
    Y1                 0.293      0.011     26.429      0.000
    Y2                 0.293      0.011     26.429      0.000
    Y3                 0.293      0.011     26.429      0.000

Latent Class 4

 I        BY
    Y1                 1.000      0.000    999.000    999.000
    Y2                 1.000      0.000    999.000    999.000
    Y3                 1.000      0.000    999.000    999.000

 S        BY
    Y1                 0.000      0.000    999.000    999.000
    Y2                 4.000      0.000    999.000    999.000
    Y3                 8.000      0.000    999.000    999.000

 S        WITH
    I                  0.038      0.003     14.018      0.000

 Means
    I                  4.369      0.131     33.394      0.000
    S                 -0.009      0.012     -0.740      0.459

 Intercepts
    Y1                 8.980      0.089    100.485      0.000
    Y2                 8.436      0.090     93.498      0.000
    Y3                 7.970      0.092     86.614      0.000

 Variances
    I                  0.000      0.000    999.000    999.000
    S                  0.000      0.000    999.000    999.000

 Residual Variances
    Y1                 0.293      0.011     26.429      0.000
    Y2                 0.293      0.011     26.429      0.000
    Y3                 0.293      0.011     26.429      0.000

Latent Class 5

 I        BY
    Y1                 1.000      0.000    999.000    999.000
    Y2                 1.000      0.000    999.000    999.000
    Y3                 1.000      0.000    999.000    999.000

 S        BY
    Y1                 0.000      0.000    999.000    999.000
    Y2                 4.000      0.000    999.000    999.000
    Y3                 8.000      0.000    999.000    999.000

 S        WITH
    I                  0.038      0.003     14.018      0.000

 Means
    I                  1.418      0.053     26.730      0.000
    S                 -0.010      0.007     -1.476      0.140

 Intercepts
    Y1                 8.980      0.089    100.485      0.000
    Y2                 8.436      0.090     93.498      0.000
    Y3                 7.970      0.092     86.614      0.000

 Variances
    I                  0.000      0.000    999.000    999.000
    S                  0.000      0.000    999.000    999.000

 Residual Variances
    Y1                 0.293      0.011     26.429      0.000
    Y2                 0.293      0.011     26.429      0.000
    Y3                 0.293      0.011     26.429      0.000

Latent Class 6

 I        BY
    Y1                 1.000      0.000    999.000    999.000
    Y2                 1.000      0.000    999.000    999.000
    Y3                 1.000      0.000    999.000    999.000

 S        BY
    Y1                 0.000      0.000    999.000    999.000
    Y2                 4.000      0.000    999.000    999.000
    Y3                 8.000      0.000    999.000    999.000

 S        WITH
    I                  0.038      0.003     14.018      0.000

 Means
    I                  0.000      0.000    999.000    999.000
    S                  0.000      0.000    999.000    999.000

 Intercepts
    Y1                 8.980      0.089    100.485      0.000
    Y2                 8.436      0.090     93.498      0.000
    Y3                 7.970      0.092     86.614      0.000

 Variances
    I                  0.000      0.000    999.000    999.000
    S                  0.000      0.000    999.000    999.000

 Residual Variances
    Y1                 0.293      0.011     26.429      0.000
    Y2                 0.293      0.011     26.429      0.000
    Y3                 0.293      0.011     26.429      0.000

Categorical Latent Variables

 Means
    C#1               -0.734      0.093     -7.866      0.000
    C#2               -0.808      0.119     -6.772      0.000
    C#3               -2.064      0.214     -9.665      0.000
    C#4               -1.997      0.230     -8.690      0.000
    C#5               -0.291      0.089     -3.285      0.001


QUALITY OF NUMERICAL RESULTS

     Condition Number for the Information Matrix              0.509E-04
       (ratio of smallest to largest eigenvalue)


TECHNICAL 11 OUTPUT

     Random Starts Specifications for the k-1 Class Analysis Model
        Number of initial stage random starts                 300
        Number of final stage optimizations                    50



     VUONG-LO-MENDELL-RUBIN LIKELIHOOD RATIO TEST FOR 5 (H0) VERSUS 6 CLASSES

          H0 Loglikelihood Value                        -9644.361
          2 Times the Loglikelihood Difference            178.005
          Difference in the Number of Parameters                3
          Mean                                            -11.375
          Standard Deviation                               50.726
          P-Value                                          0.0003

     LO-MENDELL-RUBIN ADJUSTED LRT TEST

          Value                                           170.735
          P-Value                                          0.0004


TECHNICAL 14 OUTPUT

     Random Starts Specifications for the k-1 Class Analysis Model
        Number of initial stage random starts                 300
        Number of final stage optimizations                    50

     Random Starts Specification for the k-1 Class Model for Generated Data
        Number of initial stage random starts                   0
        Number of final stage optimizations for the
           initial stage random starts                          0
     Random Starts Specification for the k Class Model for Generated Data
        Number of initial stage random starts                  40
        Number of final stage optimizations                     8
     Number of bootstrap draws requested                      100


     PARAMETRIC BOOTSTRAPPED LIKELIHOOD RATIO TEST FOR 5 (H0) VERSUS 6 CLASSES

          H0 Loglikelihood Value                        -9644.361
          2 Times the Loglikelihood Difference            178.005
          Difference in the Number of Parameters                3
          Approximate P-Value                              0.0000
          Successful Bootstrap Draws                           98

     WARNING:  OF THE 98 BOOTSTRAP DRAWS, 72 DRAWS HAD BOTH A SMALLER LRT VALUE THAN THE
     OBSERVED LRT VALUE AND NOT A REPLICATED BEST LOGLIKELIHOOD VALUE FOR THE 6-CLASS MODEL.
     THIS MEANS THAT THE P-VALUE MAY NOT BE TRUSTWORTHY DUE TO LOCAL MAXIMA.
     INCREASE THE NUMBER OF RANDOM STARTS USING THE LRTSTARTS OPTION.


     WARNING:  2 OUT OF 100 BOOTSTRAP DRAWS DID NOT CONVERGE.
     INCREASE THE NUMBER OF RANDOM STARTS USING THE LRTSTARTS OPTION.



     Beginning Time:  18:31:25
        Ending Time:  18:34:04
       Elapsed Time:  00:02:39



MUTHEN & MUTHEN
3463 Stoner Ave.
Los Angeles, CA  90066

Tel: (310) 391-9971
Fax: (310) 391-8971
Web: www.StatModel.com
Support: Support@StatModel.com

Copyright (c) 1998-2019 Muthen & Muthen
