Mplus VERSION 8.3
MUTHEN & MUTHEN
09/22/2026  12:02 PM

INPUT INSTRUCTIONS

  TITLE: CHARLS k=1 lgcm lin;
  DATA: FILE IS data/CHARLS_train.dat;
  VARIABLE:
    NAMES ARE id y1 y2 y3;
    USEV = y1 y2 y3;
    MISSING = ALL (-999);
  ANALYSIS: TYPE = GENERAL;
    STARTS = 1;
    PROCESSORS = 4;
  MODEL:
    i BY y1@1 y2@1 y3@1;
    s BY y1@0 y2@2 y3@5;
    y1-y3 (res);



*** WARNING
  Data set contains cases with missing on all variables.
  These cases were not included in the analysis.
  Number of cases with missing on all variables:  73
   1 WARNING(S) FOUND IN THE INPUT INSTRUCTIONS



CHARLS k=1 lgcm lin;

SUMMARY OF ANALYSIS

Number of groups                                                 1
Number of observations                                        1647

Number of dependent variables                                    3
Number of independent variables                                  0
Number of continuous latent variables                            2

Observed dependent variables

  Continuous
   Y1          Y2          Y3

Continuous latent variables
   I           S


Estimator                                                       ML
Information matrix                                        OBSERVED
Maximum number of iterations                                  1000
Convergence criterion                                    0.500D-04
Maximum number of steepest descent iterations                   20
Maximum number of iterations for H1                           2000
Convergence criterion for H1                             0.100D-03
Random Starts Specifications
  Number of random starts                                        1
  Random starts scale                                    0.500D+01

Input data file(s)
  data/CHARLS_train.dat

Input data format  FREE


SUMMARY OF DATA

     Number of missing data patterns             7


COVARIANCE COVERAGE OF DATA

Minimum covariance coverage value   0.100


     PROPORTION OF DATA PRESENT


           Covariance Coverage
              Y1            Y2            Y3
              ________      ________      ________
 Y1             0.920
 Y2             0.845         0.906
 Y3             0.792         0.808         0.859



UNIVARIATE SAMPLE STATISTICS


     UNIVARIATE HIGHER-ORDER MOMENT DESCRIPTIVE STATISTICS

         Variable/         Mean/     Skewness/   Minimum/ % with                Percentiles
        Sample Size      Variance    Kurtosis    Maximum  Min/Max      20%/60%    40%/80%    Median

     Y1                    0.759       1.868       0.000   59.37%       0.000      0.000      0.000
            1516.000       1.373       3.811       7.000    0.20%       1.000      1.000
     Y2                    0.814       1.904       0.000   57.17%       0.000      0.000      0.000
            1492.000       1.525       3.980       7.000    0.34%       1.000      2.000
     Y3                    1.074       1.641       0.000   49.08%       0.000      0.000      1.000
            1414.000       2.111       2.542       7.000    0.64%       1.000      2.000


RANDOM STARTS RESULTS RANKED FROM THE BEST TO THE WORST FIT FUNCTION VALUES

Fit function values at local maxima and random start numbers:

              2.1667         1
              2.1667         unperturbed



MODEL FIT INFORMATION

Number of Free Parameters                        7

Loglikelihood

          H0 Value                       -7021.537
          H1 Value                       -7020.454

Information Criteria

          Akaike (AIC)                   14057.075
          Bayesian (BIC)                 14094.922
          Sample-Size Adjusted BIC       14072.684
            (n* = (n + 2) / 24)

Chi-Square Test of Model Fit

          Value                              2.167
          Degrees of Freedom                     2
          P-Value                           0.3385

RMSEA (Root Mean Square Error Of Approximation)

          Estimate                           0.007
          90 Percent C.I.                    0.000  0.050
          Probability RMSEA <= .05           0.950

CFI/TLI

          CFI                                1.000
          TLI                                1.000

Chi-Square Test of Model Fit for the Baseline Model

          Value                            674.496
          Degrees of Freedom                     3
          P-Value                           0.0000

SRMR (Standardized Root Mean Square Residual)

          Value                              0.011



MODEL RESULTS

                                                    Two-Tailed
                    Estimate       S.E.  Est./S.E.    P-Value

 I        BY
    Y1                 1.000      0.000    999.000    999.000
    Y2                 1.000      0.000    999.000    999.000
    Y3                 1.000      0.000    999.000    999.000

 S        BY
    Y1                 0.000      0.000    999.000    999.000
    Y2                 2.000      0.000    999.000    999.000
    Y3                 5.000      0.000    999.000    999.000

 S        WITH
    I                  0.027      0.011      2.388      0.017

 Intercepts
    Y1                 0.753      0.030     25.288      0.000
    Y2                 0.807      0.032     25.269      0.000
    Y3                 1.107      0.038     28.937      0.000

 Variances
    I                  0.530      0.050     10.712      0.000
    S                  0.020      0.004      4.800      0.000

 Residual Variances
    Y1                 0.835      0.032     26.072      0.000
    Y2                 0.835      0.032     26.072      0.000
    Y3                 0.835      0.032     26.072      0.000


QUALITY OF NUMERICAL RESULTS

     Condition Number for the Information Matrix              0.255E-02
       (ratio of smallest to largest eigenvalue)


     Beginning Time:  12:02:18
        Ending Time:  12:02:19
       Elapsed Time:  00:00:01



MUTHEN & MUTHEN
3463 Stoner Ave.
Los Angeles, CA  90066

Tel: (310) 391-9971
Fax: (310) 391-8971
Web: www.StatModel.com
Support: Support@StatModel.com

Copyright (c) 1998-2019 Muthen & Muthen
