Mplus VERSION 8.3
MUTHEN & MUTHEN
09/22/2026  12:02 PM

INPUT INSTRUCTIONS

  TITLE: HRS k=1 lgcm lin;
  DATA: FILE IS data/HRS_train.dat;
  VARIABLE:
    NAMES ARE id y1 y2 y3 y4 y5 y6;
    USEV = y1 y2 y3 y4 y5 y6;
    MISSING = ALL (-999);
  ANALYSIS: TYPE = GENERAL;
    STARTS = 1;
    PROCESSORS = 4;
  MODEL:
    i BY y1@1 y2@1 y3@1 y4@1 y5@1 y6@1;
    s BY y1@0 y2@2 y3@4 y4@6 y5@8 y6@10;
    y1-y6 (res);



*** WARNING
  Data set contains cases with missing on all variables.
  These cases were not included in the analysis.
  Number of cases with missing on all variables:  57
   1 WARNING(S) FOUND IN THE INPUT INSTRUCTIONS



HRS k=1 lgcm lin;

SUMMARY OF ANALYSIS

Number of groups                                                 1
Number of observations                                        1576

Number of dependent variables                                    6
Number of independent variables                                  0
Number of continuous latent variables                            2

Observed dependent variables

  Continuous
   Y1          Y2          Y3          Y4          Y5          Y6

Continuous latent variables
   I           S


Estimator                                                       ML
Information matrix                                        OBSERVED
Maximum number of iterations                                  1000
Convergence criterion                                    0.500D-04
Maximum number of steepest descent iterations                   20
Maximum number of iterations for H1                           2000
Convergence criterion for H1                             0.100D-03
Random Starts Specifications
  Number of random starts                                        1
  Random starts scale                                    0.500D+01

Input data file(s)
  data/HRS_train.dat

Input data format  FREE


SUMMARY OF DATA

     Number of missing data patterns            32


COVARIANCE COVERAGE OF DATA

Minimum covariance coverage value   0.100


     PROPORTION OF DATA PRESENT


           Covariance Coverage
              Y1            Y2            Y3            Y4            Y5
              ________      ________      ________      ________      ________
 Y1             0.980
 Y2             0.914         0.930
 Y3             0.867         0.871         0.883
 Y4             0.815         0.817         0.813         0.827
 Y5             0.721         0.723         0.721         0.723         0.731
 Y6             0.618         0.620         0.617         0.621         0.617


           Covariance Coverage
              Y6
              ________
 Y6             0.624



UNIVARIATE SAMPLE STATISTICS


     UNIVARIATE HIGHER-ORDER MOMENT DESCRIPTIVE STATISTICS

         Variable/         Mean/     Skewness/   Minimum/ % with                Percentiles
        Sample Size      Variance    Kurtosis    Maximum  Min/Max      20%/60%    40%/80%    Median

     Y1                    0.532       2.393       0.000   68.98%       0.000      0.000      0.000
            1544.000       0.980       6.755       7.000    0.13%       0.000      1.000
     Y2                    0.769       2.163       0.000   61.98%       0.000      0.000      0.000
            1465.000       1.679       4.945       7.000    0.34%       0.000      1.000
     Y3                    0.811       2.113       0.000   60.68%       0.000      0.000      0.000
            1391.000       1.823       4.525       7.000    0.50%       0.000      1.000
     Y4                    1.030       1.805       0.000   54.75%       0.000      0.000      0.000
            1304.000       2.406       2.899       7.000    1.00%       1.000      2.000
     Y5                    1.036       1.622       0.000   55.03%       0.000      0.000      0.000
            1152.000       2.277       2.135       7.000    0.52%       1.000      2.000
     Y6                    1.279       1.420       0.000   45.43%       0.000      0.000      1.000
             984.000       2.655       1.538       7.000    1.42%       1.000      2.000


RANDOM STARTS RESULTS RANKED FROM THE BEST TO THE WORST FIT FUNCTION VALUES

Fit function values at local maxima and random start numbers:

            284.8942         1
            284.8942         unperturbed



MODEL FIT INFORMATION

Number of Free Parameters                       10

Loglikelihood

          H0 Value                      -12148.098
          H1 Value                      -12005.651

Information Criteria

          Akaike (AIC)                   24316.196
          Bayesian (BIC)                 24369.823
          Sample-Size Adjusted BIC       24338.055
            (n* = (n + 2) / 24)

Chi-Square Test of Model Fit

          Value                            284.894
          Degrees of Freedom                    17
          P-Value                           0.0000

RMSEA (Root Mean Square Error Of Approximation)

          Estimate                           0.100
          90 Percent C.I.                    0.090  0.110
          Probability RMSEA <= .05           0.000

CFI/TLI

          CFI                                0.906
          TLI                                0.917

Chi-Square Test of Model Fit for the Baseline Model

          Value                           2853.932
          Degrees of Freedom                    15
          P-Value                           0.0000

SRMR (Standardized Root Mean Square Residual)

          Value                              0.097



MODEL RESULTS

                                                    Two-Tailed
                    Estimate       S.E.  Est./S.E.    P-Value

 I        BY
    Y1                 1.000      0.000    999.000    999.000
    Y2                 1.000      0.000    999.000    999.000
    Y3                 1.000      0.000    999.000    999.000
    Y4                 1.000      0.000    999.000    999.000
    Y5                 1.000      0.000    999.000    999.000
    Y6                 1.000      0.000    999.000    999.000

 S        BY
    Y1                 0.000      0.000    999.000    999.000
    Y2                 2.000      0.000    999.000    999.000
    Y3                 4.000      0.000    999.000    999.000
    Y4                 6.000      0.000    999.000    999.000
    Y5                 8.000      0.000    999.000    999.000
    Y6                10.000      0.000    999.000    999.000

 S        WITH
    I                  0.036      0.005      6.778      0.000

 Intercepts
    Y1                 0.534      0.029     18.285      0.000
    Y2                 0.791      0.032     24.638      0.000
    Y3                 0.856      0.036     23.723      0.000
    Y4                 1.122      0.041     27.281      0.000
    Y5                 1.224      0.048     25.721      0.000
    Y6                 1.563      0.055     28.417      0.000

 Variances
    I                  0.510      0.037     13.717      0.000
    S                  0.016      0.001     11.685      0.000

 Residual Variances
    Y1                 0.812      0.017     48.113      0.000
    Y2                 0.812      0.017     48.113      0.000
    Y3                 0.812      0.017     48.113      0.000
    Y4                 0.812      0.017     48.113      0.000
    Y5                 0.812      0.017     48.113      0.000
    Y6                 0.812      0.017     48.113      0.000


QUALITY OF NUMERICAL RESULTS

     Condition Number for the Information Matrix              0.249E-03
       (ratio of smallest to largest eigenvalue)


     Beginning Time:  12:02:19
        Ending Time:  12:02:19
       Elapsed Time:  00:00:00



MUTHEN & MUTHEN
3463 Stoner Ave.
Los Angeles, CA  90066

Tel: (310) 391-9971
Fax: (310) 391-8971
Web: www.StatModel.com
Support: Support@StatModel.com

Copyright (c) 1998-2019 Muthen & Muthen
