Mplus VERSION 8.3
MUTHEN & MUTHEN
09/22/2026  12:02 PM

INPUT INSTRUCTIONS

  TITLE: CHARLS k=1 lgcm quad;
  DATA: FILE IS data/CHARLS_train.dat;
  VARIABLE:
    NAMES ARE id y1 y2 y3;
    USEV = y1 y2 y3;
    MISSING = ALL (-999);
  ANALYSIS: TYPE = GENERAL;
    STARTS = 1;
    PROCESSORS = 4;
  MODEL:
    i BY y1@1 y2@1 y3@1;
    s BY y1@0 y2@2 y3@5;
    q BY y1@0 y2@4 y3@25;
    y1-y3 (res);



*** WARNING
  Data set contains cases with missing on all variables.
  These cases were not included in the analysis.
  Number of cases with missing on all variables:  73
   1 WARNING(S) FOUND IN THE INPUT INSTRUCTIONS



CHARLS k=1 lgcm quad;

SUMMARY OF ANALYSIS

Number of groups                                                 1
Number of observations                                        1647

Number of dependent variables                                    3
Number of independent variables                                  0
Number of continuous latent variables                            3

Observed dependent variables

  Continuous
   Y1          Y2          Y3

Continuous latent variables
   I           S           Q


Estimator                                                       ML
Information matrix                                        OBSERVED
Maximum number of iterations                                  1000
Convergence criterion                                    0.500D-04
Maximum number of steepest descent iterations                   20
Maximum number of iterations for H1                           2000
Convergence criterion for H1                             0.100D-03
Random Starts Specifications
  Number of random starts                                        1
  Random starts scale                                    0.500D+01

Input data file(s)
  data/CHARLS_train.dat

Input data format  FREE


SUMMARY OF DATA

     Number of missing data patterns             7


COVARIANCE COVERAGE OF DATA

Minimum covariance coverage value   0.100


     PROPORTION OF DATA PRESENT


           Covariance Coverage
              Y1            Y2            Y3
              ________      ________      ________
 Y1             0.920
 Y2             0.845         0.906
 Y3             0.792         0.808         0.859



UNIVARIATE SAMPLE STATISTICS


     UNIVARIATE HIGHER-ORDER MOMENT DESCRIPTIVE STATISTICS

         Variable/         Mean/     Skewness/   Minimum/ % with                Percentiles
        Sample Size      Variance    Kurtosis    Maximum  Min/Max      20%/60%    40%/80%    Median

     Y1                    0.759       1.868       0.000   59.37%       0.000      0.000      0.000
            1516.000       1.373       3.811       7.000    0.20%       1.000      1.000
     Y2                    0.814       1.904       0.000   57.17%       0.000      0.000      0.000
            1492.000       1.525       3.980       7.000    0.34%       1.000      2.000
     Y3                    1.074       1.641       0.000   49.08%       0.000      0.000      1.000
            1414.000       2.111       2.542       7.000    0.64%       1.000      2.000


     THE DEGREES OF FREEDOM FOR THIS MODEL ARE NEGATIVE.  THE MODEL IS NOT
     IDENTIFIED.  NO CHI-SQUARE TEST IS AVAILABLE.  CHECK YOUR MODEL.

RANDOM STARTS RESULTS RANKED FROM THE BEST TO THE WORST FIT FUNCTION VALUES

Fit function values at local maxima and random start numbers:

              0.0000         1
              0.0000         unperturbed

     THE STANDARD ERRORS OF THE MODEL PARAMETER ESTIMATES COULD NOT BE
     COMPUTED.  THE MODEL MAY NOT BE IDENTIFIED.  CHECK YOUR MODEL.
     PROBLEM INVOLVING THE FOLLOWING PARAMETER:
     Parameter 10, Q

     THE CONDITION NUMBER IS      -0.391D-15.



MODEL RESULTS

                    Estimate

 I        BY
    Y1                 1.000
    Y2                 1.000
    Y3                 1.000

 S        BY
    Y1                 0.000
    Y2                 2.000
    Y3                 5.000

 Q        BY
    Y1                 0.000
    Y2                 4.000
    Y3                25.000

 S        WITH
    I                  0.102

 Q        WITH
    I                 -0.010
    S                  0.023

 Intercepts
    Y1                 0.753
    Y2                 0.807
    Y3                 1.106

 Variances
    I                  0.430
    S                 -0.117
    Q                 -0.004

 Residual Variances
    Y1                 0.934
    Y2                 0.934
    Y3                 0.934


MODEL COMMAND WITH FINAL ESTIMATES USED AS STARTING VALUES

     i BY y1@1;
     i BY y2@1;
     i BY y3@1;
     s BY y1@0;
     s BY y2@2;
     s BY y3@5;
     q BY y1@0;
     q BY y2@4;
     q BY y3@25;

     s WITH i*0.10178;
     q WITH i*-0.01006;
     q WITH s*0.02306;

     [ y1*0.75316 ];
     [ y2*0.80719 ];
     [ y3*1.10646 ];

     y1*0.93442 (res);
     y2*0.93442 (res);
     y3*0.93442 (res);
     i*0.43021;
     s*-0.11718;
     q*-0.00407;



TECHNICAL 1 OUTPUT


     PARAMETER SPECIFICATION


           NU
              Y1            Y2            Y3
              ________      ________      ________
                  1             2             3


           LAMBDA
              I             S             Q
              ________      ________      ________
 Y1                 0             0             0
 Y2                 0             0             0
 Y3                 0             0             0


           THETA
              Y1            Y2            Y3
              ________      ________      ________
 Y1                 4
 Y2                 0             4
 Y3                 0             0             4


           ALPHA
              I             S             Q
              ________      ________      ________
                  0             0             0


           BETA
              I             S             Q
              ________      ________      ________
 I                  0             0             0
 S                  0             0             0
 Q                  0             0             0


           PSI
              I             S             Q
              ________      ________      ________
 I                  5
 S                  6             7
 Q                  8             9            10


     STARTING VALUES


           NU
              Y1            Y2            Y3
              ________      ________      ________
                0.759         0.814         1.074


           LAMBDA
              I             S             Q
              ________      ________      ________
 Y1             1.000         0.000         0.000
 Y2             1.000         2.000         4.000
 Y3             1.000         5.000        25.000


           THETA
              Y1            Y2            Y3
              ________      ________      ________
 Y1             0.686
 Y2             0.000         0.763
 Y3             0.000         0.000         1.055


           ALPHA
              I             S             Q
              ________      ________      ________
                0.000         0.000         0.000


           BETA
              I             S             Q
              ________      ________      ________
 I              0.000         0.000         0.000
 S              0.000         0.000         0.000
 Q              0.000         0.000         0.000


           PSI
              I             S             Q
              ________      ________      ________
 I              0.050
 S              0.000         0.050
 Q              0.000         0.000         0.050


     Beginning Time:  12:02:19
        Ending Time:  12:02:19
       Elapsed Time:  00:00:00



MUTHEN & MUTHEN
3463 Stoner Ave.
Los Angeles, CA  90066

Tel: (310) 391-9971
Fax: (310) 391-8971
Web: www.StatModel.com
Support: Support@StatModel.com

Copyright (c) 1998-2019 Muthen & Muthen
