Mplus VERSION 8.3
MUTHEN & MUTHEN
09/22/2026  12:34 PM

INPUT INSTRUCTIONS

  TITLE: CHARLS k=5 gmm lin;
  DATA: FILE IS data/CHARLS_train.dat;
  VARIABLE:
    NAMES ARE id y1 y2 y3;
    USEV = y1 y2 y3;
    MISSING = ALL (-999);
    CLASSES = c(5);
  ANALYSIS: TYPE = MIXTURE;
    STARTS = 300 50;
    LRTBOOTSTRAP = 100;
    PROCESSORS = 4;
  MODEL:
    %OVERALL%
    i BY y1@1 y2@1 y3@1;
    s BY y1@0 y2@2 y3@5;
    y1-y3 (res);
  OUTPUT: TECH11 TECH14;



*** WARNING
  Data set contains cases with missing on all variables.
  These cases were not included in the analysis.
  Number of cases with missing on all variables:  73
   1 WARNING(S) FOUND IN THE INPUT INSTRUCTIONS



CHARLS k=5 gmm lin;

SUMMARY OF ANALYSIS

Number of groups                                                 1
Number of observations                                        1647

Number of dependent variables                                    3
Number of independent variables                                  0
Number of continuous latent variables                            2
Number of categorical latent variables                           1

Observed dependent variables

  Continuous
   Y1          Y2          Y3

Continuous latent variables
   I           S

Categorical latent variables
   C


Estimator                                                      MLR
Information matrix                                        OBSERVED
Optimization Specifications for the Quasi-Newton Algorithm for
Continuous Outcomes
  Maximum number of iterations                                 100
  Convergence criterion                                  0.100D-05
Optimization Specifications for the EM Algorithm
  Maximum number of iterations                                 500
  Convergence criteria
    Loglikelihood change                                 0.100D-06
    Relative loglikelihood change                        0.100D-06
    Derivative                                           0.100D-05
Optimization Specifications for the M step of the EM Algorithm for
Categorical Latent variables
  Number of M step iterations                                    1
  M step convergence criterion                           0.100D-05
  Basis for M step termination                           ITERATION
Optimization Specifications for the M step of the EM Algorithm for
Censored, Binary or Ordered Categorical (Ordinal), Unordered
Categorical (Nominal) and Count Outcomes
  Number of M step iterations                                    1
  M step convergence criterion                           0.100D-05
  Basis for M step termination                           ITERATION
  Maximum value for logit thresholds                            15
  Minimum value for logit thresholds                           -15
  Minimum expected cell size for chi-square              0.100D-01
Maximum number of iterations for H1                           2000
Convergence criterion for H1                             0.100D-03
Optimization algorithm                                         EMA
Random Starts Specifications
  Number of initial stage random starts                        300
  Number of final stage optimizations                           50
  Number of initial stage iterations                            10
  Initial stage convergence criterion                    0.100D+01
  Random starts scale                                    0.500D+01
  Random seed for generating random starts                       0

Input data file(s)
  data/CHARLS_train.dat
Input data format  FREE


SUMMARY OF DATA

     Number of missing data patterns             7
     Number of y missing data patterns           7
     Number of u missing data patterns           0


COVARIANCE COVERAGE OF DATA

Minimum covariance coverage value   0.100


     PROPORTION OF DATA PRESENT FOR Y


           Covariance Coverage
              Y1            Y2            Y3
              ________      ________      ________
 Y1             0.920
 Y2             0.845         0.906
 Y3             0.792         0.808         0.859



UNIVARIATE SAMPLE STATISTICS


     UNIVARIATE HIGHER-ORDER MOMENT DESCRIPTIVE STATISTICS

         Variable/         Mean/     Skewness/   Minimum/ % with                Percentiles
        Sample Size      Variance    Kurtosis    Maximum  Min/Max      20%/60%    40%/80%    Median

     Y1                    0.759       1.868       0.000   59.37%       0.000      0.000      0.000
            1516.000       1.373       3.811       7.000    0.20%       1.000      1.000
     Y2                    0.814       1.904       0.000   57.17%       0.000      0.000      0.000
            1492.000       1.525       3.980       7.000    0.34%       1.000      2.000
     Y3                    1.074       1.641       0.000   49.08%       0.000      0.000      1.000
            1414.000       2.111       2.542       7.000    0.64%       1.000      2.000

RANDOM STARTS RESULTS RANKED FROM THE BEST TO THE WORST LOGLIKELIHOOD VALUES

Final stage loglikelihood values at local maxima, seeds, and initial stage start numbers:

           -6417.465  950604           172
           -6417.465  80438            246
           -6417.465  341041           34
           -6417.465  286735           175
           -6417.465  405079           68
           -6417.465  788796           145
           -6428.947  622860           259
           -6428.947  751153           110
           -6428.947  175199           247
           -6428.947  246261           38
           -6428.947  931874           141
           -6430.963  575700           100
           -6430.963  282464           283
           -6430.963  297518           166
           -6430.963  263268           165
           -6443.179  793035           187
           -6443.179  576596           99
           -6449.303  749453           33
           -6449.913  136842           58
           -6449.913  580405           286
           -6470.151  595153           230
           -6470.151  939021           8
           -6470.151  629320           222
           -6470.151  597614           284
           -6470.151  440841           118
           -6470.151  131856           90
           -6470.151  617243           237
           -6470.151  391949           295
           -6470.151  626891           32
           -6470.151  369602           146
           -6470.151  316165           299
           -6493.353  107446           12
           -6493.353  399671           13
           -6493.353  751054           117
           -6493.353  46437            153
           -6493.353  851945           18
           -6493.353  939709           112
           -6493.353  723775           97
           -6493.353  691234           250
           -6493.353  715561           125
           -6493.353  824126           287
           -6493.353  422103           62
           -6493.353  311214           64
           -6493.353  415502           194
           -6493.353  726035           191
           -6493.353  168762           200
           -6493.353  292884           103
           -6498.287  848969           173
           -6517.338  608849           224
           -6517.338  565819           65



THE BEST LOGLIKELIHOOD VALUE HAS BEEN REPLICATED.  RERUN WITH AT LEAST TWICE THE
RANDOM STARTS TO CHECK THAT THE BEST LOGLIKELIHOOD IS STILL OBTAINED AND REPLICATED.


THE MODEL ESTIMATION TERMINATED NORMALLY

     WARNING:  THE LATENT VARIABLE COVARIANCE MATRIX (PSI) IN CLASS 1
     IS NOT POSITIVE DEFINITE.  THIS COULD INDICATE A NEGATIVE VARIANCE/
     RESIDUAL VARIANCE FOR A LATENT VARIABLE, A CORRELATION GREATER OR EQUAL
     TO ONE BETWEEN TWO LATENT VARIABLES, OR A LINEAR DEPENDENCY AMONG MORE
     THAN TWO LATENT VARIABLES.  CHECK THE TECH4 OUTPUT FOR MORE INFORMATION.
     PROBLEM INVOLVING VARIABLE I.


     WARNING:  THE LATENT VARIABLE COVARIANCE MATRIX (PSI) IN CLASS 2
     IS NOT POSITIVE DEFINITE.  THIS COULD INDICATE A NEGATIVE VARIANCE/
     RESIDUAL VARIANCE FOR A LATENT VARIABLE, A CORRELATION GREATER OR EQUAL
     TO ONE BETWEEN TWO LATENT VARIABLES, OR A LINEAR DEPENDENCY AMONG MORE
     THAN TWO LATENT VARIABLES.  CHECK THE TECH4 OUTPUT FOR MORE INFORMATION.
     PROBLEM INVOLVING VARIABLE I.


     WARNING:  THE LATENT VARIABLE COVARIANCE MATRIX (PSI) IN CLASS 3
     IS NOT POSITIVE DEFINITE.  THIS COULD INDICATE A NEGATIVE VARIANCE/
     RESIDUAL VARIANCE FOR A LATENT VARIABLE, A CORRELATION GREATER OR EQUAL
     TO ONE BETWEEN TWO LATENT VARIABLES, OR A LINEAR DEPENDENCY AMONG MORE
     THAN TWO LATENT VARIABLES.  CHECK THE TECH4 OUTPUT FOR MORE INFORMATION.
     PROBLEM INVOLVING VARIABLE I.


     WARNING:  THE LATENT VARIABLE COVARIANCE MATRIX (PSI) IN CLASS 4
     IS NOT POSITIVE DEFINITE.  THIS COULD INDICATE A NEGATIVE VARIANCE/
     RESIDUAL VARIANCE FOR A LATENT VARIABLE, A CORRELATION GREATER OR EQUAL
     TO ONE BETWEEN TWO LATENT VARIABLES, OR A LINEAR DEPENDENCY AMONG MORE
     THAN TWO LATENT VARIABLES.  CHECK THE TECH4 OUTPUT FOR MORE INFORMATION.
     PROBLEM INVOLVING VARIABLE I.


     WARNING:  THE LATENT VARIABLE COVARIANCE MATRIX (PSI) IN CLASS 5
     IS NOT POSITIVE DEFINITE.  THIS COULD INDICATE A NEGATIVE VARIANCE/
     RESIDUAL VARIANCE FOR A LATENT VARIABLE, A CORRELATION GREATER OR EQUAL
     TO ONE BETWEEN TWO LATENT VARIABLES, OR A LINEAR DEPENDENCY AMONG MORE
     THAN TWO LATENT VARIABLES.  CHECK THE TECH4 OUTPUT FOR MORE INFORMATION.
     PROBLEM INVOLVING VARIABLE I.




MODEL FIT INFORMATION

Number of Free Parameters                       19

Loglikelihood

          H0 Value                       -6417.465
          H0 Scaling Correction Factor      2.7300
            for MLR

Information Criteria

          Akaike (AIC)                   12872.930
          Bayesian (BIC)                 12975.657
          Sample-Size Adjusted BIC       12915.297
            (n* = (n + 2) / 24)



FINAL CLASS COUNTS AND PROPORTIONS FOR THE LATENT CLASSES
BASED ON THE ESTIMATED MODEL

    Latent
   Classes

       1         63.39600          0.03849
       2         57.94123          0.03518
       3        135.95303          0.08255
       4       1139.30960          0.69175
       5        250.40014          0.15203


FINAL CLASS COUNTS AND PROPORTIONS FOR THE LATENT CLASSES
BASED ON ESTIMATED POSTERIOR PROBABILITIES

    Latent
   Classes

       1         63.39600          0.03849
       2         57.94123          0.03518
       3        135.95303          0.08255
       4       1139.30960          0.69175
       5        250.40014          0.15203


FINAL CLASS COUNTS AND PROPORTIONS FOR THE LATENT CLASSES
BASED ON THEIR MOST LIKELY LATENT CLASS MEMBERSHIP

Class Counts and Proportions

    Latent
   Classes

       1               67          0.04068
       2               49          0.02975
       3              119          0.07225
       4             1194          0.72495
       5              218          0.13236


CLASSIFICATION QUALITY

     Entropy                         0.860


Average Latent Class Probabilities for Most Likely Latent Class Membership (Row)
by Latent Class (Column)

           1        2        3        4        5

    1   0.856    0.036    0.056    0.000    0.051
    2   0.036    0.917    0.003    0.001    0.043
    3   0.017    0.017    0.854    0.072    0.041
    4   0.000    0.002    0.020    0.929    0.048
    5   0.009    0.026    0.029    0.097    0.839


Classification Probabilities for the Most Likely Latent Class Membership (Column)
by Latent Class (Row)

           1        2        3        4        5

    1   0.905    0.028    0.032    0.004    0.031
    2   0.042    0.775    0.034    0.051    0.097
    3   0.027    0.001    0.747    0.178    0.046
    4   0.000    0.000    0.008    0.974    0.019
    5   0.014    0.008    0.019    0.228    0.731


Logits for the Classification Probabilities for the Most Likely Latent Class Membership (Column)
by Latent Class (Row)

              1        2        3        4        5

    1      3.368   -0.100    0.018   -2.082    0.000
    2     -0.839    2.074   -1.051   -0.645    0.000
    3     -0.517   -3.848    2.786    1.353    0.000
    4     -8.275   -6.119   -0.906    3.960    0.000
    5     -3.972   -4.461   -3.625   -1.166    0.000


MODEL RESULTS

                                                    Two-Tailed
                    Estimate       S.E.  Est./S.E.    P-Value

Latent Class 1

 I        BY
    Y1                 1.000      0.000    999.000    999.000
    Y2                 1.000      0.000    999.000    999.000
    Y3                 1.000      0.000    999.000    999.000

 S        BY
    Y1                 0.000      0.000    999.000    999.000
    Y2                 2.000      0.000    999.000    999.000
    Y3                 5.000      0.000    999.000    999.000

 S        WITH
    I                  0.070      0.012      5.992      0.000

 Means
    I                  3.015      0.388      7.762      0.000
    S                 -0.345      0.100     -3.449      0.001

 Intercepts
    Y1                 0.689      0.122      5.651      0.000
    Y2                 1.374      0.144      9.556      0.000
    Y3                 2.627      0.275      9.543      0.000

 Variances
    I                 -0.207      0.064     -3.234      0.001
    S                 -0.031      0.006     -4.934      0.000

 Residual Variances
    Y1                 0.806      0.052     15.441      0.000
    Y2                 0.806      0.052     15.441      0.000
    Y3                 0.806      0.052     15.441      0.000

Latent Class 2

 I        BY
    Y1                 1.000      0.000    999.000    999.000
    Y2                 1.000      0.000    999.000    999.000
    Y3                 1.000      0.000    999.000    999.000

 S        BY
    Y1                 0.000      0.000    999.000    999.000
    Y2                 2.000      0.000    999.000    999.000
    Y3                 5.000      0.000    999.000    999.000

 S        WITH
    I                  0.070      0.012      5.992      0.000

 Means
    I                  0.435      0.350      1.241      0.215
    S                  0.499      0.106      4.689      0.000

 Intercepts
    Y1                 0.689      0.122      5.651      0.000
    Y2                 1.374      0.144      9.556      0.000
    Y3                 2.627      0.275      9.543      0.000

 Variances
    I                 -0.207      0.064     -3.234      0.001
    S                 -0.031      0.006     -4.934      0.000

 Residual Variances
    Y1                 0.806      0.052     15.441      0.000
    Y2                 0.806      0.052     15.441      0.000
    Y3                 0.806      0.052     15.441      0.000

Latent Class 3

 I        BY
    Y1                 1.000      0.000    999.000    999.000
    Y2                 1.000      0.000    999.000    999.000
    Y3                 1.000      0.000    999.000    999.000

 S        BY
    Y1                 0.000      0.000    999.000    999.000
    Y2                 2.000      0.000    999.000    999.000
    Y3                 5.000      0.000    999.000    999.000

 S        WITH
    I                  0.070      0.012      5.992      0.000

 Means
    I                  1.987      0.250      7.935      0.000
    S                 -0.738      0.079     -9.394      0.000

 Intercepts
    Y1                 0.689      0.122      5.651      0.000
    Y2                 1.374      0.144      9.556      0.000
    Y3                 2.627      0.275      9.543      0.000

 Variances
    I                 -0.207      0.064     -3.234      0.001
    S                 -0.031      0.006     -4.934      0.000

 Residual Variances
    Y1                 0.806      0.052     15.441      0.000
    Y2                 0.806      0.052     15.441      0.000
    Y3                 0.806      0.052     15.441      0.000

Latent Class 4

 I        BY
    Y1                 1.000      0.000    999.000    999.000
    Y2                 1.000      0.000    999.000    999.000
    Y3                 1.000      0.000    999.000    999.000

 S        BY
    Y1                 0.000      0.000    999.000    999.000
    Y2                 2.000      0.000    999.000    999.000
    Y3                 5.000      0.000    999.000    999.000

 S        WITH
    I                  0.070      0.012      5.992      0.000

 Means
    I                 -0.334      0.129     -2.595      0.009
    S                 -0.375      0.046     -8.157      0.000

 Intercepts
    Y1                 0.689      0.122      5.651      0.000
    Y2                 1.374      0.144      9.556      0.000
    Y3                 2.627      0.275      9.543      0.000

 Variances
    I                 -0.207      0.064     -3.234      0.001
    S                 -0.031      0.006     -4.934      0.000

 Residual Variances
    Y1                 0.806      0.052     15.441      0.000
    Y2                 0.806      0.052     15.441      0.000
    Y3                 0.806      0.052     15.441      0.000

Latent Class 5

 I        BY
    Y1                 1.000      0.000    999.000    999.000
    Y2                 1.000      0.000    999.000    999.000
    Y3                 1.000      0.000    999.000    999.000

 S        BY
    Y1                 0.000      0.000    999.000    999.000
    Y2                 2.000      0.000    999.000    999.000
    Y3                 5.000      0.000    999.000    999.000

 S        WITH
    I                  0.070      0.012      5.992      0.000

 Means
    I                  0.000      0.000    999.000    999.000
    S                  0.000      0.000    999.000    999.000

 Intercepts
    Y1                 0.689      0.122      5.651      0.000
    Y2                 1.374      0.144      9.556      0.000
    Y3                 2.627      0.275      9.543      0.000

 Variances
    I                 -0.207      0.064     -3.234      0.001
    S                 -0.031      0.006     -4.934      0.000

 Residual Variances
    Y1                 0.806      0.052     15.441      0.000
    Y2                 0.806      0.052     15.441      0.000
    Y3                 0.806      0.052     15.441      0.000

Categorical Latent Variables

 Means
    C#1               -1.374      0.293     -4.695      0.000
    C#2               -1.464      0.262     -5.577      0.000
    C#3               -0.611      0.514     -1.188      0.235
    C#4                1.515      0.224      6.759      0.000


QUALITY OF NUMERICAL RESULTS

     Condition Number for the Information Matrix              0.839E-05
       (ratio of smallest to largest eigenvalue)


TECHNICAL 11 OUTPUT

     Random Starts Specifications for the k-1 Class Analysis Model
        Number of initial stage random starts                 300
        Number of final stage optimizations                    50



     VUONG-LO-MENDELL-RUBIN LIKELIHOOD RATIO TEST FOR 4 (H0) VERSUS 5 CLASSES

          H0 Loglikelihood Value                        -6493.353
          2 Times the Loglikelihood Difference            151.776
          Difference in the Number of Parameters                3
          Mean                                            137.106
          Standard Deviation                              226.123
          P-Value                                          0.3548

     LO-MENDELL-RUBIN ADJUSTED LRT TEST

          Value                                           145.240
          P-Value                                          0.3674


TECHNICAL 14 OUTPUT

     Random Starts Specifications for the k-1 Class Analysis Model
        Number of initial stage random starts                 300
        Number of final stage optimizations                    50

     Random Starts Specification for the k-1 Class Model for Generated Data
        Number of initial stage random starts                   0
        Number of final stage optimizations for the
           initial stage random starts                          0
     Random Starts Specification for the k Class Model for Generated Data
        Number of initial stage random starts                  40
        Number of final stage optimizations                     8
     Number of bootstrap draws requested                      100


     PARAMETRIC BOOTSTRAPPED LIKELIHOOD RATIO TEST FOR 4 (H0) VERSUS 5 CLASSES

          H0 Loglikelihood Value                        -6493.353
          2 Times the Loglikelihood Difference            151.776
          Difference in the Number of Parameters                3
          Approximate P-Value                              0.0000
          Successful Bootstrap Draws                          100

     WARNING:  OF THE 100 BOOTSTRAP DRAWS, 74 DRAWS HAD BOTH A SMALLER LRT VALUE THAN THE
     OBSERVED LRT VALUE AND NOT A REPLICATED BEST LOGLIKELIHOOD VALUE FOR THE 5-CLASS MODEL.
     THIS MEANS THAT THE P-VALUE MAY NOT BE TRUSTWORTHY DUE TO LOCAL MAXIMA.
     INCREASE THE NUMBER OF RANDOM STARTS USING THE LRTSTARTS OPTION.



     Beginning Time:  12:34:23
        Ending Time:  12:35:32
       Elapsed Time:  00:01:09



MUTHEN & MUTHEN
3463 Stoner Ave.
Los Angeles, CA  90066

Tel: (310) 391-9971
Fax: (310) 391-8971
Web: www.StatModel.com
Support: Support@StatModel.com

Copyright (c) 1998-2019 Muthen & Muthen
