Mplus VERSION 8.3
MUTHEN & MUTHEN
09/22/2026   1:07 PM

INPUT INSTRUCTIONS

  TITLE: HRS k=4 gmm quad;
  DATA: FILE IS data/HRS_train.dat;
  VARIABLE:
    NAMES ARE id y1 y2 y3 y4 y5 y6;
    USEV = y1 y2 y3 y4 y5 y6;
    MISSING = ALL (-999);
    CLASSES = c(4);
  ANALYSIS: TYPE = MIXTURE;
    STARTS = 300 50;
    LRTBOOTSTRAP = 100;
    PROCESSORS = 4;
  MODEL:
    %OVERALL%
    i BY y1@1 y2@1 y3@1 y4@1 y5@1 y6@1;
    s BY y1@0 y2@2 y3@4 y4@6 y5@8 y6@10;
    q BY y1@0 y2@4 y3@16 y4@36 y5@64 y6@100;
    y1-y6 (res);
  OUTPUT: TECH11 TECH14;



*** WARNING
  Data set contains cases with missing on all variables.
  These cases were not included in the analysis.
  Number of cases with missing on all variables:  57
   1 WARNING(S) FOUND IN THE INPUT INSTRUCTIONS



HRS k=4 gmm quad;

SUMMARY OF ANALYSIS

Number of groups                                                 1
Number of observations                                        1576

Number of dependent variables                                    6
Number of independent variables                                  0
Number of continuous latent variables                            3
Number of categorical latent variables                           1

Observed dependent variables

  Continuous
   Y1          Y2          Y3          Y4          Y5          Y6

Continuous latent variables
   I           S           Q

Categorical latent variables
   C


Estimator                                                      MLR
Information matrix                                        OBSERVED
Optimization Specifications for the Quasi-Newton Algorithm for
Continuous Outcomes
  Maximum number of iterations                                 100
  Convergence criterion                                  0.100D-05
Optimization Specifications for the EM Algorithm
  Maximum number of iterations                                 500
  Convergence criteria
    Loglikelihood change                                 0.100D-06
    Relative loglikelihood change                        0.100D-06
    Derivative                                           0.100D-05
Optimization Specifications for the M step of the EM Algorithm for
Categorical Latent variables
  Number of M step iterations                                    1
  M step convergence criterion                           0.100D-05
  Basis for M step termination                           ITERATION
Optimization Specifications for the M step of the EM Algorithm for
Censored, Binary or Ordered Categorical (Ordinal), Unordered
Categorical (Nominal) and Count Outcomes
  Number of M step iterations                                    1
  M step convergence criterion                           0.100D-05
  Basis for M step termination                           ITERATION
  Maximum value for logit thresholds                            15
  Minimum value for logit thresholds                           -15
  Minimum expected cell size for chi-square              0.100D-01
Maximum number of iterations for H1                           2000
Convergence criterion for H1                             0.100D-03
Optimization algorithm                                         EMA
Random Starts Specifications
  Number of initial stage random starts                        300
  Number of final stage optimizations                           50
  Number of initial stage iterations                            10
  Initial stage convergence criterion                    0.100D+01
  Random starts scale                                    0.500D+01
  Random seed for generating random starts                       0

Input data file(s)
  data/HRS_train.dat
Input data format  FREE


SUMMARY OF DATA

     Number of missing data patterns            32
     Number of y missing data patterns          32
     Number of u missing data patterns           0


COVARIANCE COVERAGE OF DATA

Minimum covariance coverage value   0.100


     PROPORTION OF DATA PRESENT FOR Y


           Covariance Coverage
              Y1            Y2            Y3            Y4            Y5
              ________      ________      ________      ________      ________
 Y1             0.980
 Y2             0.914         0.930
 Y3             0.867         0.871         0.883
 Y4             0.815         0.817         0.813         0.827
 Y5             0.721         0.723         0.721         0.723         0.731
 Y6             0.618         0.620         0.617         0.621         0.617


           Covariance Coverage
              Y6
              ________
 Y6             0.624



UNIVARIATE SAMPLE STATISTICS


     UNIVARIATE HIGHER-ORDER MOMENT DESCRIPTIVE STATISTICS

         Variable/         Mean/     Skewness/   Minimum/ % with                Percentiles
        Sample Size      Variance    Kurtosis    Maximum  Min/Max      20%/60%    40%/80%    Median

     Y1                    0.532       2.393       0.000   68.98%       0.000      0.000      0.000
            1544.000       0.980       6.755       7.000    0.13%       0.000      1.000
     Y2                    0.769       2.163       0.000   61.98%       0.000      0.000      0.000
            1465.000       1.679       4.945       7.000    0.34%       0.000      1.000
     Y3                    0.811       2.113       0.000   60.68%       0.000      0.000      0.000
            1391.000       1.823       4.525       7.000    0.50%       0.000      1.000
     Y4                    1.030       1.805       0.000   54.75%       0.000      0.000      0.000
            1304.000       2.406       2.899       7.000    1.00%       1.000      2.000
     Y5                    1.036       1.622       0.000   55.03%       0.000      0.000      0.000
            1152.000       2.277       2.135       7.000    0.52%       1.000      2.000
     Y6                    1.279       1.420       0.000   45.43%       0.000      0.000      1.000
             984.000       2.655       1.538       7.000    1.42%       1.000      2.000

RANDOM STARTS RESULTS RANKED FROM THE BEST TO THE WORST LOGLIKELIHOOD VALUES

Final stage loglikelihood values at local maxima, seeds, and initial stage start numbers:

          -11371.675  12477            155
          -11371.675  391179           78
          -11371.675  215353           164
          -11371.675  85462            51
          -11371.675  685657           69
          -11371.675  608849           224
          -11371.675  535804           111
          -11371.675  717754           180
          -11371.675  297518           166
          -11393.971  211281           292
          -11393.971  618000           190
          -11393.971  741888           138
          -11393.971  575700           100
          -11393.971  928287           197
          -11393.971  848890           95
          -11400.458  264935           281
          -11400.458  347515           24
          -11400.458  970689           266
          -11400.458  468036           131
          -11461.933  405079           68
          -11461.933  579995           183
          -11476.732  422103           62
          -11479.980  46437            153
          -11495.025  373505           88
          -11495.025  626891           32
          -11495.025  648555           113
          -11504.649  17359            227
          -11512.019  945065           255
          -11512.019  635245           121
          -11512.019  794236           127
          -11512.019  164305           128
          -11512.019  436460           89
          -11512.019  691234           250
          -11512.019  93468            3
          -11512.019  220454           288
          -11512.019  761633           50
          -11514.952  791396           243
          -11514.952  475420           71
          -11514.952  165853           105
          -11514.952  181293           212
          -11514.952  595153           230
          -11514.952  178475           231
          -11514.952  987090           70
          -11514.952  411615           171
          -11514.952  49221            254
          -11514.952  21345            199
          -11528.079  824126           287
          -11532.431  462953           7
          -11545.021  366706           29
          -11546.488  370466           41



THE BEST LOGLIKELIHOOD VALUE HAS BEEN REPLICATED.  RERUN WITH AT LEAST TWICE THE
RANDOM STARTS TO CHECK THAT THE BEST LOGLIKELIHOOD IS STILL OBTAINED AND REPLICATED.


THE MODEL ESTIMATION TERMINATED NORMALLY

     WARNING:  THE LATENT VARIABLE COVARIANCE MATRIX (PSI) IN CLASS 1
     IS NOT POSITIVE DEFINITE.  THIS COULD INDICATE A NEGATIVE VARIANCE/
     RESIDUAL VARIANCE FOR A LATENT VARIABLE, A CORRELATION GREATER OR EQUAL
     TO ONE BETWEEN TWO LATENT VARIABLES, OR A LINEAR DEPENDENCY AMONG MORE
     THAN TWO LATENT VARIABLES.  CHECK THE TECH4 OUTPUT FOR MORE INFORMATION.
     PROBLEM INVOLVING VARIABLE I.


     WARNING:  THE LATENT VARIABLE COVARIANCE MATRIX (PSI) IN CLASS 2
     IS NOT POSITIVE DEFINITE.  THIS COULD INDICATE A NEGATIVE VARIANCE/
     RESIDUAL VARIANCE FOR A LATENT VARIABLE, A CORRELATION GREATER OR EQUAL
     TO ONE BETWEEN TWO LATENT VARIABLES, OR A LINEAR DEPENDENCY AMONG MORE
     THAN TWO LATENT VARIABLES.  CHECK THE TECH4 OUTPUT FOR MORE INFORMATION.
     PROBLEM INVOLVING VARIABLE I.


     WARNING:  THE LATENT VARIABLE COVARIANCE MATRIX (PSI) IN CLASS 3
     IS NOT POSITIVE DEFINITE.  THIS COULD INDICATE A NEGATIVE VARIANCE/
     RESIDUAL VARIANCE FOR A LATENT VARIABLE, A CORRELATION GREATER OR EQUAL
     TO ONE BETWEEN TWO LATENT VARIABLES, OR A LINEAR DEPENDENCY AMONG MORE
     THAN TWO LATENT VARIABLES.  CHECK THE TECH4 OUTPUT FOR MORE INFORMATION.
     PROBLEM INVOLVING VARIABLE I.


     WARNING:  THE LATENT VARIABLE COVARIANCE MATRIX (PSI) IN CLASS 4
     IS NOT POSITIVE DEFINITE.  THIS COULD INDICATE A NEGATIVE VARIANCE/
     RESIDUAL VARIANCE FOR A LATENT VARIABLE, A CORRELATION GREATER OR EQUAL
     TO ONE BETWEEN TWO LATENT VARIABLES, OR A LINEAR DEPENDENCY AMONG MORE
     THAN TWO LATENT VARIABLES.  CHECK THE TECH4 OUTPUT FOR MORE INFORMATION.
     PROBLEM INVOLVING VARIABLE I.




MODEL FIT INFORMATION

Number of Free Parameters                       25

Loglikelihood

          H0 Value                      -11371.675
          H0 Scaling Correction Factor      2.3005
            for MLR

Information Criteria

          Akaike (AIC)                   22793.350
          Bayesian (BIC)                 22927.416
          Sample-Size Adjusted BIC       22847.996
            (n* = (n + 2) / 24)



FINAL CLASS COUNTS AND PROPORTIONS FOR THE LATENT CLASSES
BASED ON THE ESTIMATED MODEL

    Latent
   Classes

       1         64.78211          0.04111
       2        113.17283          0.07181
       3        110.61563          0.07019
       4       1287.42942          0.81690


FINAL CLASS COUNTS AND PROPORTIONS FOR THE LATENT CLASSES
BASED ON ESTIMATED POSTERIOR PROBABILITIES

    Latent
   Classes

       1         64.78211          0.04111
       2        113.17283          0.07181
       3        110.61563          0.07019
       4       1287.42942          0.81690


FINAL CLASS COUNTS AND PROPORTIONS FOR THE LATENT CLASSES
BASED ON THEIR MOST LIKELY LATENT CLASS MEMBERSHIP

Class Counts and Proportions

    Latent
   Classes

       1               61          0.03871
       2              103          0.06536
       3              112          0.07107
       4             1300          0.82487


CLASSIFICATION QUALITY

     Entropy                         0.923


Average Latent Class Probabilities for Most Likely Latent Class Membership (Row)
by Latent Class (Column)

           1        2        3        4

    1   0.917    0.028    0.048    0.007
    2   0.012    0.907    0.004    0.078
    3   0.060    0.003    0.823    0.114
    4   0.001    0.014    0.012    0.974


Classification Probabilities for the Most Likely Latent Class Membership (Column)
by Latent Class (Row)

           1        2        3        4

    1   0.863    0.019    0.104    0.014
    2   0.015    0.825    0.003    0.157
    3   0.027    0.003    0.833    0.137
    4   0.000    0.006    0.010    0.984


Logits for the Classification Probabilities for the Most Likely Latent Class Membership (Column)
by Latent Class (Row)

              1        2        3        4

    1      4.136    0.296    2.025    0.000
    2     -2.347    1.659   -4.071    0.000
    3     -1.641   -3.700    1.807    0.000
    4     -7.943   -5.061   -4.598    0.000


MODEL RESULTS

                                                    Two-Tailed
                    Estimate       S.E.  Est./S.E.    P-Value

Latent Class 1

 I        BY
    Y1                 1.000      0.000    999.000    999.000
    Y2                 1.000      0.000    999.000    999.000
    Y3                 1.000      0.000    999.000    999.000
    Y4                 1.000      0.000    999.000    999.000
    Y5                 1.000      0.000    999.000    999.000
    Y6                 1.000      0.000    999.000    999.000

 S        BY
    Y1                 0.000      0.000    999.000    999.000
    Y2                 2.000      0.000    999.000    999.000
    Y3                 4.000      0.000    999.000    999.000
    Y4                 6.000      0.000    999.000    999.000
    Y5                 8.000      0.000    999.000    999.000
    Y6                10.000      0.000    999.000    999.000

 Q        BY
    Y1                 0.000      0.000    999.000    999.000
    Y2                 4.000      0.000    999.000    999.000
    Y3                16.000      0.000    999.000    999.000
    Y4                36.000      0.000    999.000    999.000
    Y5                64.000      0.000    999.000    999.000
    Y6               100.000      0.000    999.000    999.000

 S        WITH
    I                  0.165      0.014     12.216      0.000

 Q        WITH
    I                 -0.012      0.001     -9.710      0.000
    S                  0.003      0.001      2.334      0.020

 Means
    I                  2.950      0.271     10.880      0.000
    S                  0.534      0.108      4.941      0.000
    Q                 -0.055      0.012     -4.604      0.000

 Intercepts
    Y1                 0.260      0.026     10.087      0.000
    Y2                 0.441      0.030     14.739      0.000
    Y3                 0.454      0.035     12.849      0.000
    Y4                 0.683      0.044     15.627      0.000
    Y5                 0.754      0.067     11.252      0.000
    Y6                 1.060      0.086     12.307      0.000

 Variances
    I                 -0.274      0.038     -7.268      0.000
    S                 -0.043      0.010     -4.229      0.000
    Q                  0.000      0.000     -0.159      0.874

 Residual Variances
    Y1                 0.727      0.032     22.416      0.000
    Y2                 0.727      0.032     22.416      0.000
    Y3                 0.727      0.032     22.416      0.000
    Y4                 0.727      0.032     22.416      0.000
    Y5                 0.727      0.032     22.416      0.000
    Y6                 0.727      0.032     22.416      0.000

Latent Class 2

 I        BY
    Y1                 1.000      0.000    999.000    999.000
    Y2                 1.000      0.000    999.000    999.000
    Y3                 1.000      0.000    999.000    999.000
    Y4                 1.000      0.000    999.000    999.000
    Y5                 1.000      0.000    999.000    999.000
    Y6                 1.000      0.000    999.000    999.000

 S        BY
    Y1                 0.000      0.000    999.000    999.000
    Y2                 2.000      0.000    999.000    999.000
    Y3                 4.000      0.000    999.000    999.000
    Y4                 6.000      0.000    999.000    999.000
    Y5                 8.000      0.000    999.000    999.000
    Y6                10.000      0.000    999.000    999.000

 Q        BY
    Y1                 0.000      0.000    999.000    999.000
    Y2                 4.000      0.000    999.000    999.000
    Y3                16.000      0.000    999.000    999.000
    Y4                36.000      0.000    999.000    999.000
    Y5                64.000      0.000    999.000    999.000
    Y6               100.000      0.000    999.000    999.000

 S        WITH
    I                  0.165      0.014     12.216      0.000

 Q        WITH
    I                 -0.012      0.001     -9.710      0.000
    S                  0.003      0.001      2.334      0.020

 Means
    I                 -0.124      0.113     -1.098      0.272
    S                  1.008      0.192      5.245      0.000
    Q                 -0.064      0.023     -2.773      0.006

 Intercepts
    Y1                 0.260      0.026     10.087      0.000
    Y2                 0.441      0.030     14.739      0.000
    Y3                 0.454      0.035     12.849      0.000
    Y4                 0.683      0.044     15.627      0.000
    Y5                 0.754      0.067     11.252      0.000
    Y6                 1.060      0.086     12.307      0.000

 Variances
    I                 -0.274      0.038     -7.268      0.000
    S                 -0.043      0.010     -4.229      0.000
    Q                  0.000      0.000     -0.159      0.874

 Residual Variances
    Y1                 0.727      0.032     22.416      0.000
    Y2                 0.727      0.032     22.416      0.000
    Y3                 0.727      0.032     22.416      0.000
    Y4                 0.727      0.032     22.416      0.000
    Y5                 0.727      0.032     22.416      0.000
    Y6                 0.727      0.032     22.416      0.000

Latent Class 3

 I        BY
    Y1                 1.000      0.000    999.000    999.000
    Y2                 1.000      0.000    999.000    999.000
    Y3                 1.000      0.000    999.000    999.000
    Y4                 1.000      0.000    999.000    999.000
    Y5                 1.000      0.000    999.000    999.000
    Y6                 1.000      0.000    999.000    999.000

 S        BY
    Y1                 0.000      0.000    999.000    999.000
    Y2                 2.000      0.000    999.000    999.000
    Y3                 4.000      0.000    999.000    999.000
    Y4                 6.000      0.000    999.000    999.000
    Y5                 8.000      0.000    999.000    999.000
    Y6                10.000      0.000    999.000    999.000

 Q        BY
    Y1                 0.000      0.000    999.000    999.000
    Y2                 4.000      0.000    999.000    999.000
    Y3                16.000      0.000    999.000    999.000
    Y4                36.000      0.000    999.000    999.000
    Y5                64.000      0.000    999.000    999.000
    Y6               100.000      0.000    999.000    999.000

 S        WITH
    I                  0.165      0.014     12.216      0.000

 Q        WITH
    I                 -0.012      0.001     -9.710      0.000
    S                  0.003      0.001      2.334      0.020

 Means
    I                  2.285      0.181     12.599      0.000
    S                 -0.649      0.081     -8.017      0.000
    Q                  0.058      0.008      7.089      0.000

 Intercepts
    Y1                 0.260      0.026     10.087      0.000
    Y2                 0.441      0.030     14.739      0.000
    Y3                 0.454      0.035     12.849      0.000
    Y4                 0.683      0.044     15.627      0.000
    Y5                 0.754      0.067     11.252      0.000
    Y6                 1.060      0.086     12.307      0.000

 Variances
    I                 -0.274      0.038     -7.268      0.000
    S                 -0.043      0.010     -4.229      0.000
    Q                  0.000      0.000     -0.159      0.874

 Residual Variances
    Y1                 0.727      0.032     22.416      0.000
    Y2                 0.727      0.032     22.416      0.000
    Y3                 0.727      0.032     22.416      0.000
    Y4                 0.727      0.032     22.416      0.000
    Y5                 0.727      0.032     22.416      0.000
    Y6                 0.727      0.032     22.416      0.000

Latent Class 4

 I        BY
    Y1                 1.000      0.000    999.000    999.000
    Y2                 1.000      0.000    999.000    999.000
    Y3                 1.000      0.000    999.000    999.000
    Y4                 1.000      0.000    999.000    999.000
    Y5                 1.000      0.000    999.000    999.000
    Y6                 1.000      0.000    999.000    999.000

 S        BY
    Y1                 0.000      0.000    999.000    999.000
    Y2                 2.000      0.000    999.000    999.000
    Y3                 4.000      0.000    999.000    999.000
    Y4                 6.000      0.000    999.000    999.000
    Y5                 8.000      0.000    999.000    999.000
    Y6                10.000      0.000    999.000    999.000

 Q        BY
    Y1                 0.000      0.000    999.000    999.000
    Y2                 4.000      0.000    999.000    999.000
    Y3                16.000      0.000    999.000    999.000
    Y4                36.000      0.000    999.000    999.000
    Y5                64.000      0.000    999.000    999.000
    Y6               100.000      0.000    999.000    999.000

 S        WITH
    I                  0.165      0.014     12.216      0.000

 Q        WITH
    I                 -0.012      0.001     -9.710      0.000
    S                  0.003      0.001      2.334      0.020

 Means
    I                  0.000      0.000    999.000    999.000
    S                  0.000      0.000    999.000    999.000
    Q                  0.000      0.000    999.000    999.000

 Intercepts
    Y1                 0.260      0.026     10.087      0.000
    Y2                 0.441      0.030     14.739      0.000
    Y3                 0.454      0.035     12.849      0.000
    Y4                 0.683      0.044     15.627      0.000
    Y5                 0.754      0.067     11.252      0.000
    Y6                 1.060      0.086     12.307      0.000

 Variances
    I                 -0.274      0.038     -7.268      0.000
    S                 -0.043      0.010     -4.229      0.000
    Q                  0.000      0.000     -0.159      0.874

 Residual Variances
    Y1                 0.727      0.032     22.416      0.000
    Y2                 0.727      0.032     22.416      0.000
    Y3                 0.727      0.032     22.416      0.000
    Y4                 0.727      0.032     22.416      0.000
    Y5                 0.727      0.032     22.416      0.000
    Y6                 0.727      0.032     22.416      0.000

Categorical Latent Variables

 Means
    C#1               -2.989      0.171    -17.486      0.000
    C#2               -2.431      0.212    -11.447      0.000
    C#3               -2.454      0.185    -13.300      0.000


QUALITY OF NUMERICAL RESULTS

     Condition Number for the Information Matrix              0.866E-06
       (ratio of smallest to largest eigenvalue)


TECHNICAL 11 OUTPUT

     Random Starts Specifications for the k-1 Class Analysis Model
        Number of initial stage random starts                 300
        Number of final stage optimizations                    50



     VUONG-LO-MENDELL-RUBIN LIKELIHOOD RATIO TEST FOR 3 (H0) VERSUS 4 CLASSES

          H0 Loglikelihood Value                       -11514.952
          2 Times the Loglikelihood Difference            286.554
          Difference in the Number of Parameters                4
          Mean                                           -174.074
          Standard Deviation                              378.414
          P-Value                                          0.0339

     LO-MENDELL-RUBIN ADJUSTED LRT TEST

          Value                                           277.144
          P-Value                                          0.0364


TECHNICAL 14 OUTPUT

     Random Starts Specifications for the k-1 Class Analysis Model
        Number of initial stage random starts                 300
        Number of final stage optimizations                    50

     Random Starts Specification for the k-1 Class Model for Generated Data
        Number of initial stage random starts                   0
        Number of final stage optimizations for the
           initial stage random starts                          0
     Random Starts Specification for the k Class Model for Generated Data
        Number of initial stage random starts                  40
        Number of final stage optimizations                     8
     Number of bootstrap draws requested                      100


     PARAMETRIC BOOTSTRAPPED LIKELIHOOD RATIO TEST FOR 3 (H0) VERSUS 4 CLASSES

          H0 Loglikelihood Value                       -11514.952
          2 Times the Loglikelihood Difference            286.554
          Difference in the Number of Parameters                4
          Approximate P-Value                              0.0000
          Successful Bootstrap Draws                           99

     WARNING:  OF THE 99 BOOTSTRAP DRAWS, 82 DRAWS HAD BOTH A SMALLER LRT VALUE THAN THE
     OBSERVED LRT VALUE AND NOT A REPLICATED BEST LOGLIKELIHOOD VALUE FOR THE 4-CLASS MODEL.
     THIS MEANS THAT THE P-VALUE MAY NOT BE TRUSTWORTHY DUE TO LOCAL MAXIMA.
     INCREASE THE NUMBER OF RANDOM STARTS USING THE LRTSTARTS OPTION.


     WARNING:  1 OUT OF 100 BOOTSTRAP DRAWS DID NOT CONVERGE.
     INCREASE THE NUMBER OF RANDOM STARTS USING THE LRTSTARTS OPTION.



     Beginning Time:  13:07:07
        Ending Time:  13:11:02
       Elapsed Time:  00:03:55



MUTHEN & MUTHEN
3463 Stoner Ave.
Los Angeles, CA  90066

Tel: (310) 391-9971
Fax: (310) 391-8971
Web: www.StatModel.com
Support: Support@StatModel.com

Copyright (c) 1998-2019 Muthen & Muthen
