Mplus VERSION 8.3
MUTHEN & MUTHEN
09/22/2026   1:11 PM

INPUT INSTRUCTIONS

  TITLE: HRS k=5 gmm quad;
  DATA: FILE IS data/HRS_train.dat;
  VARIABLE:
    NAMES ARE id y1 y2 y3 y4 y5 y6;
    USEV = y1 y2 y3 y4 y5 y6;
    MISSING = ALL (-999);
    CLASSES = c(5);
  ANALYSIS: TYPE = MIXTURE;
    STARTS = 300 50;
    LRTBOOTSTRAP = 100;
    PROCESSORS = 4;
  MODEL:
    %OVERALL%
    i BY y1@1 y2@1 y3@1 y4@1 y5@1 y6@1;
    s BY y1@0 y2@2 y3@4 y4@6 y5@8 y6@10;
    q BY y1@0 y2@4 y3@16 y4@36 y5@64 y6@100;
    y1-y6 (res);
  OUTPUT: TECH11 TECH14;



*** WARNING
  Data set contains cases with missing on all variables.
  These cases were not included in the analysis.
  Number of cases with missing on all variables:  57
   1 WARNING(S) FOUND IN THE INPUT INSTRUCTIONS



HRS k=5 gmm quad;

SUMMARY OF ANALYSIS

Number of groups                                                 1
Number of observations                                        1576

Number of dependent variables                                    6
Number of independent variables                                  0
Number of continuous latent variables                            3
Number of categorical latent variables                           1

Observed dependent variables

  Continuous
   Y1          Y2          Y3          Y4          Y5          Y6

Continuous latent variables
   I           S           Q

Categorical latent variables
   C


Estimator                                                      MLR
Information matrix                                        OBSERVED
Optimization Specifications for the Quasi-Newton Algorithm for
Continuous Outcomes
  Maximum number of iterations                                 100
  Convergence criterion                                  0.100D-05
Optimization Specifications for the EM Algorithm
  Maximum number of iterations                                 500
  Convergence criteria
    Loglikelihood change                                 0.100D-06
    Relative loglikelihood change                        0.100D-06
    Derivative                                           0.100D-05
Optimization Specifications for the M step of the EM Algorithm for
Categorical Latent variables
  Number of M step iterations                                    1
  M step convergence criterion                           0.100D-05
  Basis for M step termination                           ITERATION
Optimization Specifications for the M step of the EM Algorithm for
Censored, Binary or Ordered Categorical (Ordinal), Unordered
Categorical (Nominal) and Count Outcomes
  Number of M step iterations                                    1
  M step convergence criterion                           0.100D-05
  Basis for M step termination                           ITERATION
  Maximum value for logit thresholds                            15
  Minimum value for logit thresholds                           -15
  Minimum expected cell size for chi-square              0.100D-01
Maximum number of iterations for H1                           2000
Convergence criterion for H1                             0.100D-03
Optimization algorithm                                         EMA
Random Starts Specifications
  Number of initial stage random starts                        300
  Number of final stage optimizations                           50
  Number of initial stage iterations                            10
  Initial stage convergence criterion                    0.100D+01
  Random starts scale                                    0.500D+01
  Random seed for generating random starts                       0

Input data file(s)
  data/HRS_train.dat
Input data format  FREE


SUMMARY OF DATA

     Number of missing data patterns            32
     Number of y missing data patterns          32
     Number of u missing data patterns           0


COVARIANCE COVERAGE OF DATA

Minimum covariance coverage value   0.100


     PROPORTION OF DATA PRESENT FOR Y


           Covariance Coverage
              Y1            Y2            Y3            Y4            Y5
              ________      ________      ________      ________      ________
 Y1             0.980
 Y2             0.914         0.930
 Y3             0.867         0.871         0.883
 Y4             0.815         0.817         0.813         0.827
 Y5             0.721         0.723         0.721         0.723         0.731
 Y6             0.618         0.620         0.617         0.621         0.617


           Covariance Coverage
              Y6
              ________
 Y6             0.624



UNIVARIATE SAMPLE STATISTICS


     UNIVARIATE HIGHER-ORDER MOMENT DESCRIPTIVE STATISTICS

         Variable/         Mean/     Skewness/   Minimum/ % with                Percentiles
        Sample Size      Variance    Kurtosis    Maximum  Min/Max      20%/60%    40%/80%    Median

     Y1                    0.532       2.393       0.000   68.98%       0.000      0.000      0.000
            1544.000       0.980       6.755       7.000    0.13%       0.000      1.000
     Y2                    0.769       2.163       0.000   61.98%       0.000      0.000      0.000
            1465.000       1.679       4.945       7.000    0.34%       0.000      1.000
     Y3                    0.811       2.113       0.000   60.68%       0.000      0.000      0.000
            1391.000       1.823       4.525       7.000    0.50%       0.000      1.000
     Y4                    1.030       1.805       0.000   54.75%       0.000      0.000      0.000
            1304.000       2.406       2.899       7.000    1.00%       1.000      2.000
     Y5                    1.036       1.622       0.000   55.03%       0.000      0.000      0.000
            1152.000       2.277       2.135       7.000    0.52%       1.000      2.000
     Y6                    1.279       1.420       0.000   45.43%       0.000      0.000      1.000
             984.000       2.655       1.538       7.000    1.42%       1.000      2.000

RANDOM STARTS RESULTS RANKED FROM THE BEST TO THE WORST LOGLIKELIHOOD VALUES

Final stage loglikelihood values at local maxima, seeds, and initial stage start numbers:

          -11262.762  970689           266
          -11262.762  85462            51
          -11262.762  626891           32
          -11264.162  535804           111
          -11264.162  297518           166
          -11265.146  405079           68
          -11265.146  579995           183
          -11321.903  215353           164
          -11324.575  422103           62
          -11341.368  509733           130
          -11357.094  407168           44
          -11359.131  848969           173
          -11361.083  595153           230
          -11365.977  211281           292
          -11368.032  436460           89
          -11368.716  648555           113
          -11371.675  259507           53
          -11371.675  414284           158
          -11371.675  76974            16
          -11374.081  373505           88
          -11377.470  462953           7
          -11390.206  691234           250
          -11390.226  717754           180
          -11393.971  824126           287
          -11393.971  608849           224
          -11393.971  12477            155
          -11393.971  695155           150
          -11393.971  411615           171
          -11393.971  21345            199
          -11393.971  618000           190
          -11393.971  286735           175
          -11398.421  551639           55
          -11398.421  264935           281
          -11400.458  468036           131
          -11400.458  220454           288
          -11400.458  830392           35
          -11400.458  848890           95
          -11461.933  76337            76
          -11479.973  848331           137
          -11479.980  568405           233
          -11479.980  794236           127
          -11479.980  622860           259
          -11501.503  15715            274
          -11504.649  804660           260
          -11504.649  253358           2
          -11512.019  93468            3
          -11512.019  802779           122
          -11512.019  512836           289
          -11514.952  207896           25
          -11515.066  587946           120



THE BEST LOGLIKELIHOOD VALUE HAS BEEN REPLICATED.  RERUN WITH AT LEAST TWICE THE
RANDOM STARTS TO CHECK THAT THE BEST LOGLIKELIHOOD IS STILL OBTAINED AND REPLICATED.


THE MODEL ESTIMATION TERMINATED NORMALLY

     WARNING:  THE LATENT VARIABLE COVARIANCE MATRIX (PSI) IN CLASS 1
     IS NOT POSITIVE DEFINITE.  THIS COULD INDICATE A NEGATIVE VARIANCE/
     RESIDUAL VARIANCE FOR A LATENT VARIABLE, A CORRELATION GREATER OR EQUAL
     TO ONE BETWEEN TWO LATENT VARIABLES, OR A LINEAR DEPENDENCY AMONG MORE
     THAN TWO LATENT VARIABLES.  CHECK THE TECH4 OUTPUT FOR MORE INFORMATION.
     PROBLEM INVOLVING VARIABLE I.


     WARNING:  THE LATENT VARIABLE COVARIANCE MATRIX (PSI) IN CLASS 2
     IS NOT POSITIVE DEFINITE.  THIS COULD INDICATE A NEGATIVE VARIANCE/
     RESIDUAL VARIANCE FOR A LATENT VARIABLE, A CORRELATION GREATER OR EQUAL
     TO ONE BETWEEN TWO LATENT VARIABLES, OR A LINEAR DEPENDENCY AMONG MORE
     THAN TWO LATENT VARIABLES.  CHECK THE TECH4 OUTPUT FOR MORE INFORMATION.
     PROBLEM INVOLVING VARIABLE I.


     WARNING:  THE LATENT VARIABLE COVARIANCE MATRIX (PSI) IN CLASS 3
     IS NOT POSITIVE DEFINITE.  THIS COULD INDICATE A NEGATIVE VARIANCE/
     RESIDUAL VARIANCE FOR A LATENT VARIABLE, A CORRELATION GREATER OR EQUAL
     TO ONE BETWEEN TWO LATENT VARIABLES, OR A LINEAR DEPENDENCY AMONG MORE
     THAN TWO LATENT VARIABLES.  CHECK THE TECH4 OUTPUT FOR MORE INFORMATION.
     PROBLEM INVOLVING VARIABLE I.


     WARNING:  THE LATENT VARIABLE COVARIANCE MATRIX (PSI) IN CLASS 4
     IS NOT POSITIVE DEFINITE.  THIS COULD INDICATE A NEGATIVE VARIANCE/
     RESIDUAL VARIANCE FOR A LATENT VARIABLE, A CORRELATION GREATER OR EQUAL
     TO ONE BETWEEN TWO LATENT VARIABLES, OR A LINEAR DEPENDENCY AMONG MORE
     THAN TWO LATENT VARIABLES.  CHECK THE TECH4 OUTPUT FOR MORE INFORMATION.
     PROBLEM INVOLVING VARIABLE I.


     WARNING:  THE LATENT VARIABLE COVARIANCE MATRIX (PSI) IN CLASS 5
     IS NOT POSITIVE DEFINITE.  THIS COULD INDICATE A NEGATIVE VARIANCE/
     RESIDUAL VARIANCE FOR A LATENT VARIABLE, A CORRELATION GREATER OR EQUAL
     TO ONE BETWEEN TWO LATENT VARIABLES, OR A LINEAR DEPENDENCY AMONG MORE
     THAN TWO LATENT VARIABLES.  CHECK THE TECH4 OUTPUT FOR MORE INFORMATION.
     PROBLEM INVOLVING VARIABLE I.




MODEL FIT INFORMATION

Number of Free Parameters                       29

Loglikelihood

          H0 Value                      -11262.762
          H0 Scaling Correction Factor      2.6908
            for MLR

Information Criteria

          Akaike (AIC)                   22583.523
          Bayesian (BIC)                 22739.040
          Sample-Size Adjusted BIC       22646.913
            (n* = (n + 2) / 24)



FINAL CLASS COUNTS AND PROPORTIONS FOR THE LATENT CLASSES
BASED ON THE ESTIMATED MODEL

    Latent
   Classes

       1        110.60699          0.07018
       2        118.87003          0.07543
       3         70.05158          0.04445
       4         61.63820          0.03911
       5       1214.83321          0.77083


FINAL CLASS COUNTS AND PROPORTIONS FOR THE LATENT CLASSES
BASED ON ESTIMATED POSTERIOR PROBABILITIES

    Latent
   Classes

       1        110.60699          0.07018
       2        118.87003          0.07543
       3         70.05158          0.04445
       4         61.63820          0.03911
       5       1214.83321          0.77083


FINAL CLASS COUNTS AND PROPORTIONS FOR THE LATENT CLASSES
BASED ON THEIR MOST LIKELY LATENT CLASS MEMBERSHIP

Class Counts and Proportions

    Latent
   Classes

       1              111          0.07043
       2              101          0.06409
       3               64          0.04061
       4               58          0.03680
       5             1242          0.78807


CLASSIFICATION QUALITY

     Entropy                         0.897


Average Latent Class Probabilities for Most Likely Latent Class Membership (Row)
by Latent Class (Column)

           1        2        3        4        5

    1   0.825    0.012    0.003    0.054    0.106
    2   0.005    0.831    0.051    0.002    0.111
    3   0.006    0.055    0.887    0.028    0.024
    4   0.061    0.003    0.024    0.910    0.002
    5   0.012    0.024    0.005    0.001    0.958


Classification Probabilities for the Most Likely Latent Class Membership (Column)
by Latent Class (Row)

           1        2        3        4        5

    1   0.828    0.004    0.004    0.032    0.132
    2   0.011    0.706    0.030    0.001    0.252
    3   0.005    0.074    0.810    0.020    0.091
    4   0.096    0.004    0.029    0.857    0.014
    5   0.010    0.009    0.001    0.000    0.980


Logits for the Classification Probabilities for the Most Likely Latent Class Membership (Column)
by Latent Class (Row)

              1        2        3        4        5

    1      1.833   -3.439   -3.632   -1.419    0.000
    2     -3.108    1.030   -2.142   -5.248    0.000
    3     -2.921   -0.216    2.182   -1.514    0.000
    4      1.966   -1.240    0.780    4.149    0.000
    5     -4.613   -4.663   -6.654   -9.467    0.000


MODEL RESULTS

                                                    Two-Tailed
                    Estimate       S.E.  Est./S.E.    P-Value

Latent Class 1

 I        BY
    Y1                 1.000      0.000    999.000    999.000
    Y2                 1.000      0.000    999.000    999.000
    Y3                 1.000      0.000    999.000    999.000
    Y4                 1.000      0.000    999.000    999.000
    Y5                 1.000      0.000    999.000    999.000
    Y6                 1.000      0.000    999.000    999.000

 S        BY
    Y1                 0.000      0.000    999.000    999.000
    Y2                 2.000      0.000    999.000    999.000
    Y3                 4.000      0.000    999.000    999.000
    Y4                 6.000      0.000    999.000    999.000
    Y5                 8.000      0.000    999.000    999.000
    Y6                10.000      0.000    999.000    999.000

 Q        BY
    Y1                 0.000      0.000    999.000    999.000
    Y2                 4.000      0.000    999.000    999.000
    Y3                16.000      0.000    999.000    999.000
    Y4                36.000      0.000    999.000    999.000
    Y5                64.000      0.000    999.000    999.000
    Y6               100.000      0.000    999.000    999.000

 S        WITH
    I                  0.153      0.016      9.322      0.000

 Q        WITH
    I                 -0.012      0.002     -7.296      0.000
    S                  0.003      0.001      2.758      0.006

 Means
    I                  2.292      0.202     11.345      0.000
    S                 -0.628      0.126     -4.969      0.000
    Q                  0.059      0.012      4.827      0.000

 Intercepts
    Y1                 0.248      0.030      8.292      0.000
    Y2                 0.424      0.035     11.988      0.000
    Y3                 0.414      0.044      9.430      0.000
    Y4                 0.597      0.050     11.913      0.000
    Y5                 0.596      0.063      9.530      0.000
    Y6                 0.827      0.082     10.057      0.000

 Variances
    I                 -0.265      0.039     -6.812      0.000
    S                 -0.039      0.010     -3.981      0.000
    Q                  0.000      0.000     -1.115      0.265

 Residual Variances
    Y1                 0.716      0.032     22.323      0.000
    Y2                 0.716      0.032     22.323      0.000
    Y3                 0.716      0.032     22.323      0.000
    Y4                 0.716      0.032     22.323      0.000
    Y5                 0.716      0.032     22.323      0.000
    Y6                 0.716      0.032     22.323      0.000

Latent Class 2

 I        BY
    Y1                 1.000      0.000    999.000    999.000
    Y2                 1.000      0.000    999.000    999.000
    Y3                 1.000      0.000    999.000    999.000
    Y4                 1.000      0.000    999.000    999.000
    Y5                 1.000      0.000    999.000    999.000
    Y6                 1.000      0.000    999.000    999.000

 S        BY
    Y1                 0.000      0.000    999.000    999.000
    Y2                 2.000      0.000    999.000    999.000
    Y3                 4.000      0.000    999.000    999.000
    Y4                 6.000      0.000    999.000    999.000
    Y5                 8.000      0.000    999.000    999.000
    Y6                10.000      0.000    999.000    999.000

 Q        BY
    Y1                 0.000      0.000    999.000    999.000
    Y2                 4.000      0.000    999.000    999.000
    Y3                16.000      0.000    999.000    999.000
    Y4                36.000      0.000    999.000    999.000
    Y5                64.000      0.000    999.000    999.000
    Y6               100.000      0.000    999.000    999.000

 S        WITH
    I                  0.153      0.016      9.322      0.000

 Q        WITH
    I                 -0.012      0.002     -7.296      0.000
    S                  0.003      0.001      2.758      0.006

 Means
    I                  0.064      0.158      0.403      0.687
    S                  0.137      0.236      0.580      0.562
    Q                  0.030      0.028      1.094      0.274

 Intercepts
    Y1                 0.248      0.030      8.292      0.000
    Y2                 0.424      0.035     11.988      0.000
    Y3                 0.414      0.044      9.430      0.000
    Y4                 0.597      0.050     11.913      0.000
    Y5                 0.596      0.063      9.530      0.000
    Y6                 0.827      0.082     10.057      0.000

 Variances
    I                 -0.265      0.039     -6.812      0.000
    S                 -0.039      0.010     -3.981      0.000
    Q                  0.000      0.000     -1.115      0.265

 Residual Variances
    Y1                 0.716      0.032     22.323      0.000
    Y2                 0.716      0.032     22.323      0.000
    Y3                 0.716      0.032     22.323      0.000
    Y4                 0.716      0.032     22.323      0.000
    Y5                 0.716      0.032     22.323      0.000
    Y6                 0.716      0.032     22.323      0.000

Latent Class 3

 I        BY
    Y1                 1.000      0.000    999.000    999.000
    Y2                 1.000      0.000    999.000    999.000
    Y3                 1.000      0.000    999.000    999.000
    Y4                 1.000      0.000    999.000    999.000
    Y5                 1.000      0.000    999.000    999.000
    Y6                 1.000      0.000    999.000    999.000

 S        BY
    Y1                 0.000      0.000    999.000    999.000
    Y2                 2.000      0.000    999.000    999.000
    Y3                 4.000      0.000    999.000    999.000
    Y4                 6.000      0.000    999.000    999.000
    Y5                 8.000      0.000    999.000    999.000
    Y6                10.000      0.000    999.000    999.000

 Q        BY
    Y1                 0.000      0.000    999.000    999.000
    Y2                 4.000      0.000    999.000    999.000
    Y3                16.000      0.000    999.000    999.000
    Y4                36.000      0.000    999.000    999.000
    Y5                64.000      0.000    999.000    999.000
    Y6               100.000      0.000    999.000    999.000

 S        WITH
    I                  0.153      0.016      9.322      0.000

 Q        WITH
    I                 -0.012      0.002     -7.296      0.000
    S                  0.003      0.001      2.758      0.006

 Means
    I                 -0.005      0.240     -0.022      0.983
    S                  1.392      0.309      4.506      0.000
    Q                 -0.112      0.038     -2.943      0.003

 Intercepts
    Y1                 0.248      0.030      8.292      0.000
    Y2                 0.424      0.035     11.988      0.000
    Y3                 0.414      0.044      9.430      0.000
    Y4                 0.597      0.050     11.913      0.000
    Y5                 0.596      0.063      9.530      0.000
    Y6                 0.827      0.082     10.057      0.000

 Variances
    I                 -0.265      0.039     -6.812      0.000
    S                 -0.039      0.010     -3.981      0.000
    Q                  0.000      0.000     -1.115      0.265

 Residual Variances
    Y1                 0.716      0.032     22.323      0.000
    Y2                 0.716      0.032     22.323      0.000
    Y3                 0.716      0.032     22.323      0.000
    Y4                 0.716      0.032     22.323      0.000
    Y5                 0.716      0.032     22.323      0.000
    Y6                 0.716      0.032     22.323      0.000

Latent Class 4

 I        BY
    Y1                 1.000      0.000    999.000    999.000
    Y2                 1.000      0.000    999.000    999.000
    Y3                 1.000      0.000    999.000    999.000
    Y4                 1.000      0.000    999.000    999.000
    Y5                 1.000      0.000    999.000    999.000
    Y6                 1.000      0.000    999.000    999.000

 S        BY
    Y1                 0.000      0.000    999.000    999.000
    Y2                 2.000      0.000    999.000    999.000
    Y3                 4.000      0.000    999.000    999.000
    Y4                 6.000      0.000    999.000    999.000
    Y5                 8.000      0.000    999.000    999.000
    Y6                10.000      0.000    999.000    999.000

 Q        BY
    Y1                 0.000      0.000    999.000    999.000
    Y2                 4.000      0.000    999.000    999.000
    Y3                16.000      0.000    999.000    999.000
    Y4                36.000      0.000    999.000    999.000
    Y5                64.000      0.000    999.000    999.000
    Y6               100.000      0.000    999.000    999.000

 S        WITH
    I                  0.153      0.016      9.322      0.000

 Q        WITH
    I                 -0.012      0.002     -7.296      0.000
    S                  0.003      0.001      2.758      0.006

 Means
    I                  3.028      0.315      9.604      0.000
    S                  0.505      0.125      4.053      0.000
    Q                 -0.051      0.014     -3.547      0.000

 Intercepts
    Y1                 0.248      0.030      8.292      0.000
    Y2                 0.424      0.035     11.988      0.000
    Y3                 0.414      0.044      9.430      0.000
    Y4                 0.597      0.050     11.913      0.000
    Y5                 0.596      0.063      9.530      0.000
    Y6                 0.827      0.082     10.057      0.000

 Variances
    I                 -0.265      0.039     -6.812      0.000
    S                 -0.039      0.010     -3.981      0.000
    Q                  0.000      0.000     -1.115      0.265

 Residual Variances
    Y1                 0.716      0.032     22.323      0.000
    Y2                 0.716      0.032     22.323      0.000
    Y3                 0.716      0.032     22.323      0.000
    Y4                 0.716      0.032     22.323      0.000
    Y5                 0.716      0.032     22.323      0.000
    Y6                 0.716      0.032     22.323      0.000

Latent Class 5

 I        BY
    Y1                 1.000      0.000    999.000    999.000
    Y2                 1.000      0.000    999.000    999.000
    Y3                 1.000      0.000    999.000    999.000
    Y4                 1.000      0.000    999.000    999.000
    Y5                 1.000      0.000    999.000    999.000
    Y6                 1.000      0.000    999.000    999.000

 S        BY
    Y1                 0.000      0.000    999.000    999.000
    Y2                 2.000      0.000    999.000    999.000
    Y3                 4.000      0.000    999.000    999.000
    Y4                 6.000      0.000    999.000    999.000
    Y5                 8.000      0.000    999.000    999.000
    Y6                10.000      0.000    999.000    999.000

 Q        BY
    Y1                 0.000      0.000    999.000    999.000
    Y2                 4.000      0.000    999.000    999.000
    Y3                16.000      0.000    999.000    999.000
    Y4                36.000      0.000    999.000    999.000
    Y5                64.000      0.000    999.000    999.000
    Y6               100.000      0.000    999.000    999.000

 S        WITH
    I                  0.153      0.016      9.322      0.000

 Q        WITH
    I                 -0.012      0.002     -7.296      0.000
    S                  0.003      0.001      2.758      0.006

 Means
    I                  0.000      0.000    999.000    999.000
    S                  0.000      0.000    999.000    999.000
    Q                  0.000      0.000    999.000    999.000

 Intercepts
    Y1                 0.248      0.030      8.292      0.000
    Y2                 0.424      0.035     11.988      0.000
    Y3                 0.414      0.044      9.430      0.000
    Y4                 0.597      0.050     11.913      0.000
    Y5                 0.596      0.063      9.530      0.000
    Y6                 0.827      0.082     10.057      0.000

 Variances
    I                 -0.265      0.039     -6.812      0.000
    S                 -0.039      0.010     -3.981      0.000
    Q                  0.000      0.000     -1.115      0.265

 Residual Variances
    Y1                 0.716      0.032     22.323      0.000
    Y2                 0.716      0.032     22.323      0.000
    Y3                 0.716      0.032     22.323      0.000
    Y4                 0.716      0.032     22.323      0.000
    Y5                 0.716      0.032     22.323      0.000
    Y6                 0.716      0.032     22.323      0.000

Categorical Latent Variables

 Means
    C#1               -2.396      0.223    -10.766      0.000
    C#2               -2.324      0.386     -6.029      0.000
    C#3               -2.853      0.390     -7.315      0.000
    C#4               -2.981      0.207    -14.436      0.000


QUALITY OF NUMERICAL RESULTS

     Condition Number for the Information Matrix              0.247E-08
       (ratio of smallest to largest eigenvalue)


TECHNICAL 11 OUTPUT

     Random Starts Specifications for the k-1 Class Analysis Model
        Number of initial stage random starts                 300
        Number of final stage optimizations                    50



     VUONG-LO-MENDELL-RUBIN LIKELIHOOD RATIO TEST FOR 4 (H0) VERSUS 5 CLASSES

          H0 Loglikelihood Value                       -11390.206
          2 Times the Loglikelihood Difference            254.889
          Difference in the Number of Parameters                4
          Mean                                             39.353
          Standard Deviation                              317.396
          P-Value                                          0.1916

     LO-MENDELL-RUBIN ADJUSTED LRT TEST

          Value                                           246.519
          P-Value                                          0.2001


TECHNICAL 14 OUTPUT

     Random Starts Specifications for the k-1 Class Analysis Model
        Number of initial stage random starts                 300
        Number of final stage optimizations                    50

     Random Starts Specification for the k-1 Class Model for Generated Data
        Number of initial stage random starts                   0
        Number of final stage optimizations for the
           initial stage random starts                          0
     Random Starts Specification for the k Class Model for Generated Data
        Number of initial stage random starts                  40
        Number of final stage optimizations                     8
     Number of bootstrap draws requested                      100


     PARAMETRIC BOOTSTRAPPED LIKELIHOOD RATIO TEST FOR 4 (H0) VERSUS 5 CLASSES

          H0 Loglikelihood Value                       -11390.206
          2 Times the Loglikelihood Difference            254.889
          Difference in the Number of Parameters                4
          Approximate P-Value                              0.0000
          Successful Bootstrap Draws                           96

     WARNING:  OF THE 96 BOOTSTRAP DRAWS, 99 DRAWS HAD BOTH A SMALLER LRT VALUE THAN THE
     OBSERVED LRT VALUE AND NOT A REPLICATED BEST LOGLIKELIHOOD VALUE FOR THE 5-CLASS MODEL.
     THIS MEANS THAT THE P-VALUE MAY NOT BE TRUSTWORTHY DUE TO LOCAL MAXIMA.
     INCREASE THE NUMBER OF RANDOM STARTS USING THE LRTSTARTS OPTION.


     WARNING:  4 OUT OF 100 BOOTSTRAP DRAWS DID NOT CONVERGE.
     INCREASE THE NUMBER OF RANDOM STARTS USING THE LRTSTARTS OPTION.



     Beginning Time:  13:11:02
        Ending Time:  13:16:43
       Elapsed Time:  00:05:41



MUTHEN & MUTHEN
3463 Stoner Ave.
Los Angeles, CA  90066

Tel: (310) 391-9971
Fax: (310) 391-8971
Web: www.StatModel.com
Support: Support@StatModel.com

Copyright (c) 1998-2019 Muthen & Muthen
