Mplus VERSION 8.3
MUTHEN & MUTHEN
09/22/2026  12:35 PM

INPUT INSTRUCTIONS

  TITLE: ELSA k=2 gmm quad;
  DATA: FILE IS data/ELSA_train.dat;
  VARIABLE:
    NAMES ARE id y1 y2 y3 y4 y5 y6 y7;
    USEV = y1 y2 y3 y4 y5 y6 y7;
    MISSING = ALL (-999);
    CLASSES = c(2);
  ANALYSIS: TYPE = MIXTURE;
    STARTS = 300 50;
    LRTBOOTSTRAP = 100;
    PROCESSORS = 4;
  MODEL:
    %OVERALL%
    i BY y1@1 y2@1 y3@1 y4@1 y5@1 y6@1 y7@1;
    s BY y1@0 y2@2 y3@4 y4@6 y5@8 y6@10 y7@12;
    q BY y1@0 y2@4 y3@16 y4@36 y5@64 y6@100 y7@144;
    y1-y7 (res);
  OUTPUT: TECH11 TECH14;



*** WARNING
  Data set contains cases with missing on all variables.
  These cases were not included in the analysis.
  Number of cases with missing on all variables:  194
   1 WARNING(S) FOUND IN THE INPUT INSTRUCTIONS



ELSA k=2 gmm quad;

SUMMARY OF ANALYSIS

Number of groups                                                 1
Number of observations                                        1971

Number of dependent variables                                    7
Number of independent variables                                  0
Number of continuous latent variables                            3
Number of categorical latent variables                           1

Observed dependent variables

  Continuous
   Y1          Y2          Y3          Y4          Y5          Y6
   Y7

Continuous latent variables
   I           S           Q

Categorical latent variables
   C


Estimator                                                      MLR
Information matrix                                        OBSERVED
Optimization Specifications for the Quasi-Newton Algorithm for
Continuous Outcomes
  Maximum number of iterations                                 100
  Convergence criterion                                  0.100D-05
Optimization Specifications for the EM Algorithm
  Maximum number of iterations                                 500
  Convergence criteria
    Loglikelihood change                                 0.100D-06
    Relative loglikelihood change                        0.100D-06
    Derivative                                           0.100D-05
Optimization Specifications for the M step of the EM Algorithm for
Categorical Latent variables
  Number of M step iterations                                    1
  M step convergence criterion                           0.100D-05
  Basis for M step termination                           ITERATION
Optimization Specifications for the M step of the EM Algorithm for
Censored, Binary or Ordered Categorical (Ordinal), Unordered
Categorical (Nominal) and Count Outcomes
  Number of M step iterations                                    1
  M step convergence criterion                           0.100D-05
  Basis for M step termination                           ITERATION
  Maximum value for logit thresholds                            15
  Minimum value for logit thresholds                           -15
  Minimum expected cell size for chi-square              0.100D-01
Maximum number of iterations for H1                           2000
Convergence criterion for H1                             0.100D-03
Optimization algorithm                                         EMA
Random Starts Specifications
  Number of initial stage random starts                        300
  Number of final stage optimizations                           50
  Number of initial stage iterations                            10
  Initial stage convergence criterion                    0.100D+01
  Random starts scale                                    0.500D+01
  Random seed for generating random starts                       0

Input data file(s)
  data/ELSA_train.dat
Input data format  FREE


SUMMARY OF DATA

     Number of missing data patterns            62
     Number of y missing data patterns          62
     Number of u missing data patterns           0


COVARIANCE COVERAGE OF DATA

Minimum covariance coverage value   0.100


     PROPORTION OF DATA PRESENT FOR Y


           Covariance Coverage
              Y1            Y2            Y3            Y4            Y5
              ________      ________      ________      ________      ________
 Y1             0.951
 Y2             0.838         0.871
 Y3             0.796         0.796         0.835
 Y4             0.769         0.764         0.775         0.801
 Y5             0.682         0.686         0.693         0.700         0.712
 Y6             0.607         0.611         0.619         0.625         0.618
 Y7             0.550         0.555         0.561         0.564         0.556


           Covariance Coverage
              Y6            Y7
              ________      ________
 Y6             0.636
 Y7             0.555         0.573



UNIVARIATE SAMPLE STATISTICS


     UNIVARIATE HIGHER-ORDER MOMENT DESCRIPTIVE STATISTICS

         Variable/         Mean/     Skewness/   Minimum/ % with                Percentiles
        Sample Size      Variance    Kurtosis    Maximum  Min/Max      20%/60%    40%/80%    Median

     Y1                    0.397       2.925       0.000   74.83%       0.000      0.000      0.000
            1875.000       0.709      11.065       7.000    0.05%       0.000      1.000
     Y2                    0.493       2.623       0.000   71.46%       0.000      0.000      0.000
            1717.000       0.950       8.255       7.000    0.12%       0.000      1.000
     Y3                    0.602       2.370       0.000   67.54%       0.000      0.000      0.000
            1645.000       1.249       5.992       6.000    0.67%       0.000      1.000
     Y4                    0.677       2.301       0.000   66.10%       0.000      0.000      0.000
            1578.000       1.494       5.717       7.000    0.32%       0.000      1.000
     Y5                    0.754       2.052       0.000   63.18%       0.000      0.000      0.000
            1404.000       1.611       4.346       7.000    0.36%       0.000      1.000
     Y6                    0.812       2.100       0.000   61.77%       0.000      0.000      0.000
            1253.000       1.878       4.411       7.000    0.64%       0.000      1.000
     Y7                    0.971       1.806       0.000   57.35%       0.000      0.000      0.000
            1130.000       2.257       2.838       7.000    0.62%       1.000      2.000

RANDOM STARTS RESULTS RANKED FROM THE BEST TO THE WORST LOGLIKELIHOOD VALUES

Final stage loglikelihood values at local maxima, seeds, and initial stage start numbers:

          -14123.604  617243           237
          -14123.604  575700           100
          -14123.604  728038           177
          -14123.604  761633           50
          -14123.604  915107           54
          -14123.604  748692           204
          -14123.604  438144           271
          -14123.604  466971           109
          -14123.604  848163           47
          -14123.604  856536           144
          -14123.604  150531           154
          -14123.604  370466           41
          -14123.604  349263           263
          -14123.604  80438            246
          -14123.604  626891           32
          -14123.604  840031           276
          -14123.604  824126           287
          -14123.604  781190           219
          -14123.604  85462            51
          -14123.604  311214           64
          -14123.604  715561           125
          -14123.604  509733           130
          -14123.604  673496           218
          -14123.604  608849           224
          -14123.604  377504           294
          -14123.604  887676           22
          -14123.604  259507           53
          -14123.604  220454           288
          -14123.604  580405           286
          -14123.604  931874           141
          -14123.604  570782           193
          -14123.604  76337            76
          -14123.604  456213           160
          -14123.604  458181           189
          -14123.604  402224           91
          -14123.604  347515           24
          -14123.604  195353           225
          -14123.604  526324           178
          -14123.604  616917           261
          -14123.604  784664           75
          -14123.604  587946           120
          -14123.604  437181           135
          -14123.604  597614           284
          -14123.604  939709           112
          -14123.604  93468            3
          -14123.604  321390           133
          -14123.604  246575           291
          -14123.604  468036           131
          -14123.604  195873           6
          -14123.604  606576           151



THE BEST LOGLIKELIHOOD VALUE HAS BEEN REPLICATED.  RERUN WITH AT LEAST TWICE THE
RANDOM STARTS TO CHECK THAT THE BEST LOGLIKELIHOOD IS STILL OBTAINED AND REPLICATED.


THE MODEL ESTIMATION TERMINATED NORMALLY



MODEL FIT INFORMATION

Number of Free Parameters                       18

Loglikelihood

          H0 Value                      -14123.604
          H0 Scaling Correction Factor      2.8738
            for MLR

Information Criteria

          Akaike (AIC)                   28283.209
          Bayesian (BIC)                 28383.762
          Sample-Size Adjusted BIC       28326.575
            (n* = (n + 2) / 24)



FINAL CLASS COUNTS AND PROPORTIONS FOR THE LATENT CLASSES
BASED ON THE ESTIMATED MODEL

    Latent
   Classes

       1        169.20172          0.08585
       2       1801.79828          0.91415


FINAL CLASS COUNTS AND PROPORTIONS FOR THE LATENT CLASSES
BASED ON ESTIMATED POSTERIOR PROBABILITIES

    Latent
   Classes

       1        169.20172          0.08585
       2       1801.79828          0.91415


FINAL CLASS COUNTS AND PROPORTIONS FOR THE LATENT CLASSES
BASED ON THEIR MOST LIKELY LATENT CLASS MEMBERSHIP

Class Counts and Proportions

    Latent
   Classes

       1              155          0.07864
       2             1816          0.92136


CLASSIFICATION QUALITY

     Entropy                         0.939


Average Latent Class Probabilities for Most Likely Latent Class Membership (Row)
by Latent Class (Column)

           1        2

    1   0.945    0.055
    2   0.013    0.987


Classification Probabilities for the Most Likely Latent Class Membership (Column)
by Latent Class (Row)

           1        2

    1   0.866    0.134
    2   0.005    0.995


Logits for the Classification Probabilities for the Most Likely Latent Class Membership (Column)
by Latent Class (Row)

              1        2

    1      1.862    0.000
    2     -5.345    0.000


MODEL RESULTS

                                                    Two-Tailed
                    Estimate       S.E.  Est./S.E.    P-Value

Latent Class 1

 I        BY
    Y1                 1.000      0.000    999.000    999.000
    Y2                 1.000      0.000    999.000    999.000
    Y3                 1.000      0.000    999.000    999.000
    Y4                 1.000      0.000    999.000    999.000
    Y5                 1.000      0.000    999.000    999.000
    Y6                 1.000      0.000    999.000    999.000
    Y7                 1.000      0.000    999.000    999.000

 S        BY
    Y1                 0.000      0.000    999.000    999.000
    Y2                 2.000      0.000    999.000    999.000
    Y3                 4.000      0.000    999.000    999.000
    Y4                 6.000      0.000    999.000    999.000
    Y5                 8.000      0.000    999.000    999.000
    Y6                10.000      0.000    999.000    999.000
    Y7                12.000      0.000    999.000    999.000

 Q        BY
    Y1                 0.000      0.000    999.000    999.000
    Y2                 4.000      0.000    999.000    999.000
    Y3                16.000      0.000    999.000    999.000
    Y4                36.000      0.000    999.000    999.000
    Y5                64.000      0.000    999.000    999.000
    Y6               100.000      0.000    999.000    999.000
    Y7               144.000      0.000    999.000    999.000

 S        WITH
    I                 -0.004      0.012     -0.300      0.764

 Q        WITH
    I                  0.000      0.001      0.467      0.640
    S                  0.000      0.001     -0.892      0.372

 Means
    I                  1.141      0.402      2.840      0.005
    S                  0.570      0.096      5.964      0.000
    Q                 -0.035      0.006     -6.054      0.000

 Intercepts
    Y1                 0.301      0.031      9.622      0.000
    Y2                 0.311      0.023     13.772      0.000
    Y3                 0.387      0.023     16.841      0.000
    Y4                 0.461      0.030     15.275      0.000
    Y5                 0.578      0.043     13.561      0.000
    Y6                 0.713      0.053     13.474      0.000
    Y7                 0.984      0.061     16.041      0.000

 Variances
    I                  0.141      0.070      2.013      0.044
    S                  0.004      0.009      0.507      0.612
    Q                  0.000      0.000      3.041      0.002

 Residual Variances
    Y1                 0.541      0.021     25.285      0.000
    Y2                 0.541      0.021     25.285      0.000
    Y3                 0.541      0.021     25.285      0.000
    Y4                 0.541      0.021     25.285      0.000
    Y5                 0.541      0.021     25.285      0.000
    Y6                 0.541      0.021     25.285      0.000
    Y7                 0.541      0.021     25.285      0.000

Latent Class 2

 I        BY
    Y1                 1.000      0.000    999.000    999.000
    Y2                 1.000      0.000    999.000    999.000
    Y3                 1.000      0.000    999.000    999.000
    Y4                 1.000      0.000    999.000    999.000
    Y5                 1.000      0.000    999.000    999.000
    Y6                 1.000      0.000    999.000    999.000
    Y7                 1.000      0.000    999.000    999.000

 S        BY
    Y1                 0.000      0.000    999.000    999.000
    Y2                 2.000      0.000    999.000    999.000
    Y3                 4.000      0.000    999.000    999.000
    Y4                 6.000      0.000    999.000    999.000
    Y5                 8.000      0.000    999.000    999.000
    Y6                10.000      0.000    999.000    999.000
    Y7                12.000      0.000    999.000    999.000

 Q        BY
    Y1                 0.000      0.000    999.000    999.000
    Y2                 4.000      0.000    999.000    999.000
    Y3                16.000      0.000    999.000    999.000
    Y4                36.000      0.000    999.000    999.000
    Y5                64.000      0.000    999.000    999.000
    Y6               100.000      0.000    999.000    999.000
    Y7               144.000      0.000    999.000    999.000

 S        WITH
    I                 -0.004      0.012     -0.300      0.764

 Q        WITH
    I                  0.000      0.001      0.467      0.640
    S                  0.000      0.001     -0.892      0.372

 Means
    I                  0.000      0.000    999.000    999.000
    S                  0.000      0.000    999.000    999.000
    Q                  0.000      0.000    999.000    999.000

 Intercepts
    Y1                 0.301      0.031      9.622      0.000
    Y2                 0.311      0.023     13.772      0.000
    Y3                 0.387      0.023     16.841      0.000
    Y4                 0.461      0.030     15.275      0.000
    Y5                 0.578      0.043     13.561      0.000
    Y6                 0.713      0.053     13.474      0.000
    Y7                 0.984      0.061     16.041      0.000

 Variances
    I                  0.141      0.070      2.013      0.044
    S                  0.004      0.009      0.507      0.612
    Q                  0.000      0.000      3.041      0.002

 Residual Variances
    Y1                 0.541      0.021     25.285      0.000
    Y2                 0.541      0.021     25.285      0.000
    Y3                 0.541      0.021     25.285      0.000
    Y4                 0.541      0.021     25.285      0.000
    Y5                 0.541      0.021     25.285      0.000
    Y6                 0.541      0.021     25.285      0.000
    Y7                 0.541      0.021     25.285      0.000

Categorical Latent Variables

 Means
    C#1               -2.365      0.121    -19.542      0.000


QUALITY OF NUMERICAL RESULTS

     Condition Number for the Information Matrix              0.187E-06
       (ratio of smallest to largest eigenvalue)


TECHNICAL 11 OUTPUT

     Random Starts Specifications for the k-1 Class Analysis Model
        Number of initial stage random starts                 300
        Number of final stage optimizations                    50



     VUONG-LO-MENDELL-RUBIN LIKELIHOOD RATIO TEST FOR 1 (H0) VERSUS 2 CLASSES

          H0 Loglikelihood Value                       -14574.348
          2 Times the Loglikelihood Difference            901.487
          Difference in the Number of Parameters                4
          Mean                                            252.266
          Standard Deviation                              334.234
          P-Value                                          0.0524

     LO-MENDELL-RUBIN ADJUSTED LRT TEST

          Value                                           872.727
          P-Value                                          0.0564


TECHNICAL 14 OUTPUT

     Random Starts Specifications for the k-1 Class Analysis Model
        Number of initial stage random starts                 300
        Number of final stage optimizations                    50

     Random Starts Specification for the k-1 Class Model for Generated Data
        Number of initial stage random starts                   0
        Number of final stage optimizations for the
           initial stage random starts                          0
     Random Starts Specification for the k Class Model for Generated Data
        Number of initial stage random starts                  40
        Number of final stage optimizations                     8
     Number of bootstrap draws requested                      100


     PARAMETRIC BOOTSTRAPPED LIKELIHOOD RATIO TEST FOR 1 (H0) VERSUS 2 CLASSES

          H0 Loglikelihood Value                       -14574.348
          2 Times the Loglikelihood Difference            901.487
          Difference in the Number of Parameters                4
          Approximate P-Value                              0.0000
          Successful Bootstrap Draws                           96

     WARNING:  OF THE 96 BOOTSTRAP DRAWS, 57 DRAWS HAD BOTH A SMALLER LRT VALUE THAN THE
     OBSERVED LRT VALUE AND NOT A REPLICATED BEST LOGLIKELIHOOD VALUE FOR THE 2-CLASS MODEL.
     THIS MEANS THAT THE P-VALUE MAY NOT BE TRUSTWORTHY DUE TO LOCAL MAXIMA.
     INCREASE THE NUMBER OF RANDOM STARTS USING THE LRTSTARTS OPTION.


     WARNING:  4 OUT OF 100 BOOTSTRAP DRAWS DID NOT CONVERGE.
     INCREASE THE NUMBER OF RANDOM STARTS USING THE LRTSTARTS OPTION.



     Beginning Time:  12:35:33
        Ending Time:  12:38:28
       Elapsed Time:  00:02:55



MUTHEN & MUTHEN
3463 Stoner Ave.
Los Angeles, CA  90066

Tel: (310) 391-9971
Fax: (310) 391-8971
Web: www.StatModel.com
Support: Support@StatModel.com

Copyright (c) 1998-2019 Muthen & Muthen
