Mplus VERSION 8.3
MUTHEN & MUTHEN
09/22/2026  12:43 PM

INPUT INSTRUCTIONS

  TITLE: ELSA k=4 gmm quad;
  DATA: FILE IS data/ELSA_train.dat;
  VARIABLE:
    NAMES ARE id y1 y2 y3 y4 y5 y6 y7;
    USEV = y1 y2 y3 y4 y5 y6 y7;
    MISSING = ALL (-999);
    CLASSES = c(4);
  ANALYSIS: TYPE = MIXTURE;
    STARTS = 300 50;
    LRTBOOTSTRAP = 100;
    PROCESSORS = 4;
  MODEL:
    %OVERALL%
    i BY y1@1 y2@1 y3@1 y4@1 y5@1 y6@1 y7@1;
    s BY y1@0 y2@2 y3@4 y4@6 y5@8 y6@10 y7@12;
    q BY y1@0 y2@4 y3@16 y4@36 y5@64 y6@100 y7@144;
    y1-y7 (res);
  OUTPUT: TECH11 TECH14;



*** WARNING
  Data set contains cases with missing on all variables.
  These cases were not included in the analysis.
  Number of cases with missing on all variables:  194
   1 WARNING(S) FOUND IN THE INPUT INSTRUCTIONS



ELSA k=4 gmm quad;

SUMMARY OF ANALYSIS

Number of groups                                                 1
Number of observations                                        1971

Number of dependent variables                                    7
Number of independent variables                                  0
Number of continuous latent variables                            3
Number of categorical latent variables                           1

Observed dependent variables

  Continuous
   Y1          Y2          Y3          Y4          Y5          Y6
   Y7

Continuous latent variables
   I           S           Q

Categorical latent variables
   C


Estimator                                                      MLR
Information matrix                                        OBSERVED
Optimization Specifications for the Quasi-Newton Algorithm for
Continuous Outcomes
  Maximum number of iterations                                 100
  Convergence criterion                                  0.100D-05
Optimization Specifications for the EM Algorithm
  Maximum number of iterations                                 500
  Convergence criteria
    Loglikelihood change                                 0.100D-06
    Relative loglikelihood change                        0.100D-06
    Derivative                                           0.100D-05
Optimization Specifications for the M step of the EM Algorithm for
Categorical Latent variables
  Number of M step iterations                                    1
  M step convergence criterion                           0.100D-05
  Basis for M step termination                           ITERATION
Optimization Specifications for the M step of the EM Algorithm for
Censored, Binary or Ordered Categorical (Ordinal), Unordered
Categorical (Nominal) and Count Outcomes
  Number of M step iterations                                    1
  M step convergence criterion                           0.100D-05
  Basis for M step termination                           ITERATION
  Maximum value for logit thresholds                            15
  Minimum value for logit thresholds                           -15
  Minimum expected cell size for chi-square              0.100D-01
Maximum number of iterations for H1                           2000
Convergence criterion for H1                             0.100D-03
Optimization algorithm                                         EMA
Random Starts Specifications
  Number of initial stage random starts                        300
  Number of final stage optimizations                           50
  Number of initial stage iterations                            10
  Initial stage convergence criterion                    0.100D+01
  Random starts scale                                    0.500D+01
  Random seed for generating random starts                       0

Input data file(s)
  data/ELSA_train.dat
Input data format  FREE


SUMMARY OF DATA

     Number of missing data patterns            62
     Number of y missing data patterns          62
     Number of u missing data patterns           0


COVARIANCE COVERAGE OF DATA

Minimum covariance coverage value   0.100


     PROPORTION OF DATA PRESENT FOR Y


           Covariance Coverage
              Y1            Y2            Y3            Y4            Y5
              ________      ________      ________      ________      ________
 Y1             0.951
 Y2             0.838         0.871
 Y3             0.796         0.796         0.835
 Y4             0.769         0.764         0.775         0.801
 Y5             0.682         0.686         0.693         0.700         0.712
 Y6             0.607         0.611         0.619         0.625         0.618
 Y7             0.550         0.555         0.561         0.564         0.556


           Covariance Coverage
              Y6            Y7
              ________      ________
 Y6             0.636
 Y7             0.555         0.573



UNIVARIATE SAMPLE STATISTICS


     UNIVARIATE HIGHER-ORDER MOMENT DESCRIPTIVE STATISTICS

         Variable/         Mean/     Skewness/   Minimum/ % with                Percentiles
        Sample Size      Variance    Kurtosis    Maximum  Min/Max      20%/60%    40%/80%    Median

     Y1                    0.397       2.925       0.000   74.83%       0.000      0.000      0.000
            1875.000       0.709      11.065       7.000    0.05%       0.000      1.000
     Y2                    0.493       2.623       0.000   71.46%       0.000      0.000      0.000
            1717.000       0.950       8.255       7.000    0.12%       0.000      1.000
     Y3                    0.602       2.370       0.000   67.54%       0.000      0.000      0.000
            1645.000       1.249       5.992       6.000    0.67%       0.000      1.000
     Y4                    0.677       2.301       0.000   66.10%       0.000      0.000      0.000
            1578.000       1.494       5.717       7.000    0.32%       0.000      1.000
     Y5                    0.754       2.052       0.000   63.18%       0.000      0.000      0.000
            1404.000       1.611       4.346       7.000    0.36%       0.000      1.000
     Y6                    0.812       2.100       0.000   61.77%       0.000      0.000      0.000
            1253.000       1.878       4.411       7.000    0.64%       0.000      1.000
     Y7                    0.971       1.806       0.000   57.35%       0.000      0.000      0.000
            1130.000       2.257       2.838       7.000    0.62%       1.000      2.000

RANDOM STARTS RESULTS RANKED FROM THE BEST TO THE WORST LOGLIKELIHOOD VALUES

Final stage loglikelihood values at local maxima, seeds, and initial stage start numbers:

          -13613.236  840031           276
          -13613.236  673496           218
          -13613.236  696773           80
          -13613.236  701525           239
          -13613.236  481835           57
          -13613.236  783110           72
          -13613.236  891531           206
          -13613.236  321390           133
          -13613.236  913639           162
          -13613.236  931874           141
          -13613.236  253358           2
          -13613.236  903369           134
          -13613.236  575700           100
          -13613.236  715561           125
          -13645.773  568405           233
          -13651.398  297518           166
          -13651.398  247224           94
          -13651.398  848163           47
          -13651.398  471438           252
          -13651.398  945065           255
          -13658.512  124999           96
          -13694.630  967902           52
          -13694.630  349263           263
          -13711.708  835767           210
          -13778.144  848969           173
          -13806.928  369602           146
          -13806.928  352277           42
          -13810.780  65651            214
          -13810.780  281462           285
          -13810.780  915107           54
          -13821.329  46437            153
          -13843.457  851945           18
          -13843.457  370466           41
          -13846.321  467339           66
          -13846.321  195873           6
          -13846.321  80438            246
          -13846.321  570908           98
          -13846.321  970689           266
          -13858.911  259507           53
          -13859.817  59674            240
          -13859.817  340112           126
          -13859.817  17359            227
          -13864.748  973369           202
          -13864.748  107446           12
          -13864.748  286735           175
          -13864.748  303634           169
          -13864.748  402224           91
          -13864.748  781190           219
          -13864.748  175199           247

1 perturbed starting value run(s) did not converge.



THE BEST LOGLIKELIHOOD VALUE HAS BEEN REPLICATED.  RERUN WITH AT LEAST TWICE THE
RANDOM STARTS TO CHECK THAT THE BEST LOGLIKELIHOOD IS STILL OBTAINED AND REPLICATED.


THE MODEL ESTIMATION TERMINATED NORMALLY

     WARNING:  THE LATENT VARIABLE COVARIANCE MATRIX (PSI) IN CLASS 1
     IS NOT POSITIVE DEFINITE.  THIS COULD INDICATE A NEGATIVE VARIANCE/
     RESIDUAL VARIANCE FOR A LATENT VARIABLE, A CORRELATION GREATER OR EQUAL
     TO ONE BETWEEN TWO LATENT VARIABLES, OR A LINEAR DEPENDENCY AMONG MORE
     THAN TWO LATENT VARIABLES.  CHECK THE TECH4 OUTPUT FOR MORE INFORMATION.
     PROBLEM INVOLVING VARIABLE I.


     WARNING:  THE LATENT VARIABLE COVARIANCE MATRIX (PSI) IN CLASS 2
     IS NOT POSITIVE DEFINITE.  THIS COULD INDICATE A NEGATIVE VARIANCE/
     RESIDUAL VARIANCE FOR A LATENT VARIABLE, A CORRELATION GREATER OR EQUAL
     TO ONE BETWEEN TWO LATENT VARIABLES, OR A LINEAR DEPENDENCY AMONG MORE
     THAN TWO LATENT VARIABLES.  CHECK THE TECH4 OUTPUT FOR MORE INFORMATION.
     PROBLEM INVOLVING VARIABLE I.


     WARNING:  THE LATENT VARIABLE COVARIANCE MATRIX (PSI) IN CLASS 3
     IS NOT POSITIVE DEFINITE.  THIS COULD INDICATE A NEGATIVE VARIANCE/
     RESIDUAL VARIANCE FOR A LATENT VARIABLE, A CORRELATION GREATER OR EQUAL
     TO ONE BETWEEN TWO LATENT VARIABLES, OR A LINEAR DEPENDENCY AMONG MORE
     THAN TWO LATENT VARIABLES.  CHECK THE TECH4 OUTPUT FOR MORE INFORMATION.
     PROBLEM INVOLVING VARIABLE I.


     WARNING:  THE LATENT VARIABLE COVARIANCE MATRIX (PSI) IN CLASS 4
     IS NOT POSITIVE DEFINITE.  THIS COULD INDICATE A NEGATIVE VARIANCE/
     RESIDUAL VARIANCE FOR A LATENT VARIABLE, A CORRELATION GREATER OR EQUAL
     TO ONE BETWEEN TWO LATENT VARIABLES, OR A LINEAR DEPENDENCY AMONG MORE
     THAN TWO LATENT VARIABLES.  CHECK THE TECH4 OUTPUT FOR MORE INFORMATION.
     PROBLEM INVOLVING VARIABLE I.




MODEL FIT INFORMATION

Number of Free Parameters                       26

Loglikelihood

          H0 Value                      -13613.236
          H0 Scaling Correction Factor      2.9449
            for MLR

Information Criteria

          Akaike (AIC)                   27278.472
          Bayesian (BIC)                 27423.716
          Sample-Size Adjusted BIC       27341.113
            (n* = (n + 2) / 24)



FINAL CLASS COUNTS AND PROPORTIONS FOR THE LATENT CLASSES
BASED ON THE ESTIMATED MODEL

    Latent
   Classes

       1        107.67347          0.05463
       2        179.76244          0.09120
       3         89.49181          0.04540
       4       1594.07228          0.80876


FINAL CLASS COUNTS AND PROPORTIONS FOR THE LATENT CLASSES
BASED ON ESTIMATED POSTERIOR PROBABILITIES

    Latent
   Classes

       1        107.67347          0.05463
       2        179.76244          0.09120
       3         89.49181          0.04540
       4       1594.07228          0.80876


FINAL CLASS COUNTS AND PROPORTIONS FOR THE LATENT CLASSES
BASED ON THEIR MOST LIKELY LATENT CLASS MEMBERSHIP

Class Counts and Proportions

    Latent
   Classes

       1              118          0.05987
       2              130          0.06596
       3               77          0.03907
       4             1646          0.83511


CLASSIFICATION QUALITY

     Entropy                         0.883


Average Latent Class Probabilities for Most Likely Latent Class Membership (Row)
by Latent Class (Column)

           1        2        3        4

    1   0.839    0.045    0.031    0.086
    2   0.012    0.886    0.016    0.086
    3   0.009    0.035    0.928    0.028
    4   0.004    0.034    0.007    0.954


Classification Probabilities for the Most Likely Latent Class Membership (Column)
by Latent Class (Row)

           1        2        3        4

    1   0.919    0.014    0.006    0.060
    2   0.029    0.641    0.015    0.315
    3   0.041    0.024    0.799    0.137
    4   0.006    0.007    0.001    0.985


Logits for the Classification Probabilities for the Most Likely Latent Class Membership (Column)
by Latent Class (Row)

              1        2        3        4

    1      2.721   -1.437   -2.295    0.000
    2     -2.378    0.709   -3.042    0.000
    3     -1.213   -1.747    1.765    0.000
    4     -5.042   -4.946   -6.590    0.000


MODEL RESULTS

                                                    Two-Tailed
                    Estimate       S.E.  Est./S.E.    P-Value

Latent Class 1

 I        BY
    Y1                 1.000      0.000    999.000    999.000
    Y2                 1.000      0.000    999.000    999.000
    Y3                 1.000      0.000    999.000    999.000
    Y4                 1.000      0.000    999.000    999.000
    Y5                 1.000      0.000    999.000    999.000
    Y6                 1.000      0.000    999.000    999.000
    Y7                 1.000      0.000    999.000    999.000

 S        BY
    Y1                 0.000      0.000    999.000    999.000
    Y2                 2.000      0.000    999.000    999.000
    Y3                 4.000      0.000    999.000    999.000
    Y4                 6.000      0.000    999.000    999.000
    Y5                 8.000      0.000    999.000    999.000
    Y6                10.000      0.000    999.000    999.000
    Y7                12.000      0.000    999.000    999.000

 Q        BY
    Y1                 0.000      0.000    999.000    999.000
    Y2                 4.000      0.000    999.000    999.000
    Y3                16.000      0.000    999.000    999.000
    Y4                36.000      0.000    999.000    999.000
    Y5                64.000      0.000    999.000    999.000
    Y6               100.000      0.000    999.000    999.000
    Y7               144.000      0.000    999.000    999.000

 S        WITH
    I                  0.072      0.013      5.419      0.000

 Q        WITH
    I                 -0.005      0.001     -4.805      0.000
    S                  0.001      0.000      2.112      0.035

 Means
    I                  2.727      0.298      9.137      0.000
    S                 -0.268      0.079     -3.391      0.001
    Q                  0.020      0.006      3.014      0.003

 Intercepts
    Y1                 0.213      0.024      8.960      0.000
    Y2                 0.280      0.021     13.468      0.000
    Y3                 0.363      0.024     15.042      0.000
    Y4                 0.405      0.027     14.960      0.000
    Y5                 0.442      0.031     14.427      0.000
    Y6                 0.462      0.039     11.790      0.000
    Y7                 0.572      0.048     12.024      0.000

 Variances
    I                 -0.112      0.033     -3.416      0.001
    S                 -0.011      0.006     -1.809      0.070
    Q                  0.000      0.000     -1.948      0.051

 Residual Variances
    Y1                 0.530      0.021     24.737      0.000
    Y2                 0.530      0.021     24.737      0.000
    Y3                 0.530      0.021     24.737      0.000
    Y4                 0.530      0.021     24.737      0.000
    Y5                 0.530      0.021     24.737      0.000
    Y6                 0.530      0.021     24.737      0.000
    Y7                 0.530      0.021     24.737      0.000

Latent Class 2

 I        BY
    Y1                 1.000      0.000    999.000    999.000
    Y2                 1.000      0.000    999.000    999.000
    Y3                 1.000      0.000    999.000    999.000
    Y4                 1.000      0.000    999.000    999.000
    Y5                 1.000      0.000    999.000    999.000
    Y6                 1.000      0.000    999.000    999.000
    Y7                 1.000      0.000    999.000    999.000

 S        BY
    Y1                 0.000      0.000    999.000    999.000
    Y2                 2.000      0.000    999.000    999.000
    Y3                 4.000      0.000    999.000    999.000
    Y4                 6.000      0.000    999.000    999.000
    Y5                 8.000      0.000    999.000    999.000
    Y6                10.000      0.000    999.000    999.000
    Y7                12.000      0.000    999.000    999.000

 Q        BY
    Y1                 0.000      0.000    999.000    999.000
    Y2                 4.000      0.000    999.000    999.000
    Y3                16.000      0.000    999.000    999.000
    Y4                36.000      0.000    999.000    999.000
    Y5                64.000      0.000    999.000    999.000
    Y6               100.000      0.000    999.000    999.000
    Y7               144.000      0.000    999.000    999.000

 S        WITH
    I                  0.072      0.013      5.419      0.000

 Q        WITH
    I                 -0.005      0.001     -4.805      0.000
    S                  0.001      0.000      2.112      0.035

 Means
    I                  0.334      0.172      1.939      0.052
    S                 -0.211      0.108     -1.956      0.050
    Q                  0.045      0.009      5.218      0.000

 Intercepts
    Y1                 0.213      0.024      8.960      0.000
    Y2                 0.280      0.021     13.468      0.000
    Y3                 0.363      0.024     15.042      0.000
    Y4                 0.405      0.027     14.960      0.000
    Y5                 0.442      0.031     14.427      0.000
    Y6                 0.462      0.039     11.790      0.000
    Y7                 0.572      0.048     12.024      0.000

 Variances
    I                 -0.112      0.033     -3.416      0.001
    S                 -0.011      0.006     -1.809      0.070
    Q                  0.000      0.000     -1.948      0.051

 Residual Variances
    Y1                 0.530      0.021     24.737      0.000
    Y2                 0.530      0.021     24.737      0.000
    Y3                 0.530      0.021     24.737      0.000
    Y4                 0.530      0.021     24.737      0.000
    Y5                 0.530      0.021     24.737      0.000
    Y6                 0.530      0.021     24.737      0.000
    Y7                 0.530      0.021     24.737      0.000

Latent Class 3

 I        BY
    Y1                 1.000      0.000    999.000    999.000
    Y2                 1.000      0.000    999.000    999.000
    Y3                 1.000      0.000    999.000    999.000
    Y4                 1.000      0.000    999.000    999.000
    Y5                 1.000      0.000    999.000    999.000
    Y6                 1.000      0.000    999.000    999.000
    Y7                 1.000      0.000    999.000    999.000

 S        BY
    Y1                 0.000      0.000    999.000    999.000
    Y2                 2.000      0.000    999.000    999.000
    Y3                 4.000      0.000    999.000    999.000
    Y4                 6.000      0.000    999.000    999.000
    Y5                 8.000      0.000    999.000    999.000
    Y6                10.000      0.000    999.000    999.000
    Y7                12.000      0.000    999.000    999.000

 Q        BY
    Y1                 0.000      0.000    999.000    999.000
    Y2                 4.000      0.000    999.000    999.000
    Y3                16.000      0.000    999.000    999.000
    Y4                36.000      0.000    999.000    999.000
    Y5                64.000      0.000    999.000    999.000
    Y6               100.000      0.000    999.000    999.000
    Y7               144.000      0.000    999.000    999.000

 S        WITH
    I                  0.072      0.013      5.419      0.000

 Q        WITH
    I                 -0.005      0.001     -4.805      0.000
    S                  0.001      0.000      2.112      0.035

 Means
    I                  0.164      0.158      1.036      0.300
    S                  0.947      0.136      6.939      0.000
    Q                 -0.057      0.015     -3.701      0.000

 Intercepts
    Y1                 0.213      0.024      8.960      0.000
    Y2                 0.280      0.021     13.468      0.000
    Y3                 0.363      0.024     15.042      0.000
    Y4                 0.405      0.027     14.960      0.000
    Y5                 0.442      0.031     14.427      0.000
    Y6                 0.462      0.039     11.790      0.000
    Y7                 0.572      0.048     12.024      0.000

 Variances
    I                 -0.112      0.033     -3.416      0.001
    S                 -0.011      0.006     -1.809      0.070
    Q                  0.000      0.000     -1.948      0.051

 Residual Variances
    Y1                 0.530      0.021     24.737      0.000
    Y2                 0.530      0.021     24.737      0.000
    Y3                 0.530      0.021     24.737      0.000
    Y4                 0.530      0.021     24.737      0.000
    Y5                 0.530      0.021     24.737      0.000
    Y6                 0.530      0.021     24.737      0.000
    Y7                 0.530      0.021     24.737      0.000

Latent Class 4

 I        BY
    Y1                 1.000      0.000    999.000    999.000
    Y2                 1.000      0.000    999.000    999.000
    Y3                 1.000      0.000    999.000    999.000
    Y4                 1.000      0.000    999.000    999.000
    Y5                 1.000      0.000    999.000    999.000
    Y6                 1.000      0.000    999.000    999.000
    Y7                 1.000      0.000    999.000    999.000

 S        BY
    Y1                 0.000      0.000    999.000    999.000
    Y2                 2.000      0.000    999.000    999.000
    Y3                 4.000      0.000    999.000    999.000
    Y4                 6.000      0.000    999.000    999.000
    Y5                 8.000      0.000    999.000    999.000
    Y6                10.000      0.000    999.000    999.000
    Y7                12.000      0.000    999.000    999.000

 Q        BY
    Y1                 0.000      0.000    999.000    999.000
    Y2                 4.000      0.000    999.000    999.000
    Y3                16.000      0.000    999.000    999.000
    Y4                36.000      0.000    999.000    999.000
    Y5                64.000      0.000    999.000    999.000
    Y6               100.000      0.000    999.000    999.000
    Y7               144.000      0.000    999.000    999.000

 S        WITH
    I                  0.072      0.013      5.419      0.000

 Q        WITH
    I                 -0.005      0.001     -4.805      0.000
    S                  0.001      0.000      2.112      0.035

 Means
    I                  0.000      0.000    999.000    999.000
    S                  0.000      0.000    999.000    999.000
    Q                  0.000      0.000    999.000    999.000

 Intercepts
    Y1                 0.213      0.024      8.960      0.000
    Y2                 0.280      0.021     13.468      0.000
    Y3                 0.363      0.024     15.042      0.000
    Y4                 0.405      0.027     14.960      0.000
    Y5                 0.442      0.031     14.427      0.000
    Y6                 0.462      0.039     11.790      0.000
    Y7                 0.572      0.048     12.024      0.000

 Variances
    I                 -0.112      0.033     -3.416      0.001
    S                 -0.011      0.006     -1.809      0.070
    Q                  0.000      0.000     -1.948      0.051

 Residual Variances
    Y1                 0.530      0.021     24.737      0.000
    Y2                 0.530      0.021     24.737      0.000
    Y3                 0.530      0.021     24.737      0.000
    Y4                 0.530      0.021     24.737      0.000
    Y5                 0.530      0.021     24.737      0.000
    Y6                 0.530      0.021     24.737      0.000
    Y7                 0.530      0.021     24.737      0.000

Categorical Latent Variables

 Means
    C#1               -2.695      0.250    -10.783      0.000
    C#2               -2.182      0.198    -11.004      0.000
    C#3               -2.880      0.225    -12.805      0.000


QUALITY OF NUMERICAL RESULTS

     Condition Number for the Information Matrix              0.506E-07
       (ratio of smallest to largest eigenvalue)


TECHNICAL 11 OUTPUT

     Random Starts Specifications for the k-1 Class Analysis Model
        Number of initial stage random starts                 300
        Number of final stage optimizations                    50



     VUONG-LO-MENDELL-RUBIN LIKELIHOOD RATIO TEST FOR 3 (H0) VERSUS 4 CLASSES

          H0 Loglikelihood Value                       -13846.321
          2 Times the Loglikelihood Difference            466.170
          Difference in the Number of Parameters                4
          Mean                                            197.297
          Standard Deviation                              376.691
          P-Value                                          0.1766

     LO-MENDELL-RUBIN ADJUSTED LRT TEST

          Value                                           451.298
          P-Value                                          0.1850


TECHNICAL 14 OUTPUT

     Random Starts Specifications for the k-1 Class Analysis Model
        Number of initial stage random starts                 300
        Number of final stage optimizations                    50

     Random Starts Specification for the k-1 Class Model for Generated Data
        Number of initial stage random starts                   0
        Number of final stage optimizations for the
           initial stage random starts                          0
     Random Starts Specification for the k Class Model for Generated Data
        Number of initial stage random starts                  40
        Number of final stage optimizations                     8
     Number of bootstrap draws requested                      100


     PARAMETRIC BOOTSTRAPPED LIKELIHOOD RATIO TEST FOR 3 (H0) VERSUS 4 CLASSES

          H0 Loglikelihood Value                       -13846.321
          2 Times the Loglikelihood Difference            466.170
          Difference in the Number of Parameters                4
          Approximate P-Value                              0.0000
          Successful Bootstrap Draws                           99

     WARNING:  OF THE 99 BOOTSTRAP DRAWS, 93 DRAWS HAD BOTH A SMALLER LRT VALUE THAN THE
     OBSERVED LRT VALUE AND NOT A REPLICATED BEST LOGLIKELIHOOD VALUE FOR THE 4-CLASS MODEL.
     THIS MEANS THAT THE P-VALUE MAY NOT BE TRUSTWORTHY DUE TO LOCAL MAXIMA.
     INCREASE THE NUMBER OF RANDOM STARTS USING THE LRTSTARTS OPTION.


     WARNING:  1 OUT OF 100 BOOTSTRAP DRAWS DID NOT CONVERGE.
     INCREASE THE NUMBER OF RANDOM STARTS USING THE LRTSTARTS OPTION.



     Beginning Time:  12:43:33
        Ending Time:  12:51:33
       Elapsed Time:  00:08:00



MUTHEN & MUTHEN
3463 Stoner Ave.
Los Angeles, CA  90066

Tel: (310) 391-9971
Fax: (310) 391-8971
Web: www.StatModel.com
Support: Support@StatModel.com

Copyright (c) 1998-2019 Muthen & Muthen
