Mplus VERSION 8.3
MUTHEN & MUTHEN
09/22/2026  12:32 PM

INPUT INSTRUCTIONS

  TITLE: CHARLS k=2 gmm lin;
  DATA: FILE IS data/CHARLS_train.dat;
  VARIABLE:
    NAMES ARE id y1 y2 y3;
    USEV = y1 y2 y3;
    MISSING = ALL (-999);
    CLASSES = c(2);
  ANALYSIS: TYPE = MIXTURE;
    STARTS = 300 50;
    LRTBOOTSTRAP = 100;
    PROCESSORS = 4;
  MODEL:
    %OVERALL%
    i BY y1@1 y2@1 y3@1;
    s BY y1@0 y2@2 y3@5;
    y1-y3 (res);
  OUTPUT: TECH11 TECH14;



*** WARNING
  Data set contains cases with missing on all variables.
  These cases were not included in the analysis.
  Number of cases with missing on all variables:  73
   1 WARNING(S) FOUND IN THE INPUT INSTRUCTIONS



CHARLS k=2 gmm lin;

SUMMARY OF ANALYSIS

Number of groups                                                 1
Number of observations                                        1647

Number of dependent variables                                    3
Number of independent variables                                  0
Number of continuous latent variables                            2
Number of categorical latent variables                           1

Observed dependent variables

  Continuous
   Y1          Y2          Y3

Continuous latent variables
   I           S

Categorical latent variables
   C


Estimator                                                      MLR
Information matrix                                        OBSERVED
Optimization Specifications for the Quasi-Newton Algorithm for
Continuous Outcomes
  Maximum number of iterations                                 100
  Convergence criterion                                  0.100D-05
Optimization Specifications for the EM Algorithm
  Maximum number of iterations                                 500
  Convergence criteria
    Loglikelihood change                                 0.100D-06
    Relative loglikelihood change                        0.100D-06
    Derivative                                           0.100D-05
Optimization Specifications for the M step of the EM Algorithm for
Categorical Latent variables
  Number of M step iterations                                    1
  M step convergence criterion                           0.100D-05
  Basis for M step termination                           ITERATION
Optimization Specifications for the M step of the EM Algorithm for
Censored, Binary or Ordered Categorical (Ordinal), Unordered
Categorical (Nominal) and Count Outcomes
  Number of M step iterations                                    1
  M step convergence criterion                           0.100D-05
  Basis for M step termination                           ITERATION
  Maximum value for logit thresholds                            15
  Minimum value for logit thresholds                           -15
  Minimum expected cell size for chi-square              0.100D-01
Maximum number of iterations for H1                           2000
Convergence criterion for H1                             0.100D-03
Optimization algorithm                                         EMA
Random Starts Specifications
  Number of initial stage random starts                        300
  Number of final stage optimizations                           50
  Number of initial stage iterations                            10
  Initial stage convergence criterion                    0.100D+01
  Random starts scale                                    0.500D+01
  Random seed for generating random starts                       0

Input data file(s)
  data/CHARLS_train.dat
Input data format  FREE


SUMMARY OF DATA

     Number of missing data patterns             7
     Number of y missing data patterns           7
     Number of u missing data patterns           0


COVARIANCE COVERAGE OF DATA

Minimum covariance coverage value   0.100


     PROPORTION OF DATA PRESENT FOR Y


           Covariance Coverage
              Y1            Y2            Y3
              ________      ________      ________
 Y1             0.920
 Y2             0.845         0.906
 Y3             0.792         0.808         0.859



UNIVARIATE SAMPLE STATISTICS


     UNIVARIATE HIGHER-ORDER MOMENT DESCRIPTIVE STATISTICS

         Variable/         Mean/     Skewness/   Minimum/ % with                Percentiles
        Sample Size      Variance    Kurtosis    Maximum  Min/Max      20%/60%    40%/80%    Median

     Y1                    0.759       1.868       0.000   59.37%       0.000      0.000      0.000
            1516.000       1.373       3.811       7.000    0.20%       1.000      1.000
     Y2                    0.814       1.904       0.000   57.17%       0.000      0.000      0.000
            1492.000       1.525       3.980       7.000    0.34%       1.000      2.000
     Y3                    1.074       1.641       0.000   49.08%       0.000      0.000      1.000
            1414.000       2.111       2.542       7.000    0.64%       1.000      2.000

RANDOM STARTS RESULTS RANKED FROM THE BEST TO THE WORST LOGLIKELIHOOD VALUES

Final stage loglikelihood values at local maxima, seeds, and initial stage start numbers:

           -6760.113  268217           83
           -6760.113  673496           218
           -6760.113  580405           286
           -6760.113  443917           60
           -6760.113  479273           156
           -6760.113  741888           138
           -6760.113  282464           283
           -6760.113  645664           39
           -6760.113  175199           247
           -6760.113  622860           259
           -6760.113  352277           42
           -6760.113  391179           78
           -6760.113  579995           183
           -6760.113  349263           263
           -6760.113  464179           106
           -6760.113  156536           245
           -6760.113  509733           130
           -6760.113  913639           162
           -6760.113  535804           111
           -6760.113  97158            205
           -6760.113  576220           115
           -6760.113  654136           167
           -6760.113  392407           221
           -6760.113  752769           253
           -6760.113  59674            240
           -6760.113  17359            227
           -6760.113  297518           166
           -6760.113  311214           64
           -6763.092  784664           75
           -6763.092  840031           276
           -6763.092  860772           174
           -6763.092  565819           65
           -6763.092  436460           89
           -6763.092  471398           74
           -6763.092  592219           119
           -6763.092  903420           5
           -6763.092  814975           129
           -6763.092  284109           82
           -6763.092  824126           287
           -6763.092  120506           45
           -6763.092  415502           194
           -6763.092  939709           112
           -6763.092  341041           34
           -6763.092  848163           47
           -6763.092  347515           24
           -6763.092  802779           122
           -6763.092  286735           175
           -6763.092  80438            246
           -6763.092  195873           6
           -6763.092  21345            199



THE BEST LOGLIKELIHOOD VALUE HAS BEEN REPLICATED.  RERUN WITH AT LEAST TWICE THE
RANDOM STARTS TO CHECK THAT THE BEST LOGLIKELIHOOD IS STILL OBTAINED AND REPLICATED.


THE MODEL ESTIMATION TERMINATED NORMALLY

     WARNING:  THE LATENT VARIABLE COVARIANCE MATRIX (PSI) IN CLASS 1
     IS NOT POSITIVE DEFINITE.  THIS COULD INDICATE A NEGATIVE VARIANCE/
     RESIDUAL VARIANCE FOR A LATENT VARIABLE, A CORRELATION GREATER OR EQUAL
     TO ONE BETWEEN TWO LATENT VARIABLES, OR A LINEAR DEPENDENCY AMONG MORE
     THAN TWO LATENT VARIABLES.  CHECK THE TECH4 OUTPUT FOR MORE INFORMATION.
     PROBLEM INVOLVING VARIABLE I.


     WARNING:  THE LATENT VARIABLE COVARIANCE MATRIX (PSI) IN CLASS 2
     IS NOT POSITIVE DEFINITE.  THIS COULD INDICATE A NEGATIVE VARIANCE/
     RESIDUAL VARIANCE FOR A LATENT VARIABLE, A CORRELATION GREATER OR EQUAL
     TO ONE BETWEEN TWO LATENT VARIABLES, OR A LINEAR DEPENDENCY AMONG MORE
     THAN TWO LATENT VARIABLES.  CHECK THE TECH4 OUTPUT FOR MORE INFORMATION.
     PROBLEM INVOLVING VARIABLE I.




MODEL FIT INFORMATION

Number of Free Parameters                       10

Loglikelihood

          H0 Value                       -6760.113
          H0 Scaling Correction Factor      2.4440
            for MLR

Information Criteria

          Akaike (AIC)                   13540.225
          Bayesian (BIC)                 13594.292
          Sample-Size Adjusted BIC       13562.524
            (n* = (n + 2) / 24)



FINAL CLASS COUNTS AND PROPORTIONS FOR THE LATENT CLASSES
BASED ON THE ESTIMATED MODEL

    Latent
   Classes

       1        206.54026          0.12540
       2       1440.45974          0.87460


FINAL CLASS COUNTS AND PROPORTIONS FOR THE LATENT CLASSES
BASED ON ESTIMATED POSTERIOR PROBABILITIES

    Latent
   Classes

       1        206.54026          0.12540
       2       1440.45974          0.87460


FINAL CLASS COUNTS AND PROPORTIONS FOR THE LATENT CLASSES
BASED ON THEIR MOST LIKELY LATENT CLASS MEMBERSHIP

Class Counts and Proportions

    Latent
   Classes

       1              191          0.11597
       2             1456          0.88403


CLASSIFICATION QUALITY

     Entropy                         0.894


Average Latent Class Probabilities for Most Likely Latent Class Membership (Row)
by Latent Class (Column)

           1        2

    1   0.915    0.085
    2   0.022    0.978


Classification Probabilities for the Most Likely Latent Class Membership (Column)
by Latent Class (Row)

           1        2

    1   0.846    0.154
    2   0.011    0.989


Logits for the Classification Probabilities for the Most Likely Latent Class Membership (Column)
by Latent Class (Row)

              1        2

    1      1.702    0.000
    2     -4.470    0.000


MODEL RESULTS

                                                    Two-Tailed
                    Estimate       S.E.  Est./S.E.    P-Value

Latent Class 1

 I        BY
    Y1                 1.000      0.000    999.000    999.000
    Y2                 1.000      0.000    999.000    999.000
    Y3                 1.000      0.000    999.000    999.000

 S        BY
    Y1                 0.000      0.000    999.000    999.000
    Y2                 2.000      0.000    999.000    999.000
    Y3                 5.000      0.000    999.000    999.000

 S        WITH
    I                  0.098      0.026      3.755      0.000

 Means
    I                  2.568      0.183     14.010      0.000
    S                 -0.248      0.105     -2.365      0.018

 Intercepts
    Y1                 0.428      0.038     11.167      0.000
    Y2                 0.543      0.052     10.418      0.000
    Y3                 0.941      0.078     12.098      0.000

 Variances
    I                 -0.202      0.052     -3.911      0.000
    S                  0.013      0.007      1.831      0.067

 Residual Variances
    Y1                 0.832      0.055     15.151      0.000
    Y2                 0.832      0.055     15.151      0.000
    Y3                 0.832      0.055     15.151      0.000

Latent Class 2

 I        BY
    Y1                 1.000      0.000    999.000    999.000
    Y2                 1.000      0.000    999.000    999.000
    Y3                 1.000      0.000    999.000    999.000

 S        BY
    Y1                 0.000      0.000    999.000    999.000
    Y2                 2.000      0.000    999.000    999.000
    Y3                 5.000      0.000    999.000    999.000

 S        WITH
    I                  0.098      0.026      3.755      0.000

 Means
    I                  0.000      0.000    999.000    999.000
    S                  0.000      0.000    999.000    999.000

 Intercepts
    Y1                 0.428      0.038     11.167      0.000
    Y2                 0.543      0.052     10.418      0.000
    Y3                 0.941      0.078     12.098      0.000

 Variances
    I                 -0.202      0.052     -3.911      0.000
    S                  0.013      0.007      1.831      0.067

 Residual Variances
    Y1                 0.832      0.055     15.151      0.000
    Y2                 0.832      0.055     15.151      0.000
    Y3                 0.832      0.055     15.151      0.000

Categorical Latent Variables

 Means
    C#1               -1.942      0.178    -10.894      0.000


QUALITY OF NUMERICAL RESULTS

     Condition Number for the Information Matrix              0.309E-03
       (ratio of smallest to largest eigenvalue)


TECHNICAL 11 OUTPUT

     Random Starts Specifications for the k-1 Class Analysis Model
        Number of initial stage random starts                 300
        Number of final stage optimizations                    50



     VUONG-LO-MENDELL-RUBIN LIKELIHOOD RATIO TEST FOR 1 (H0) VERSUS 2 CLASSES

          H0 Loglikelihood Value                        -7021.537
          2 Times the Loglikelihood Difference            522.850
          Difference in the Number of Parameters                3
          Mean                                             79.529
          Standard Deviation                              102.890
          P-Value                                          0.0074

     LO-MENDELL-RUBIN ADJUSTED LRT TEST

          Value                                           500.333
          P-Value                                          0.0088


TECHNICAL 14 OUTPUT

     Random Starts Specifications for the k-1 Class Analysis Model
        Number of initial stage random starts                 300
        Number of final stage optimizations                    50

     Random Starts Specification for the k-1 Class Model for Generated Data
        Number of initial stage random starts                   0
        Number of final stage optimizations for the
           initial stage random starts                          0
     Random Starts Specification for the k Class Model for Generated Data
        Number of initial stage random starts                  40
        Number of final stage optimizations                     8
     Number of bootstrap draws requested                      100


     PARAMETRIC BOOTSTRAPPED LIKELIHOOD RATIO TEST FOR 1 (H0) VERSUS 2 CLASSES

          H0 Loglikelihood Value                        -7021.537
          2 Times the Loglikelihood Difference            522.850
          Difference in the Number of Parameters                3
          Approximate P-Value                              0.0000
          Successful Bootstrap Draws                          100


     Beginning Time:  12:32:42
        Ending Time:  12:33:00
       Elapsed Time:  00:00:18



MUTHEN & MUTHEN
3463 Stoner Ave.
Los Angeles, CA  90066

Tel: (310) 391-9971
Fax: (310) 391-8971
Web: www.StatModel.com
Support: Support@StatModel.com

Copyright (c) 1998-2019 Muthen & Muthen
