Mplus VERSION 8.3
MUTHEN & MUTHEN
09/22/2026   1:04 PM

INPUT INSTRUCTIONS

  TITLE: HRS k=3 gmm quad;
  DATA: FILE IS data/HRS_train.dat;
  VARIABLE:
    NAMES ARE id y1 y2 y3 y4 y5 y6;
    USEV = y1 y2 y3 y4 y5 y6;
    MISSING = ALL (-999);
    CLASSES = c(3);
  ANALYSIS: TYPE = MIXTURE;
    STARTS = 300 50;
    LRTBOOTSTRAP = 100;
    PROCESSORS = 4;
  MODEL:
    %OVERALL%
    i BY y1@1 y2@1 y3@1 y4@1 y5@1 y6@1;
    s BY y1@0 y2@2 y3@4 y4@6 y5@8 y6@10;
    q BY y1@0 y2@4 y3@16 y4@36 y5@64 y6@100;
    y1-y6 (res);
  OUTPUT: TECH11 TECH14;



*** WARNING
  Data set contains cases with missing on all variables.
  These cases were not included in the analysis.
  Number of cases with missing on all variables:  57
   1 WARNING(S) FOUND IN THE INPUT INSTRUCTIONS



HRS k=3 gmm quad;

SUMMARY OF ANALYSIS

Number of groups                                                 1
Number of observations                                        1576

Number of dependent variables                                    6
Number of independent variables                                  0
Number of continuous latent variables                            3
Number of categorical latent variables                           1

Observed dependent variables

  Continuous
   Y1          Y2          Y3          Y4          Y5          Y6

Continuous latent variables
   I           S           Q

Categorical latent variables
   C


Estimator                                                      MLR
Information matrix                                        OBSERVED
Optimization Specifications for the Quasi-Newton Algorithm for
Continuous Outcomes
  Maximum number of iterations                                 100
  Convergence criterion                                  0.100D-05
Optimization Specifications for the EM Algorithm
  Maximum number of iterations                                 500
  Convergence criteria
    Loglikelihood change                                 0.100D-06
    Relative loglikelihood change                        0.100D-06
    Derivative                                           0.100D-05
Optimization Specifications for the M step of the EM Algorithm for
Categorical Latent variables
  Number of M step iterations                                    1
  M step convergence criterion                           0.100D-05
  Basis for M step termination                           ITERATION
Optimization Specifications for the M step of the EM Algorithm for
Censored, Binary or Ordered Categorical (Ordinal), Unordered
Categorical (Nominal) and Count Outcomes
  Number of M step iterations                                    1
  M step convergence criterion                           0.100D-05
  Basis for M step termination                           ITERATION
  Maximum value for logit thresholds                            15
  Minimum value for logit thresholds                           -15
  Minimum expected cell size for chi-square              0.100D-01
Maximum number of iterations for H1                           2000
Convergence criterion for H1                             0.100D-03
Optimization algorithm                                         EMA
Random Starts Specifications
  Number of initial stage random starts                        300
  Number of final stage optimizations                           50
  Number of initial stage iterations                            10
  Initial stage convergence criterion                    0.100D+01
  Random starts scale                                    0.500D+01
  Random seed for generating random starts                       0

Input data file(s)
  data/HRS_train.dat
Input data format  FREE


SUMMARY OF DATA

     Number of missing data patterns            32
     Number of y missing data patterns          32
     Number of u missing data patterns           0


COVARIANCE COVERAGE OF DATA

Minimum covariance coverage value   0.100


     PROPORTION OF DATA PRESENT FOR Y


           Covariance Coverage
              Y1            Y2            Y3            Y4            Y5
              ________      ________      ________      ________      ________
 Y1             0.980
 Y2             0.914         0.930
 Y3             0.867         0.871         0.883
 Y4             0.815         0.817         0.813         0.827
 Y5             0.721         0.723         0.721         0.723         0.731
 Y6             0.618         0.620         0.617         0.621         0.617


           Covariance Coverage
              Y6
              ________
 Y6             0.624



UNIVARIATE SAMPLE STATISTICS


     UNIVARIATE HIGHER-ORDER MOMENT DESCRIPTIVE STATISTICS

         Variable/         Mean/     Skewness/   Minimum/ % with                Percentiles
        Sample Size      Variance    Kurtosis    Maximum  Min/Max      20%/60%    40%/80%    Median

     Y1                    0.532       2.393       0.000   68.98%       0.000      0.000      0.000
            1544.000       0.980       6.755       7.000    0.13%       0.000      1.000
     Y2                    0.769       2.163       0.000   61.98%       0.000      0.000      0.000
            1465.000       1.679       4.945       7.000    0.34%       0.000      1.000
     Y3                    0.811       2.113       0.000   60.68%       0.000      0.000      0.000
            1391.000       1.823       4.525       7.000    0.50%       0.000      1.000
     Y4                    1.030       1.805       0.000   54.75%       0.000      0.000      0.000
            1304.000       2.406       2.899       7.000    1.00%       1.000      2.000
     Y5                    1.036       1.622       0.000   55.03%       0.000      0.000      0.000
            1152.000       2.277       2.135       7.000    0.52%       1.000      2.000
     Y6                    1.279       1.420       0.000   45.43%       0.000      0.000      1.000
             984.000       2.655       1.538       7.000    1.42%       1.000      2.000

RANDOM STARTS RESULTS RANKED FROM THE BEST TO THE WORST LOGLIKELIHOOD VALUES

Final stage loglikelihood values at local maxima, seeds, and initial stage start numbers:

          -11514.952  575700           100
          -11514.952  483369           270
          -11514.952  783165           170
          -11514.952  76337            76
          -11514.952  475420           71
          -11514.952  645664           39
          -11514.952  468036           131
          -11514.952  741888           138
          -11514.952  848969           173
          -11514.952  297518           166
          -11514.952  618000           190
          -11514.952  616917           261
          -11514.952  417035           149
          -11514.952  462228           298
          -11514.952  840078           203
          -11514.952  945065           255
          -11514.952  341041           34
          -11514.952  626891           32
          -11514.952  685657           69
          -11514.952  188498           258
          -11514.952  788796           145
          -11514.952  220454           288
          -11514.952  124999           96
          -11514.952  761633           50
          -11514.952  456213           160
          -11514.952  415502           194
          -11514.952  939709           112
          -11514.952  648555           113
          -11514.952  105435           265
          -11514.952  347515           24
          -11514.952  259507           53
          -11514.952  545140           278
          -11514.952  21345            199
          -11514.952  608849           224
          -11514.952  970689           266
          -11514.952  405079           68
          -11514.952  12477            155
          -11514.952  436460           89
          -11514.952  688839           273
          -11546.488  85462            51
          -11546.488  726035           191
          -11546.488  533738           11
          -11546.488  211281           292
          -11546.488  476498           179
          -11546.488  51375            148
          -11546.488  848890           95
          -11546.488  165853           105
          -11546.488  824126           287
          -11546.488  422103           62
          -11707.641  650371           14



THE BEST LOGLIKELIHOOD VALUE HAS BEEN REPLICATED.  RERUN WITH AT LEAST TWICE THE
RANDOM STARTS TO CHECK THAT THE BEST LOGLIKELIHOOD IS STILL OBTAINED AND REPLICATED.


THE MODEL ESTIMATION TERMINATED NORMALLY

     WARNING:  THE LATENT VARIABLE COVARIANCE MATRIX (PSI) IN CLASS 1
     IS NOT POSITIVE DEFINITE.  THIS COULD INDICATE A NEGATIVE VARIANCE/
     RESIDUAL VARIANCE FOR A LATENT VARIABLE, A CORRELATION GREATER OR EQUAL
     TO ONE BETWEEN TWO LATENT VARIABLES, OR A LINEAR DEPENDENCY AMONG MORE
     THAN TWO LATENT VARIABLES.  CHECK THE TECH4 OUTPUT FOR MORE INFORMATION.
     PROBLEM INVOLVING VARIABLE I.


     WARNING:  THE LATENT VARIABLE COVARIANCE MATRIX (PSI) IN CLASS 2
     IS NOT POSITIVE DEFINITE.  THIS COULD INDICATE A NEGATIVE VARIANCE/
     RESIDUAL VARIANCE FOR A LATENT VARIABLE, A CORRELATION GREATER OR EQUAL
     TO ONE BETWEEN TWO LATENT VARIABLES, OR A LINEAR DEPENDENCY AMONG MORE
     THAN TWO LATENT VARIABLES.  CHECK THE TECH4 OUTPUT FOR MORE INFORMATION.
     PROBLEM INVOLVING VARIABLE I.


     WARNING:  THE LATENT VARIABLE COVARIANCE MATRIX (PSI) IN CLASS 3
     IS NOT POSITIVE DEFINITE.  THIS COULD INDICATE A NEGATIVE VARIANCE/
     RESIDUAL VARIANCE FOR A LATENT VARIABLE, A CORRELATION GREATER OR EQUAL
     TO ONE BETWEEN TWO LATENT VARIABLES, OR A LINEAR DEPENDENCY AMONG MORE
     THAN TWO LATENT VARIABLES.  CHECK THE TECH4 OUTPUT FOR MORE INFORMATION.
     PROBLEM INVOLVING VARIABLE I.




MODEL FIT INFORMATION

Number of Free Parameters                       21

Loglikelihood

          H0 Value                      -11514.952
          H0 Scaling Correction Factor      2.8307
            for MLR

Information Criteria

          Akaike (AIC)                   23071.904
          Bayesian (BIC)                 23184.520
          Sample-Size Adjusted BIC       23117.807
            (n* = (n + 2) / 24)



FINAL CLASS COUNTS AND PROPORTIONS FOR THE LATENT CLASSES
BASED ON THE ESTIMATED MODEL

    Latent
   Classes

       1        142.21930          0.09024
       2        136.84443          0.08683
       3       1296.93627          0.82293


FINAL CLASS COUNTS AND PROPORTIONS FOR THE LATENT CLASSES
BASED ON ESTIMATED POSTERIOR PROBABILITIES

    Latent
   Classes

       1        142.21930          0.09024
       2        136.84443          0.08683
       3       1296.93627          0.82293


FINAL CLASS COUNTS AND PROPORTIONS FOR THE LATENT CLASSES
BASED ON THEIR MOST LIKELY LATENT CLASS MEMBERSHIP

Class Counts and Proportions

    Latent
   Classes

       1              126          0.07995
       2              129          0.08185
       3             1321          0.83820


CLASSIFICATION QUALITY

     Entropy                         0.912


Average Latent Class Probabilities for Most Likely Latent Class Membership (Row)
by Latent Class (Column)

           1        2        3

    1   0.904    0.016    0.080
    2   0.014    0.947    0.039
    3   0.020    0.010    0.970


Classification Probabilities for the Most Likely Latent Class Membership (Column)
by Latent Class (Row)

           1        2        3

    1   0.801    0.012    0.187
    2   0.014    0.892    0.093
    3   0.008    0.004    0.988


Logits for the Classification Probabilities for the Most Likely Latent Class Membership (Column)
by Latent Class (Row)

              1        2        3

    1      1.456   -2.705    0.000
    2     -1.868    2.260    0.000
    3     -4.840   -5.528    0.000


MODEL RESULTS

                                                    Two-Tailed
                    Estimate       S.E.  Est./S.E.    P-Value

Latent Class 1

 I        BY
    Y1                 1.000      0.000    999.000    999.000
    Y2                 1.000      0.000    999.000    999.000
    Y3                 1.000      0.000    999.000    999.000
    Y4                 1.000      0.000    999.000    999.000
    Y5                 1.000      0.000    999.000    999.000
    Y6                 1.000      0.000    999.000    999.000

 S        BY
    Y1                 0.000      0.000    999.000    999.000
    Y2                 2.000      0.000    999.000    999.000
    Y3                 4.000      0.000    999.000    999.000
    Y4                 6.000      0.000    999.000    999.000
    Y5                 8.000      0.000    999.000    999.000
    Y6                10.000      0.000    999.000    999.000

 Q        BY
    Y1                 0.000      0.000    999.000    999.000
    Y2                 4.000      0.000    999.000    999.000
    Y3                16.000      0.000    999.000    999.000
    Y4                36.000      0.000    999.000    999.000
    Y5                64.000      0.000    999.000    999.000
    Y6               100.000      0.000    999.000    999.000

 S        WITH
    I                  0.156      0.025      6.198      0.000

 Q        WITH
    I                 -0.012      0.003     -4.165      0.000
    S                 -0.002      0.002     -0.994      0.320

 Means
    I                  0.025      0.219      0.116      0.908
    S                  0.765      0.190      4.033      0.000
    Q                 -0.034      0.025     -1.389      0.165

 Intercepts
    Y1                 0.290      0.023     12.471      0.000
    Y2                 0.460      0.030     15.280      0.000
    Y3                 0.455      0.036     12.595      0.000
    Y4                 0.658      0.046     14.232      0.000
    Y5                 0.699      0.060     11.728      0.000
    Y6                 0.970      0.084     11.595      0.000

 Variances
    I                 -0.230      0.047     -4.929      0.000
    S                  0.008      0.027      0.286      0.775
    Q                  0.000      0.000      2.255      0.024

 Residual Variances
    Y1                 0.728      0.033     22.223      0.000
    Y2                 0.728      0.033     22.223      0.000
    Y3                 0.728      0.033     22.223      0.000
    Y4                 0.728      0.033     22.223      0.000
    Y5                 0.728      0.033     22.223      0.000
    Y6                 0.728      0.033     22.223      0.000

Latent Class 2

 I        BY
    Y1                 1.000      0.000    999.000    999.000
    Y2                 1.000      0.000    999.000    999.000
    Y3                 1.000      0.000    999.000    999.000
    Y4                 1.000      0.000    999.000    999.000
    Y5                 1.000      0.000    999.000    999.000
    Y6                 1.000      0.000    999.000    999.000

 S        BY
    Y1                 0.000      0.000    999.000    999.000
    Y2                 2.000      0.000    999.000    999.000
    Y3                 4.000      0.000    999.000    999.000
    Y4                 6.000      0.000    999.000    999.000
    Y5                 8.000      0.000    999.000    999.000
    Y6                10.000      0.000    999.000    999.000

 Q        BY
    Y1                 0.000      0.000    999.000    999.000
    Y2                 4.000      0.000    999.000    999.000
    Y3                16.000      0.000    999.000    999.000
    Y4                36.000      0.000    999.000    999.000
    Y5                64.000      0.000    999.000    999.000
    Y6               100.000      0.000    999.000    999.000

 S        WITH
    I                  0.156      0.025      6.198      0.000

 Q        WITH
    I                 -0.012      0.003     -4.165      0.000
    S                 -0.002      0.002     -0.994      0.320

 Means
    I                  2.777      0.215     12.888      0.000
    S                 -0.223      0.204     -1.092      0.275
    Q                  0.016      0.018      0.890      0.374

 Intercepts
    Y1                 0.290      0.023     12.471      0.000
    Y2                 0.460      0.030     15.280      0.000
    Y3                 0.455      0.036     12.595      0.000
    Y4                 0.658      0.046     14.232      0.000
    Y5                 0.699      0.060     11.728      0.000
    Y6                 0.970      0.084     11.595      0.000

 Variances
    I                 -0.230      0.047     -4.929      0.000
    S                  0.008      0.027      0.286      0.775
    Q                  0.000      0.000      2.255      0.024

 Residual Variances
    Y1                 0.728      0.033     22.223      0.000
    Y2                 0.728      0.033     22.223      0.000
    Y3                 0.728      0.033     22.223      0.000
    Y4                 0.728      0.033     22.223      0.000
    Y5                 0.728      0.033     22.223      0.000
    Y6                 0.728      0.033     22.223      0.000

Latent Class 3

 I        BY
    Y1                 1.000      0.000    999.000    999.000
    Y2                 1.000      0.000    999.000    999.000
    Y3                 1.000      0.000    999.000    999.000
    Y4                 1.000      0.000    999.000    999.000
    Y5                 1.000      0.000    999.000    999.000
    Y6                 1.000      0.000    999.000    999.000

 S        BY
    Y1                 0.000      0.000    999.000    999.000
    Y2                 2.000      0.000    999.000    999.000
    Y3                 4.000      0.000    999.000    999.000
    Y4                 6.000      0.000    999.000    999.000
    Y5                 8.000      0.000    999.000    999.000
    Y6                10.000      0.000    999.000    999.000

 Q        BY
    Y1                 0.000      0.000    999.000    999.000
    Y2                 4.000      0.000    999.000    999.000
    Y3                16.000      0.000    999.000    999.000
    Y4                36.000      0.000    999.000    999.000
    Y5                64.000      0.000    999.000    999.000
    Y6               100.000      0.000    999.000    999.000

 S        WITH
    I                  0.156      0.025      6.198      0.000

 Q        WITH
    I                 -0.012      0.003     -4.165      0.000
    S                 -0.002      0.002     -0.994      0.320

 Means
    I                  0.000      0.000    999.000    999.000
    S                  0.000      0.000    999.000    999.000
    Q                  0.000      0.000    999.000    999.000

 Intercepts
    Y1                 0.290      0.023     12.471      0.000
    Y2                 0.460      0.030     15.280      0.000
    Y3                 0.455      0.036     12.595      0.000
    Y4                 0.658      0.046     14.232      0.000
    Y5                 0.699      0.060     11.728      0.000
    Y6                 0.970      0.084     11.595      0.000

 Variances
    I                 -0.230      0.047     -4.929      0.000
    S                  0.008      0.027      0.286      0.775
    Q                  0.000      0.000      2.255      0.024

 Residual Variances
    Y1                 0.728      0.033     22.223      0.000
    Y2                 0.728      0.033     22.223      0.000
    Y3                 0.728      0.033     22.223      0.000
    Y4                 0.728      0.033     22.223      0.000
    Y5                 0.728      0.033     22.223      0.000
    Y6                 0.728      0.033     22.223      0.000

Categorical Latent Variables

 Means
    C#1               -2.210      0.238     -9.268      0.000
    C#2               -2.249      0.187    -12.027      0.000


QUALITY OF NUMERICAL RESULTS

     Condition Number for the Information Matrix              0.514E-06
       (ratio of smallest to largest eigenvalue)


TECHNICAL 11 OUTPUT

     Random Starts Specifications for the k-1 Class Analysis Model
        Number of initial stage random starts                 300
        Number of final stage optimizations                    50



     VUONG-LO-MENDELL-RUBIN LIKELIHOOD RATIO TEST FOR 2 (H0) VERSUS 3 CLASSES

          H0 Loglikelihood Value                       -11722.566
          2 Times the Loglikelihood Difference            415.227
          Difference in the Number of Parameters                4
          Mean                                            297.453
          Standard Deviation                              368.269
          P-Value                                          0.2340

     LO-MENDELL-RUBIN ADJUSTED LRT TEST

          Value                                           401.591
          P-Value                                          0.2432


TECHNICAL 14 OUTPUT

     Random Starts Specifications for the k-1 Class Analysis Model
        Number of initial stage random starts                 300
        Number of final stage optimizations                    50

     Random Starts Specification for the k-1 Class Model for Generated Data
        Number of initial stage random starts                   0
        Number of final stage optimizations for the
           initial stage random starts                          0
     Random Starts Specification for the k Class Model for Generated Data
        Number of initial stage random starts                  40
        Number of final stage optimizations                     8
     Number of bootstrap draws requested                      100


     PARAMETRIC BOOTSTRAPPED LIKELIHOOD RATIO TEST FOR 2 (H0) VERSUS 3 CLASSES

          H0 Loglikelihood Value                       -11722.566
          2 Times the Loglikelihood Difference            415.227
          Difference in the Number of Parameters                4
          Approximate P-Value                              0.0000
          Successful Bootstrap Draws                           98

     WARNING:  OF THE 98 BOOTSTRAP DRAWS, 92 DRAWS HAD BOTH A SMALLER LRT VALUE THAN THE
     OBSERVED LRT VALUE AND NOT A REPLICATED BEST LOGLIKELIHOOD VALUE FOR THE 3-CLASS MODEL.
     THIS MEANS THAT THE P-VALUE MAY NOT BE TRUSTWORTHY DUE TO LOCAL MAXIMA.
     INCREASE THE NUMBER OF RANDOM STARTS USING THE LRTSTARTS OPTION.


     WARNING:  2 OUT OF 100 BOOTSTRAP DRAWS DID NOT CONVERGE.
     INCREASE THE NUMBER OF RANDOM STARTS USING THE LRTSTARTS OPTION.



     Beginning Time:  13:04:31
        Ending Time:  13:07:07
       Elapsed Time:  00:02:36



MUTHEN & MUTHEN
3463 Stoner Ave.
Los Angeles, CA  90066

Tel: (310) 391-9971
Fax: (310) 391-8971
Web: www.StatModel.com
Support: Support@StatModel.com

Copyright (c) 1998-2019 Muthen & Muthen
