Mplus VERSION 8.3
MUTHEN & MUTHEN
09/22/2026  12:38 PM

INPUT INSTRUCTIONS

  TITLE: ELSA k=3 gmm quad;
  DATA: FILE IS data/ELSA_train.dat;
  VARIABLE:
    NAMES ARE id y1 y2 y3 y4 y5 y6 y7;
    USEV = y1 y2 y3 y4 y5 y6 y7;
    MISSING = ALL (-999);
    CLASSES = c(3);
  ANALYSIS: TYPE = MIXTURE;
    STARTS = 300 50;
    LRTBOOTSTRAP = 100;
    PROCESSORS = 4;
  MODEL:
    %OVERALL%
    i BY y1@1 y2@1 y3@1 y4@1 y5@1 y6@1 y7@1;
    s BY y1@0 y2@2 y3@4 y4@6 y5@8 y6@10 y7@12;
    q BY y1@0 y2@4 y3@16 y4@36 y5@64 y6@100 y7@144;
    y1-y7 (res);
  OUTPUT: TECH11 TECH14;



*** WARNING
  Data set contains cases with missing on all variables.
  These cases were not included in the analysis.
  Number of cases with missing on all variables:  194
   1 WARNING(S) FOUND IN THE INPUT INSTRUCTIONS



ELSA k=3 gmm quad;

SUMMARY OF ANALYSIS

Number of groups                                                 1
Number of observations                                        1971

Number of dependent variables                                    7
Number of independent variables                                  0
Number of continuous latent variables                            3
Number of categorical latent variables                           1

Observed dependent variables

  Continuous
   Y1          Y2          Y3          Y4          Y5          Y6
   Y7

Continuous latent variables
   I           S           Q

Categorical latent variables
   C


Estimator                                                      MLR
Information matrix                                        OBSERVED
Optimization Specifications for the Quasi-Newton Algorithm for
Continuous Outcomes
  Maximum number of iterations                                 100
  Convergence criterion                                  0.100D-05
Optimization Specifications for the EM Algorithm
  Maximum number of iterations                                 500
  Convergence criteria
    Loglikelihood change                                 0.100D-06
    Relative loglikelihood change                        0.100D-06
    Derivative                                           0.100D-05
Optimization Specifications for the M step of the EM Algorithm for
Categorical Latent variables
  Number of M step iterations                                    1
  M step convergence criterion                           0.100D-05
  Basis for M step termination                           ITERATION
Optimization Specifications for the M step of the EM Algorithm for
Censored, Binary or Ordered Categorical (Ordinal), Unordered
Categorical (Nominal) and Count Outcomes
  Number of M step iterations                                    1
  M step convergence criterion                           0.100D-05
  Basis for M step termination                           ITERATION
  Maximum value for logit thresholds                            15
  Minimum value for logit thresholds                           -15
  Minimum expected cell size for chi-square              0.100D-01
Maximum number of iterations for H1                           2000
Convergence criterion for H1                             0.100D-03
Optimization algorithm                                         EMA
Random Starts Specifications
  Number of initial stage random starts                        300
  Number of final stage optimizations                           50
  Number of initial stage iterations                            10
  Initial stage convergence criterion                    0.100D+01
  Random starts scale                                    0.500D+01
  Random seed for generating random starts                       0

Input data file(s)
  data/ELSA_train.dat
Input data format  FREE


SUMMARY OF DATA

     Number of missing data patterns            62
     Number of y missing data patterns          62
     Number of u missing data patterns           0


COVARIANCE COVERAGE OF DATA

Minimum covariance coverage value   0.100


     PROPORTION OF DATA PRESENT FOR Y


           Covariance Coverage
              Y1            Y2            Y3            Y4            Y5
              ________      ________      ________      ________      ________
 Y1             0.951
 Y2             0.838         0.871
 Y3             0.796         0.796         0.835
 Y4             0.769         0.764         0.775         0.801
 Y5             0.682         0.686         0.693         0.700         0.712
 Y6             0.607         0.611         0.619         0.625         0.618
 Y7             0.550         0.555         0.561         0.564         0.556


           Covariance Coverage
              Y6            Y7
              ________      ________
 Y6             0.636
 Y7             0.555         0.573



UNIVARIATE SAMPLE STATISTICS


     UNIVARIATE HIGHER-ORDER MOMENT DESCRIPTIVE STATISTICS

         Variable/         Mean/     Skewness/   Minimum/ % with                Percentiles
        Sample Size      Variance    Kurtosis    Maximum  Min/Max      20%/60%    40%/80%    Median

     Y1                    0.397       2.925       0.000   74.83%       0.000      0.000      0.000
            1875.000       0.709      11.065       7.000    0.05%       0.000      1.000
     Y2                    0.493       2.623       0.000   71.46%       0.000      0.000      0.000
            1717.000       0.950       8.255       7.000    0.12%       0.000      1.000
     Y3                    0.602       2.370       0.000   67.54%       0.000      0.000      0.000
            1645.000       1.249       5.992       6.000    0.67%       0.000      1.000
     Y4                    0.677       2.301       0.000   66.10%       0.000      0.000      0.000
            1578.000       1.494       5.717       7.000    0.32%       0.000      1.000
     Y5                    0.754       2.052       0.000   63.18%       0.000      0.000      0.000
            1404.000       1.611       4.346       7.000    0.36%       0.000      1.000
     Y6                    0.812       2.100       0.000   61.77%       0.000      0.000      0.000
            1253.000       1.878       4.411       7.000    0.64%       0.000      1.000
     Y7                    0.971       1.806       0.000   57.35%       0.000      0.000      0.000
            1130.000       2.257       2.838       7.000    0.62%       1.000      2.000

RANDOM STARTS RESULTS RANKED FROM THE BEST TO THE WORST LOGLIKELIHOOD VALUES

Final stage loglikelihood values at local maxima, seeds, and initial stage start numbers:

          -13846.321  791396           243
          -13846.321  124999           96
          -13846.321  835767           210
          -13846.321  68985            17
          -13846.321  529455           268
          -13846.321  195873           6
          -13846.321  945065           255
          -13846.321  966014           37
          -13846.321  783110           72
          -13846.321  891531           206
          -13846.321  372176           23
          -13846.321  931874           141
          -13846.321  170954           86
          -13846.321  575700           100
          -13846.321  369602           146
          -13846.321  848969           173
          -13846.321  21345            199
          -13846.321  781190           219
          -13859.817  967902           52
          -13859.817  913639           162
          -13859.817  340112           126
          -13859.817  696773           80
          -13859.817  568405           233
          -13859.817  253358           2
          -13864.748  281462           285
          -13864.748  636396           168
          -13864.748  673496           218
          -13864.748  915107           54
          -13864.748  848163           47
          -13864.748  587946           120
          -13864.748  321390           133
          -13864.748  93468            3
          -13864.748  903369           134
          -13864.748  715561           125
          -13864.748  65651            214
          -13864.748  438144           271
          -13864.748  701525           239
          -13864.748  616917           261
          -13864.748  311214           64
          -13893.185  188498           258
          -13893.185  464179           106
          -13893.185  264081           186
          -13893.185  297518           166
          -13897.697  840031           276
          -13897.697  76337            76
          -14074.035  458181           189
          -14074.035  608460           244
          -14074.035  471438           252
          -14119.847  761633           50
          -14119.847  887676           22



THE BEST LOGLIKELIHOOD VALUE HAS BEEN REPLICATED.  RERUN WITH AT LEAST TWICE THE
RANDOM STARTS TO CHECK THAT THE BEST LOGLIKELIHOOD IS STILL OBTAINED AND REPLICATED.


THE MODEL ESTIMATION TERMINATED NORMALLY

     WARNING:  THE LATENT VARIABLE COVARIANCE MATRIX (PSI) IN CLASS 1
     IS NOT POSITIVE DEFINITE.  THIS COULD INDICATE A NEGATIVE VARIANCE/
     RESIDUAL VARIANCE FOR A LATENT VARIABLE, A CORRELATION GREATER OR EQUAL
     TO ONE BETWEEN TWO LATENT VARIABLES, OR A LINEAR DEPENDENCY AMONG MORE
     THAN TWO LATENT VARIABLES.  CHECK THE TECH4 OUTPUT FOR MORE INFORMATION.
     PROBLEM INVOLVING VARIABLE Q.


     WARNING:  THE LATENT VARIABLE COVARIANCE MATRIX (PSI) IN CLASS 2
     IS NOT POSITIVE DEFINITE.  THIS COULD INDICATE A NEGATIVE VARIANCE/
     RESIDUAL VARIANCE FOR A LATENT VARIABLE, A CORRELATION GREATER OR EQUAL
     TO ONE BETWEEN TWO LATENT VARIABLES, OR A LINEAR DEPENDENCY AMONG MORE
     THAN TWO LATENT VARIABLES.  CHECK THE TECH4 OUTPUT FOR MORE INFORMATION.
     PROBLEM INVOLVING VARIABLE Q.


     WARNING:  THE LATENT VARIABLE COVARIANCE MATRIX (PSI) IN CLASS 3
     IS NOT POSITIVE DEFINITE.  THIS COULD INDICATE A NEGATIVE VARIANCE/
     RESIDUAL VARIANCE FOR A LATENT VARIABLE, A CORRELATION GREATER OR EQUAL
     TO ONE BETWEEN TWO LATENT VARIABLES, OR A LINEAR DEPENDENCY AMONG MORE
     THAN TWO LATENT VARIABLES.  CHECK THE TECH4 OUTPUT FOR MORE INFORMATION.
     PROBLEM INVOLVING VARIABLE Q.




MODEL FIT INFORMATION

Number of Free Parameters                       22

Loglikelihood

          H0 Value                      -13846.321
          H0 Scaling Correction Factor      2.6765
            for MLR

Information Criteria

          Akaike (AIC)                   27736.642
          Bayesian (BIC)                 27859.540
          Sample-Size Adjusted BIC       27789.646
            (n* = (n + 2) / 24)



FINAL CLASS COUNTS AND PROPORTIONS FOR THE LATENT CLASSES
BASED ON THE ESTIMATED MODEL

    Latent
   Classes

       1        216.19844          0.10969
       2        139.72700          0.07089
       3       1615.07457          0.81942


FINAL CLASS COUNTS AND PROPORTIONS FOR THE LATENT CLASSES
BASED ON ESTIMATED POSTERIOR PROBABILITIES

    Latent
   Classes

       1        216.19844          0.10969
       2        139.72700          0.07089
       3       1615.07457          0.81942


FINAL CLASS COUNTS AND PROPORTIONS FOR THE LATENT CLASSES
BASED ON THEIR MOST LIKELY LATENT CLASS MEMBERSHIP

Class Counts and Proportions

    Latent
   Classes

       1              158          0.08016
       2              135          0.06849
       3             1678          0.85134


CLASSIFICATION QUALITY

     Entropy                         0.865


Average Latent Class Probabilities for Most Likely Latent Class Membership (Row)
by Latent Class (Column)

           1        2        3

    1   0.902    0.011    0.087
    2   0.032    0.924    0.044
    3   0.041    0.008    0.951


Classification Probabilities for the Most Likely Latent Class Membership (Column)
by Latent Class (Row)

           1        2        3

    1   0.659    0.020    0.321
    2   0.012    0.893    0.094
    3   0.009    0.004    0.988


Logits for the Classification Probabilities for the Most Likely Latent Class Membership (Column)
by Latent Class (Row)

              1        2        3

    1      0.718   -2.785    0.000
    2     -2.027    2.246    0.000
    3     -4.749   -5.595    0.000


MODEL RESULTS

                                                    Two-Tailed
                    Estimate       S.E.  Est./S.E.    P-Value

Latent Class 1

 I        BY
    Y1                 1.000      0.000    999.000    999.000
    Y2                 1.000      0.000    999.000    999.000
    Y3                 1.000      0.000    999.000    999.000
    Y4                 1.000      0.000    999.000    999.000
    Y5                 1.000      0.000    999.000    999.000
    Y6                 1.000      0.000    999.000    999.000
    Y7                 1.000      0.000    999.000    999.000

 S        BY
    Y1                 0.000      0.000    999.000    999.000
    Y2                 2.000      0.000    999.000    999.000
    Y3                 4.000      0.000    999.000    999.000
    Y4                 6.000      0.000    999.000    999.000
    Y5                 8.000      0.000    999.000    999.000
    Y6                10.000      0.000    999.000    999.000
    Y7                12.000      0.000    999.000    999.000

 Q        BY
    Y1                 0.000      0.000    999.000    999.000
    Y2                 4.000      0.000    999.000    999.000
    Y3                16.000      0.000    999.000    999.000
    Y4                36.000      0.000    999.000    999.000
    Y5                64.000      0.000    999.000    999.000
    Y6               100.000      0.000    999.000    999.000
    Y7               144.000      0.000    999.000    999.000

 S        WITH
    I                 -0.002      0.011     -0.165      0.869

 Q        WITH
    I                  0.000      0.001     -0.211      0.833
    S                  0.000      0.001     -0.362      0.717

 Means
    I                  0.290      0.093      3.106      0.002
    S                 -0.124      0.060     -2.079      0.038
    Q                  0.037      0.005      7.018      0.000

 Intercepts
    Y1                 0.264      0.025     10.644      0.000
    Y2                 0.300      0.023     13.003      0.000
    Y3                 0.367      0.024     15.478      0.000
    Y4                 0.399      0.026     15.549      0.000
    Y5                 0.431      0.029     14.823      0.000
    Y6                 0.453      0.038     11.828      0.000
    Y7                 0.576      0.048     11.882      0.000

 Variances
    I                  0.104      0.053      1.954      0.051
    S                  0.007      0.007      1.017      0.309
    Q                  0.000      0.000      0.069      0.945

 Residual Variances
    Y1                 0.536      0.021     25.028      0.000
    Y2                 0.536      0.021     25.028      0.000
    Y3                 0.536      0.021     25.028      0.000
    Y4                 0.536      0.021     25.028      0.000
    Y5                 0.536      0.021     25.028      0.000
    Y6                 0.536      0.021     25.028      0.000
    Y7                 0.536      0.021     25.028      0.000

Latent Class 2

 I        BY
    Y1                 1.000      0.000    999.000    999.000
    Y2                 1.000      0.000    999.000    999.000
    Y3                 1.000      0.000    999.000    999.000
    Y4                 1.000      0.000    999.000    999.000
    Y5                 1.000      0.000    999.000    999.000
    Y6                 1.000      0.000    999.000    999.000
    Y7                 1.000      0.000    999.000    999.000

 S        BY
    Y1                 0.000      0.000    999.000    999.000
    Y2                 2.000      0.000    999.000    999.000
    Y3                 4.000      0.000    999.000    999.000
    Y4                 6.000      0.000    999.000    999.000
    Y5                 8.000      0.000    999.000    999.000
    Y6                10.000      0.000    999.000    999.000
    Y7                12.000      0.000    999.000    999.000

 Q        BY
    Y1                 0.000      0.000    999.000    999.000
    Y2                 4.000      0.000    999.000    999.000
    Y3                16.000      0.000    999.000    999.000
    Y4                36.000      0.000    999.000    999.000
    Y5                64.000      0.000    999.000    999.000
    Y6               100.000      0.000    999.000    999.000
    Y7               144.000      0.000    999.000    999.000

 S        WITH
    I                 -0.002      0.011     -0.165      0.869

 Q        WITH
    I                  0.000      0.001     -0.211      0.833
    S                  0.000      0.001     -0.362      0.717

 Means
    I                  1.455      0.293      4.974      0.000
    S                  0.581      0.112      5.196      0.000
    Q                 -0.039      0.007     -5.442      0.000

 Intercepts
    Y1                 0.264      0.025     10.644      0.000
    Y2                 0.300      0.023     13.003      0.000
    Y3                 0.367      0.024     15.478      0.000
    Y4                 0.399      0.026     15.549      0.000
    Y5                 0.431      0.029     14.823      0.000
    Y6                 0.453      0.038     11.828      0.000
    Y7                 0.576      0.048     11.882      0.000

 Variances
    I                  0.104      0.053      1.954      0.051
    S                  0.007      0.007      1.017      0.309
    Q                  0.000      0.000      0.069      0.945

 Residual Variances
    Y1                 0.536      0.021     25.028      0.000
    Y2                 0.536      0.021     25.028      0.000
    Y3                 0.536      0.021     25.028      0.000
    Y4                 0.536      0.021     25.028      0.000
    Y5                 0.536      0.021     25.028      0.000
    Y6                 0.536      0.021     25.028      0.000
    Y7                 0.536      0.021     25.028      0.000

Latent Class 3

 I        BY
    Y1                 1.000      0.000    999.000    999.000
    Y2                 1.000      0.000    999.000    999.000
    Y3                 1.000      0.000    999.000    999.000
    Y4                 1.000      0.000    999.000    999.000
    Y5                 1.000      0.000    999.000    999.000
    Y6                 1.000      0.000    999.000    999.000
    Y7                 1.000      0.000    999.000    999.000

 S        BY
    Y1                 0.000      0.000    999.000    999.000
    Y2                 2.000      0.000    999.000    999.000
    Y3                 4.000      0.000    999.000    999.000
    Y4                 6.000      0.000    999.000    999.000
    Y5                 8.000      0.000    999.000    999.000
    Y6                10.000      0.000    999.000    999.000
    Y7                12.000      0.000    999.000    999.000

 Q        BY
    Y1                 0.000      0.000    999.000    999.000
    Y2                 4.000      0.000    999.000    999.000
    Y3                16.000      0.000    999.000    999.000
    Y4                36.000      0.000    999.000    999.000
    Y5                64.000      0.000    999.000    999.000
    Y6               100.000      0.000    999.000    999.000
    Y7               144.000      0.000    999.000    999.000

 S        WITH
    I                 -0.002      0.011     -0.165      0.869

 Q        WITH
    I                  0.000      0.001     -0.211      0.833
    S                  0.000      0.001     -0.362      0.717

 Means
    I                  0.000      0.000    999.000    999.000
    S                  0.000      0.000    999.000    999.000
    Q                  0.000      0.000    999.000    999.000

 Intercepts
    Y1                 0.264      0.025     10.644      0.000
    Y2                 0.300      0.023     13.003      0.000
    Y3                 0.367      0.024     15.478      0.000
    Y4                 0.399      0.026     15.549      0.000
    Y5                 0.431      0.029     14.823      0.000
    Y6                 0.453      0.038     11.828      0.000
    Y7                 0.576      0.048     11.882      0.000

 Variances
    I                  0.104      0.053      1.954      0.051
    S                  0.007      0.007      1.017      0.309
    Q                  0.000      0.000      0.069      0.945

 Residual Variances
    Y1                 0.536      0.021     25.028      0.000
    Y2                 0.536      0.021     25.028      0.000
    Y3                 0.536      0.021     25.028      0.000
    Y4                 0.536      0.021     25.028      0.000
    Y5                 0.536      0.021     25.028      0.000
    Y6                 0.536      0.021     25.028      0.000
    Y7                 0.536      0.021     25.028      0.000

Categorical Latent Variables

 Means
    C#1               -2.011      0.146    -13.763      0.000
    C#2               -2.447      0.113    -21.576      0.000


QUALITY OF NUMERICAL RESULTS

     Condition Number for the Information Matrix              0.510E-07
       (ratio of smallest to largest eigenvalue)


TECHNICAL 11 OUTPUT

     Random Starts Specifications for the k-1 Class Analysis Model
        Number of initial stage random starts                 300
        Number of final stage optimizations                    50



     VUONG-LO-MENDELL-RUBIN LIKELIHOOD RATIO TEST FOR 2 (H0) VERSUS 3 CLASSES

          H0 Loglikelihood Value                       -14123.604
          2 Times the Loglikelihood Difference            554.567
          Difference in the Number of Parameters                4
          Mean                                            -57.272
          Standard Deviation                              315.448
          P-Value                                          0.0105

     LO-MENDELL-RUBIN ADJUSTED LRT TEST

          Value                                           536.875
          P-Value                                          0.0117


TECHNICAL 14 OUTPUT

     Random Starts Specifications for the k-1 Class Analysis Model
        Number of initial stage random starts                 300
        Number of final stage optimizations                    50

     Random Starts Specification for the k-1 Class Model for Generated Data
        Number of initial stage random starts                   0
        Number of final stage optimizations for the
           initial stage random starts                          0
     Random Starts Specification for the k Class Model for Generated Data
        Number of initial stage random starts                  40
        Number of final stage optimizations                     8
     Number of bootstrap draws requested                      100


     PARAMETRIC BOOTSTRAPPED LIKELIHOOD RATIO TEST FOR 2 (H0) VERSUS 3 CLASSES

          H0 Loglikelihood Value                       -14123.604
          2 Times the Loglikelihood Difference            554.567
          Difference in the Number of Parameters                4
          Approximate P-Value                              0.0000
          Successful Bootstrap Draws                           74

     WARNING:  26 OUT OF 100 BOOTSTRAP DRAWS DID NOT CONVERGE.
     INCREASE THE NUMBER OF RANDOM STARTS USING THE LRTSTARTS OPTION.



     Beginning Time:  12:38:28
        Ending Time:  12:43:33
       Elapsed Time:  00:05:05



MUTHEN & MUTHEN
3463 Stoner Ave.
Los Angeles, CA  90066

Tel: (310) 391-9971
Fax: (310) 391-8971
Web: www.StatModel.com
Support: Support@StatModel.com

Copyright (c) 1998-2019 Muthen & Muthen
