Mplus VERSION 8.3
MUTHEN & MUTHEN
09/22/2026  12:03 PM

INPUT INSTRUCTIONS

  TITLE: CHARLS k=4 lcga lin;
  DATA: FILE IS data/CHARLS_train.dat;
  VARIABLE:
    NAMES ARE id y1 y2 y3;
    USEV = y1 y2 y3;
    MISSING = ALL (-999);
    CLASSES = c(4);
  ANALYSIS: TYPE = MIXTURE;
    STARTS = 300 50;
    LRTBOOTSTRAP = 100;
    PROCESSORS = 4;
  MODEL:
    %OVERALL%
    i BY y1@1 y2@1 y3@1;
    s BY y1@0 y2@2 y3@5;
    i@0 s@0;
    y1-y3 (res);
  OUTPUT: TECH11 TECH14;



*** WARNING
  Data set contains cases with missing on all variables.
  These cases were not included in the analysis.
  Number of cases with missing on all variables:  73
   1 WARNING(S) FOUND IN THE INPUT INSTRUCTIONS



CHARLS k=4 lcga lin;

SUMMARY OF ANALYSIS

Number of groups                                                 1
Number of observations                                        1647

Number of dependent variables                                    3
Number of independent variables                                  0
Number of continuous latent variables                            2
Number of categorical latent variables                           1

Observed dependent variables

  Continuous
   Y1          Y2          Y3

Continuous latent variables
   I           S

Categorical latent variables
   C


Estimator                                                      MLR
Information matrix                                        OBSERVED
Optimization Specifications for the Quasi-Newton Algorithm for
Continuous Outcomes
  Maximum number of iterations                                 100
  Convergence criterion                                  0.100D-05
Optimization Specifications for the EM Algorithm
  Maximum number of iterations                                 500
  Convergence criteria
    Loglikelihood change                                 0.100D-06
    Relative loglikelihood change                        0.100D-06
    Derivative                                           0.100D-05
Optimization Specifications for the M step of the EM Algorithm for
Categorical Latent variables
  Number of M step iterations                                    1
  M step convergence criterion                           0.100D-05
  Basis for M step termination                           ITERATION
Optimization Specifications for the M step of the EM Algorithm for
Censored, Binary or Ordered Categorical (Ordinal), Unordered
Categorical (Nominal) and Count Outcomes
  Number of M step iterations                                    1
  M step convergence criterion                           0.100D-05
  Basis for M step termination                           ITERATION
  Maximum value for logit thresholds                            15
  Minimum value for logit thresholds                           -15
  Minimum expected cell size for chi-square              0.100D-01
Maximum number of iterations for H1                           2000
Convergence criterion for H1                             0.100D-03
Optimization algorithm                                         EMA
Random Starts Specifications
  Number of initial stage random starts                        300
  Number of final stage optimizations                           50
  Number of initial stage iterations                            10
  Initial stage convergence criterion                    0.100D+01
  Random starts scale                                    0.500D+01
  Random seed for generating random starts                       0

Input data file(s)
  data/CHARLS_train.dat
Input data format  FREE


SUMMARY OF DATA

     Number of missing data patterns             7
     Number of y missing data patterns           7
     Number of u missing data patterns           0


COVARIANCE COVERAGE OF DATA

Minimum covariance coverage value   0.100


     PROPORTION OF DATA PRESENT FOR Y


           Covariance Coverage
              Y1            Y2            Y3
              ________      ________      ________
 Y1             0.920
 Y2             0.845         0.906
 Y3             0.792         0.808         0.859



UNIVARIATE SAMPLE STATISTICS


     UNIVARIATE HIGHER-ORDER MOMENT DESCRIPTIVE STATISTICS

         Variable/         Mean/     Skewness/   Minimum/ % with                Percentiles
        Sample Size      Variance    Kurtosis    Maximum  Min/Max      20%/60%    40%/80%    Median

     Y1                    0.759       1.868       0.000   59.37%       0.000      0.000      0.000
            1516.000       1.373       3.811       7.000    0.20%       1.000      1.000
     Y2                    0.814       1.904       0.000   57.17%       0.000      0.000      0.000
            1492.000       1.525       3.980       7.000    0.34%       1.000      2.000
     Y3                    1.074       1.641       0.000   49.08%       0.000      0.000      1.000
            1414.000       2.111       2.542       7.000    0.64%       1.000      2.000

RANDOM STARTS RESULTS RANKED FROM THE BEST TO THE WORST LOGLIKELIHOOD VALUES

Final stage loglikelihood values at local maxima, seeds, and initial stage start numbers:

           -6541.105  636396           168
           -6541.105  814975           129
           -6541.105  848163           47
           -6541.105  483369           270
           -6541.105  695155           150
           -6541.105  972873           157
           -6541.105  848331           137
           -6541.105  701525           239
           -6541.105  479273           156
           -6541.105  850840           232
           -6541.105  150531           154
           -6541.105  391179           78
           -6541.105  960438           116
           -6541.105  352277           42
           -6541.105  950604           172
           -6541.105  749453           33
           -6541.105  509733           130
           -6541.105  246261           38
           -6541.105  939709           112
           -6541.105  673496           218
           -6541.105  617243           237
           -6541.105  939021           8
           -6541.105  170118           238
           -6541.105  691234           250
           -6541.105  782821           272
           -6541.105  311214           64
           -6541.105  170954           86
           -6541.105  595153           230
           -6541.105  175199           247
           -6541.105  751153           110
           -6541.105  190339           102
           -6541.105  462228           298
           -6541.105  405079           68
           -6541.105  565819           65
           -6541.105  152496           123
           -6541.105  344422           296
           -6541.105  576726           280
           -6547.419  903420           5
           -6547.419  963053           43
           -6547.419  195873           6
           -6547.419  297518           166
           -6547.419  626891           32
           -6547.419  414284           158
           -6547.419  856536           144
           -6586.225  25127            107
           -6586.225  46437            153
           -6586.225  286735           175
           -6586.225  821011           161
           -6586.225  551639           55
           -6586.225  928287           197



THE BEST LOGLIKELIHOOD VALUE HAS BEEN REPLICATED.  RERUN WITH AT LEAST TWICE THE
RANDOM STARTS TO CHECK THAT THE BEST LOGLIKELIHOOD IS STILL OBTAINED AND REPLICATED.


THE MODEL ESTIMATION TERMINATED NORMALLY

     WARNING:  THE LATENT VARIABLE COVARIANCE MATRIX (PSI) IN CLASS 1
     IS NOT POSITIVE DEFINITE.  THIS COULD INDICATE A NEGATIVE VARIANCE/
     RESIDUAL VARIANCE FOR A LATENT VARIABLE, A CORRELATION GREATER OR EQUAL
     TO ONE BETWEEN TWO LATENT VARIABLES, OR A LINEAR DEPENDENCY AMONG MORE
     THAN TWO LATENT VARIABLES.  CHECK THE TECH4 OUTPUT FOR MORE INFORMATION.
     PROBLEM INVOLVING VARIABLE I.


     WARNING:  THE LATENT VARIABLE COVARIANCE MATRIX (PSI) IN CLASS 2
     IS NOT POSITIVE DEFINITE.  THIS COULD INDICATE A NEGATIVE VARIANCE/
     RESIDUAL VARIANCE FOR A LATENT VARIABLE, A CORRELATION GREATER OR EQUAL
     TO ONE BETWEEN TWO LATENT VARIABLES, OR A LINEAR DEPENDENCY AMONG MORE
     THAN TWO LATENT VARIABLES.  CHECK THE TECH4 OUTPUT FOR MORE INFORMATION.
     PROBLEM INVOLVING VARIABLE I.


     WARNING:  THE LATENT VARIABLE COVARIANCE MATRIX (PSI) IN CLASS 3
     IS NOT POSITIVE DEFINITE.  THIS COULD INDICATE A NEGATIVE VARIANCE/
     RESIDUAL VARIANCE FOR A LATENT VARIABLE, A CORRELATION GREATER OR EQUAL
     TO ONE BETWEEN TWO LATENT VARIABLES, OR A LINEAR DEPENDENCY AMONG MORE
     THAN TWO LATENT VARIABLES.  CHECK THE TECH4 OUTPUT FOR MORE INFORMATION.
     PROBLEM INVOLVING VARIABLE I.


     WARNING:  THE LATENT VARIABLE COVARIANCE MATRIX (PSI) IN CLASS 4
     IS NOT POSITIVE DEFINITE.  THIS COULD INDICATE A NEGATIVE VARIANCE/
     RESIDUAL VARIANCE FOR A LATENT VARIABLE, A CORRELATION GREATER OR EQUAL
     TO ONE BETWEEN TWO LATENT VARIABLES, OR A LINEAR DEPENDENCY AMONG MORE
     THAN TWO LATENT VARIABLES.  CHECK THE TECH4 OUTPUT FOR MORE INFORMATION.
     PROBLEM INVOLVING VARIABLE I.




MODEL FIT INFORMATION

Number of Free Parameters                       14

Loglikelihood

          H0 Value                       -6541.105
          H0 Scaling Correction Factor      2.1329
            for MLR

Information Criteria

          Akaike (AIC)                   13110.210
          Bayesian (BIC)                 13185.904
          Sample-Size Adjusted BIC       13141.428
            (n* = (n + 2) / 24)



FINAL CLASS COUNTS AND PROPORTIONS FOR THE LATENT CLASSES
BASED ON THE ESTIMATED MODEL

    Latent
   Classes

       1         44.56594          0.02706
       2        148.97638          0.09045
       3        149.08047          0.09052
       4       1304.37721          0.79197


FINAL CLASS COUNTS AND PROPORTIONS FOR THE LATENT CLASSES
BASED ON ESTIMATED POSTERIOR PROBABILITIES

    Latent
   Classes

       1         44.56594          0.02706
       2        148.97638          0.09045
       3        149.08047          0.09052
       4       1304.37721          0.79197


FINAL CLASS COUNTS AND PROPORTIONS FOR THE LATENT CLASSES
BASED ON THEIR MOST LIKELY LATENT CLASS MEMBERSHIP

Class Counts and Proportions

    Latent
   Classes

       1               45          0.02732
       2              132          0.08015
       3              127          0.07711
       4             1343          0.81542


CLASSIFICATION QUALITY

     Entropy                         0.880


Average Latent Class Probabilities for Most Likely Latent Class Membership (Row)
by Latent Class (Column)

           1        2        3        4

    1   0.846    0.061    0.093    0.000
    2   0.023    0.857    0.052    0.068
    3   0.026    0.039    0.832    0.103
    4   0.000    0.021    0.024    0.955


Classification Probabilities for the Most Likely Latent Class Membership (Column)
by Latent Class (Row)

           1        2        3        4

    1   0.855    0.068    0.075    0.002
    2   0.018    0.759    0.033    0.189
    3   0.028    0.046    0.709    0.217
    4   0.000    0.007    0.010    0.983


Logits for the Classification Probabilities for the Most Likely Latent Class Membership (Column)
by Latent Class (Row)

              1        2        3        4

    1      5.868    3.339    3.434    0.000
    2     -2.329    1.390   -1.743    0.000
    3     -2.052   -1.561    1.182    0.000
    4    -12.446   -4.955   -4.589    0.000


MODEL RESULTS

                                                    Two-Tailed
                    Estimate       S.E.  Est./S.E.    P-Value

Latent Class 1

 I        BY
    Y1                 1.000      0.000    999.000    999.000
    Y2                 1.000      0.000    999.000    999.000
    Y3                 1.000      0.000    999.000    999.000

 S        BY
    Y1                 0.000      0.000    999.000    999.000
    Y2                 2.000      0.000    999.000    999.000
    Y3                 5.000      0.000    999.000    999.000

 S        WITH
    I                  0.020      0.006      3.487      0.000

 Means
    I                  3.582      0.408      8.780      0.000
    S                  0.063      0.135      0.470      0.638

 Intercepts
    Y1                 0.389      0.025     15.364      0.000
    Y2                 0.392      0.035     11.310      0.000
    Y3                 0.624      0.047     13.166      0.000

 Variances
    I                  0.000      0.000    999.000    999.000
    S                  0.000      0.000    999.000    999.000

 Residual Variances
    Y1                 0.673      0.036     18.887      0.000
    Y2                 0.673      0.036     18.887      0.000
    Y3                 0.673      0.036     18.887      0.000

Latent Class 2

 I        BY
    Y1                 1.000      0.000    999.000    999.000
    Y2                 1.000      0.000    999.000    999.000
    Y3                 1.000      0.000    999.000    999.000

 S        BY
    Y1                 0.000      0.000    999.000    999.000
    Y2                 2.000      0.000    999.000    999.000
    Y3                 5.000      0.000    999.000    999.000

 S        WITH
    I                  0.020      0.006      3.487      0.000

 Means
    I                  0.603      0.187      3.222      0.001
    S                  0.582      0.057     10.217      0.000

 Intercepts
    Y1                 0.389      0.025     15.364      0.000
    Y2                 0.392      0.035     11.310      0.000
    Y3                 0.624      0.047     13.166      0.000

 Variances
    I                  0.000      0.000    999.000    999.000
    S                  0.000      0.000    999.000    999.000

 Residual Variances
    Y1                 0.673      0.036     18.887      0.000
    Y2                 0.673      0.036     18.887      0.000
    Y3                 0.673      0.036     18.887      0.000

Latent Class 3

 I        BY
    Y1                 1.000      0.000    999.000    999.000
    Y2                 1.000      0.000    999.000    999.000
    Y3                 1.000      0.000    999.000    999.000

 S        BY
    Y1                 0.000      0.000    999.000    999.000
    Y2                 2.000      0.000    999.000    999.000
    Y3                 5.000      0.000    999.000    999.000

 S        WITH
    I                  0.020      0.006      3.487      0.000

 Means
    I                  2.333      0.160     14.610      0.000
    S                 -0.318      0.053     -5.939      0.000

 Intercepts
    Y1                 0.389      0.025     15.364      0.000
    Y2                 0.392      0.035     11.310      0.000
    Y3                 0.624      0.047     13.166      0.000

 Variances
    I                  0.000      0.000    999.000    999.000
    S                  0.000      0.000    999.000    999.000

 Residual Variances
    Y1                 0.673      0.036     18.887      0.000
    Y2                 0.673      0.036     18.887      0.000
    Y3                 0.673      0.036     18.887      0.000

Latent Class 4

 I        BY
    Y1                 1.000      0.000    999.000    999.000
    Y2                 1.000      0.000    999.000    999.000
    Y3                 1.000      0.000    999.000    999.000

 S        BY
    Y1                 0.000      0.000    999.000    999.000
    Y2                 2.000      0.000    999.000    999.000
    Y3                 5.000      0.000    999.000    999.000

 S        WITH
    I                  0.020      0.006      3.487      0.000

 Means
    I                  0.000      0.000    999.000    999.000
    S                  0.000      0.000    999.000    999.000

 Intercepts
    Y1                 0.389      0.025     15.364      0.000
    Y2                 0.392      0.035     11.310      0.000
    Y3                 0.624      0.047     13.166      0.000

 Variances
    I                  0.000      0.000    999.000    999.000
    S                  0.000      0.000    999.000    999.000

 Residual Variances
    Y1                 0.673      0.036     18.887      0.000
    Y2                 0.673      0.036     18.887      0.000
    Y3                 0.673      0.036     18.887      0.000

Categorical Latent Variables

 Means
    C#1               -3.377      0.344     -9.810      0.000
    C#2               -2.170      0.170    -12.757      0.000
    C#3               -2.169      0.145    -15.010      0.000


QUALITY OF NUMERICAL RESULTS

     Condition Number for the Information Matrix              0.370E-03
       (ratio of smallest to largest eigenvalue)


TECHNICAL 11 OUTPUT

     Random Starts Specifications for the k-1 Class Analysis Model
        Number of initial stage random starts                 300
        Number of final stage optimizations                    50



     VUONG-LO-MENDELL-RUBIN LIKELIHOOD RATIO TEST FOR 3 (H0) VERSUS 4 CLASSES

          H0 Loglikelihood Value                        -6611.692
          2 Times the Loglikelihood Difference            141.174
          Difference in the Number of Parameters                3
          Mean                                             29.237
          Standard Deviation                               67.867
          P-Value                                          0.0589

     LO-MENDELL-RUBIN ADJUSTED LRT TEST

          Value                                           135.094
          P-Value                                          0.0652


TECHNICAL 14 OUTPUT

     Random Starts Specifications for the k-1 Class Analysis Model
        Number of initial stage random starts                 300
        Number of final stage optimizations                    50

     Random Starts Specification for the k-1 Class Model for Generated Data
        Number of initial stage random starts                   0
        Number of final stage optimizations for the
           initial stage random starts                          0
     Random Starts Specification for the k Class Model for Generated Data
        Number of initial stage random starts                  40
        Number of final stage optimizations                     8
     Number of bootstrap draws requested                      100


     PARAMETRIC BOOTSTRAPPED LIKELIHOOD RATIO TEST FOR 3 (H0) VERSUS 4 CLASSES

          H0 Loglikelihood Value                        -6611.692
          2 Times the Loglikelihood Difference            141.174
          Difference in the Number of Parameters                3
          Approximate P-Value                              0.0000
          Successful Bootstrap Draws                          100

     WARNING:  OF THE 100 BOOTSTRAP DRAWS, 54 DRAWS HAD BOTH A SMALLER LRT VALUE THAN THE
     OBSERVED LRT VALUE AND NOT A REPLICATED BEST LOGLIKELIHOOD VALUE FOR THE 4-CLASS MODEL.
     THIS MEANS THAT THE P-VALUE MAY NOT BE TRUSTWORTHY DUE TO LOCAL MAXIMA.
     INCREASE THE NUMBER OF RANDOM STARTS USING THE LRTSTARTS OPTION.



     Beginning Time:  12:03:45
        Ending Time:  12:04:31
       Elapsed Time:  00:00:46



MUTHEN & MUTHEN
3463 Stoner Ave.
Los Angeles, CA  90066

Tel: (310) 391-9971
Fax: (310) 391-8971
Web: www.StatModel.com
Support: Support@StatModel.com

Copyright (c) 1998-2019 Muthen & Muthen
