Mplus VERSION 8.3
MUTHEN & MUTHEN
09/22/2026  12:15 PM

INPUT INSTRUCTIONS

  TITLE: ELSA k=5 lcga quad;
  DATA: FILE IS data/ELSA_train.dat;
  VARIABLE:
    NAMES ARE id y1 y2 y3 y4 y5 y6 y7;
    USEV = y1 y2 y3 y4 y5 y6 y7;
    MISSING = ALL (-999);
    CLASSES = c(5);
  ANALYSIS: TYPE = MIXTURE;
    STARTS = 300 50;
    LRTBOOTSTRAP = 100;
    PROCESSORS = 4;
  MODEL:
    %OVERALL%
    i BY y1@1 y2@1 y3@1 y4@1 y5@1 y6@1 y7@1;
    s BY y1@0 y2@2 y3@4 y4@6 y5@8 y6@10 y7@12;
    q BY y1@0 y2@4 y3@16 y4@36 y5@64 y6@100 y7@144;
    i@0 s@0 q@0;
    y1-y7 (res);
  OUTPUT: TECH11 TECH14;



*** WARNING
  Data set contains cases with missing on all variables.
  These cases were not included in the analysis.
  Number of cases with missing on all variables:  194
   1 WARNING(S) FOUND IN THE INPUT INSTRUCTIONS



ELSA k=5 lcga quad;

SUMMARY OF ANALYSIS

Number of groups                                                 1
Number of observations                                        1971

Number of dependent variables                                    7
Number of independent variables                                  0
Number of continuous latent variables                            3
Number of categorical latent variables                           1

Observed dependent variables

  Continuous
   Y1          Y2          Y3          Y4          Y5          Y6
   Y7

Continuous latent variables
   I           S           Q

Categorical latent variables
   C


Estimator                                                      MLR
Information matrix                                        OBSERVED
Optimization Specifications for the Quasi-Newton Algorithm for
Continuous Outcomes
  Maximum number of iterations                                 100
  Convergence criterion                                  0.100D-05
Optimization Specifications for the EM Algorithm
  Maximum number of iterations                                 500
  Convergence criteria
    Loglikelihood change                                 0.100D-06
    Relative loglikelihood change                        0.100D-06
    Derivative                                           0.100D-05
Optimization Specifications for the M step of the EM Algorithm for
Categorical Latent variables
  Number of M step iterations                                    1
  M step convergence criterion                           0.100D-05
  Basis for M step termination                           ITERATION
Optimization Specifications for the M step of the EM Algorithm for
Censored, Binary or Ordered Categorical (Ordinal), Unordered
Categorical (Nominal) and Count Outcomes
  Number of M step iterations                                    1
  M step convergence criterion                           0.100D-05
  Basis for M step termination                           ITERATION
  Maximum value for logit thresholds                            15
  Minimum value for logit thresholds                           -15
  Minimum expected cell size for chi-square              0.100D-01
Maximum number of iterations for H1                           2000
Convergence criterion for H1                             0.100D-03
Optimization algorithm                                         EMA
Random Starts Specifications
  Number of initial stage random starts                        300
  Number of final stage optimizations                           50
  Number of initial stage iterations                            10
  Initial stage convergence criterion                    0.100D+01
  Random starts scale                                    0.500D+01
  Random seed for generating random starts                       0

Input data file(s)
  data/ELSA_train.dat
Input data format  FREE


SUMMARY OF DATA

     Number of missing data patterns            62
     Number of y missing data patterns          62
     Number of u missing data patterns           0


COVARIANCE COVERAGE OF DATA

Minimum covariance coverage value   0.100


     PROPORTION OF DATA PRESENT FOR Y


           Covariance Coverage
              Y1            Y2            Y3            Y4            Y5
              ________      ________      ________      ________      ________
 Y1             0.951
 Y2             0.838         0.871
 Y3             0.796         0.796         0.835
 Y4             0.769         0.764         0.775         0.801
 Y5             0.682         0.686         0.693         0.700         0.712
 Y6             0.607         0.611         0.619         0.625         0.618
 Y7             0.550         0.555         0.561         0.564         0.556


           Covariance Coverage
              Y6            Y7
              ________      ________
 Y6             0.636
 Y7             0.555         0.573



UNIVARIATE SAMPLE STATISTICS


     UNIVARIATE HIGHER-ORDER MOMENT DESCRIPTIVE STATISTICS

         Variable/         Mean/     Skewness/   Minimum/ % with                Percentiles
        Sample Size      Variance    Kurtosis    Maximum  Min/Max      20%/60%    40%/80%    Median

     Y1                    0.397       2.925       0.000   74.83%       0.000      0.000      0.000
            1875.000       0.709      11.065       7.000    0.05%       0.000      1.000
     Y2                    0.493       2.623       0.000   71.46%       0.000      0.000      0.000
            1717.000       0.950       8.255       7.000    0.12%       0.000      1.000
     Y3                    0.602       2.370       0.000   67.54%       0.000      0.000      0.000
            1645.000       1.249       5.992       6.000    0.67%       0.000      1.000
     Y4                    0.677       2.301       0.000   66.10%       0.000      0.000      0.000
            1578.000       1.494       5.717       7.000    0.32%       0.000      1.000
     Y5                    0.754       2.052       0.000   63.18%       0.000      0.000      0.000
            1404.000       1.611       4.346       7.000    0.36%       0.000      1.000
     Y6                    0.812       2.100       0.000   61.77%       0.000      0.000      0.000
            1253.000       1.878       4.411       7.000    0.64%       0.000      1.000
     Y7                    0.971       1.806       0.000   57.35%       0.000      0.000      0.000
            1130.000       2.257       2.838       7.000    0.62%       1.000      2.000

RANDOM STARTS RESULTS RANKED FROM THE BEST TO THE WORST LOGLIKELIHOOD VALUES

Final stage loglikelihood values at local maxima, seeds, and initial stage start numbers:

          -13583.470  349263           263
          -13583.470  93468            3
          -13590.151  321390           133
          -13617.497  46437            153
          -13617.881  297518           166
          -13636.497  945065           255
          -13636.497  931874           141
          -13636.497  253358           2
          -13636.497  509733           130
          -13816.014  105435           265
          -13826.330  570908           98
          -13836.019  970689           266
          -13837.213  781190           219
          -13837.213  369602           146
          -13837.653  170954           86
          -13837.653  673496           218
          -13837.653  21345            199
          -13850.051  784664           75
          -13850.051  405079           68
          -13853.362  118421           139
          -13853.362  458181           189
          -13853.362  960438           116
          -13853.362  195873           6
          -13853.362  127215           9
          -13853.362  913639           162
          -13862.238  481835           57
          -13862.238  587946           120
          -13862.238  967902           52
          -13862.238  686482           215
          -13862.238  370466           41
          -13865.532  39136            226
          -13865.532  467339           66
          -13865.532  813779           92
          -13865.532  568405           233
          -13865.532  164305           128
          -13897.825  616917           261
          -13926.279  728038           177
          -13927.206  618000           190
          -13927.206  175199           247
          -13927.206  246575           291
          -13927.206  347515           24
          -13927.206  65651            214
          -13927.206  551639           55
          -13946.212  247224           94
          -13946.212  402224           91
          -13946.212  107446           12
          -13946.212  438144           271
          -13946.212  793035           187

2 perturbed starting value run(s) did not converge.



THE BEST LOGLIKELIHOOD VALUE HAS BEEN REPLICATED.  RERUN WITH AT LEAST TWICE THE
RANDOM STARTS TO CHECK THAT THE BEST LOGLIKELIHOOD IS STILL OBTAINED AND REPLICATED.


THE MODEL ESTIMATION TERMINATED NORMALLY

     WARNING:  THE LATENT VARIABLE COVARIANCE MATRIX (PSI) IN CLASS 1
     IS NOT POSITIVE DEFINITE.  THIS COULD INDICATE A NEGATIVE VARIANCE/
     RESIDUAL VARIANCE FOR A LATENT VARIABLE, A CORRELATION GREATER OR EQUAL
     TO ONE BETWEEN TWO LATENT VARIABLES, OR A LINEAR DEPENDENCY AMONG MORE
     THAN TWO LATENT VARIABLES.  CHECK THE TECH4 OUTPUT FOR MORE INFORMATION.
     PROBLEM INVOLVING VARIABLE I.


     WARNING:  THE LATENT VARIABLE COVARIANCE MATRIX (PSI) IN CLASS 2
     IS NOT POSITIVE DEFINITE.  THIS COULD INDICATE A NEGATIVE VARIANCE/
     RESIDUAL VARIANCE FOR A LATENT VARIABLE, A CORRELATION GREATER OR EQUAL
     TO ONE BETWEEN TWO LATENT VARIABLES, OR A LINEAR DEPENDENCY AMONG MORE
     THAN TWO LATENT VARIABLES.  CHECK THE TECH4 OUTPUT FOR MORE INFORMATION.
     PROBLEM INVOLVING VARIABLE I.


     WARNING:  THE LATENT VARIABLE COVARIANCE MATRIX (PSI) IN CLASS 3
     IS NOT POSITIVE DEFINITE.  THIS COULD INDICATE A NEGATIVE VARIANCE/
     RESIDUAL VARIANCE FOR A LATENT VARIABLE, A CORRELATION GREATER OR EQUAL
     TO ONE BETWEEN TWO LATENT VARIABLES, OR A LINEAR DEPENDENCY AMONG MORE
     THAN TWO LATENT VARIABLES.  CHECK THE TECH4 OUTPUT FOR MORE INFORMATION.
     PROBLEM INVOLVING VARIABLE I.


     WARNING:  THE LATENT VARIABLE COVARIANCE MATRIX (PSI) IN CLASS 4
     IS NOT POSITIVE DEFINITE.  THIS COULD INDICATE A NEGATIVE VARIANCE/
     RESIDUAL VARIANCE FOR A LATENT VARIABLE, A CORRELATION GREATER OR EQUAL
     TO ONE BETWEEN TWO LATENT VARIABLES, OR A LINEAR DEPENDENCY AMONG MORE
     THAN TWO LATENT VARIABLES.  CHECK THE TECH4 OUTPUT FOR MORE INFORMATION.
     PROBLEM INVOLVING VARIABLE I.


     WARNING:  THE LATENT VARIABLE COVARIANCE MATRIX (PSI) IN CLASS 5
     IS NOT POSITIVE DEFINITE.  THIS COULD INDICATE A NEGATIVE VARIANCE/
     RESIDUAL VARIANCE FOR A LATENT VARIABLE, A CORRELATION GREATER OR EQUAL
     TO ONE BETWEEN TWO LATENT VARIABLES, OR A LINEAR DEPENDENCY AMONG MORE
     THAN TWO LATENT VARIABLES.  CHECK THE TECH4 OUTPUT FOR MORE INFORMATION.
     PROBLEM INVOLVING VARIABLE I.




MODEL FIT INFORMATION

Number of Free Parameters                       27

Loglikelihood

          H0 Value                      -13583.470
          H0 Scaling Correction Factor      2.7833
            for MLR

Information Criteria

          Akaike (AIC)                   27220.939
          Bayesian (BIC)                 27371.769
          Sample-Size Adjusted BIC       27285.989
            (n* = (n + 2) / 24)



FINAL CLASS COUNTS AND PROPORTIONS FOR THE LATENT CLASSES
BASED ON THE ESTIMATED MODEL

    Latent
   Classes

       1         91.68168          0.04652
       2         23.96285          0.01216
       3         82.17109          0.04169
       4        168.32064          0.08540
       5       1604.86375          0.81424


FINAL CLASS COUNTS AND PROPORTIONS FOR THE LATENT CLASSES
BASED ON ESTIMATED POSTERIOR PROBABILITIES

    Latent
   Classes

       1         91.68168          0.04652
       2         23.96285          0.01216
       3         82.17109          0.04169
       4        168.32064          0.08540
       5       1604.86375          0.81424


FINAL CLASS COUNTS AND PROPORTIONS FOR THE LATENT CLASSES
BASED ON THEIR MOST LIKELY LATENT CLASS MEMBERSHIP

Class Counts and Proportions

    Latent
   Classes

       1               84          0.04262
       2               19          0.00964
       3               76          0.03856
       4              122          0.06190
       5             1670          0.84729


CLASSIFICATION QUALITY

     Entropy                         0.892


Average Latent Class Probabilities for Most Likely Latent Class Membership (Row)
by Latent Class (Column)

           1        2        3        4        5

    1   0.839    0.038    0.033    0.048    0.042
    2   0.016    0.918    0.065    0.000    0.001
    3   0.024    0.017    0.897    0.008    0.054
    4   0.016    0.000    0.012    0.883    0.090
    5   0.010    0.001    0.005    0.034    0.950


Classification Probabilities for the Most Likely Latent Class Membership (Column)
by Latent Class (Row)

           1        2        3        4        5

    1   0.768    0.003    0.020    0.021    0.187
    2   0.134    0.728    0.055    0.000    0.083
    3   0.034    0.015    0.830    0.017    0.104
    4   0.024    0.000    0.003    0.640    0.333
    5   0.002    0.000    0.003    0.007    0.988


Logits for the Classification Probabilities for the Most Likely Latent Class Membership (Column)
by Latent Class (Row)

              1        2        3        4        5

    1      1.413   -4.032   -2.223   -2.185    0.000
    2      0.486    2.176   -0.405  -10.113    0.000
    3     -1.120   -1.935    2.074   -1.808    0.000
    4     -2.642  -12.438   -4.572    0.654    0.000
    5     -6.102  -11.528   -5.965   -4.977    0.000


MODEL RESULTS

                                                    Two-Tailed
                    Estimate       S.E.  Est./S.E.    P-Value

Latent Class 1

 I        BY
    Y1                 1.000      0.000    999.000    999.000
    Y2                 1.000      0.000    999.000    999.000
    Y3                 1.000      0.000    999.000    999.000
    Y4                 1.000      0.000    999.000    999.000
    Y5                 1.000      0.000    999.000    999.000
    Y6                 1.000      0.000    999.000    999.000
    Y7                 1.000      0.000    999.000    999.000

 S        BY
    Y1                 0.000      0.000    999.000    999.000
    Y2                 2.000      0.000    999.000    999.000
    Y3                 4.000      0.000    999.000    999.000
    Y4                 6.000      0.000    999.000    999.000
    Y5                 8.000      0.000    999.000    999.000
    Y6                10.000      0.000    999.000    999.000
    Y7                12.000      0.000    999.000    999.000

 Q        BY
    Y1                 0.000      0.000    999.000    999.000
    Y2                 4.000      0.000    999.000    999.000
    Y3                16.000      0.000    999.000    999.000
    Y4                36.000      0.000    999.000    999.000
    Y5                64.000      0.000    999.000    999.000
    Y6               100.000      0.000    999.000    999.000
    Y7               144.000      0.000    999.000    999.000

 S        WITH
    I                  0.035      0.009      4.134      0.000

 Q        WITH
    I                 -0.003      0.001     -2.827      0.005
    S                  0.000      0.000      3.026      0.002

 Means
    I                  0.074      0.167      0.441      0.659
    S                  0.749      0.148      5.074      0.000
    Q                 -0.038      0.013     -3.033      0.002

 Intercepts
    Y1                 0.237      0.022     10.884      0.000
    Y2                 0.276      0.022     12.727      0.000
    Y3                 0.358      0.025     14.150      0.000
    Y4                 0.401      0.028     14.331      0.000
    Y5                 0.440      0.030     14.413      0.000
    Y6                 0.463      0.039     11.752      0.000
    Y7                 0.575      0.050     11.549      0.000

 Variances
    I                  0.000      0.000    999.000    999.000
    S                  0.000      0.000    999.000    999.000
    Q                  0.000      0.000    999.000    999.000

 Residual Variances
    Y1                 0.493      0.021     24.021      0.000
    Y2                 0.493      0.021     24.021      0.000
    Y3                 0.493      0.021     24.021      0.000
    Y4                 0.493      0.021     24.021      0.000
    Y5                 0.493      0.021     24.021      0.000
    Y6                 0.493      0.021     24.021      0.000
    Y7                 0.493      0.021     24.021      0.000

Latent Class 2

 I        BY
    Y1                 1.000      0.000    999.000    999.000
    Y2                 1.000      0.000    999.000    999.000
    Y3                 1.000      0.000    999.000    999.000
    Y4                 1.000      0.000    999.000    999.000
    Y5                 1.000      0.000    999.000    999.000
    Y6                 1.000      0.000    999.000    999.000
    Y7                 1.000      0.000    999.000    999.000

 S        BY
    Y1                 0.000      0.000    999.000    999.000
    Y2                 2.000      0.000    999.000    999.000
    Y3                 4.000      0.000    999.000    999.000
    Y4                 6.000      0.000    999.000    999.000
    Y5                 8.000      0.000    999.000    999.000
    Y6                10.000      0.000    999.000    999.000
    Y7                12.000      0.000    999.000    999.000

 Q        BY
    Y1                 0.000      0.000    999.000    999.000
    Y2                 4.000      0.000    999.000    999.000
    Y3                16.000      0.000    999.000    999.000
    Y4                36.000      0.000    999.000    999.000
    Y5                64.000      0.000    999.000    999.000
    Y6               100.000      0.000    999.000    999.000
    Y7               144.000      0.000    999.000    999.000

 S        WITH
    I                  0.035      0.009      4.134      0.000

 Q        WITH
    I                 -0.003      0.001     -2.827      0.005
    S                  0.000      0.000      3.026      0.002

 Means
    I                  0.542      0.351      1.543      0.123
    S                  1.831      0.148     12.410      0.000
    Q                 -0.179      0.016    -11.060      0.000

 Intercepts
    Y1                 0.237      0.022     10.884      0.000
    Y2                 0.276      0.022     12.727      0.000
    Y3                 0.358      0.025     14.150      0.000
    Y4                 0.401      0.028     14.331      0.000
    Y5                 0.440      0.030     14.413      0.000
    Y6                 0.463      0.039     11.752      0.000
    Y7                 0.575      0.050     11.549      0.000

 Variances
    I                  0.000      0.000    999.000    999.000
    S                  0.000      0.000    999.000    999.000
    Q                  0.000      0.000    999.000    999.000

 Residual Variances
    Y1                 0.493      0.021     24.021      0.000
    Y2                 0.493      0.021     24.021      0.000
    Y3                 0.493      0.021     24.021      0.000
    Y4                 0.493      0.021     24.021      0.000
    Y5                 0.493      0.021     24.021      0.000
    Y6                 0.493      0.021     24.021      0.000
    Y7                 0.493      0.021     24.021      0.000

Latent Class 3

 I        BY
    Y1                 1.000      0.000    999.000    999.000
    Y2                 1.000      0.000    999.000    999.000
    Y3                 1.000      0.000    999.000    999.000
    Y4                 1.000      0.000    999.000    999.000
    Y5                 1.000      0.000    999.000    999.000
    Y6                 1.000      0.000    999.000    999.000
    Y7                 1.000      0.000    999.000    999.000

 S        BY
    Y1                 0.000      0.000    999.000    999.000
    Y2                 2.000      0.000    999.000    999.000
    Y3                 4.000      0.000    999.000    999.000
    Y4                 6.000      0.000    999.000    999.000
    Y5                 8.000      0.000    999.000    999.000
    Y6                10.000      0.000    999.000    999.000
    Y7                12.000      0.000    999.000    999.000

 Q        BY
    Y1                 0.000      0.000    999.000    999.000
    Y2                 4.000      0.000    999.000    999.000
    Y3                16.000      0.000    999.000    999.000
    Y4                36.000      0.000    999.000    999.000
    Y5                64.000      0.000    999.000    999.000
    Y6               100.000      0.000    999.000    999.000
    Y7               144.000      0.000    999.000    999.000

 S        WITH
    I                  0.035      0.009      4.134      0.000

 Q        WITH
    I                 -0.003      0.001     -2.827      0.005
    S                  0.000      0.000      3.026      0.002

 Means
    I                  2.898      0.325      8.925      0.000
    S                 -0.234      0.133     -1.764      0.078
    Q                  0.016      0.011      1.379      0.168

 Intercepts
    Y1                 0.237      0.022     10.884      0.000
    Y2                 0.276      0.022     12.727      0.000
    Y3                 0.358      0.025     14.150      0.000
    Y4                 0.401      0.028     14.331      0.000
    Y5                 0.440      0.030     14.413      0.000
    Y6                 0.463      0.039     11.752      0.000
    Y7                 0.575      0.050     11.549      0.000

 Variances
    I                  0.000      0.000    999.000    999.000
    S                  0.000      0.000    999.000    999.000
    Q                  0.000      0.000    999.000    999.000

 Residual Variances
    Y1                 0.493      0.021     24.021      0.000
    Y2                 0.493      0.021     24.021      0.000
    Y3                 0.493      0.021     24.021      0.000
    Y4                 0.493      0.021     24.021      0.000
    Y5                 0.493      0.021     24.021      0.000
    Y6                 0.493      0.021     24.021      0.000
    Y7                 0.493      0.021     24.021      0.000

Latent Class 4

 I        BY
    Y1                 1.000      0.000    999.000    999.000
    Y2                 1.000      0.000    999.000    999.000
    Y3                 1.000      0.000    999.000    999.000
    Y4                 1.000      0.000    999.000    999.000
    Y5                 1.000      0.000    999.000    999.000
    Y6                 1.000      0.000    999.000    999.000
    Y7                 1.000      0.000    999.000    999.000

 S        BY
    Y1                 0.000      0.000    999.000    999.000
    Y2                 2.000      0.000    999.000    999.000
    Y3                 4.000      0.000    999.000    999.000
    Y4                 6.000      0.000    999.000    999.000
    Y5                 8.000      0.000    999.000    999.000
    Y6                10.000      0.000    999.000    999.000
    Y7                12.000      0.000    999.000    999.000

 Q        BY
    Y1                 0.000      0.000    999.000    999.000
    Y2                 4.000      0.000    999.000    999.000
    Y3                16.000      0.000    999.000    999.000
    Y4                36.000      0.000    999.000    999.000
    Y5                64.000      0.000    999.000    999.000
    Y6               100.000      0.000    999.000    999.000
    Y7               144.000      0.000    999.000    999.000

 S        WITH
    I                  0.035      0.009      4.134      0.000

 Q        WITH
    I                 -0.003      0.001     -2.827      0.005
    S                  0.000      0.000      3.026      0.002

 Means
    I                  0.379      0.114      3.324      0.001
    S                 -0.252      0.063     -3.982      0.000
    Q                  0.049      0.006      7.522      0.000

 Intercepts
    Y1                 0.237      0.022     10.884      0.000
    Y2                 0.276      0.022     12.727      0.000
    Y3                 0.358      0.025     14.150      0.000
    Y4                 0.401      0.028     14.331      0.000
    Y5                 0.440      0.030     14.413      0.000
    Y6                 0.463      0.039     11.752      0.000
    Y7                 0.575      0.050     11.549      0.000

 Variances
    I                  0.000      0.000    999.000    999.000
    S                  0.000      0.000    999.000    999.000
    Q                  0.000      0.000    999.000    999.000

 Residual Variances
    Y1                 0.493      0.021     24.021      0.000
    Y2                 0.493      0.021     24.021      0.000
    Y3                 0.493      0.021     24.021      0.000
    Y4                 0.493      0.021     24.021      0.000
    Y5                 0.493      0.021     24.021      0.000
    Y6                 0.493      0.021     24.021      0.000
    Y7                 0.493      0.021     24.021      0.000

Latent Class 5

 I        BY
    Y1                 1.000      0.000    999.000    999.000
    Y2                 1.000      0.000    999.000    999.000
    Y3                 1.000      0.000    999.000    999.000
    Y4                 1.000      0.000    999.000    999.000
    Y5                 1.000      0.000    999.000    999.000
    Y6                 1.000      0.000    999.000    999.000
    Y7                 1.000      0.000    999.000    999.000

 S        BY
    Y1                 0.000      0.000    999.000    999.000
    Y2                 2.000      0.000    999.000    999.000
    Y3                 4.000      0.000    999.000    999.000
    Y4                 6.000      0.000    999.000    999.000
    Y5                 8.000      0.000    999.000    999.000
    Y6                10.000      0.000    999.000    999.000
    Y7                12.000      0.000    999.000    999.000

 Q        BY
    Y1                 0.000      0.000    999.000    999.000
    Y2                 4.000      0.000    999.000    999.000
    Y3                16.000      0.000    999.000    999.000
    Y4                36.000      0.000    999.000    999.000
    Y5                64.000      0.000    999.000    999.000
    Y6               100.000      0.000    999.000    999.000
    Y7               144.000      0.000    999.000    999.000

 S        WITH
    I                  0.035      0.009      4.134      0.000

 Q        WITH
    I                 -0.003      0.001     -2.827      0.005
    S                  0.000      0.000      3.026      0.002

 Means
    I                  0.000      0.000    999.000    999.000
    S                  0.000      0.000    999.000    999.000
    Q                  0.000      0.000    999.000    999.000

 Intercepts
    Y1                 0.237      0.022     10.884      0.000
    Y2                 0.276      0.022     12.727      0.000
    Y3                 0.358      0.025     14.150      0.000
    Y4                 0.401      0.028     14.331      0.000
    Y5                 0.440      0.030     14.413      0.000
    Y6                 0.463      0.039     11.752      0.000
    Y7                 0.575      0.050     11.549      0.000

 Variances
    I                  0.000      0.000    999.000    999.000
    S                  0.000      0.000    999.000    999.000
    Q                  0.000      0.000    999.000    999.000

 Residual Variances
    Y1                 0.493      0.021     24.021      0.000
    Y2                 0.493      0.021     24.021      0.000
    Y3                 0.493      0.021     24.021      0.000
    Y4                 0.493      0.021     24.021      0.000
    Y5                 0.493      0.021     24.021      0.000
    Y6                 0.493      0.021     24.021      0.000
    Y7                 0.493      0.021     24.021      0.000

Categorical Latent Variables

 Means
    C#1               -2.862      0.207    -13.830      0.000
    C#2               -4.204      0.316    -13.321      0.000
    C#3               -2.972      0.247    -12.031      0.000
    C#4               -2.255      0.185    -12.219      0.000


QUALITY OF NUMERICAL RESULTS

     Condition Number for the Information Matrix              0.655E-06
       (ratio of smallest to largest eigenvalue)


TECHNICAL 11 OUTPUT

     Random Starts Specifications for the k-1 Class Analysis Model
        Number of initial stage random starts                 300
        Number of final stage optimizations                    50



     VUONG-LO-MENDELL-RUBIN LIKELIHOOD RATIO TEST FOR 4 (H0) VERSUS 5 CLASSES

          H0 Loglikelihood Value                       -13636.497
          2 Times the Loglikelihood Difference            106.055
          Difference in the Number of Parameters                4
          Mean                                             57.475
          Standard Deviation                              128.759
          P-Value                                          0.2962

     LO-MENDELL-RUBIN ADJUSTED LRT TEST

          Value                                           102.671
          P-Value                                          0.3060


TECHNICAL 14 OUTPUT

     Random Starts Specifications for the k-1 Class Analysis Model
        Number of initial stage random starts                 300
        Number of final stage optimizations                    50

     Random Starts Specification for the k-1 Class Model for Generated Data
        Number of initial stage random starts                   0
        Number of final stage optimizations for the
           initial stage random starts                          0
     Random Starts Specification for the k Class Model for Generated Data
        Number of initial stage random starts                  40
        Number of final stage optimizations                     8
     Number of bootstrap draws requested                      100


     PARAMETRIC BOOTSTRAPPED LIKELIHOOD RATIO TEST FOR 4 (H0) VERSUS 5 CLASSES

          H0 Loglikelihood Value                       -13636.497
          2 Times the Loglikelihood Difference            106.055
          Difference in the Number of Parameters                4
          Approximate P-Value                              0.0000
          Successful Bootstrap Draws                           84

     WARNING:  OF THE 84 BOOTSTRAP DRAWS, 100 DRAWS HAD BOTH A SMALLER LRT VALUE THAN THE
     OBSERVED LRT VALUE AND NOT A REPLICATED BEST LOGLIKELIHOOD VALUE FOR THE 5-CLASS MODEL.
     THIS MEANS THAT THE P-VALUE MAY NOT BE TRUSTWORTHY DUE TO LOCAL MAXIMA.
     INCREASE THE NUMBER OF RANDOM STARTS USING THE LRTSTARTS OPTION.


     WARNING:  16 OUT OF 100 BOOTSTRAP DRAWS DID NOT CONVERGE.
     INCREASE THE NUMBER OF RANDOM STARTS USING THE LRTSTARTS OPTION.



     Beginning Time:  12:15:39
        Ending Time:  12:22:51
       Elapsed Time:  00:07:12



MUTHEN & MUTHEN
3463 Stoner Ave.
Los Angeles, CA  90066

Tel: (310) 391-9971
Fax: (310) 391-8971
Web: www.StatModel.com
Support: Support@StatModel.com

Copyright (c) 1998-2019 Muthen & Muthen
