Mplus VERSION 8.3
MUTHEN & MUTHEN
09/22/2026  12:10 PM

INPUT INSTRUCTIONS

  TITLE: ELSA k=4 lcga quad;
  DATA: FILE IS data/ELSA_train.dat;
  VARIABLE:
    NAMES ARE id y1 y2 y3 y4 y5 y6 y7;
    USEV = y1 y2 y3 y4 y5 y6 y7;
    MISSING = ALL (-999);
    CLASSES = c(4);
  ANALYSIS: TYPE = MIXTURE;
    STARTS = 300 50;
    LRTBOOTSTRAP = 100;
    PROCESSORS = 4;
  MODEL:
    %OVERALL%
    i BY y1@1 y2@1 y3@1 y4@1 y5@1 y6@1 y7@1;
    s BY y1@0 y2@2 y3@4 y4@6 y5@8 y6@10 y7@12;
    q BY y1@0 y2@4 y3@16 y4@36 y5@64 y6@100 y7@144;
    i@0 s@0 q@0;
    y1-y7 (res);
  OUTPUT: TECH11 TECH14;



*** WARNING
  Data set contains cases with missing on all variables.
  These cases were not included in the analysis.
  Number of cases with missing on all variables:  194
   1 WARNING(S) FOUND IN THE INPUT INSTRUCTIONS



ELSA k=4 lcga quad;

SUMMARY OF ANALYSIS

Number of groups                                                 1
Number of observations                                        1971

Number of dependent variables                                    7
Number of independent variables                                  0
Number of continuous latent variables                            3
Number of categorical latent variables                           1

Observed dependent variables

  Continuous
   Y1          Y2          Y3          Y4          Y5          Y6
   Y7

Continuous latent variables
   I           S           Q

Categorical latent variables
   C


Estimator                                                      MLR
Information matrix                                        OBSERVED
Optimization Specifications for the Quasi-Newton Algorithm for
Continuous Outcomes
  Maximum number of iterations                                 100
  Convergence criterion                                  0.100D-05
Optimization Specifications for the EM Algorithm
  Maximum number of iterations                                 500
  Convergence criteria
    Loglikelihood change                                 0.100D-06
    Relative loglikelihood change                        0.100D-06
    Derivative                                           0.100D-05
Optimization Specifications for the M step of the EM Algorithm for
Categorical Latent variables
  Number of M step iterations                                    1
  M step convergence criterion                           0.100D-05
  Basis for M step termination                           ITERATION
Optimization Specifications for the M step of the EM Algorithm for
Censored, Binary or Ordered Categorical (Ordinal), Unordered
Categorical (Nominal) and Count Outcomes
  Number of M step iterations                                    1
  M step convergence criterion                           0.100D-05
  Basis for M step termination                           ITERATION
  Maximum value for logit thresholds                            15
  Minimum value for logit thresholds                           -15
  Minimum expected cell size for chi-square              0.100D-01
Maximum number of iterations for H1                           2000
Convergence criterion for H1                             0.100D-03
Optimization algorithm                                         EMA
Random Starts Specifications
  Number of initial stage random starts                        300
  Number of final stage optimizations                           50
  Number of initial stage iterations                            10
  Initial stage convergence criterion                    0.100D+01
  Random starts scale                                    0.500D+01
  Random seed for generating random starts                       0

Input data file(s)
  data/ELSA_train.dat
Input data format  FREE


SUMMARY OF DATA

     Number of missing data patterns            62
     Number of y missing data patterns          62
     Number of u missing data patterns           0


COVARIANCE COVERAGE OF DATA

Minimum covariance coverage value   0.100


     PROPORTION OF DATA PRESENT FOR Y


           Covariance Coverage
              Y1            Y2            Y3            Y4            Y5
              ________      ________      ________      ________      ________
 Y1             0.951
 Y2             0.838         0.871
 Y3             0.796         0.796         0.835
 Y4             0.769         0.764         0.775         0.801
 Y5             0.682         0.686         0.693         0.700         0.712
 Y6             0.607         0.611         0.619         0.625         0.618
 Y7             0.550         0.555         0.561         0.564         0.556


           Covariance Coverage
              Y6            Y7
              ________      ________
 Y6             0.636
 Y7             0.555         0.573



UNIVARIATE SAMPLE STATISTICS


     UNIVARIATE HIGHER-ORDER MOMENT DESCRIPTIVE STATISTICS

         Variable/         Mean/     Skewness/   Minimum/ % with                Percentiles
        Sample Size      Variance    Kurtosis    Maximum  Min/Max      20%/60%    40%/80%    Median

     Y1                    0.397       2.925       0.000   74.83%       0.000      0.000      0.000
            1875.000       0.709      11.065       7.000    0.05%       0.000      1.000
     Y2                    0.493       2.623       0.000   71.46%       0.000      0.000      0.000
            1717.000       0.950       8.255       7.000    0.12%       0.000      1.000
     Y3                    0.602       2.370       0.000   67.54%       0.000      0.000      0.000
            1645.000       1.249       5.992       6.000    0.67%       0.000      1.000
     Y4                    0.677       2.301       0.000   66.10%       0.000      0.000      0.000
            1578.000       1.494       5.717       7.000    0.32%       0.000      1.000
     Y5                    0.754       2.052       0.000   63.18%       0.000      0.000      0.000
            1404.000       1.611       4.346       7.000    0.36%       0.000      1.000
     Y6                    0.812       2.100       0.000   61.77%       0.000      0.000      0.000
            1253.000       1.878       4.411       7.000    0.64%       0.000      1.000
     Y7                    0.971       1.806       0.000   57.35%       0.000      0.000      0.000
            1130.000       2.257       2.838       7.000    0.62%       1.000      2.000

RANDOM STARTS RESULTS RANKED FROM THE BEST TO THE WORST LOGLIKELIHOOD VALUES

Final stage loglikelihood values at local maxima, seeds, and initial stage start numbers:

          -13636.497  170954           86
          -13636.497  349263           263
          -13636.497  46437            153
          -13636.497  93468            3
          -13826.330  321390           133
          -13837.653  464179           106
          -13853.362  369602           146
          -13853.362  127215           9
          -13853.362  297518           166
          -13862.238  793035           187
          -13862.238  931874           141
          -13862.238  887676           22
          -13862.238  587946           120
          -13865.532  913639           162
          -13865.532  422103           62
          -13865.532  21345            199
          -13865.532  340112           126
          -13865.532  966014           37
          -13865.532  967902           52
          -13865.532  458181           189
          -13927.206  551639           55
          -13927.206  606576           151
          -13927.206  926283           269
          -13927.206  347515           24
          -13927.206  65651            214
          -13946.212  247224           94
          -13946.212  377504           294
          -13946.212  414284           158
          -13946.212  568405           233
          -13946.212  281462           285
          -13946.212  580405           286
          -13946.212  673496           218
          -13946.212  76337            76
          -13946.212  438144           271
          -13946.212  618000           190
          -13950.279  616917           261
          -14109.552  856536           144
          -14109.552  608460           244
          -14109.552  311214           64
          -14112.668  570908           98
          -14112.668  286735           175
          -14136.236  268896           124
          -14136.236  175199           247
          -14139.227  59674            240
          -14139.227  569131           26
          -14149.873  685657           69
          -14149.873  392418           28
          -14149.873  948615           140
          -14149.873  246261           38

1 perturbed starting value run(s) did not converge.



THE BEST LOGLIKELIHOOD VALUE HAS BEEN REPLICATED.  RERUN WITH AT LEAST TWICE THE
RANDOM STARTS TO CHECK THAT THE BEST LOGLIKELIHOOD IS STILL OBTAINED AND REPLICATED.


THE MODEL ESTIMATION TERMINATED NORMALLY

     WARNING:  THE LATENT VARIABLE COVARIANCE MATRIX (PSI) IN CLASS 1
     IS NOT POSITIVE DEFINITE.  THIS COULD INDICATE A NEGATIVE VARIANCE/
     RESIDUAL VARIANCE FOR A LATENT VARIABLE, A CORRELATION GREATER OR EQUAL
     TO ONE BETWEEN TWO LATENT VARIABLES, OR A LINEAR DEPENDENCY AMONG MORE
     THAN TWO LATENT VARIABLES.  CHECK THE TECH4 OUTPUT FOR MORE INFORMATION.
     PROBLEM INVOLVING VARIABLE I.


     WARNING:  THE LATENT VARIABLE COVARIANCE MATRIX (PSI) IN CLASS 2
     IS NOT POSITIVE DEFINITE.  THIS COULD INDICATE A NEGATIVE VARIANCE/
     RESIDUAL VARIANCE FOR A LATENT VARIABLE, A CORRELATION GREATER OR EQUAL
     TO ONE BETWEEN TWO LATENT VARIABLES, OR A LINEAR DEPENDENCY AMONG MORE
     THAN TWO LATENT VARIABLES.  CHECK THE TECH4 OUTPUT FOR MORE INFORMATION.
     PROBLEM INVOLVING VARIABLE I.


     WARNING:  THE LATENT VARIABLE COVARIANCE MATRIX (PSI) IN CLASS 3
     IS NOT POSITIVE DEFINITE.  THIS COULD INDICATE A NEGATIVE VARIANCE/
     RESIDUAL VARIANCE FOR A LATENT VARIABLE, A CORRELATION GREATER OR EQUAL
     TO ONE BETWEEN TWO LATENT VARIABLES, OR A LINEAR DEPENDENCY AMONG MORE
     THAN TWO LATENT VARIABLES.  CHECK THE TECH4 OUTPUT FOR MORE INFORMATION.
     PROBLEM INVOLVING VARIABLE I.


     WARNING:  THE LATENT VARIABLE COVARIANCE MATRIX (PSI) IN CLASS 4
     IS NOT POSITIVE DEFINITE.  THIS COULD INDICATE A NEGATIVE VARIANCE/
     RESIDUAL VARIANCE FOR A LATENT VARIABLE, A CORRELATION GREATER OR EQUAL
     TO ONE BETWEEN TWO LATENT VARIABLES, OR A LINEAR DEPENDENCY AMONG MORE
     THAN TWO LATENT VARIABLES.  CHECK THE TECH4 OUTPUT FOR MORE INFORMATION.
     PROBLEM INVOLVING VARIABLE I.




MODEL FIT INFORMATION

Number of Free Parameters                       23

Loglikelihood

          H0 Value                      -13636.497
          H0 Scaling Correction Factor      2.8890
            for MLR

Information Criteria

          Akaike (AIC)                   27318.994
          Bayesian (BIC)                 27447.478
          Sample-Size Adjusted BIC       27374.407
            (n* = (n + 2) / 24)



FINAL CLASS COUNTS AND PROPORTIONS FOR THE LATENT CLASSES
BASED ON THE ESTIMATED MODEL

    Latent
   Classes

       1         83.87624          0.04256
       2        191.64569          0.09723
       3         85.11441          0.04318
       4       1610.36366          0.81703


FINAL CLASS COUNTS AND PROPORTIONS FOR THE LATENT CLASSES
BASED ON ESTIMATED POSTERIOR PROBABILITIES

    Latent
   Classes

       1         83.87624          0.04256
       2        191.64569          0.09723
       3         85.11441          0.04318
       4       1610.36366          0.81703


FINAL CLASS COUNTS AND PROPORTIONS FOR THE LATENT CLASSES
BASED ON THEIR MOST LIKELY LATENT CLASS MEMBERSHIP

Class Counts and Proportions

    Latent
   Classes

       1               70          0.03551
       2              143          0.07255
       3               83          0.04211
       4             1675          0.84982


CLASSIFICATION QUALITY

     Entropy                         0.883


Average Latent Class Probabilities for Most Likely Latent Class Membership (Row)
by Latent Class (Column)

           1        2        3        4

    1   0.940    0.025    0.014    0.020
    2   0.018    0.881    0.012    0.089
    3   0.042    0.009    0.888    0.061
    4   0.007    0.038    0.005    0.950


Classification Probabilities for the Most Likely Latent Class Membership (Column)
by Latent Class (Row)

           1        2        3        4

    1   0.785    0.031    0.042    0.143
    2   0.009    0.658    0.004    0.329
    3   0.012    0.020    0.866    0.103
    4   0.001    0.008    0.003    0.988


Logits for the Classification Probabilities for the Most Likely Latent Class Membership (Column)
by Latent Class (Row)

              1        2        3        4

    1      1.705   -1.530   -1.223    0.000
    2     -3.571    0.692   -4.458    0.000
    3     -2.176   -1.644    2.131    0.000
    4     -7.014   -4.833   -5.750    0.000


MODEL RESULTS

                                                    Two-Tailed
                    Estimate       S.E.  Est./S.E.    P-Value

Latent Class 1

 I        BY
    Y1                 1.000      0.000    999.000    999.000
    Y2                 1.000      0.000    999.000    999.000
    Y3                 1.000      0.000    999.000    999.000
    Y4                 1.000      0.000    999.000    999.000
    Y5                 1.000      0.000    999.000    999.000
    Y6                 1.000      0.000    999.000    999.000
    Y7                 1.000      0.000    999.000    999.000

 S        BY
    Y1                 0.000      0.000    999.000    999.000
    Y2                 2.000      0.000    999.000    999.000
    Y3                 4.000      0.000    999.000    999.000
    Y4                 6.000      0.000    999.000    999.000
    Y5                 8.000      0.000    999.000    999.000
    Y6                10.000      0.000    999.000    999.000
    Y7                12.000      0.000    999.000    999.000

 Q        BY
    Y1                 0.000      0.000    999.000    999.000
    Y2                 4.000      0.000    999.000    999.000
    Y3                16.000      0.000    999.000    999.000
    Y4                36.000      0.000    999.000    999.000
    Y5                64.000      0.000    999.000    999.000
    Y6               100.000      0.000    999.000    999.000
    Y7               144.000      0.000    999.000    999.000

 S        WITH
    I                  0.038      0.009      4.062      0.000

 Q        WITH
    I                 -0.003      0.001     -2.561      0.010
    S                  0.000      0.000      3.105      0.002

 Means
    I                  0.220      0.155      1.416      0.157
    S                  0.994      0.111      8.986      0.000
    Q                 -0.062      0.012     -5.251      0.000

 Intercepts
    Y1                 0.238      0.023     10.429      0.000
    Y2                 0.289      0.022     13.333      0.000
    Y3                 0.366      0.025     14.558      0.000
    Y4                 0.406      0.028     14.515      0.000
    Y5                 0.443      0.031     14.235      0.000
    Y6                 0.467      0.040     11.709      0.000
    Y7                 0.586      0.051     11.408      0.000

 Variances
    I                  0.000      0.000    999.000    999.000
    S                  0.000      0.000    999.000    999.000
    Q                  0.000      0.000    999.000    999.000

 Residual Variances
    Y1                 0.503      0.021     24.099      0.000
    Y2                 0.503      0.021     24.099      0.000
    Y3                 0.503      0.021     24.099      0.000
    Y4                 0.503      0.021     24.099      0.000
    Y5                 0.503      0.021     24.099      0.000
    Y6                 0.503      0.021     24.099      0.000
    Y7                 0.503      0.021     24.099      0.000

Latent Class 2

 I        BY
    Y1                 1.000      0.000    999.000    999.000
    Y2                 1.000      0.000    999.000    999.000
    Y3                 1.000      0.000    999.000    999.000
    Y4                 1.000      0.000    999.000    999.000
    Y5                 1.000      0.000    999.000    999.000
    Y6                 1.000      0.000    999.000    999.000
    Y7                 1.000      0.000    999.000    999.000

 S        BY
    Y1                 0.000      0.000    999.000    999.000
    Y2                 2.000      0.000    999.000    999.000
    Y3                 4.000      0.000    999.000    999.000
    Y4                 6.000      0.000    999.000    999.000
    Y5                 8.000      0.000    999.000    999.000
    Y6                10.000      0.000    999.000    999.000
    Y7                12.000      0.000    999.000    999.000

 Q        BY
    Y1                 0.000      0.000    999.000    999.000
    Y2                 4.000      0.000    999.000    999.000
    Y3                16.000      0.000    999.000    999.000
    Y4                36.000      0.000    999.000    999.000
    Y5                64.000      0.000    999.000    999.000
    Y6               100.000      0.000    999.000    999.000
    Y7               144.000      0.000    999.000    999.000

 S        WITH
    I                  0.038      0.009      4.062      0.000

 Q        WITH
    I                 -0.003      0.001     -2.561      0.010
    S                  0.000      0.000      3.105      0.002

 Means
    I                  0.291      0.109      2.670      0.008
    S                 -0.164      0.072     -2.278      0.023
    Q                  0.042      0.006      6.641      0.000

 Intercepts
    Y1                 0.238      0.023     10.429      0.000
    Y2                 0.289      0.022     13.333      0.000
    Y3                 0.366      0.025     14.558      0.000
    Y4                 0.406      0.028     14.515      0.000
    Y5                 0.443      0.031     14.235      0.000
    Y6                 0.467      0.040     11.709      0.000
    Y7                 0.586      0.051     11.408      0.000

 Variances
    I                  0.000      0.000    999.000    999.000
    S                  0.000      0.000    999.000    999.000
    Q                  0.000      0.000    999.000    999.000

 Residual Variances
    Y1                 0.503      0.021     24.099      0.000
    Y2                 0.503      0.021     24.099      0.000
    Y3                 0.503      0.021     24.099      0.000
    Y4                 0.503      0.021     24.099      0.000
    Y5                 0.503      0.021     24.099      0.000
    Y6                 0.503      0.021     24.099      0.000
    Y7                 0.503      0.021     24.099      0.000

Latent Class 3

 I        BY
    Y1                 1.000      0.000    999.000    999.000
    Y2                 1.000      0.000    999.000    999.000
    Y3                 1.000      0.000    999.000    999.000
    Y4                 1.000      0.000    999.000    999.000
    Y5                 1.000      0.000    999.000    999.000
    Y6                 1.000      0.000    999.000    999.000
    Y7                 1.000      0.000    999.000    999.000

 S        BY
    Y1                 0.000      0.000    999.000    999.000
    Y2                 2.000      0.000    999.000    999.000
    Y3                 4.000      0.000    999.000    999.000
    Y4                 6.000      0.000    999.000    999.000
    Y5                 8.000      0.000    999.000    999.000
    Y6                10.000      0.000    999.000    999.000
    Y7                12.000      0.000    999.000    999.000

 Q        BY
    Y1                 0.000      0.000    999.000    999.000
    Y2                 4.000      0.000    999.000    999.000
    Y3                16.000      0.000    999.000    999.000
    Y4                36.000      0.000    999.000    999.000
    Y5                64.000      0.000    999.000    999.000
    Y6               100.000      0.000    999.000    999.000
    Y7               144.000      0.000    999.000    999.000

 S        WITH
    I                  0.038      0.009      4.062      0.000

 Q        WITH
    I                 -0.003      0.001     -2.561      0.010
    S                  0.000      0.000      3.105      0.002

 Means
    I                  2.906      0.310      9.379      0.000
    S                 -0.226      0.138     -1.635      0.102
    Q                  0.015      0.012      1.233      0.218

 Intercepts
    Y1                 0.238      0.023     10.429      0.000
    Y2                 0.289      0.022     13.333      0.000
    Y3                 0.366      0.025     14.558      0.000
    Y4                 0.406      0.028     14.515      0.000
    Y5                 0.443      0.031     14.235      0.000
    Y6                 0.467      0.040     11.709      0.000
    Y7                 0.586      0.051     11.408      0.000

 Variances
    I                  0.000      0.000    999.000    999.000
    S                  0.000      0.000    999.000    999.000
    Q                  0.000      0.000    999.000    999.000

 Residual Variances
    Y1                 0.503      0.021     24.099      0.000
    Y2                 0.503      0.021     24.099      0.000
    Y3                 0.503      0.021     24.099      0.000
    Y4                 0.503      0.021     24.099      0.000
    Y5                 0.503      0.021     24.099      0.000
    Y6                 0.503      0.021     24.099      0.000
    Y7                 0.503      0.021     24.099      0.000

Latent Class 4

 I        BY
    Y1                 1.000      0.000    999.000    999.000
    Y2                 1.000      0.000    999.000    999.000
    Y3                 1.000      0.000    999.000    999.000
    Y4                 1.000      0.000    999.000    999.000
    Y5                 1.000      0.000    999.000    999.000
    Y6                 1.000      0.000    999.000    999.000
    Y7                 1.000      0.000    999.000    999.000

 S        BY
    Y1                 0.000      0.000    999.000    999.000
    Y2                 2.000      0.000    999.000    999.000
    Y3                 4.000      0.000    999.000    999.000
    Y4                 6.000      0.000    999.000    999.000
    Y5                 8.000      0.000    999.000    999.000
    Y6                10.000      0.000    999.000    999.000
    Y7                12.000      0.000    999.000    999.000

 Q        BY
    Y1                 0.000      0.000    999.000    999.000
    Y2                 4.000      0.000    999.000    999.000
    Y3                16.000      0.000    999.000    999.000
    Y4                36.000      0.000    999.000    999.000
    Y5                64.000      0.000    999.000    999.000
    Y6               100.000      0.000    999.000    999.000
    Y7               144.000      0.000    999.000    999.000

 S        WITH
    I                  0.038      0.009      4.062      0.000

 Q        WITH
    I                 -0.003      0.001     -2.561      0.010
    S                  0.000      0.000      3.105      0.002

 Means
    I                  0.000      0.000    999.000    999.000
    S                  0.000      0.000    999.000    999.000
    Q                  0.000      0.000    999.000    999.000

 Intercepts
    Y1                 0.238      0.023     10.429      0.000
    Y2                 0.289      0.022     13.333      0.000
    Y3                 0.366      0.025     14.558      0.000
    Y4                 0.406      0.028     14.515      0.000
    Y5                 0.443      0.031     14.235      0.000
    Y6                 0.467      0.040     11.709      0.000
    Y7                 0.586      0.051     11.408      0.000

 Variances
    I                  0.000      0.000    999.000    999.000
    S                  0.000      0.000    999.000    999.000
    Q                  0.000      0.000    999.000    999.000

 Residual Variances
    Y1                 0.503      0.021     24.099      0.000
    Y2                 0.503      0.021     24.099      0.000
    Y3                 0.503      0.021     24.099      0.000
    Y4                 0.503      0.021     24.099      0.000
    Y5                 0.503      0.021     24.099      0.000
    Y6                 0.503      0.021     24.099      0.000
    Y7                 0.503      0.021     24.099      0.000

Categorical Latent Variables

 Means
    C#1               -2.955      0.179    -16.502      0.000
    C#2               -2.129      0.154    -13.814      0.000
    C#3               -2.940      0.234    -12.572      0.000


QUALITY OF NUMERICAL RESULTS

     Condition Number for the Information Matrix              0.173E-05
       (ratio of smallest to largest eigenvalue)


TECHNICAL 11 OUTPUT

     Random Starts Specifications for the k-1 Class Analysis Model
        Number of initial stage random starts                 300
        Number of final stage optimizations                    50



     VUONG-LO-MENDELL-RUBIN LIKELIHOOD RATIO TEST FOR 3 (H0) VERSUS 4 CLASSES

          H0 Loglikelihood Value                       -13865.532
          2 Times the Loglikelihood Difference            458.071
          Difference in the Number of Parameters                4
          Mean                                             48.156
          Standard Deviation                              292.415
          P-Value                                          0.0556

     LO-MENDELL-RUBIN ADJUSTED LRT TEST

          Value                                           443.457
          P-Value                                          0.0606


TECHNICAL 14 OUTPUT

     Random Starts Specifications for the k-1 Class Analysis Model
        Number of initial stage random starts                 300
        Number of final stage optimizations                    50

     Random Starts Specification for the k-1 Class Model for Generated Data
        Number of initial stage random starts                   0
        Number of final stage optimizations for the
           initial stage random starts                          0
     Random Starts Specification for the k Class Model for Generated Data
        Number of initial stage random starts                  40
        Number of final stage optimizations                     8
     Number of bootstrap draws requested                      100


     PARAMETRIC BOOTSTRAPPED LIKELIHOOD RATIO TEST FOR 3 (H0) VERSUS 4 CLASSES

          H0 Loglikelihood Value                       -13865.532
          2 Times the Loglikelihood Difference            458.071
          Difference in the Number of Parameters                4
          Approximate P-Value                              0.0000
          Successful Bootstrap Draws                           98

     WARNING:  OF THE 98 BOOTSTRAP DRAWS, 86 DRAWS HAD BOTH A SMALLER LRT VALUE THAN THE
     OBSERVED LRT VALUE AND NOT A REPLICATED BEST LOGLIKELIHOOD VALUE FOR THE 4-CLASS MODEL.
     THIS MEANS THAT THE P-VALUE MAY NOT BE TRUSTWORTHY DUE TO LOCAL MAXIMA.
     INCREASE THE NUMBER OF RANDOM STARTS USING THE LRTSTARTS OPTION.


     WARNING:  2 OUT OF 100 BOOTSTRAP DRAWS DID NOT CONVERGE.
     INCREASE THE NUMBER OF RANDOM STARTS USING THE LRTSTARTS OPTION.



     Beginning Time:  12:10:34
        Ending Time:  12:15:39
       Elapsed Time:  00:05:05



MUTHEN & MUTHEN
3463 Stoner Ave.
Los Angeles, CA  90066

Tel: (310) 391-9971
Fax: (310) 391-8971
Web: www.StatModel.com
Support: Support@StatModel.com

Copyright (c) 1998-2019 Muthen & Muthen
