Mplus VERSION 8.3
MUTHEN & MUTHEN
09/22/2026  12:25 PM

INPUT INSTRUCTIONS

  TITLE: HRS k=4 lcga quad;
  DATA: FILE IS data/HRS_train.dat;
  VARIABLE:
    NAMES ARE id y1 y2 y3 y4 y5 y6;
    USEV = y1 y2 y3 y4 y5 y6;
    MISSING = ALL (-999);
    CLASSES = c(4);
  ANALYSIS: TYPE = MIXTURE;
    STARTS = 300 50;
    LRTBOOTSTRAP = 100;
    PROCESSORS = 4;
  MODEL:
    %OVERALL%
    i BY y1@1 y2@1 y3@1 y4@1 y5@1 y6@1;
    s BY y1@0 y2@2 y3@4 y4@6 y5@8 y6@10;
    q BY y1@0 y2@4 y3@16 y4@36 y5@64 y6@100;
    i@0 s@0 q@0;
    y1-y6 (res);
  OUTPUT: TECH11 TECH14;



*** WARNING
  Data set contains cases with missing on all variables.
  These cases were not included in the analysis.
  Number of cases with missing on all variables:  57
   1 WARNING(S) FOUND IN THE INPUT INSTRUCTIONS



HRS k=4 lcga quad;

SUMMARY OF ANALYSIS

Number of groups                                                 1
Number of observations                                        1576

Number of dependent variables                                    6
Number of independent variables                                  0
Number of continuous latent variables                            3
Number of categorical latent variables                           1

Observed dependent variables

  Continuous
   Y1          Y2          Y3          Y4          Y5          Y6

Continuous latent variables
   I           S           Q

Categorical latent variables
   C


Estimator                                                      MLR
Information matrix                                        OBSERVED
Optimization Specifications for the Quasi-Newton Algorithm for
Continuous Outcomes
  Maximum number of iterations                                 100
  Convergence criterion                                  0.100D-05
Optimization Specifications for the EM Algorithm
  Maximum number of iterations                                 500
  Convergence criteria
    Loglikelihood change                                 0.100D-06
    Relative loglikelihood change                        0.100D-06
    Derivative                                           0.100D-05
Optimization Specifications for the M step of the EM Algorithm for
Categorical Latent variables
  Number of M step iterations                                    1
  M step convergence criterion                           0.100D-05
  Basis for M step termination                           ITERATION
Optimization Specifications for the M step of the EM Algorithm for
Censored, Binary or Ordered Categorical (Ordinal), Unordered
Categorical (Nominal) and Count Outcomes
  Number of M step iterations                                    1
  M step convergence criterion                           0.100D-05
  Basis for M step termination                           ITERATION
  Maximum value for logit thresholds                            15
  Minimum value for logit thresholds                           -15
  Minimum expected cell size for chi-square              0.100D-01
Maximum number of iterations for H1                           2000
Convergence criterion for H1                             0.100D-03
Optimization algorithm                                         EMA
Random Starts Specifications
  Number of initial stage random starts                        300
  Number of final stage optimizations                           50
  Number of initial stage iterations                            10
  Initial stage convergence criterion                    0.100D+01
  Random starts scale                                    0.500D+01
  Random seed for generating random starts                       0

Input data file(s)
  data/HRS_train.dat
Input data format  FREE


SUMMARY OF DATA

     Number of missing data patterns            32
     Number of y missing data patterns          32
     Number of u missing data patterns           0


COVARIANCE COVERAGE OF DATA

Minimum covariance coverage value   0.100


     PROPORTION OF DATA PRESENT FOR Y


           Covariance Coverage
              Y1            Y2            Y3            Y4            Y5
              ________      ________      ________      ________      ________
 Y1             0.980
 Y2             0.914         0.930
 Y3             0.867         0.871         0.883
 Y4             0.815         0.817         0.813         0.827
 Y5             0.721         0.723         0.721         0.723         0.731
 Y6             0.618         0.620         0.617         0.621         0.617


           Covariance Coverage
              Y6
              ________
 Y6             0.624



UNIVARIATE SAMPLE STATISTICS


     UNIVARIATE HIGHER-ORDER MOMENT DESCRIPTIVE STATISTICS

         Variable/         Mean/     Skewness/   Minimum/ % with                Percentiles
        Sample Size      Variance    Kurtosis    Maximum  Min/Max      20%/60%    40%/80%    Median

     Y1                    0.532       2.393       0.000   68.98%       0.000      0.000      0.000
            1544.000       0.980       6.755       7.000    0.13%       0.000      1.000
     Y2                    0.769       2.163       0.000   61.98%       0.000      0.000      0.000
            1465.000       1.679       4.945       7.000    0.34%       0.000      1.000
     Y3                    0.811       2.113       0.000   60.68%       0.000      0.000      0.000
            1391.000       1.823       4.525       7.000    0.50%       0.000      1.000
     Y4                    1.030       1.805       0.000   54.75%       0.000      0.000      0.000
            1304.000       2.406       2.899       7.000    1.00%       1.000      2.000
     Y5                    1.036       1.622       0.000   55.03%       0.000      0.000      0.000
            1152.000       2.277       2.135       7.000    0.52%       1.000      2.000
     Y6                    1.279       1.420       0.000   45.43%       0.000      0.000      1.000
             984.000       2.655       1.538       7.000    1.42%       1.000      2.000

RANDOM STARTS RESULTS RANKED FROM THE BEST TO THE WORST LOGLIKELIHOOD VALUES

Final stage loglikelihood values at local maxima, seeds, and initial stage start numbers:

          -11436.555  215353           164
          -11436.555  848890           95
          -11436.555  85462            51
          -11436.555  618000           190
          -11436.555  608849           224
          -11436.555  788796           145
          -11436.555  468036           131
          -11436.555  195353           225
          -11436.555  259507           53
          -11543.441  781190           219
          -11543.441  587946           120
          -11543.441  717754           180
          -11553.689  43523            297
          -11560.985  617243           237
          -11569.742  124999           96
          -11569.742  579995           183
          -11574.075  443917           60
          -11574.075  945065           255
          -11574.075  972873           157
          -11574.075  824126           287
          -11574.075  715561           125
          -11574.075  181293           212
          -11574.075  520177           262
          -11574.075  462228           298
          -11574.075  93468            3
          -11574.075  267983           228
          -11576.394  165853           105
          -11576.394  467339           66
          -11576.394  915107           54
          -11580.010  848969           173
          -11587.721  948615           140
          -11587.721  59674            240
          -11594.312  436460           89
          -11594.466  392418           28
          -11594.466  22089            143
          -11596.922  364676           27
          -11596.922  405079           68
          -11596.922  464179           106
          -11596.922  939709           112
          -11602.674  997222           229
          -11602.674  246261           38
          -11602.674  545140           278
          -11602.674  107446           12
          -11602.674  120506           45
          -11602.674  123985           248
          -11602.741  399848           220
          -11602.741  752769           253
          -11602.741  253358           2
          -11602.741  928287           197
          -11726.419  51375            148



THE BEST LOGLIKELIHOOD VALUE HAS BEEN REPLICATED.  RERUN WITH AT LEAST TWICE THE
RANDOM STARTS TO CHECK THAT THE BEST LOGLIKELIHOOD IS STILL OBTAINED AND REPLICATED.


THE MODEL ESTIMATION TERMINATED NORMALLY

     WARNING:  THE LATENT VARIABLE COVARIANCE MATRIX (PSI) IN CLASS 1
     IS NOT POSITIVE DEFINITE.  THIS COULD INDICATE A NEGATIVE VARIANCE/
     RESIDUAL VARIANCE FOR A LATENT VARIABLE, A CORRELATION GREATER OR EQUAL
     TO ONE BETWEEN TWO LATENT VARIABLES, OR A LINEAR DEPENDENCY AMONG MORE
     THAN TWO LATENT VARIABLES.  CHECK THE TECH4 OUTPUT FOR MORE INFORMATION.
     PROBLEM INVOLVING VARIABLE I.


     WARNING:  THE LATENT VARIABLE COVARIANCE MATRIX (PSI) IN CLASS 2
     IS NOT POSITIVE DEFINITE.  THIS COULD INDICATE A NEGATIVE VARIANCE/
     RESIDUAL VARIANCE FOR A LATENT VARIABLE, A CORRELATION GREATER OR EQUAL
     TO ONE BETWEEN TWO LATENT VARIABLES, OR A LINEAR DEPENDENCY AMONG MORE
     THAN TWO LATENT VARIABLES.  CHECK THE TECH4 OUTPUT FOR MORE INFORMATION.
     PROBLEM INVOLVING VARIABLE I.


     WARNING:  THE LATENT VARIABLE COVARIANCE MATRIX (PSI) IN CLASS 3
     IS NOT POSITIVE DEFINITE.  THIS COULD INDICATE A NEGATIVE VARIANCE/
     RESIDUAL VARIANCE FOR A LATENT VARIABLE, A CORRELATION GREATER OR EQUAL
     TO ONE BETWEEN TWO LATENT VARIABLES, OR A LINEAR DEPENDENCY AMONG MORE
     THAN TWO LATENT VARIABLES.  CHECK THE TECH4 OUTPUT FOR MORE INFORMATION.
     PROBLEM INVOLVING VARIABLE I.


     WARNING:  THE LATENT VARIABLE COVARIANCE MATRIX (PSI) IN CLASS 4
     IS NOT POSITIVE DEFINITE.  THIS COULD INDICATE A NEGATIVE VARIANCE/
     RESIDUAL VARIANCE FOR A LATENT VARIABLE, A CORRELATION GREATER OR EQUAL
     TO ONE BETWEEN TWO LATENT VARIABLES, OR A LINEAR DEPENDENCY AMONG MORE
     THAN TWO LATENT VARIABLES.  CHECK THE TECH4 OUTPUT FOR MORE INFORMATION.
     PROBLEM INVOLVING VARIABLE I.




MODEL FIT INFORMATION

Number of Free Parameters                       22

Loglikelihood

          H0 Value                      -11436.555
          H0 Scaling Correction Factor      2.9999
            for MLR

Information Criteria

          Akaike (AIC)                   22917.110
          Bayesian (BIC)                 23035.088
          Sample-Size Adjusted BIC       22965.199
            (n* = (n + 2) / 24)



FINAL CLASS COUNTS AND PROPORTIONS FOR THE LATENT CLASSES
BASED ON THE ESTIMATED MODEL

    Latent
   Classes

       1         88.27928          0.05601
       2         82.36954          0.05226
       3        158.81872          0.10077
       4       1246.53247          0.79095


FINAL CLASS COUNTS AND PROPORTIONS FOR THE LATENT CLASSES
BASED ON ESTIMATED POSTERIOR PROBABILITIES

    Latent
   Classes

       1         88.27928          0.05601
       2         82.36954          0.05226
       3        158.81872          0.10077
       4       1246.53247          0.79095


FINAL CLASS COUNTS AND PROPORTIONS FOR THE LATENT CLASSES
BASED ON THEIR MOST LIKELY LATENT CLASS MEMBERSHIP

Class Counts and Proportions

    Latent
   Classes

       1               83          0.05266
       2               76          0.04822
       3              127          0.08058
       4             1290          0.81853


CLASSIFICATION QUALITY

     Entropy                         0.880


Average Latent Class Probabilities for Most Likely Latent Class Membership (Row)
by Latent Class (Column)

           1        2        3        4

    1   0.915    0.028    0.011    0.046
    2   0.055    0.894    0.025    0.026
    3   0.011    0.029    0.848    0.112
    4   0.005    0.006    0.037    0.951


Classification Probabilities for the Most Likely Latent Class Membership (Column)
by Latent Class (Row)

           1        2        3        4

    1   0.860    0.047    0.015    0.077
    2   0.028    0.825    0.045    0.102
    3   0.006    0.012    0.678    0.304
    4   0.003    0.002    0.011    0.984


Logits for the Classification Probabilities for the Most Likely Latent Class Membership (Column)
by Latent Class (Row)

              1        2        3        4

    1      2.416   -0.484   -1.610    0.000
    2     -1.282    2.092   -0.807    0.000
    3     -4.012   -3.231    0.802    0.000
    4     -5.767   -6.423   -4.461    0.000


MODEL RESULTS

                                                    Two-Tailed
                    Estimate       S.E.  Est./S.E.    P-Value

Latent Class 1

 I        BY
    Y1                 1.000      0.000    999.000    999.000
    Y2                 1.000      0.000    999.000    999.000
    Y3                 1.000      0.000    999.000    999.000
    Y4                 1.000      0.000    999.000    999.000
    Y5                 1.000      0.000    999.000    999.000
    Y6                 1.000      0.000    999.000    999.000

 S        BY
    Y1                 0.000      0.000    999.000    999.000
    Y2                 2.000      0.000    999.000    999.000
    Y3                 4.000      0.000    999.000    999.000
    Y4                 6.000      0.000    999.000    999.000
    Y5                 8.000      0.000    999.000    999.000
    Y6                10.000      0.000    999.000    999.000

 Q        BY
    Y1                 0.000      0.000    999.000    999.000
    Y2                 4.000      0.000    999.000    999.000
    Y3                16.000      0.000    999.000    999.000
    Y4                36.000      0.000    999.000    999.000
    Y5                64.000      0.000    999.000    999.000
    Y6               100.000      0.000    999.000    999.000

 S        WITH
    I                  0.062      0.011      5.918      0.000

 Q        WITH
    I                 -0.004      0.001     -3.529      0.000
    S                  0.000      0.000      1.530      0.126

 Means
    I                  3.075      0.197     15.636      0.000
    S                 -0.148      0.419     -0.353      0.724
    Q                  0.009      0.041      0.210      0.834

 Intercepts
    Y1                 0.319      0.042      7.617      0.000
    Y2                 0.469      0.033     14.020      0.000
    Y3                 0.436      0.035     12.539      0.000
    Y4                 0.603      0.040     15.233      0.000
    Y5                 0.597      0.055     10.804      0.000
    Y6                 0.820      0.080     10.293      0.000

 Variances
    I                  0.000      0.000    999.000    999.000
    S                  0.000      0.000    999.000    999.000
    Q                  0.000      0.000    999.000    999.000

 Residual Variances
    Y1                 0.690      0.030     22.662      0.000
    Y2                 0.690      0.030     22.662      0.000
    Y3                 0.690      0.030     22.662      0.000
    Y4                 0.690      0.030     22.662      0.000
    Y5                 0.690      0.030     22.662      0.000
    Y6                 0.690      0.030     22.662      0.000

Latent Class 2

 I        BY
    Y1                 1.000      0.000    999.000    999.000
    Y2                 1.000      0.000    999.000    999.000
    Y3                 1.000      0.000    999.000    999.000
    Y4                 1.000      0.000    999.000    999.000
    Y5                 1.000      0.000    999.000    999.000
    Y6                 1.000      0.000    999.000    999.000

 S        BY
    Y1                 0.000      0.000    999.000    999.000
    Y2                 2.000      0.000    999.000    999.000
    Y3                 4.000      0.000    999.000    999.000
    Y4                 6.000      0.000    999.000    999.000
    Y5                 8.000      0.000    999.000    999.000
    Y6                10.000      0.000    999.000    999.000

 Q        BY
    Y1                 0.000      0.000    999.000    999.000
    Y2                 4.000      0.000    999.000    999.000
    Y3                16.000      0.000    999.000    999.000
    Y4                36.000      0.000    999.000    999.000
    Y5                64.000      0.000    999.000    999.000
    Y6               100.000      0.000    999.000    999.000

 S        WITH
    I                  0.062      0.011      5.918      0.000

 Q        WITH
    I                 -0.004      0.001     -3.529      0.000
    S                  0.000      0.000      1.530      0.126

 Means
    I                  0.378      0.510      0.741      0.459
    S                  1.360      0.151      9.025      0.000
    Q                 -0.113      0.021     -5.493      0.000

 Intercepts
    Y1                 0.319      0.042      7.617      0.000
    Y2                 0.469      0.033     14.020      0.000
    Y3                 0.436      0.035     12.539      0.000
    Y4                 0.603      0.040     15.233      0.000
    Y5                 0.597      0.055     10.804      0.000
    Y6                 0.820      0.080     10.293      0.000

 Variances
    I                  0.000      0.000    999.000    999.000
    S                  0.000      0.000    999.000    999.000
    Q                  0.000      0.000    999.000    999.000

 Residual Variances
    Y1                 0.690      0.030     22.662      0.000
    Y2                 0.690      0.030     22.662      0.000
    Y3                 0.690      0.030     22.662      0.000
    Y4                 0.690      0.030     22.662      0.000
    Y5                 0.690      0.030     22.662      0.000
    Y6                 0.690      0.030     22.662      0.000

Latent Class 3

 I        BY
    Y1                 1.000      0.000    999.000    999.000
    Y2                 1.000      0.000    999.000    999.000
    Y3                 1.000      0.000    999.000    999.000
    Y4                 1.000      0.000    999.000    999.000
    Y5                 1.000      0.000    999.000    999.000
    Y6                 1.000      0.000    999.000    999.000

 S        BY
    Y1                 0.000      0.000    999.000    999.000
    Y2                 2.000      0.000    999.000    999.000
    Y3                 4.000      0.000    999.000    999.000
    Y4                 6.000      0.000    999.000    999.000
    Y5                 8.000      0.000    999.000    999.000
    Y6                10.000      0.000    999.000    999.000

 Q        BY
    Y1                 0.000      0.000    999.000    999.000
    Y2                 4.000      0.000    999.000    999.000
    Y3                16.000      0.000    999.000    999.000
    Y4                36.000      0.000    999.000    999.000
    Y5                64.000      0.000    999.000    999.000
    Y6               100.000      0.000    999.000    999.000

 S        WITH
    I                  0.062      0.011      5.918      0.000

 Q        WITH
    I                 -0.004      0.001     -3.529      0.000
    S                  0.000      0.000      1.530      0.126

 Means
    I                  0.218      0.131      1.664      0.096
    S                 -0.012      0.106     -0.112      0.911
    Q                  0.041      0.010      4.305      0.000

 Intercepts
    Y1                 0.319      0.042      7.617      0.000
    Y2                 0.469      0.033     14.020      0.000
    Y3                 0.436      0.035     12.539      0.000
    Y4                 0.603      0.040     15.233      0.000
    Y5                 0.597      0.055     10.804      0.000
    Y6                 0.820      0.080     10.293      0.000

 Variances
    I                  0.000      0.000    999.000    999.000
    S                  0.000      0.000    999.000    999.000
    Q                  0.000      0.000    999.000    999.000

 Residual Variances
    Y1                 0.690      0.030     22.662      0.000
    Y2                 0.690      0.030     22.662      0.000
    Y3                 0.690      0.030     22.662      0.000
    Y4                 0.690      0.030     22.662      0.000
    Y5                 0.690      0.030     22.662      0.000
    Y6                 0.690      0.030     22.662      0.000

Latent Class 4

 I        BY
    Y1                 1.000      0.000    999.000    999.000
    Y2                 1.000      0.000    999.000    999.000
    Y3                 1.000      0.000    999.000    999.000
    Y4                 1.000      0.000    999.000    999.000
    Y5                 1.000      0.000    999.000    999.000
    Y6                 1.000      0.000    999.000    999.000

 S        BY
    Y1                 0.000      0.000    999.000    999.000
    Y2                 2.000      0.000    999.000    999.000
    Y3                 4.000      0.000    999.000    999.000
    Y4                 6.000      0.000    999.000    999.000
    Y5                 8.000      0.000    999.000    999.000
    Y6                10.000      0.000    999.000    999.000

 Q        BY
    Y1                 0.000      0.000    999.000    999.000
    Y2                 4.000      0.000    999.000    999.000
    Y3                16.000      0.000    999.000    999.000
    Y4                36.000      0.000    999.000    999.000
    Y5                64.000      0.000    999.000    999.000
    Y6               100.000      0.000    999.000    999.000

 S        WITH
    I                  0.062      0.011      5.918      0.000

 Q        WITH
    I                 -0.004      0.001     -3.529      0.000
    S                  0.000      0.000      1.530      0.126

 Means
    I                  0.000      0.000    999.000    999.000
    S                  0.000      0.000    999.000    999.000
    Q                  0.000      0.000    999.000    999.000

 Intercepts
    Y1                 0.319      0.042      7.617      0.000
    Y2                 0.469      0.033     14.020      0.000
    Y3                 0.436      0.035     12.539      0.000
    Y4                 0.603      0.040     15.233      0.000
    Y5                 0.597      0.055     10.804      0.000
    Y6                 0.820      0.080     10.293      0.000

 Variances
    I                  0.000      0.000    999.000    999.000
    S                  0.000      0.000    999.000    999.000
    Q                  0.000      0.000    999.000    999.000

 Residual Variances
    Y1                 0.690      0.030     22.662      0.000
    Y2                 0.690      0.030     22.662      0.000
    Y3                 0.690      0.030     22.662      0.000
    Y4                 0.690      0.030     22.662      0.000
    Y5                 0.690      0.030     22.662      0.000
    Y6                 0.690      0.030     22.662      0.000

Categorical Latent Variables

 Means
    C#1               -2.648      0.164    -16.109      0.000
    C#2               -2.717      0.216    -12.580      0.000
    C#3               -2.060      0.241     -8.563      0.000


QUALITY OF NUMERICAL RESULTS

     Condition Number for the Information Matrix              0.438E-05
       (ratio of smallest to largest eigenvalue)


TECHNICAL 11 OUTPUT

     Random Starts Specifications for the k-1 Class Analysis Model
        Number of initial stage random starts                 300
        Number of final stage optimizations                    50



     VUONG-LO-MENDELL-RUBIN LIKELIHOOD RATIO TEST FOR 3 (H0) VERSUS 4 CLASSES

          H0 Loglikelihood Value                       -11576.394
          2 Times the Loglikelihood Difference            279.679
          Difference in the Number of Parameters                4
          Mean                                            359.598
          Standard Deviation                              586.041
          P-Value                                          0.4005

     LO-MENDELL-RUBIN ADJUSTED LRT TEST

          Value                                           270.494
          P-Value                                          0.4086


TECHNICAL 14 OUTPUT

     Random Starts Specifications for the k-1 Class Analysis Model
        Number of initial stage random starts                 300
        Number of final stage optimizations                    50

     Random Starts Specification for the k-1 Class Model for Generated Data
        Number of initial stage random starts                   0
        Number of final stage optimizations for the
           initial stage random starts                          0
     Random Starts Specification for the k Class Model for Generated Data
        Number of initial stage random starts                  40
        Number of final stage optimizations                     8
     Number of bootstrap draws requested                      100


     PARAMETRIC BOOTSTRAPPED LIKELIHOOD RATIO TEST FOR 3 (H0) VERSUS 4 CLASSES

          H0 Loglikelihood Value                       -11576.394
          2 Times the Loglikelihood Difference            279.679
          Difference in the Number of Parameters                4
          Approximate P-Value                              0.0000
          Successful Bootstrap Draws                           96

     WARNING:  OF THE 96 BOOTSTRAP DRAWS, 90 DRAWS HAD BOTH A SMALLER LRT VALUE THAN THE
     OBSERVED LRT VALUE AND NOT A REPLICATED BEST LOGLIKELIHOOD VALUE FOR THE 4-CLASS MODEL.
     THIS MEANS THAT THE P-VALUE MAY NOT BE TRUSTWORTHY DUE TO LOCAL MAXIMA.
     INCREASE THE NUMBER OF RANDOM STARTS USING THE LRTSTARTS OPTION.


     WARNING:  4 OUT OF 100 BOOTSTRAP DRAWS DID NOT CONVERGE.
     INCREASE THE NUMBER OF RANDOM STARTS USING THE LRTSTARTS OPTION.



     Beginning Time:  12:25:33
        Ending Time:  12:28:15
       Elapsed Time:  00:02:42



MUTHEN & MUTHEN
3463 Stoner Ave.
Los Angeles, CA  90066

Tel: (310) 391-9971
Fax: (310) 391-8971
Web: www.StatModel.com
Support: Support@StatModel.com

Copyright (c) 1998-2019 Muthen & Muthen
