Mplus VERSION 8.3
MUTHEN & MUTHEN
09/22/2026  12:28 PM

INPUT INSTRUCTIONS

  TITLE: HRS k=5 lcga quad;
  DATA: FILE IS data/HRS_train.dat;
  VARIABLE:
    NAMES ARE id y1 y2 y3 y4 y5 y6;
    USEV = y1 y2 y3 y4 y5 y6;
    MISSING = ALL (-999);
    CLASSES = c(5);
  ANALYSIS: TYPE = MIXTURE;
    STARTS = 300 50;
    LRTBOOTSTRAP = 100;
    PROCESSORS = 4;
  MODEL:
    %OVERALL%
    i BY y1@1 y2@1 y3@1 y4@1 y5@1 y6@1;
    s BY y1@0 y2@2 y3@4 y4@6 y5@8 y6@10;
    q BY y1@0 y2@4 y3@16 y4@36 y5@64 y6@100;
    i@0 s@0 q@0;
    y1-y6 (res);
  OUTPUT: TECH11 TECH14;



*** WARNING
  Data set contains cases with missing on all variables.
  These cases were not included in the analysis.
  Number of cases with missing on all variables:  57
   1 WARNING(S) FOUND IN THE INPUT INSTRUCTIONS



HRS k=5 lcga quad;

SUMMARY OF ANALYSIS

Number of groups                                                 1
Number of observations                                        1576

Number of dependent variables                                    6
Number of independent variables                                  0
Number of continuous latent variables                            3
Number of categorical latent variables                           1

Observed dependent variables

  Continuous
   Y1          Y2          Y3          Y4          Y5          Y6

Continuous latent variables
   I           S           Q

Categorical latent variables
   C


Estimator                                                      MLR
Information matrix                                        OBSERVED
Optimization Specifications for the Quasi-Newton Algorithm for
Continuous Outcomes
  Maximum number of iterations                                 100
  Convergence criterion                                  0.100D-05
Optimization Specifications for the EM Algorithm
  Maximum number of iterations                                 500
  Convergence criteria
    Loglikelihood change                                 0.100D-06
    Relative loglikelihood change                        0.100D-06
    Derivative                                           0.100D-05
Optimization Specifications for the M step of the EM Algorithm for
Categorical Latent variables
  Number of M step iterations                                    1
  M step convergence criterion                           0.100D-05
  Basis for M step termination                           ITERATION
Optimization Specifications for the M step of the EM Algorithm for
Censored, Binary or Ordered Categorical (Ordinal), Unordered
Categorical (Nominal) and Count Outcomes
  Number of M step iterations                                    1
  M step convergence criterion                           0.100D-05
  Basis for M step termination                           ITERATION
  Maximum value for logit thresholds                            15
  Minimum value for logit thresholds                           -15
  Minimum expected cell size for chi-square              0.100D-01
Maximum number of iterations for H1                           2000
Convergence criterion for H1                             0.100D-03
Optimization algorithm                                         EMA
Random Starts Specifications
  Number of initial stage random starts                        300
  Number of final stage optimizations                           50
  Number of initial stage iterations                            10
  Initial stage convergence criterion                    0.100D+01
  Random starts scale                                    0.500D+01
  Random seed for generating random starts                       0

Input data file(s)
  data/HRS_train.dat
Input data format  FREE


SUMMARY OF DATA

     Number of missing data patterns            32
     Number of y missing data patterns          32
     Number of u missing data patterns           0


COVARIANCE COVERAGE OF DATA

Minimum covariance coverage value   0.100


     PROPORTION OF DATA PRESENT FOR Y


           Covariance Coverage
              Y1            Y2            Y3            Y4            Y5
              ________      ________      ________      ________      ________
 Y1             0.980
 Y2             0.914         0.930
 Y3             0.867         0.871         0.883
 Y4             0.815         0.817         0.813         0.827
 Y5             0.721         0.723         0.721         0.723         0.731
 Y6             0.618         0.620         0.617         0.621         0.617


           Covariance Coverage
              Y6
              ________
 Y6             0.624



UNIVARIATE SAMPLE STATISTICS


     UNIVARIATE HIGHER-ORDER MOMENT DESCRIPTIVE STATISTICS

         Variable/         Mean/     Skewness/   Minimum/ % with                Percentiles
        Sample Size      Variance    Kurtosis    Maximum  Min/Max      20%/60%    40%/80%    Median

     Y1                    0.532       2.393       0.000   68.98%       0.000      0.000      0.000
            1544.000       0.980       6.755       7.000    0.13%       0.000      1.000
     Y2                    0.769       2.163       0.000   61.98%       0.000      0.000      0.000
            1465.000       1.679       4.945       7.000    0.34%       0.000      1.000
     Y3                    0.811       2.113       0.000   60.68%       0.000      0.000      0.000
            1391.000       1.823       4.525       7.000    0.50%       0.000      1.000
     Y4                    1.030       1.805       0.000   54.75%       0.000      0.000      0.000
            1304.000       2.406       2.899       7.000    1.00%       1.000      2.000
     Y5                    1.036       1.622       0.000   55.03%       0.000      0.000      0.000
            1152.000       2.277       2.135       7.000    0.52%       1.000      2.000
     Y6                    1.279       1.420       0.000   45.43%       0.000      0.000      1.000
             984.000       2.655       1.538       7.000    1.42%       1.000      2.000

RANDOM STARTS RESULTS RANKED FROM THE BEST TO THE WORST LOGLIKELIHOOD VALUES

Final stage loglikelihood values at local maxima, seeds, and initial stage start numbers:

          -11339.969  468036           131
          -11339.969  618000           190
          -11343.040  85462            51
          -11358.104  195353           225
          -11410.038  848890           95
          -11428.621  215353           164
          -11436.454  211281           292
          -11436.454  120506           45
          -11436.555  15715            274
          -11436.555  928287           197
          -11436.555  715561           125
          -11436.555  606576           151
          -11436.555  93468            3
          -11436.555  414284           158
          -11436.555  392418           28
          -11436.555  443917           60
          -11436.555  650371           14
          -11527.979  717754           180
          -11534.037  781190           219
          -11541.261  587946           120
          -11547.795  475420           71
          -11553.689  509733           130
          -11553.858  411615           171
          -11555.105  617243           237
          -11560.985  21345            199
          -11560.985  696773           80
          -11560.985  814975           129
          -11560.985  824126           287
          -11567.919  840031           276
          -11568.485  688839           273
          -11569.742  915107           54
          -11574.075  267983           228
          -11574.075  399671           13
          -11574.075  165853           105
          -11574.075  945065           255
          -11579.890  107446           12
          -11586.846  405079           68
          -11587.721  123985           248
          -11588.342  848331           137
          -11594.312  848163           47
          -11594.466  752769           253
          -11596.747  939709           112
          -11596.922  364676           27
          -11598.388  848969           173
          -11602.674  436460           89
          -11602.674  891531           206
          -11602.674  545140           278
          -11602.674  164305           128
          -11602.674  264935           281
          -11602.674  794236           127



THE BEST LOGLIKELIHOOD VALUE HAS BEEN REPLICATED.  RERUN WITH AT LEAST TWICE THE
RANDOM STARTS TO CHECK THAT THE BEST LOGLIKELIHOOD IS STILL OBTAINED AND REPLICATED.


THE MODEL ESTIMATION TERMINATED NORMALLY

     WARNING:  THE LATENT VARIABLE COVARIANCE MATRIX (PSI) IN CLASS 1
     IS NOT POSITIVE DEFINITE.  THIS COULD INDICATE A NEGATIVE VARIANCE/
     RESIDUAL VARIANCE FOR A LATENT VARIABLE, A CORRELATION GREATER OR EQUAL
     TO ONE BETWEEN TWO LATENT VARIABLES, OR A LINEAR DEPENDENCY AMONG MORE
     THAN TWO LATENT VARIABLES.  CHECK THE TECH4 OUTPUT FOR MORE INFORMATION.
     PROBLEM INVOLVING VARIABLE I.


     WARNING:  THE LATENT VARIABLE COVARIANCE MATRIX (PSI) IN CLASS 2
     IS NOT POSITIVE DEFINITE.  THIS COULD INDICATE A NEGATIVE VARIANCE/
     RESIDUAL VARIANCE FOR A LATENT VARIABLE, A CORRELATION GREATER OR EQUAL
     TO ONE BETWEEN TWO LATENT VARIABLES, OR A LINEAR DEPENDENCY AMONG MORE
     THAN TWO LATENT VARIABLES.  CHECK THE TECH4 OUTPUT FOR MORE INFORMATION.
     PROBLEM INVOLVING VARIABLE I.


     WARNING:  THE LATENT VARIABLE COVARIANCE MATRIX (PSI) IN CLASS 3
     IS NOT POSITIVE DEFINITE.  THIS COULD INDICATE A NEGATIVE VARIANCE/
     RESIDUAL VARIANCE FOR A LATENT VARIABLE, A CORRELATION GREATER OR EQUAL
     TO ONE BETWEEN TWO LATENT VARIABLES, OR A LINEAR DEPENDENCY AMONG MORE
     THAN TWO LATENT VARIABLES.  CHECK THE TECH4 OUTPUT FOR MORE INFORMATION.
     PROBLEM INVOLVING VARIABLE I.


     WARNING:  THE LATENT VARIABLE COVARIANCE MATRIX (PSI) IN CLASS 4
     IS NOT POSITIVE DEFINITE.  THIS COULD INDICATE A NEGATIVE VARIANCE/
     RESIDUAL VARIANCE FOR A LATENT VARIABLE, A CORRELATION GREATER OR EQUAL
     TO ONE BETWEEN TWO LATENT VARIABLES, OR A LINEAR DEPENDENCY AMONG MORE
     THAN TWO LATENT VARIABLES.  CHECK THE TECH4 OUTPUT FOR MORE INFORMATION.
     PROBLEM INVOLVING VARIABLE I.


     WARNING:  THE LATENT VARIABLE COVARIANCE MATRIX (PSI) IN CLASS 5
     IS NOT POSITIVE DEFINITE.  THIS COULD INDICATE A NEGATIVE VARIANCE/
     RESIDUAL VARIANCE FOR A LATENT VARIABLE, A CORRELATION GREATER OR EQUAL
     TO ONE BETWEEN TWO LATENT VARIABLES, OR A LINEAR DEPENDENCY AMONG MORE
     THAN TWO LATENT VARIABLES.  CHECK THE TECH4 OUTPUT FOR MORE INFORMATION.
     PROBLEM INVOLVING VARIABLE I.




MODEL FIT INFORMATION

Number of Free Parameters                       26

Loglikelihood

          H0 Value                      -11339.969
          H0 Scaling Correction Factor      2.4017
            for MLR

Information Criteria

          Akaike (AIC)                   22731.939
          Bayesian (BIC)                 22871.368
          Sample-Size Adjusted BIC       22788.771
            (n* = (n + 2) / 24)



FINAL CLASS COUNTS AND PROPORTIONS FOR THE LATENT CLASSES
BASED ON THE ESTIMATED MODEL

    Latent
   Classes

       1         54.45861          0.03455
       2         78.39337          0.04974
       3         94.27031          0.05982
       4        126.38706          0.08019
       5       1222.49065          0.77569


FINAL CLASS COUNTS AND PROPORTIONS FOR THE LATENT CLASSES
BASED ON ESTIMATED POSTERIOR PROBABILITIES

    Latent
   Classes

       1         54.45861          0.03455
       2         78.39337          0.04974
       3         94.27031          0.05982
       4        126.38706          0.08019
       5       1222.49065          0.77569


FINAL CLASS COUNTS AND PROPORTIONS FOR THE LATENT CLASSES
BASED ON THEIR MOST LIKELY LATENT CLASS MEMBERSHIP

Class Counts and Proportions

    Latent
   Classes

       1               53          0.03363
       2               72          0.04569
       3               90          0.05711
       4               98          0.06218
       5             1263          0.80140


CLASSIFICATION QUALITY

     Entropy                         0.882


Average Latent Class Probabilities for Most Likely Latent Class Membership (Row)
by Latent Class (Column)

           1        2        3        4        5

    1   0.876    0.081    0.034    0.000    0.009
    2   0.064    0.812    0.015    0.021    0.088
    3   0.030    0.006    0.860    0.053    0.051
    4   0.000    0.014    0.032    0.845    0.109
    5   0.001    0.011    0.009    0.030    0.951


Classification Probabilities for the Most Likely Latent Class Membership (Column)
by Latent Class (Row)

           1        2        3        4        5

    1   0.852    0.084    0.050    0.000    0.013
    2   0.055    0.746    0.007    0.018    0.175
    3   0.019    0.012    0.821    0.033    0.115
    4   0.000    0.012    0.038    0.655    0.295
    5   0.000    0.005    0.004    0.009    0.982


Logits for the Classification Probabilities for the Most Likely Latent Class Membership (Column)
by Latent Class (Row)

              1        2        3        4        5

    1      4.183    1.869    1.347   -3.518    0.000
    2     -1.164    1.451   -3.195   -2.300    0.000
    3     -1.794   -2.293    1.968   -1.234    0.000
    4     -7.282   -3.184   -2.061    0.798    0.000
    5     -7.834   -5.249   -5.573   -4.724    0.000


MODEL RESULTS

                                                    Two-Tailed
                    Estimate       S.E.  Est./S.E.    P-Value

Latent Class 1

 I        BY
    Y1                 1.000      0.000    999.000    999.000
    Y2                 1.000      0.000    999.000    999.000
    Y3                 1.000      0.000    999.000    999.000
    Y4                 1.000      0.000    999.000    999.000
    Y5                 1.000      0.000    999.000    999.000
    Y6                 1.000      0.000    999.000    999.000

 S        BY
    Y1                 0.000      0.000    999.000    999.000
    Y2                 2.000      0.000    999.000    999.000
    Y3                 4.000      0.000    999.000    999.000
    Y4                 6.000      0.000    999.000    999.000
    Y5                 8.000      0.000    999.000    999.000
    Y6                10.000      0.000    999.000    999.000

 Q        BY
    Y1                 0.000      0.000    999.000    999.000
    Y2                 4.000      0.000    999.000    999.000
    Y3                16.000      0.000    999.000    999.000
    Y4                36.000      0.000    999.000    999.000
    Y5                64.000      0.000    999.000    999.000
    Y6               100.000      0.000    999.000    999.000

 S        WITH
    I                  0.052      0.012      4.442      0.000

 Q        WITH
    I                 -0.004      0.001     -3.119      0.002
    S                  0.000      0.000      1.702      0.089

 Means
    I                  3.145      0.302     10.409      0.000
    S                  0.508      0.141      3.604      0.000
    Q                 -0.058      0.017     -3.478      0.001

 Intercepts
    Y1                 0.273      0.021     13.226      0.000
    Y2                 0.446      0.032     14.049      0.000
    Y3                 0.426      0.036     11.723      0.000
    Y4                 0.598      0.043     13.849      0.000
    Y5                 0.585      0.060      9.827      0.000
    Y6                 0.799      0.092      8.721      0.000

 Variances
    I                  0.000      0.000    999.000    999.000
    S                  0.000      0.000    999.000    999.000
    Q                  0.000      0.000    999.000    999.000

 Residual Variances
    Y1                 0.647      0.026     24.881      0.000
    Y2                 0.647      0.026     24.881      0.000
    Y3                 0.647      0.026     24.881      0.000
    Y4                 0.647      0.026     24.881      0.000
    Y5                 0.647      0.026     24.881      0.000
    Y6                 0.647      0.026     24.881      0.000

Latent Class 2

 I        BY
    Y1                 1.000      0.000    999.000    999.000
    Y2                 1.000      0.000    999.000    999.000
    Y3                 1.000      0.000    999.000    999.000
    Y4                 1.000      0.000    999.000    999.000
    Y5                 1.000      0.000    999.000    999.000
    Y6                 1.000      0.000    999.000    999.000

 S        BY
    Y1                 0.000      0.000    999.000    999.000
    Y2                 2.000      0.000    999.000    999.000
    Y3                 4.000      0.000    999.000    999.000
    Y4                 6.000      0.000    999.000    999.000
    Y5                 8.000      0.000    999.000    999.000
    Y6                10.000      0.000    999.000    999.000

 Q        BY
    Y1                 0.000      0.000    999.000    999.000
    Y2                 4.000      0.000    999.000    999.000
    Y3                16.000      0.000    999.000    999.000
    Y4                36.000      0.000    999.000    999.000
    Y5                64.000      0.000    999.000    999.000
    Y6               100.000      0.000    999.000    999.000

 S        WITH
    I                  0.052      0.012      4.442      0.000

 Q        WITH
    I                 -0.004      0.001     -3.119      0.002
    S                  0.000      0.000      1.702      0.089

 Means
    I                  2.501      0.190     13.192      0.000
    S                 -0.643      0.138     -4.673      0.000
    Q                  0.061      0.013      4.718      0.000

 Intercepts
    Y1                 0.273      0.021     13.226      0.000
    Y2                 0.446      0.032     14.049      0.000
    Y3                 0.426      0.036     11.723      0.000
    Y4                 0.598      0.043     13.849      0.000
    Y5                 0.585      0.060      9.827      0.000
    Y6                 0.799      0.092      8.721      0.000

 Variances
    I                  0.000      0.000    999.000    999.000
    S                  0.000      0.000    999.000    999.000
    Q                  0.000      0.000    999.000    999.000

 Residual Variances
    Y1                 0.647      0.026     24.881      0.000
    Y2                 0.647      0.026     24.881      0.000
    Y3                 0.647      0.026     24.881      0.000
    Y4                 0.647      0.026     24.881      0.000
    Y5                 0.647      0.026     24.881      0.000
    Y6                 0.647      0.026     24.881      0.000

Latent Class 3

 I        BY
    Y1                 1.000      0.000    999.000    999.000
    Y2                 1.000      0.000    999.000    999.000
    Y3                 1.000      0.000    999.000    999.000
    Y4                 1.000      0.000    999.000    999.000
    Y5                 1.000      0.000    999.000    999.000
    Y6                 1.000      0.000    999.000    999.000

 S        BY
    Y1                 0.000      0.000    999.000    999.000
    Y2                 2.000      0.000    999.000    999.000
    Y3                 4.000      0.000    999.000    999.000
    Y4                 6.000      0.000    999.000    999.000
    Y5                 8.000      0.000    999.000    999.000
    Y6                10.000      0.000    999.000    999.000

 Q        BY
    Y1                 0.000      0.000    999.000    999.000
    Y2                 4.000      0.000    999.000    999.000
    Y3                16.000      0.000    999.000    999.000
    Y4                36.000      0.000    999.000    999.000
    Y5                64.000      0.000    999.000    999.000
    Y6               100.000      0.000    999.000    999.000

 S        WITH
    I                  0.052      0.012      4.442      0.000

 Q        WITH
    I                 -0.004      0.001     -3.119      0.002
    S                  0.000      0.000      1.702      0.089

 Means
    I                  0.190      0.181      1.055      0.292
    S                  1.160      0.148      7.850      0.000
    Q                 -0.086      0.017     -5.056      0.000

 Intercepts
    Y1                 0.273      0.021     13.226      0.000
    Y2                 0.446      0.032     14.049      0.000
    Y3                 0.426      0.036     11.723      0.000
    Y4                 0.598      0.043     13.849      0.000
    Y5                 0.585      0.060      9.827      0.000
    Y6                 0.799      0.092      8.721      0.000

 Variances
    I                  0.000      0.000    999.000    999.000
    S                  0.000      0.000    999.000    999.000
    Q                  0.000      0.000    999.000    999.000

 Residual Variances
    Y1                 0.647      0.026     24.881      0.000
    Y2                 0.647      0.026     24.881      0.000
    Y3                 0.647      0.026     24.881      0.000
    Y4                 0.647      0.026     24.881      0.000
    Y5                 0.647      0.026     24.881      0.000
    Y6                 0.647      0.026     24.881      0.000

Latent Class 4

 I        BY
    Y1                 1.000      0.000    999.000    999.000
    Y2                 1.000      0.000    999.000    999.000
    Y3                 1.000      0.000    999.000    999.000
    Y4                 1.000      0.000    999.000    999.000
    Y5                 1.000      0.000    999.000    999.000
    Y6                 1.000      0.000    999.000    999.000

 S        BY
    Y1                 0.000      0.000    999.000    999.000
    Y2                 2.000      0.000    999.000    999.000
    Y3                 4.000      0.000    999.000    999.000
    Y4                 6.000      0.000    999.000    999.000
    Y5                 8.000      0.000    999.000    999.000
    Y6                10.000      0.000    999.000    999.000

 Q        BY
    Y1                 0.000      0.000    999.000    999.000
    Y2                 4.000      0.000    999.000    999.000
    Y3                16.000      0.000    999.000    999.000
    Y4                36.000      0.000    999.000    999.000
    Y5                64.000      0.000    999.000    999.000
    Y6               100.000      0.000    999.000    999.000

 S        WITH
    I                  0.052      0.012      4.442      0.000

 Q        WITH
    I                 -0.004      0.001     -3.119      0.002
    S                  0.000      0.000      1.702      0.089

 Means
    I                  0.193      0.177      1.095      0.273
    S                 -0.093      0.138     -0.678      0.498
    Q                  0.051      0.012      4.338      0.000

 Intercepts
    Y1                 0.273      0.021     13.226      0.000
    Y2                 0.446      0.032     14.049      0.000
    Y3                 0.426      0.036     11.723      0.000
    Y4                 0.598      0.043     13.849      0.000
    Y5                 0.585      0.060      9.827      0.000
    Y6                 0.799      0.092      8.721      0.000

 Variances
    I                  0.000      0.000    999.000    999.000
    S                  0.000      0.000    999.000    999.000
    Q                  0.000      0.000    999.000    999.000

 Residual Variances
    Y1                 0.647      0.026     24.881      0.000
    Y2                 0.647      0.026     24.881      0.000
    Y3                 0.647      0.026     24.881      0.000
    Y4                 0.647      0.026     24.881      0.000
    Y5                 0.647      0.026     24.881      0.000
    Y6                 0.647      0.026     24.881      0.000

Latent Class 5

 I        BY
    Y1                 1.000      0.000    999.000    999.000
    Y2                 1.000      0.000    999.000    999.000
    Y3                 1.000      0.000    999.000    999.000
    Y4                 1.000      0.000    999.000    999.000
    Y5                 1.000      0.000    999.000    999.000
    Y6                 1.000      0.000    999.000    999.000

 S        BY
    Y1                 0.000      0.000    999.000    999.000
    Y2                 2.000      0.000    999.000    999.000
    Y3                 4.000      0.000    999.000    999.000
    Y4                 6.000      0.000    999.000    999.000
    Y5                 8.000      0.000    999.000    999.000
    Y6                10.000      0.000    999.000    999.000

 Q        BY
    Y1                 0.000      0.000    999.000    999.000
    Y2                 4.000      0.000    999.000    999.000
    Y3                16.000      0.000    999.000    999.000
    Y4                36.000      0.000    999.000    999.000
    Y5                64.000      0.000    999.000    999.000
    Y6               100.000      0.000    999.000    999.000

 S        WITH
    I                  0.052      0.012      4.442      0.000

 Q        WITH
    I                 -0.004      0.001     -3.119      0.002
    S                  0.000      0.000      1.702      0.089

 Means
    I                  0.000      0.000    999.000    999.000
    S                  0.000      0.000    999.000    999.000
    Q                  0.000      0.000    999.000    999.000

 Intercepts
    Y1                 0.273      0.021     13.226      0.000
    Y2                 0.446      0.032     14.049      0.000
    Y3                 0.426      0.036     11.723      0.000
    Y4                 0.598      0.043     13.849      0.000
    Y5                 0.585      0.060      9.827      0.000
    Y6                 0.799      0.092      8.721      0.000

 Variances
    I                  0.000      0.000    999.000    999.000
    S                  0.000      0.000    999.000    999.000
    Q                  0.000      0.000    999.000    999.000

 Residual Variances
    Y1                 0.647      0.026     24.881      0.000
    Y2                 0.647      0.026     24.881      0.000
    Y3                 0.647      0.026     24.881      0.000
    Y4                 0.647      0.026     24.881      0.000
    Y5                 0.647      0.026     24.881      0.000
    Y6                 0.647      0.026     24.881      0.000

Categorical Latent Variables

 Means
    C#1               -3.111      0.217    -14.358      0.000
    C#2               -2.747      0.211    -12.996      0.000
    C#3               -2.562      0.218    -11.759      0.000
    C#4               -2.269      0.365     -6.210      0.000


QUALITY OF NUMERICAL RESULTS

     Condition Number for the Information Matrix              0.107E-04
       (ratio of smallest to largest eigenvalue)


TECHNICAL 11 OUTPUT

     Random Starts Specifications for the k-1 Class Analysis Model
        Number of initial stage random starts                 300
        Number of final stage optimizations                    50



     VUONG-LO-MENDELL-RUBIN LIKELIHOOD RATIO TEST FOR 4 (H0) VERSUS 5 CLASSES

          H0 Loglikelihood Value                       -11436.555
          2 Times the Loglikelihood Difference            193.171
          Difference in the Number of Parameters                4
          Mean                                           -291.548
          Standard Deviation                              590.099
          P-Value                                          0.0819

     LO-MENDELL-RUBIN ADJUSTED LRT TEST

          Value                                           186.828
          P-Value                                          0.0860


TECHNICAL 14 OUTPUT

     Random Starts Specifications for the k-1 Class Analysis Model
        Number of initial stage random starts                 300
        Number of final stage optimizations                    50

     Random Starts Specification for the k-1 Class Model for Generated Data
        Number of initial stage random starts                   0
        Number of final stage optimizations for the
           initial stage random starts                          0
     Random Starts Specification for the k Class Model for Generated Data
        Number of initial stage random starts                  40
        Number of final stage optimizations                     8
     Number of bootstrap draws requested                      100


     PARAMETRIC BOOTSTRAPPED LIKELIHOOD RATIO TEST FOR 4 (H0) VERSUS 5 CLASSES

          H0 Loglikelihood Value                       -11436.555
          2 Times the Loglikelihood Difference            193.171
          Difference in the Number of Parameters                4
          Approximate P-Value                              0.0000
          Successful Bootstrap Draws                           85

     WARNING:  OF THE 85 BOOTSTRAP DRAWS, 95 DRAWS HAD BOTH A SMALLER LRT VALUE THAN THE
     OBSERVED LRT VALUE AND NOT A REPLICATED BEST LOGLIKELIHOOD VALUE FOR THE 5-CLASS MODEL.
     THIS MEANS THAT THE P-VALUE MAY NOT BE TRUSTWORTHY DUE TO LOCAL MAXIMA.
     INCREASE THE NUMBER OF RANDOM STARTS USING THE LRTSTARTS OPTION.


     WARNING:  15 OUT OF 100 BOOTSTRAP DRAWS DID NOT CONVERGE.
     INCREASE THE NUMBER OF RANDOM STARTS USING THE LRTSTARTS OPTION.



     Beginning Time:  12:28:15
        Ending Time:  12:32:13
       Elapsed Time:  00:03:58



MUTHEN & MUTHEN
3463 Stoner Ave.
Los Angeles, CA  90066

Tel: (310) 391-9971
Fax: (310) 391-8971
Web: www.StatModel.com
Support: Support@StatModel.com

Copyright (c) 1998-2019 Muthen & Muthen
