Mplus VERSION 8.3
MUTHEN & MUTHEN
09/22/2026  12:03 PM

INPUT INSTRUCTIONS

  TITLE: CHARLS k=3 lcga lin;
  DATA: FILE IS data/CHARLS_train.dat;
  VARIABLE:
    NAMES ARE id y1 y2 y3;
    USEV = y1 y2 y3;
    MISSING = ALL (-999);
    CLASSES = c(3);
  ANALYSIS: TYPE = MIXTURE;
    STARTS = 300 50;
    LRTBOOTSTRAP = 100;
    PROCESSORS = 4;
  MODEL:
    %OVERALL%
    i BY y1@1 y2@1 y3@1;
    s BY y1@0 y2@2 y3@5;
    i@0 s@0;
    y1-y3 (res);
  OUTPUT: TECH11 TECH14;



*** WARNING
  Data set contains cases with missing on all variables.
  These cases were not included in the analysis.
  Number of cases with missing on all variables:  73
   1 WARNING(S) FOUND IN THE INPUT INSTRUCTIONS



CHARLS k=3 lcga lin;

SUMMARY OF ANALYSIS

Number of groups                                                 1
Number of observations                                        1647

Number of dependent variables                                    3
Number of independent variables                                  0
Number of continuous latent variables                            2
Number of categorical latent variables                           1

Observed dependent variables

  Continuous
   Y1          Y2          Y3

Continuous latent variables
   I           S

Categorical latent variables
   C


Estimator                                                      MLR
Information matrix                                        OBSERVED
Optimization Specifications for the Quasi-Newton Algorithm for
Continuous Outcomes
  Maximum number of iterations                                 100
  Convergence criterion                                  0.100D-05
Optimization Specifications for the EM Algorithm
  Maximum number of iterations                                 500
  Convergence criteria
    Loglikelihood change                                 0.100D-06
    Relative loglikelihood change                        0.100D-06
    Derivative                                           0.100D-05
Optimization Specifications for the M step of the EM Algorithm for
Categorical Latent variables
  Number of M step iterations                                    1
  M step convergence criterion                           0.100D-05
  Basis for M step termination                           ITERATION
Optimization Specifications for the M step of the EM Algorithm for
Censored, Binary or Ordered Categorical (Ordinal), Unordered
Categorical (Nominal) and Count Outcomes
  Number of M step iterations                                    1
  M step convergence criterion                           0.100D-05
  Basis for M step termination                           ITERATION
  Maximum value for logit thresholds                            15
  Minimum value for logit thresholds                           -15
  Minimum expected cell size for chi-square              0.100D-01
Maximum number of iterations for H1                           2000
Convergence criterion for H1                             0.100D-03
Optimization algorithm                                         EMA
Random Starts Specifications
  Number of initial stage random starts                        300
  Number of final stage optimizations                           50
  Number of initial stage iterations                            10
  Initial stage convergence criterion                    0.100D+01
  Random starts scale                                    0.500D+01
  Random seed for generating random starts                       0

Input data file(s)
  data/CHARLS_train.dat
Input data format  FREE


SUMMARY OF DATA

     Number of missing data patterns             7
     Number of y missing data patterns           7
     Number of u missing data patterns           0


COVARIANCE COVERAGE OF DATA

Minimum covariance coverage value   0.100


     PROPORTION OF DATA PRESENT FOR Y


           Covariance Coverage
              Y1            Y2            Y3
              ________      ________      ________
 Y1             0.920
 Y2             0.845         0.906
 Y3             0.792         0.808         0.859



UNIVARIATE SAMPLE STATISTICS


     UNIVARIATE HIGHER-ORDER MOMENT DESCRIPTIVE STATISTICS

         Variable/         Mean/     Skewness/   Minimum/ % with                Percentiles
        Sample Size      Variance    Kurtosis    Maximum  Min/Max      20%/60%    40%/80%    Median

     Y1                    0.759       1.868       0.000   59.37%       0.000      0.000      0.000
            1516.000       1.373       3.811       7.000    0.20%       1.000      1.000
     Y2                    0.814       1.904       0.000   57.17%       0.000      0.000      0.000
            1492.000       1.525       3.980       7.000    0.34%       1.000      2.000
     Y3                    1.074       1.641       0.000   49.08%       0.000      0.000      1.000
            1414.000       2.111       2.542       7.000    0.64%       1.000      2.000

RANDOM STARTS RESULTS RANKED FROM THE BEST TO THE WORST LOGLIKELIHOOD VALUES

Final stage loglikelihood values at local maxima, seeds, and initial stage start numbers:

           -6611.692  576220           115
           -6611.692  636396           168
           -6611.692  595153           230
           -6611.692  483369           270
           -6611.692  760878           249
           -6611.692  314084           81
           -6611.692  281558           184
           -6611.692  25127            107
           -6611.692  626891           32
           -6611.692  939021           8
           -6611.692  939709           112
           -6611.692  695155           150
           -6611.692  903420           5
           -6611.692  165853           105
           -6611.692  39136            226
           -6611.692  392407           221
           -6611.692  188498           258
           -6611.692  21345            199
           -6611.692  972873           157
           -6611.692  830529           279
           -6611.692  66276            217
           -6611.692  565819           65
           -6611.692  392418           28
           -6611.692  105435           265
           -6611.692  691234           250
           -6611.692  701525           239
           -6611.692  848331           137
           -6611.692  405079           68
           -6611.692  190339           102
           -6611.692  592219           119
           -6611.692  383986           159
           -6611.692  352277           42
           -6611.692  568859           49
           -6611.692  928287           197
           -6611.692  824126           287
           -6611.692  354208           196
           -6611.692  170954           86
           -6611.692  848163           47
           -6611.692  462953           7
           -6611.692  717754           180
           -6611.692  782200           84
           -6611.692  948615           140
           -6611.692  754100           56
           -6611.692  195873           6
           -6611.692  512836           289
           -6611.692  150531           154
           -6611.692  794236           127
           -6611.692  246261           38
           -6611.692  316165           299
           -6611.692  297518           166



THE BEST LOGLIKELIHOOD VALUE HAS BEEN REPLICATED.  RERUN WITH AT LEAST TWICE THE
RANDOM STARTS TO CHECK THAT THE BEST LOGLIKELIHOOD IS STILL OBTAINED AND REPLICATED.


THE MODEL ESTIMATION TERMINATED NORMALLY

     WARNING:  THE LATENT VARIABLE COVARIANCE MATRIX (PSI) IN CLASS 1
     IS NOT POSITIVE DEFINITE.  THIS COULD INDICATE A NEGATIVE VARIANCE/
     RESIDUAL VARIANCE FOR A LATENT VARIABLE, A CORRELATION GREATER OR EQUAL
     TO ONE BETWEEN TWO LATENT VARIABLES, OR A LINEAR DEPENDENCY AMONG MORE
     THAN TWO LATENT VARIABLES.  CHECK THE TECH4 OUTPUT FOR MORE INFORMATION.
     PROBLEM INVOLVING VARIABLE I.


     WARNING:  THE LATENT VARIABLE COVARIANCE MATRIX (PSI) IN CLASS 2
     IS NOT POSITIVE DEFINITE.  THIS COULD INDICATE A NEGATIVE VARIANCE/
     RESIDUAL VARIANCE FOR A LATENT VARIABLE, A CORRELATION GREATER OR EQUAL
     TO ONE BETWEEN TWO LATENT VARIABLES, OR A LINEAR DEPENDENCY AMONG MORE
     THAN TWO LATENT VARIABLES.  CHECK THE TECH4 OUTPUT FOR MORE INFORMATION.
     PROBLEM INVOLVING VARIABLE I.


     WARNING:  THE LATENT VARIABLE COVARIANCE MATRIX (PSI) IN CLASS 3
     IS NOT POSITIVE DEFINITE.  THIS COULD INDICATE A NEGATIVE VARIANCE/
     RESIDUAL VARIANCE FOR A LATENT VARIABLE, A CORRELATION GREATER OR EQUAL
     TO ONE BETWEEN TWO LATENT VARIABLES, OR A LINEAR DEPENDENCY AMONG MORE
     THAN TWO LATENT VARIABLES.  CHECK THE TECH4 OUTPUT FOR MORE INFORMATION.
     PROBLEM INVOLVING VARIABLE I.




MODEL FIT INFORMATION

Number of Free Parameters                       11

Loglikelihood

          H0 Value                       -6611.692
          H0 Scaling Correction Factor      2.1121
            for MLR

Information Criteria

          Akaike (AIC)                   13245.384
          Bayesian (BIC)                 13304.858
          Sample-Size Adjusted BIC       13269.912
            (n* = (n + 2) / 24)



FINAL CLASS COUNTS AND PROPORTIONS FOR THE LATENT CLASSES
BASED ON THE ESTIMATED MODEL

    Latent
   Classes

       1        135.53360          0.08229
       2        128.42508          0.07798
       3       1383.04133          0.83973


FINAL CLASS COUNTS AND PROPORTIONS FOR THE LATENT CLASSES
BASED ON ESTIMATED POSTERIOR PROBABILITIES

    Latent
   Classes

       1        135.53360          0.08229
       2        128.42508          0.07798
       3       1383.04133          0.83973


FINAL CLASS COUNTS AND PROPORTIONS FOR THE LATENT CLASSES
BASED ON THEIR MOST LIKELY LATENT CLASS MEMBERSHIP

Class Counts and Proportions

    Latent
   Classes

       1              134          0.08136
       2              109          0.06618
       3             1404          0.85246


CLASSIFICATION QUALITY

     Entropy                         0.893


Average Latent Class Probabilities for Most Likely Latent Class Membership (Row)
by Latent Class (Column)

           1        2        3

    1   0.853    0.054    0.093
    2   0.037    0.883    0.079
    3   0.012    0.018    0.970


Classification Probabilities for the Most Likely Latent Class Membership (Column)
by Latent Class (Row)

           1        2        3

    1   0.844    0.030    0.126
    2   0.057    0.750    0.194
    3   0.009    0.006    0.985


Logits for the Classification Probabilities for the Most Likely Latent Class Membership (Column)
by Latent Class (Row)

              1        2        3

    1      1.898   -1.438    0.000
    2     -1.230    1.353    0.000
    3     -4.699   -5.059    0.000


MODEL RESULTS

                                                    Two-Tailed
                    Estimate       S.E.  Est./S.E.    P-Value

Latent Class 1

 I        BY
    Y1                 1.000      0.000    999.000    999.000
    Y2                 1.000      0.000    999.000    999.000
    Y3                 1.000      0.000    999.000    999.000

 S        BY
    Y1                 0.000      0.000    999.000    999.000
    Y2                 2.000      0.000    999.000    999.000
    Y3                 5.000      0.000    999.000    999.000

 S        WITH
    I                  0.034      0.006      5.462      0.000

 Means
    I                  2.890      0.180     16.088      0.000
    S                 -0.326      0.064     -5.092      0.000

 Intercepts
    Y1                 0.447      0.029     15.294      0.000
    Y2                 0.457      0.032     14.212      0.000
    Y3                 0.700      0.041     16.970      0.000

 Variances
    I                  0.000      0.000    999.000    999.000
    S                  0.000      0.000    999.000    999.000

 Residual Variances
    Y1                 0.725      0.036     19.910      0.000
    Y2                 0.725      0.036     19.910      0.000
    Y3                 0.725      0.036     19.910      0.000

Latent Class 2

 I        BY
    Y1                 1.000      0.000    999.000    999.000
    Y2                 1.000      0.000    999.000    999.000
    Y3                 1.000      0.000    999.000    999.000

 S        BY
    Y1                 0.000      0.000    999.000    999.000
    Y2                 2.000      0.000    999.000    999.000
    Y3                 5.000      0.000    999.000    999.000

 S        WITH
    I                  0.034      0.006      5.462      0.000

 Means
    I                  0.864      0.233      3.710      0.000
    S                  0.608      0.072      8.426      0.000

 Intercepts
    Y1                 0.447      0.029     15.294      0.000
    Y2                 0.457      0.032     14.212      0.000
    Y3                 0.700      0.041     16.970      0.000

 Variances
    I                  0.000      0.000    999.000    999.000
    S                  0.000      0.000    999.000    999.000

 Residual Variances
    Y1                 0.725      0.036     19.910      0.000
    Y2                 0.725      0.036     19.910      0.000
    Y3                 0.725      0.036     19.910      0.000

Latent Class 3

 I        BY
    Y1                 1.000      0.000    999.000    999.000
    Y2                 1.000      0.000    999.000    999.000
    Y3                 1.000      0.000    999.000    999.000

 S        BY
    Y1                 0.000      0.000    999.000    999.000
    Y2                 2.000      0.000    999.000    999.000
    Y3                 5.000      0.000    999.000    999.000

 S        WITH
    I                  0.034      0.006      5.462      0.000

 Means
    I                  0.000      0.000    999.000    999.000
    S                  0.000      0.000    999.000    999.000

 Intercepts
    Y1                 0.447      0.029     15.294      0.000
    Y2                 0.457      0.032     14.212      0.000
    Y3                 0.700      0.041     16.970      0.000

 Variances
    I                  0.000      0.000    999.000    999.000
    S                  0.000      0.000    999.000    999.000

 Residual Variances
    Y1                 0.725      0.036     19.910      0.000
    Y2                 0.725      0.036     19.910      0.000
    Y3                 0.725      0.036     19.910      0.000

Categorical Latent Variables

 Means
    C#1               -2.323      0.163    -14.291      0.000
    C#2               -2.377      0.181    -13.108      0.000


QUALITY OF NUMERICAL RESULTS

     Condition Number for the Information Matrix              0.741E-03
       (ratio of smallest to largest eigenvalue)


TECHNICAL 11 OUTPUT

     Random Starts Specifications for the k-1 Class Analysis Model
        Number of initial stage random starts                 300
        Number of final stage optimizations                    50



     VUONG-LO-MENDELL-RUBIN LIKELIHOOD RATIO TEST FOR 2 (H0) VERSUS 3 CLASSES

          H0 Loglikelihood Value                        -6780.692
          2 Times the Loglikelihood Difference            338.000
          Difference in the Number of Parameters                3
          Mean                                             15.139
          Standard Deviation                               53.648
          P-Value                                          0.0001

     LO-MENDELL-RUBIN ADJUSTED LRT TEST

          Value                                           323.443
          P-Value                                          0.0002


TECHNICAL 14 OUTPUT

     Random Starts Specifications for the k-1 Class Analysis Model
        Number of initial stage random starts                 300
        Number of final stage optimizations                    50

     Random Starts Specification for the k-1 Class Model for Generated Data
        Number of initial stage random starts                   0
        Number of final stage optimizations for the
           initial stage random starts                          0
     Random Starts Specification for the k Class Model for Generated Data
        Number of initial stage random starts                  40
        Number of final stage optimizations                     8
     Number of bootstrap draws requested                      100


     PARAMETRIC BOOTSTRAPPED LIKELIHOOD RATIO TEST FOR 2 (H0) VERSUS 3 CLASSES

          H0 Loglikelihood Value                        -6780.692
          2 Times the Loglikelihood Difference            338.000
          Difference in the Number of Parameters                3
          Approximate P-Value                              0.0000
          Successful Bootstrap Draws                           99

     WARNING:  1 OUT OF 100 BOOTSTRAP DRAWS DID NOT CONVERGE.
     INCREASE THE NUMBER OF RANDOM STARTS USING THE LRTSTARTS OPTION.



     Beginning Time:  12:03:12
        Ending Time:  12:03:45
       Elapsed Time:  00:00:33



MUTHEN & MUTHEN
3463 Stoner Ave.
Los Angeles, CA  90066

Tel: (310) 391-9971
Fax: (310) 391-8971
Web: www.StatModel.com
Support: Support@StatModel.com

Copyright (c) 1998-2019 Muthen & Muthen
